2026-07-10 21:48:20 Engine: started at phase 'goToFurnace'
2026-07-10 21:48:21 GoToFurnacePhase: Found furnace marker at [457, 984]
2026-07-10 21:48:21 GoToFurnacePhase: Waiting for smelt dialog...
2026-07-10 21:48:26 GoToFurnacePhase: Smelt dialog visible. Confirming.
2026-07-10 21:48:26 SmeltPhase: Pressed space to confirm smelt dialog
2026-07-10 21:48:40 SmeltPhase: Inventory empty. Moving to bank.
2026-07-10 21:48:41 GoToBankPhase: Found bank marker at [1799, 409]
2026-07-10 21:48:41 GoToBankPhase: Waiting for bank interface...
2026-07-10 21:48:45 GoToBankPhase: Bank interface open. Depositing.
2026-07-10 21:48:46 DepositAndWithdrawPhase: Deposited ingots at [1363, 999]
2026-07-10 21:48:46 DepositAndWithdrawPhase: Clicked bank slot 1 at [661, 235] (1/4)
2026-07-10 21:48:46 DepositAndWithdrawPhase: Clicked bank slot 1 at [661, 235] (2/4)
2026-07-10 21:48:47 DepositAndWithdrawPhase: Clicked bank slot 1 at [661, 235] (3/4)
2026-07-10 21:48:47 DepositAndWithdrawPhase: Clicked bank slot 1 at [661, 235] (4/4)
2026-07-10 21:48:48 DepositAndWithdrawPhase: Clicked bank slot 2 at [757, 235] (1/1)
2026-07-10 21:48:49 DepositAndWithdrawPhase: Withdraw plan complete. Handing off to furnace phase.
2026-07-10 21:48:49 GoToFurnacePhase: Found furnace marker at [457, 984]
2026-07-10 21:48:49 GoToFurnacePhase: Waiting for smelt dialog...
2026-07-10 21:48:54 GoToFurnacePhase: Smelt dialog visible. Confirming.
2026-07-10 21:48:54 SmeltPhase: Pressed space to confirm smelt dialog
2026-07-10 21:49:09 SmeltPhase: Inventory empty. Moving to bank.
2026-07-10 21:49:09 GoToBankPhase: Found bank marker at [1799, 409]
2026-07-10 21:49:09 GoToBankPhase: Waiting for bank interface...
2026-07-10 21:49:14 GoToBankPhase: Bank interface open. Depositing.
2026-07-10 21:49:14 DepositAndWithdrawPhase: Deposited ingots at [1363, 999]
2026-07-10 21:49:14 DepositAndWithdrawPhase: Clicked bank slot 1 at [661, 235] (1/4)
2026-07-10 21:49:14 DepositAndWithdrawPhase: Clicked bank slot 1 at [661, 235] (2/4)
2026-07-10 21:49:15 DepositAndWithdrawPhase: Clicked bank slot 1 at [661, 235] (3/4)
2026-07-10 21:49:15 DepositAndWithdrawPhase: Clicked bank slot 1 at [661, 235] (4/4)
2026-07-10 21:49:16 DepositAndWithdrawPhase: Clicked bank slot 2 at [757, 235] (1/1)
2026-07-10 21:49:17 DepositAndWithdrawPhase: Withdraw plan complete. Handing off to furnace phase.
2026-07-10 21:49:17 GoToFurnacePhase: Found furnace marker at [457, 984]
2026-07-10 21:49:17 GoToFurnacePhase: Waiting for smelt dialog...
2026-07-10 21:49:22 GoToFurnacePhase: Smelt dialog visible. Confirming.
2026-07-10 21:49:22 SmeltPhase: Pressed space to confirm smelt dialog
2026-07-10 21:49:23 Engine: stopped - Stopped (F6)
2026-07-10 21:55:51 Engine: started at phase 'goToFurnace'
2026-07-10 21:55:51 GoToFurnacePhase: Found furnace marker at [457, 984]
2026-07-10 21:55:51 GoToFurnacePhase: Waiting for smelt dialog...
2026-07-10 21:55:56 GoToFurnacePhase: Smelt dialog visible. Confirming.
2026-07-10 21:55:56 SmeltPhase: Pressed space to confirm smelt dialog
2026-07-10 21:56:11 SmeltPhase: Inventory empty. Moving to bank.
2026-07-10 21:56:11 GoToBankPhase: Found bank marker at [1799, 409]
2026-07-10 21:56:11 GoToBankPhase: Waiting for bank interface...
2026-07-10 21:56:16 GoToBankPhase: Bank interface open. Depositing.
2026-07-10 21:56:16 DepositAndWithdrawPhase: Deposited ingots at [1363, 999]
2026-07-10 21:56:16 DepositAndWithdrawPhase: Clicked bank slot 1 at [661, 235] (1/4)
2026-07-10 21:56:17 DepositAndWithdrawPhase: Clicked bank slot 1 at [661, 235] (2/4)
2026-07-10 21:56:17 DepositAndWithdrawPhase: Clicked bank slot 1 at [661, 235] (3/4)
2026-07-10 21:56:17 DepositAndWithdrawPhase: Clicked bank slot 1 at [661, 235] (4/4)
2026-07-10 21:56:18 DepositAndWithdrawPhase: Clicked bank slot 2 at [757, 235] (1/1)
2026-07-10 21:56:18 DepositAndWithdrawPhase: Withdraw plan complete. Handing off to furnace phase.
2026-07-10 21:56:19 GoToFurnacePhase: Found furnace marker at [457, 984]
2026-07-10 21:56:19 GoToFurnacePhase: Waiting for smelt dialog...
2026-07-10 21:56:23 GoToFurnacePhase: Smelt dialog visible. Confirming.
2026-07-10 21:56:23 SmeltPhase: Pressed space to confirm smelt dialog
2026-07-10 21:56:38 SmeltPhase: Inventory empty. Moving to bank.
2026-07-10 21:56:38 GoToBankPhase: Found bank marker at [1799, 409]
2026-07-10 21:56:38 GoToBankPhase: Waiting for bank interface...
2026-07-10 21:56:43 GoToBankPhase: Bank interface open. Depositing.
2026-07-10 21:56:43 DepositAndWithdrawPhase: Deposited ingots at [1363, 999]
2026-07-10 21:56:43 DepositAndWithdrawPhase: Clicked bank slot 1 at [661, 235] (1/4)
2026-07-10 21:56:44 DepositAndWithdrawPhase: Clicked bank slot 1 at [661, 235] (2/4)
2026-07-10 21:56:44 DepositAndWithdrawPhase: Clicked bank slot 1 at [661, 235] (3/4)
2026-07-10 21:56:44 DepositAndWithdrawPhase: Clicked bank slot 1 at [661, 235] (4/4)
2026-07-10 21:56:45 DepositAndWithdrawPhase: Clicked bank slot 2 at [757, 235] (1/1)
2026-07-10 21:56:45 DepositAndWithdrawPhase: Withdraw plan complete. Handing off to furnace phase.
2026-07-10 21:56:46 GoToFurnacePhase: Found furnace marker at [457, 984]
2026-07-10 21:56:46 GoToFurnacePhase: Waiting for smelt dialog...
2026-07-10 21:56:50 GoToFurnacePhase: Smelt dialog visible. Confirming.
2026-07-10 21:56:51 SmeltPhase: Pressed space to confirm smelt dialog
2026-07-10 21:57:05 SmeltPhase: Inventory empty. Moving to bank.
2026-07-10 21:57:05 GoToBankPhase: Found bank marker at [1799, 409]
2026-07-10 21:57:05 GoToBankPhase: Waiting for bank interface...
2026-07-10 21:57:10 GoToBankPhase: Bank interface open. Depositing.
2026-07-10 21:57:10 DepositAndWithdrawPhase: Deposited ingots at [1363, 999]
2026-07-10 21:57:10 DepositAndWithdrawPhase: Clicked bank slot 1 at [661, 235] (1/4)
2026-07-10 21:57:11 DepositAndWithdrawPhase: Clicked bank slot 1 at [661, 235] (2/4)
2026-07-10 21:57:11 DepositAndWithdrawPhase: Clicked bank slot 1 at [661, 235] (3/4)
2026-07-10 21:57:11 DepositAndWithdrawPhase: Clicked bank slot 1 at [661, 235] (4/4)
2026-07-10 21:57:12 DepositAndWithdrawPhase: Clicked bank slot 2 at [757, 235] (1/1)
2026-07-10 21:57:12 DepositAndWithdrawPhase: Withdraw plan complete. Handing off to furnace phase.
2026-07-10 21:57:13 GoToFurnacePhase: Found furnace marker at [457, 984]
2026-07-10 21:57:13 GoToFurnacePhase: Waiting for smelt dialog...
2026-07-10 21:57:17 GoToFurnacePhase: Smelt dialog visible. Confirming.
2026-07-10 21:57:17 SmeltPhase: Pressed space to confirm smelt dialog
2026-07-10 21:57:32 SmeltPhase: Inventory empty. Moving to bank.
2026-07-10 21:57:32 GoToBankPhase: Found bank marker at [1799, 409]
2026-07-10 21:57:32 GoToBankPhase: Waiting for bank interface...
2026-07-10 21:57:37 GoToBankPhase: Bank interface open. Depositing.
2026-07-10 21:57:37 DepositAndWithdrawPhase: Deposited ingots at [1363, 999]
2026-07-10 21:57:37 DepositAndWithdrawPhase: Clicked bank slot 1 at [661, 235] (1/4)
2026-07-10 21:57:38 DepositAndWithdrawPhase: Clicked bank slot 1 at [661, 235] (2/4)
2026-07-10 21:57:38 DepositAndWithdrawPhase: Clicked bank slot 1 at [661, 235] (3/4)
2026-07-10 21:57:38 DepositAndWithdrawPhase: Clicked bank slot 1 at [661, 235] (4/4)
2026-07-10 21:57:38 DepositAndWithdrawPhase: Clicked bank slot 2 at [757, 235] (1/1)
2026-07-10 21:57:39 DepositAndWithdrawPhase: Withdraw plan complete. Handing off to furnace phase.
2026-07-10 21:57:39 GoToFurnacePhase: Found furnace marker at [457, 984]
2026-07-10 21:57:39 GoToFurnacePhase: Waiting for smelt dialog...
2026-07-10 21:57:44 GoToFurnacePhase: Smelt dialog visible. Confirming.
2026-07-10 21:57:45 SmeltPhase: Pressed space to confirm smelt dialog
2026-07-10 21:57:48 Engine: stopped - Stopped (F6)
2026-07-10 21:59:22 Engine: started at phase 'goToFurnace'
2026-07-10 21:59:22 GoToFurnacePhase: Found furnace marker at [457, 984]
2026-07-10 21:59:22 GoToFurnacePhase: Waiting for smelt dialog...
2026-07-10 21:59:27 GoToFurnacePhase: Smelt dialog visible. Confirming.
2026-07-10 21:59:27 SmeltPhase: Pressed space to confirm smelt dialog
2026-07-10 21:59:42 SmeltPhase: Inventory empty. Moving to bank.
2026-07-10 21:59:42 GoToBankPhase: Found bank marker at [1799, 409]
2026-07-10 21:59:43 GoToBankPhase: Waiting for bank interface...
2026-07-10 21:59:47 GoToBankPhase: Bank interface open. Depositing.
2026-07-10 21:59:47 DepositAndWithdrawPhase: Deposited ingots at [1363, 999]
2026-07-10 21:59:48 DepositAndWithdrawPhase: Clicked bank slot 1 at [661, 235] (1/4)
2026-07-10 21:59:48 DepositAndWithdrawPhase: Clicked bank slot 1 at [661, 235] (2/4)
2026-07-10 21:59:48 DepositAndWithdrawPhase: Clicked bank slot 1 at [661, 235] (3/4)
2026-07-10 21:59:48 DepositAndWithdrawPhase: Clicked bank slot 1 at [661, 235] (4/4)
2026-07-10 21:59:49 DepositAndWithdrawPhase: Clicked bank slot 2 at [757, 235] (1/1)
2026-07-10 21:59:49 DepositAndWithdrawPhase: Withdraw plan complete. Handing off to furnace phase.
2026-07-10 21:59:49 GoToFurnacePhase: Found furnace marker at [457, 984]
2026-07-10 21:59:49 GoToFurnacePhase: Waiting for smelt dialog...
2026-07-10 21:59:54 GoToFurnacePhase: Smelt dialog visible. Confirming.
2026-07-10 21:59:55 SmeltPhase: Pressed space to confirm smelt dialog
2026-07-10 22:00:01 Engine: stopped - Stopped (F6)
2026-07-10 22:45:07 Engine: started at phase 'goToFurnace'
2026-07-10 22:45:08 GoToFurnacePhase: Found furnace marker at [457, 984]
2026-07-10 22:45:08 GoToFurnacePhase: Waiting for smelt dialog...
2026-07-10 22:45:13 GoToFurnacePhase: Smelt dialog visible. Confirming.
2026-07-10 22:45:13 smelt: Pressed space to confirm dialog
2026-07-10 22:45:28 smelt: Inventory empty. Moving to bank.
2026-07-10 22:45:28 GoToBankPhase: Found bank marker at [1799, 409]
2026-07-10 22:45:28 GoToBankPhase: Waiting for bank interface...
2026-07-10 22:45:33 GoToBankPhase: Bank interface open.
2026-07-10 22:45:33 DepositAndWithdrawPhase: Deposited ingots at [1363, 999]
2026-07-10 22:45:33 DepositAndWithdrawPhase: Clicked bank slot 1 at [661, 235] (1/4)
2026-07-10 22:45:33 DepositAndWithdrawPhase: Clicked bank slot 1 at [661, 235] (2/4)
2026-07-10 22:45:33 DepositAndWithdrawPhase: Clicked bank slot 1 at [661, 235] (3/4)
2026-07-10 22:45:34 DepositAndWithdrawPhase: Clicked bank slot 1 at [661, 235] (4/4)
2026-07-10 22:45:34 DepositAndWithdrawPhase: Clicked bank slot 2 at [757, 235] (1/1)
2026-07-10 22:45:34 DepositAndWithdrawPhase: Withdraw plan complete. Handing off to furnace phase.
2026-07-10 22:45:35 GoToFurnacePhase: Found furnace marker at [457, 984]
2026-07-10 22:45:35 GoToFurnacePhase: Waiting for smelt dialog...
2026-07-10 22:45:40 Engine: stopped - Stopped (F6)
2026-07-10 22:45:42 GoToFurnacePhase: Smelt dialog visible. Confirming.
2026-07-10 22:46:08 Engine: started at phase 'goToFurnace'
2026-07-10 22:46:08 GoToFurnacePhase: Found furnace marker at [457, 984]
2026-07-10 22:46:09 GoToFurnacePhase: Waiting for smelt dialog...
2026-07-10 22:46:13 GoToFurnacePhase: Smelt dialog visible. Confirming.
2026-07-10 22:46:13 smelt: Pressed space to confirm dialog
2026-07-10 22:46:28 smelt: Inventory empty. Moving to bank.
2026-07-10 22:46:28 GoToBankPhase: Found bank marker at [1799, 409]
2026-07-10 22:46:29 GoToBankPhase: Waiting for bank interface...
2026-07-10 22:46:33 GoToBankPhase: Bank interface open.
2026-07-10 22:46:33 DepositAndWithdrawPhase: Deposited ingots at [1363, 999]
2026-07-10 22:46:34 DepositAndWithdrawPhase: Clicked bank slot 1 at [661, 235] (1/4)
2026-07-10 22:46:34 DepositAndWithdrawPhase: Clicked bank slot 1 at [661, 235] (2/4)
2026-07-10 22:46:34 DepositAndWithdrawPhase: Clicked bank slot 1 at [661, 235] (3/4)
2026-07-10 22:46:35 DepositAndWithdrawPhase: Clicked bank slot 1 at [661, 235] (4/4)
2026-07-10 22:46:35 DepositAndWithdrawPhase: Clicked bank slot 2 at [757, 235] (1/1)
2026-07-10 22:46:35 DepositAndWithdrawPhase: Withdraw plan complete. Handing off to furnace phase.
2026-07-10 22:46:36 GoToFurnacePhase: Found furnace marker at [457, 984]
2026-07-10 22:46:36 GoToFurnacePhase: Waiting for smelt dialog...
2026-07-10 22:46:40 GoToFurnacePhase: Smelt dialog visible. Confirming.
2026-07-10 22:46:40 smelt: Pressed space to confirm dialog
2026-07-10 22:46:51 smelt: Inventory empty. Moving to bank.
2026-07-10 22:46:51 GoToBankPhase: Found bank marker at [1799, 409]
2026-07-10 22:46:51 GoToBankPhase: Waiting for bank interface...
2026-07-10 22:47:01 GoToBankPhase: Bank interface open.
2026-07-10 22:47:01 DepositAndWithdrawPhase: Deposited ingots at [1363, 999]
2026-07-10 22:47:01 DepositAndWithdrawPhase: Clicked bank slot 1 at [661, 235] (1/4)
2026-07-10 22:47:02 DepositAndWithdrawPhase: Clicked bank slot 1 at [661, 235] (2/4)
2026-07-10 22:47:02 DepositAndWithdrawPhase: Clicked bank slot 1 at [661, 235] (3/4)
2026-07-10 22:47:02 DepositAndWithdrawPhase: Clicked bank slot 1 at [661, 235] (4/4)
2026-07-10 22:47:03 DepositAndWithdrawPhase: Clicked bank slot 2 at [757, 235] (1/1)
2026-07-10 22:47:03 DepositAndWithdrawPhase: Withdraw plan complete. Handing off to furnace phase.
2026-07-10 22:47:03 GoToFurnacePhase: Found furnace marker at [457, 984]
2026-07-10 22:47:03 GoToFurnacePhase: Waiting for smelt dialog...
2026-07-10 22:47:08 GoToFurnacePhase: Smelt dialog visible. Confirming.
2026-07-10 22:47:08 smelt: Pressed space to confirm dialog
2026-07-10 22:47:23 smelt: Inventory empty. Moving to bank.
2026-07-10 22:47:23 GoToBankPhase: Found bank marker at [1799, 409]
2026-07-10 22:47:23 GoToBankPhase: Waiting for bank interface...
2026-07-10 22:47:28 GoToBankPhase: Bank interface open.
2026-07-10 22:47:28 DepositAndWithdrawPhase: Deposited ingots at [1363, 999]
2026-07-10 22:47:28 DepositAndWithdrawPhase: Clicked bank slot 1 at [661, 235] (1/4)
2026-07-10 22:47:29 DepositAndWithdrawPhase: Clicked bank slot 1 at [661, 235] (2/4)
2026-07-10 22:47:29 DepositAndWithdrawPhase: Clicked bank slot 1 at [661, 235] (3/4)
2026-07-10 22:47:29 DepositAndWithdrawPhase: Clicked bank slot 1 at [661, 235] (4/4)
2026-07-10 22:47:30 DepositAndWithdrawPhase: Clicked bank slot 2 at [757, 235] (1/1)
2026-07-10 22:47:30 DepositAndWithdrawPhase: Withdraw plan complete. Handing off to furnace phase.
2026-07-10 22:47:30 GoToFurnacePhase: Found furnace marker at [457, 984]
2026-07-10 22:47:30 GoToFurnacePhase: Waiting for smelt dialog...
2026-07-10 22:47:35 GoToFurnacePhase: Smelt dialog visible. Confirming.
2026-07-10 22:47:35 smelt: Pressed space to confirm dialog
2026-07-10 22:47:50 smelt: Inventory empty. Moving to bank.
2026-07-10 22:47:50 GoToBankPhase: Found bank marker at [1799, 409]
2026-07-10 22:47:50 GoToBankPhase: Waiting for bank interface...
2026-07-10 22:47:54 Engine: stopped - Stopped (F6)
2026-07-10 22:48:05 GoToBankPhase: Timed out waiting for bank interface - stopping
2026-07-10 22:48:05 Engine: stopped - Timed out waiting for bank interface
2026-07-10 22:49:23 Engine: started at phase 'goToFurnace'
2026-07-10 22:49:23 GoToFurnacePhase: Found furnace marker at [457, 984]
2026-07-10 22:49:23 GoToFurnacePhase: Waiting for smelt dialog...
2026-07-10 22:49:28 GoToFurnacePhase: Smelt dialog visible. Confirming.
2026-07-10 22:49:28 smelt: Pressed space to confirm dialog
2026-07-10 22:49:36 Engine: stopped - Stopped (F6)
2026-07-10 22:50:59 Engine: started at phase 'goToFurnace'
2026-07-10 22:50:59 GoToFurnacePhase: Found furnace marker at [457, 984]
2026-07-10 22:50:59 GoToFurnacePhase: Waiting for smelt dialog...
2026-07-10 22:51:04 GoToFurnacePhase: Smelt dialog visible. Confirming.
2026-07-10 22:51:04 smelt: Pressed space to confirm dialog
2026-07-10 22:51:15 Engine: stopped - Stopped (F6)
2026-07-10 22:51:40 Engine: started at phase 'goToFurnace'
2026-07-10 22:51:42 GoToFurnacePhase: Waiting for smelt dialog...
2026-07-10 22:51:43 Engine: started at phase 'goToFurnace'
2026-07-10 22:51:43 GoToFurnacePhase: Found furnace marker at [457, 984]
2026-07-10 22:51:43 GoToFurnacePhase: Waiting for smelt dialog...
2026-07-10 22:51:48 GoToFurnacePhase: Smelt dialog visible. Confirming.
2026-07-10 22:51:48 smelt: Pressed space to confirm dialog
2026-07-10 22:53:14 Engine: stopped - Stopped (F6)
2026-07-10 22:58:38 Engine: started at phase 'goToFurnace'
2026-07-10 22:58:38 GoToFurnacePhase: Found furnace marker at [457, 984]
2026-07-10 22:58:38 GoToFurnacePhase: Waiting for smelt dialog...
2026-07-10 22:58:43 GoToFurnacePhase: Smelt dialog visible. Confirming.
2026-07-10 22:58:43 SmeltPhase: Pressed space to confirm smelt dialog
2026-07-10 23:00:07 SmeltPhase: Indicator slot changed (ore -> bar). Moving to bank.
2026-07-10 23:00:07 GoToBankPhase: Found bank marker at [1799, 409]
2026-07-10 23:00:07 GoToBankPhase: Waiting for bank interface...
2026-07-10 23:00:12 GoToBankPhase: Bank interface open.
2026-07-10 23:00:12 DepositAndWithdrawPhase: Deposited ingots at [1363, 999]
2026-07-10 23:00:12 DepositAndWithdrawPhase: Clicked bank slot 3 at [853, 235] (1/1)
2026-07-10 23:00:12 DepositAndWithdrawPhase: Withdraw plan complete. Handing off to furnace phase.
2026-07-10 23:00:14 GoToFurnacePhase: Found furnace marker at [457, 984]
2026-07-10 23:00:14 GoToFurnacePhase: Waiting for smelt dialog...
2026-07-10 23:00:18 GoToFurnacePhase: Smelt dialog visible. Confirming.
2026-07-10 23:00:18 SmeltPhase: Pressed space to confirm smelt dialog
2026-07-10 23:01:42 SmeltPhase: Indicator slot changed (ore -> bar). Moving to bank.
2026-07-10 23:01:42 GoToBankPhase: Found bank marker at [1799, 409]
2026-07-10 23:01:42 GoToBankPhase: Waiting for bank interface...
2026-07-10 23:01:47 GoToBankPhase: Bank interface open.
2026-07-10 23:01:47 DepositAndWithdrawPhase: Deposited ingots at [1363, 999]
2026-07-10 23:01:48 DepositAndWithdrawPhase: Clicked bank slot 3 at [853, 235] (1/1)
2026-07-10 23:01:48 DepositAndWithdrawPhase: Withdraw plan complete. Handing off to furnace phase.
2026-07-10 23:01:49 GoToFurnacePhase: Found furnace marker at [457, 984]
2026-07-10 23:01:49 GoToFurnacePhase: Waiting for smelt dialog...
2026-07-10 23:01:54 GoToFurnacePhase: Smelt dialog visible. Confirming.
2026-07-10 23:01:54 SmeltPhase: Pressed space to confirm smelt dialog
2026-07-10 23:01:55 Engine: stopped - Stopped (F6)
2026-07-10 23:02:25 Engine: started at phase 'goToFurnace'
2026-07-10 23:02:25 GoToFurnacePhase: Found furnace marker at [457, 984]
2026-07-10 23:02:25 GoToFurnacePhase: Waiting for smelt dialog...
2026-07-10 23:02:30 GoToFurnacePhase: Smelt dialog visible. Confirming.
2026-07-10 23:02:30 SmeltPhase: Pressed space to confirm smelt dialog
2026-07-10 23:02:45 SmeltPhase: Indicator slot changed (ore -> bar). Moving to bank.
2026-07-10 23:02:45 GoToBankPhase: Found bank marker at [1799, 409]
2026-07-10 23:02:45 GoToBankPhase: Waiting for bank interface...
2026-07-10 23:02:50 GoToBankPhase: Bank interface open.
2026-07-10 23:02:50 DepositAndWithdrawPhase: Deposited ingots at [1363, 999]
2026-07-10 23:02:51 DepositAndWithdrawPhase: Clicked bank slot 1 at [661, 235] (1/4)
2026-07-10 23:02:51 DepositAndWithdrawPhase: Clicked bank slot 1 at [661, 235] (2/4)
2026-07-10 23:02:51 DepositAndWithdrawPhase: Clicked bank slot 1 at [661, 235] (3/4)
2026-07-10 23:02:52 DepositAndWithdrawPhase: Clicked bank slot 1 at [661, 235] (4/4)
2026-07-10 23:02:52 DepositAndWithdrawPhase: Clicked bank slot 2 at [757, 235] (1/1)
2026-07-10 23:02:52 DepositAndWithdrawPhase: Withdraw plan complete. Handing off to furnace phase.
2026-07-10 23:02:53 GoToFurnacePhase: Found furnace marker at [457, 984]
2026-07-10 23:02:53 GoToFurnacePhase: Waiting for smelt dialog...
2026-07-10 23:02:57 GoToFurnacePhase: Smelt dialog visible. Confirming.
2026-07-10 23:02:57 SmeltPhase: Pressed space to confirm smelt dialog
2026-07-10 23:02:58 Engine: stopped - Stopped (F6)
2026-07-10 23:04:09 Engine: started at phase 'goToFurnace'
2026-07-10 23:04:09 GoToFurnacePhase: Found furnace marker at [462, 970]
2026-07-10 23:04:09 GoToFurnacePhase: Waiting for smelt dialog...
2026-07-10 23:04:14 GoToFurnacePhase: Smelt dialog visible. Confirming.
2026-07-10 23:04:14 SmeltPhase: Pressed space to confirm smelt dialog
2026-07-10 23:04:30 Engine: stopped - Stopped (F6)
2026-07-10 23:04:37 Engine: started at phase 'goToFurnace'
2026-07-10 23:04:37 GoToFurnacePhase: Waiting for smelt dialog...
2026-07-10 23:04:39 Engine: started at phase 'goToFurnace'
2026-07-10 23:04:42 Engine: started at phase 'goToFurnace'
2026-07-10 23:04:43 GoToFurnacePhase: Found furnace marker at [462, 970]
2026-07-10 23:04:43 GoToFurnacePhase: Waiting for smelt dialog...
2026-07-10 23:04:48 GoToFurnacePhase: Smelt dialog visible. Confirming.
2026-07-10 23:04:48 SmeltPhase: Pressed space to confirm smelt dialog
2026-07-10 23:06:12 SmeltPhase: Indicator slot changed (ore -> bar). Moving to bank.
2026-07-10 23:06:12 GoToBankPhase: Found bank marker at [1799, 409]
2026-07-10 23:06:12 GoToBankPhase: Waiting for bank interface...
2026-07-10 23:06:16 GoToBankPhase: Bank interface open.
2026-07-10 23:06:17 DepositAndWithdrawPhase: Deposited ingots at [1363, 999]
2026-07-10 23:06:17 DepositAndWithdrawPhase: Clicked bank slot 3 at [853, 235] (1/1)
2026-07-10 23:06:17 DepositAndWithdrawPhase: Withdraw plan complete. Handing off to furnace phase.
2026-07-10 23:06:17 GoToFurnacePhase: Found furnace marker at [426, 963]
2026-07-10 23:06:17 GoToFurnacePhase: Waiting for smelt dialog...
2026-07-10 23:06:22 GoToFurnacePhase: Smelt dialog visible. Confirming.
2026-07-10 23:06:22 SmeltPhase: Pressed space to confirm smelt dialog
2026-07-10 23:07:46 SmeltPhase: Indicator slot changed (ore -> bar). Moving to bank.
2026-07-10 23:07:46 GoToBankPhase: Found bank marker at [1799, 409]
2026-07-10 23:07:46 GoToBankPhase: Waiting for bank interface...
2026-07-10 23:07:51 GoToBankPhase: Bank interface open.
2026-07-10 23:07:51 DepositAndWithdrawPhase: Deposited ingots at [1363, 999]
2026-07-10 23:07:51 DepositAndWithdrawPhase: Clicked bank slot 3 at [853, 235] (1/1)
2026-07-10 23:07:51 DepositAndWithdrawPhase: Withdraw plan complete. Handing off to furnace phase.
2026-07-10 23:07:51 GoToFurnacePhase: Found furnace marker at [428, 963]
2026-07-10 23:07:52 GoToFurnacePhase: Waiting for smelt dialog...
2026-07-10 23:07:56 GoToFurnacePhase: Smelt dialog visible. Confirming.
2026-07-10 23:07:56 SmeltPhase: Pressed space to confirm smelt dialog
2026-07-10 23:08:24 Engine: stopped - Stopped (F6)
2026-07-10 23:09:14 Engine: started at phase 'goToFurnace'
2026-07-10 23:09:14 GoToFurnacePhase: Found furnace marker at [456, 976]
2026-07-10 23:09:14 GoToFurnacePhase: Waiting for smelt dialog...
2026-07-10 23:09:19 GoToFurnacePhase: Smelt dialog visible. Confirming.
2026-07-10 23:09:19 SmeltPhase: Pressed space to confirm smelt dialog
2026-07-10 23:10:43 SmeltPhase: Indicator slot changed (ore -> bar). Moving to bank.
2026-07-10 23:10:43 GoToBankPhase: Found bank marker at [1799, 409]
2026-07-10 23:10:43 GoToBankPhase: Waiting for bank interface...
2026-07-10 23:10:48 GoToBankPhase: Bank interface open.
2026-07-10 23:10:48 DepositAndWithdrawPhase: Deposited ingots at [1363, 999]
2026-07-10 23:10:48 DepositAndWithdrawPhase: Clicked bank slot 3 at [853, 235] (1/1)
2026-07-10 23:10:48 DepositAndWithdrawPhase: Withdraw plan complete. Handing off to furnace phase.
2026-07-10 23:10:49 GoToFurnacePhase: Found furnace marker at [456, 974]
2026-07-10 23:10:50 GoToFurnacePhase: Waiting for smelt dialog...
2026-07-10 23:10:54 GoToFurnacePhase: Smelt dialog visible. Confirming.
2026-07-10 23:10:54 SmeltPhase: Pressed space to confirm smelt dialog
2026-07-10 23:11:00 Engine: stopped - Stopped (F6)
2026-07-10 23:11:12 Engine: started at phase 'goToFurnace'
2026-07-10 23:11:12 GoToFurnacePhase: Found furnace marker at [456, 972]
2026-07-10 23:11:12 GoToFurnacePhase: Waiting for smelt dialog...
2026-07-10 23:11:16 GoToFurnacePhase: Smelt dialog visible. Confirming.
2026-07-10 23:11:17 SmeltPhase: Pressed space to confirm smelt dialog
2026-07-10 23:12:40 SmeltPhase: Indicator slot changed (ore -> bar). Moving to bank.
2026-07-10 23:12:41 GoToBankPhase: Found bank marker at [1799, 409]
2026-07-10 23:12:41 GoToBankPhase: Waiting for bank interface...
2026-07-10 23:12:45 GoToBankPhase: Bank interface open.
2026-07-10 23:12:46 DepositAndWithdrawPhase: Deposited ingots at [1363, 999]
2026-07-10 23:12:46 DepositAndWithdrawPhase: Clicked bank slot 3 at [853, 235] (1/1)
2026-07-10 23:12:46 DepositAndWithdrawPhase: Withdraw plan complete. Handing off to furnace phase.
2026-07-10 23:12:47 GoToFurnacePhase: Found furnace marker at [456, 970]
2026-07-10 23:12:47 GoToFurnacePhase: Waiting for smelt dialog...
2026-07-10 23:12:52 GoToFurnacePhase: Smelt dialog visible. Confirming.
2026-07-10 23:12:52 SmeltPhase: Pressed space to confirm smelt dialog
2026-07-10 23:14:16 SmeltPhase: Indicator slot changed (ore -> bar). Moving to bank.
2026-07-10 23:14:16 GoToBankPhase: Found bank marker at [1799, 409]
2026-07-10 23:14:16 GoToBankPhase: Waiting for bank interface...
2026-07-10 23:14:21 GoToBankPhase: Bank interface open.
2026-07-10 23:14:21 DepositAndWithdrawPhase: Deposited ingots at [1363, 999]
2026-07-10 23:14:21 DepositAndWithdrawPhase: Clicked bank slot 3 at [853, 235] (1/1)
2026-07-10 23:14:21 DepositAndWithdrawPhase: Withdraw plan complete. Handing off to furnace phase.
2026-07-10 23:14:21 GoToFurnacePhase: Found furnace marker at [456, 954]
2026-07-10 23:14:22 GoToFurnacePhase: Waiting for smelt dialog...
2026-07-10 23:14:26 GoToFurnacePhase: Smelt dialog visible. Confirming.
2026-07-10 23:14:26 SmeltPhase: Pressed space to confirm smelt dialog
2026-07-10 23:15:50 SmeltPhase: Indicator slot changed (ore -> bar). Moving to bank.
2026-07-10 23:15:50 GoToBankPhase: Found bank marker at [1799, 409]
2026-07-10 23:15:50 GoToBankPhase: Waiting for bank interface...
2026-07-10 23:15:55 GoToBankPhase: Bank interface open.
2026-07-10 23:15:55 DepositAndWithdrawPhase: Deposited ingots at [1363, 999]
2026-07-10 23:15:55 DepositAndWithdrawPhase: Clicked bank slot 3 at [853, 235] (1/1)
2026-07-10 23:15:56 DepositAndWithdrawPhase: Withdraw plan complete. Handing off to furnace phase.
2026-07-10 23:15:57 GoToFurnacePhase: Found furnace marker at [456, 970]
2026-07-10 23:15:57 GoToFurnacePhase: Waiting for smelt dialog...
2026-07-10 23:16:02 GoToFurnacePhase: Smelt dialog visible. Confirming.
2026-07-10 23:16:02 SmeltPhase: Pressed space to confirm smelt dialog
2026-07-10 23:16:21 Engine: stopped - Stopped (F6)
