2026-07-23 13:33:34 [11-find-and-click] Script loaded. F5=find+click block  F8=find block+click PIN  F6=request stop  Esc=exit.
2026-07-23 13:33:35 [11-find-and-click] FindAndClickBlock started: colors=0xCC5D02
2026-07-23 13:33:35 [11-find-and-click] F5: waiting for test block
2026-07-23 13:33:35 [11-find-and-click] FindFilledBlock: not found (17x17 0xCC5D02 tol=5, 15 ms)
2026-07-23 13:33:35 [11-find-and-click] FindFilledBlock: not found (17x17 0xCC5D02 tol=5, 0 ms)
2026-07-23 13:33:36 [11-find-and-click] FindFilledBlock: not found (17x17 0xCC5D02 tol=5, 0 ms)
2026-07-23 13:33:36 [11-find-and-click] FindFilledBlock: not found (17x17 0xCC5D02 tol=5, 0 ms)
2026-07-23 13:33:36 [11-find-and-click] FindFilledBlock: not found (17x17 0xCC5D02 tol=5, 0 ms)
2026-07-23 13:33:36 [11-find-and-click] FindFilledBlock: not found (17x17 0xCC5D02 tol=5, 0 ms)
2026-07-23 13:33:36 [11-find-and-click] FindFilledBlock: not found (17x17 0xCC5D02 tol=5, 0 ms)
2026-07-23 13:33:36 [11-find-and-click] FindFilledBlock: not found (17x17 0xCC5D02 tol=5, 0 ms)
2026-07-23 13:33:36 [11-find-and-click] FindFilledBlock: not found (17x17 0xCC5D02 tol=5, 0 ms)
2026-07-23 13:33:36 [11-find-and-click] FindFilledBlock: not found (17x17 0xCC5D02 tol=5, 0 ms)
2026-07-23 13:33:36 [11-find-and-click] FindFilledBlock: not found (17x17 0xCC5D02 tol=5, 0 ms)
2026-07-23 13:33:37 [11-find-and-click] FindFilledBlock: not found (17x17 0xCC5D02 tol=5, 0 ms)
2026-07-23 13:33:37 [11-find-and-click] FindFilledBlock: not found (17x17 0xCC5D02 tol=5, 0 ms)
2026-07-23 13:33:37 [11-find-and-click] FindFilledBlock: not found (17x17 0xCC5D02 tol=5, 0 ms)
2026-07-23 13:33:37 [11-find-and-click] FindFilledBlock: not found (17x17 0xCC5D02 tol=5, 0 ms)
2026-07-23 13:33:37 [11-find-and-click] FindFilledBlock: not found (17x17 0xCC5D02 tol=5, 0 ms)
2026-07-23 13:33:37 [11-find-and-click] FindFilledBlock: not found (17x17 0xCC5D02 tol=5, 0 ms)
2026-07-23 13:33:37 [11-find-and-click] FindFilledBlock: not found (17x17 0xCC5D02 tol=5, 0 ms)
2026-07-23 13:33:37 [11-find-and-click] FindFilledBlock: not found (17x17 0xCC5D02 tol=5, 0 ms)
2026-07-23 13:33:37 [11-find-and-click] FindFilledBlock: not found (17x17 0xCC5D02 tol=5, 0 ms)
2026-07-23 13:33:38 [11-find-and-click] FindFilledBlock: not found (17x17 0xCC5D02 tol=5, 0 ms)
2026-07-23 13:33:38 [11-find-and-click] FindFilledBlock: not found (17x17 0xCC5D02 tol=5, 0 ms)
2026-07-23 13:33:38 [11-find-and-click] FindFilledBlock: not found (17x17 0xCC5D02 tol=5, 0 ms)
2026-07-23 13:33:38 [11-find-and-click] FindFilledBlock: not found (17x17 0xCC5D02 tol=5, 0 ms)
2026-07-23 13:33:38 [11-find-and-click] FindFilledBlock: not found (17x17 0xCC5D02 tol=5, 0 ms)
2026-07-23 13:33:38 [11-find-and-click] FindFilledBlock: not found (17x17 0xCC5D02 tol=5, 0 ms)
2026-07-23 13:33:38 [11-find-and-click] FindFilledBlock: not found (17x17 0xCC5D02 tol=5, 0 ms)
2026-07-23 13:33:38 [11-find-and-click] FindFilledBlock: not found (17x17 0xCC5D02 tol=5, 0 ms)
2026-07-23 13:33:38 [11-find-and-click] FindFilledBlock: not found (17x17 0xCC5D02 tol=5, 0 ms)
2026-07-23 13:33:38 [11-find-and-click] FindFilledBlock: not found (17x17 0xCC5D02 tol=5, 0 ms)
2026-07-23 13:33:39 [11-find-and-click] FindFilledBlock: not found (17x17 0xCC5D02 tol=5, 0 ms)
2026-07-23 13:33:39 [11-find-and-click] FindFilledBlock: not found (17x17 0xCC5D02 tol=5, 0 ms)
2026-07-23 13:33:39 [11-find-and-click] FindFilledBlock: not found (17x17 0xCC5D02 tol=5, 0 ms)
2026-07-23 13:33:39 [11-find-and-click] FindFilledBlock: not found (17x17 0xCC5D02 tol=5, 0 ms)
2026-07-23 13:33:39 [11-find-and-click] FindFilledBlock: not found (17x17 0xCC5D02 tol=5, 0 ms)
2026-07-23 13:33:39 [11-find-and-click] FindFilledBlock: not found (17x17 0xCC5D02 tol=5, 16 ms)
2026-07-23 13:33:39 [11-find-and-click] FindFilledBlock: not found (17x17 0xCC5D02 tol=5, 16 ms)
2026-07-23 13:33:39 [11-find-and-click] FindFilledBlock: not found (17x17 0xCC5D02 tol=5, 16 ms)
2026-07-23 13:33:40 [11-find-and-click] FindFilledBlock: not found (17x17 0xCC5D02 tol=5, 16 ms)
2026-07-23 13:33:40 [11-find-and-click] FindFilledBlock: not found (17x17 0xCC5D02 tol=5, 0 ms)
2026-07-23 13:33:40 [11-find-and-click] FindFilledBlock: not found (17x17 0xCC5D02 tol=5, 0 ms)
2026-07-23 13:33:40 [11-find-and-click] FindFilledBlock: not found (17x17 0xCC5D02 tol=5, 0 ms)
2026-07-23 13:33:40 [11-find-and-click] FindFilledBlock: not found (17x17 0xCC5D02 tol=5, 16 ms)
2026-07-23 13:33:40 [11-find-and-click] FindFilledBlock: not found (17x17 0xCC5D02 tol=5, 0 ms)
2026-07-23 13:33:40 [11-find-and-click] FindFilledBlock: not found (17x17 0xCC5D02 tol=5, 0 ms)
2026-07-23 13:33:40 [11-find-and-click] FindFilledBlock: not found (17x17 0xCC5D02 tol=5, 0 ms)
2026-07-23 13:33:40 [11-find-and-click] FindFilledBlock: not found (17x17 0xCC5D02 tol=5, 0 ms)
2026-07-23 13:33:41 [11-find-and-click] FindFilledBlock: not found (17x17 0xCC5D02 tol=5, 0 ms)
2026-07-23 13:33:41 [11-find-and-click] FindFilledBlock: not found (17x17 0xCC5D02 tol=5, 0 ms)
2026-07-23 13:33:41 [11-find-and-click] FindFilledBlock: not found (17x17 0xCC5D02 tol=5, 16 ms)
2026-07-23 13:33:41 [11-find-and-click] FindFilledBlock: not found (17x17 0xCC5D02 tol=5, 0 ms)
2026-07-23 13:33:41 [11-find-and-click] FindFilledBlock: found at 1645,877 (17x17 0xCC5D02 tol=5, 0 ms)
2026-07-23 13:33:41 [11-find-and-click] F5: clicking test block at 1645,877
2026-07-23 13:33:41 [11-find-and-click] FOUND and clicked block (5828 ms)
2026-07-23 13:33:46 [11-find-and-click] FindAndClickBlock (PINNED) started: colors=0xCC5D02 pin=1100,848
2026-07-23 13:33:46 [11-find-and-click] F8: waiting for test block
2026-07-23 13:33:46 [11-find-and-click] FindFilledBlock: not found (17x17 0xCC5D02 tol=5, 0 ms)
2026-07-23 13:33:46 [11-find-and-click] FindFilledBlock: not found (17x17 0xCC5D02 tol=5, 0 ms)
2026-07-23 13:33:46 [11-find-and-click] FindFilledBlock: not found (17x17 0xCC5D02 tol=5, 0 ms)
2026-07-23 13:33:46 [11-find-and-click] FindFilledBlock: not found (17x17 0xCC5D02 tol=5, 0 ms)
2026-07-23 13:33:46 [11-find-and-click] FindFilledBlock: not found (17x17 0xCC5D02 tol=5, 0 ms)
2026-07-23 13:33:46 [11-find-and-click] FindFilledBlock: not found (17x17 0xCC5D02 tol=5, 0 ms)
2026-07-23 13:33:46 [11-find-and-click] FindFilledBlock: not found (17x17 0xCC5D02 tol=5, 0 ms)
2026-07-23 13:33:47 [11-find-and-click] FindFilledBlock: not found (17x17 0xCC5D02 tol=5, 0 ms)
2026-07-23 13:33:47 [11-find-and-click] FindFilledBlock: not found (17x17 0xCC5D02 tol=5, 0 ms)
2026-07-23 13:33:47 [11-find-and-click] FindFilledBlock: not found (17x17 0xCC5D02 tol=5, 0 ms)
2026-07-23 13:33:47 [11-find-and-click] FindFilledBlock: not found (17x17 0xCC5D02 tol=5, 0 ms)
2026-07-23 13:33:47 [11-find-and-click] FindFilledBlock: not found (17x17 0xCC5D02 tol=5, 0 ms)
2026-07-23 13:33:47 [11-find-and-click] FindFilledBlock: not found (17x17 0xCC5D02 tol=5, 0 ms)
2026-07-23 13:33:47 [11-find-and-click] FindFilledBlock: not found (17x17 0xCC5D02 tol=5, 0 ms)
2026-07-23 13:33:47 [11-find-and-click] FindFilledBlock: not found (17x17 0xCC5D02 tol=5, 0 ms)
2026-07-23 13:33:47 [11-find-and-click] FindFilledBlock: not found (17x17 0xCC5D02 tol=5, 0 ms)
2026-07-23 13:33:48 [11-find-and-click] FindFilledBlock: not found (17x17 0xCC5D02 tol=5, 0 ms)
2026-07-23 13:33:48 [11-find-and-click] FindFilledBlock: not found (17x17 0xCC5D02 tol=5, 0 ms)
2026-07-23 13:33:48 [11-find-and-click] FindFilledBlock: not found (17x17 0xCC5D02 tol=5, 0 ms)
2026-07-23 13:33:48 [11-find-and-click] FindFilledBlock: not found (17x17 0xCC5D02 tol=5, 16 ms)
2026-07-23 13:33:48 [11-find-and-click] FindFilledBlock: not found (17x17 0xCC5D02 tol=5, 16 ms)
2026-07-23 13:33:48 [11-find-and-click] FindFilledBlock: not found (17x17 0xCC5D02 tol=5, 16 ms)
2026-07-23 13:33:48 [11-find-and-click] FindFilledBlock: not found (17x17 0xCC5D02 tol=5, 16 ms)
2026-07-23 13:33:48 [11-find-and-click] FindFilledBlock: not found (17x17 0xCC5D02 tol=5, 16 ms)
2026-07-23 13:33:49 [11-find-and-click] FindFilledBlock: not found (17x17 0xCC5D02 tol=5, 16 ms)
2026-07-23 13:33:49 [11-find-and-click] FindFilledBlock: not found (17x17 0xCC5D02 tol=5, 16 ms)
2026-07-23 13:33:49 [11-find-and-click] FindFilledBlock: not found (17x17 0xCC5D02 tol=5, 16 ms)
2026-07-23 13:33:49 [11-find-and-click] FindFilledBlock: not found (17x17 0xCC5D02 tol=5, 16 ms)
2026-07-23 13:33:49 [11-find-and-click] FindFilledBlock: not found (17x17 0xCC5D02 tol=5, 16 ms)
2026-07-23 13:33:49 [11-find-and-click] FindFilledBlock: not found (17x17 0xCC5D02 tol=5, 16 ms)
2026-07-23 13:33:49 [11-find-and-click] FindFilledBlock: not found (17x17 0xCC5D02 tol=5, 16 ms)
2026-07-23 13:33:49 [11-find-and-click] FindFilledBlock: not found (17x17 0xCC5D02 tol=5, 16 ms)
2026-07-23 13:33:50 [11-find-and-click] FindFilledBlock: not found (17x17 0xCC5D02 tol=5, 16 ms)
2026-07-23 13:33:50 [11-find-and-click] FindFilledBlock: found at 1653,877 (17x17 0xCC5D02 tol=5, 16 ms)
2026-07-23 13:33:50 [11-find-and-click] F8: clicking test block at 1100,848
2026-07-23 13:33:50 [11-find-and-click] FOUND block, but clicked PIN at 1100,848 instead (4032 ms)
2026-07-23 13:33:51 [11-find-and-click] Esc pressed - exiting
