2026-07-19 23:41:58 [02-find-color-region] Script loaded. F5=search  F6=clear tooltip  Esc=exit. Target=0xFF00FF Region=734,511 -> 894,600
2026-07-19 23:41:59 [02-find-color-region] Search started: color=0xFF00FF tol=5 block=21x21 region=734,511 -> 894,600
2026-07-19 23:41:59 [02-find-color-region] FindFilledBlock: not found (21x21 0xFF00FF tol=5, 16 ms)
2026-07-19 23:41:59 [02-find-color-region] NOT FOUND 0xFF00FF in region (searched 16 ms)
2026-07-19 23:42:00 [02-find-color-region] Search started: color=0xFF00FF tol=5 block=21x21 region=734,511 -> 894,600
2026-07-19 23:42:00 [02-find-color-region] FindFilledBlock: not found (21x21 0xFF00FF tol=5, 0 ms)
2026-07-19 23:42:00 [02-find-color-region] NOT FOUND 0xFF00FF in region (searched 15 ms)
2026-07-19 23:42:01 [02-find-color-region] Search started: color=0xFF00FF tol=5 block=21x21 region=734,511 -> 894,600
2026-07-19 23:42:01 [02-find-color-region] FindFilledBlock: not found (21x21 0xFF00FF tol=5, 0 ms)
2026-07-19 23:42:01 [02-find-color-region] NOT FOUND 0xFF00FF in region (searched 15 ms)
2026-07-19 23:42:03 [02-find-color-region] Search started: color=0xFF00FF tol=5 block=21x21 region=734,511 -> 894,600
2026-07-19 23:42:03 [02-find-color-region] FindFilledBlock: not found (21x21 0xFF00FF tol=5, 0 ms)
2026-07-19 23:42:03 [02-find-color-region] NOT FOUND 0xFF00FF in region (searched 0 ms)
2026-07-19 23:42:04 [02-find-color-region] Search started: color=0xFF00FF tol=5 block=21x21 region=734,511 -> 894,600
2026-07-19 23:42:04 [02-find-color-region] FindFilledBlock: not found (21x21 0xFF00FF tol=5, 16 ms)
2026-07-19 23:42:04 [02-find-color-region] NOT FOUND 0xFF00FF in region (searched 16 ms)
2026-07-19 23:42:05 [02-find-color-region] Search started: color=0xFF00FF tol=5 block=21x21 region=734,511 -> 894,600
2026-07-19 23:42:05 [02-find-color-region] FindFilledBlock: not found (21x21 0xFF00FF tol=5, 0 ms)
2026-07-19 23:42:05 [02-find-color-region] NOT FOUND 0xFF00FF in region (searched 0 ms)
2026-07-19 23:42:07 [02-find-color-region] Search started: color=0xFF00FF tol=5 block=21x21 region=734,511 -> 894,600
2026-07-19 23:42:07 [02-find-color-region] FindFilledBlock: not found (21x21 0xFF00FF tol=5, 0 ms)
2026-07-19 23:42:07 [02-find-color-region] NOT FOUND 0xFF00FF in region (searched 16 ms)
2026-07-19 23:42:08 [02-find-color-region] Search started: color=0xFF00FF tol=5 block=21x21 region=734,511 -> 894,600
2026-07-19 23:42:08 [02-find-color-region] FindFilledBlock: not found (21x21 0xFF00FF tol=5, 0 ms)
2026-07-19 23:42:08 [02-find-color-region] NOT FOUND 0xFF00FF in region (searched 0 ms)
2026-07-19 23:42:10 [02-find-color-region] Search started: color=0xFF00FF tol=5 block=21x21 region=734,511 -> 894,600
2026-07-19 23:42:10 [02-find-color-region] FindFilledBlock: found at 777,521 (21x21 0xFF00FF tol=5, 0 ms)
2026-07-19 23:42:10 [02-find-color-region] FOUND 0xFF00FF at 777,521 in 0 ms (inside region - correct)
2026-07-19 23:42:11 [02-find-color-region] Search started: color=0xFF00FF tol=5 block=21x21 region=734,511 -> 894,600
2026-07-19 23:42:11 [02-find-color-region] FindFilledBlock: found at 793,541 (21x21 0xFF00FF tol=5, 0 ms)
2026-07-19 23:42:11 [02-find-color-region] FOUND 0xFF00FF at 793,541 in 0 ms (inside region - correct)
2026-07-19 23:42:12 [02-find-color-region] Search started: color=0xFF00FF tol=5 block=21x21 region=734,511 -> 894,600
2026-07-19 23:42:12 [02-find-color-region] FindFilledBlock: found at 795,541 (21x21 0xFF00FF tol=5, 0 ms)
2026-07-19 23:42:12 [02-find-color-region] FOUND 0xFF00FF at 795,541 in 0 ms (inside region - correct)
2026-07-19 23:42:12 [02-find-color-region] Search started: color=0xFF00FF tol=5 block=21x21 region=734,511 -> 894,600
2026-07-19 23:42:12 [02-find-color-region] FindFilledBlock: found at 795,541 (21x21 0xFF00FF tol=5, 0 ms)
2026-07-19 23:42:12 [02-find-color-region] FOUND 0xFF00FF at 795,541 in 16 ms (inside region - correct)
2026-07-19 23:42:13 [02-find-color-region] Esc pressed - exiting
2026-07-19 23:42:20 [02-find-color-region] Script loaded. F5=search  F6=clear tooltip  Esc=exit. Target=0xFF00FF Region=734,511 -> 894,600
2026-07-19 23:42:20 [02-find-color-region] Search started: color=0xFF00FF tol=5 block=21x21 region=734,511 -> 894,600
2026-07-19 23:42:20 [02-find-color-region] FindFilledBlock: found at 795,541 (21x21 0xFF00FF tol=5, 0 ms)
2026-07-19 23:42:20 [02-find-color-region] FOUND 0xFF00FF at 795,541 in 0 ms (inside region - correct)
2026-07-19 23:42:21 [02-find-color-region] Search started: color=0xFF00FF tol=5 block=21x21 region=734,511 -> 894,600
2026-07-19 23:42:21 [02-find-color-region] FindFilledBlock: found at 795,541 (21x21 0xFF00FF tol=5, 16 ms)
2026-07-19 23:42:21 [02-find-color-region] FOUND 0xFF00FF at 795,541 in 16 ms (inside region - correct)
2026-07-19 23:42:21 [02-find-color-region] Search started: color=0xFF00FF tol=5 block=21x21 region=734,511 -> 894,600
2026-07-19 23:42:21 [02-find-color-region] FindFilledBlock: found at 795,541 (21x21 0xFF00FF tol=5, 16 ms)
2026-07-19 23:42:21 [02-find-color-region] FOUND 0xFF00FF at 795,541 in 16 ms (inside region - correct)
2026-07-19 23:42:21 [02-find-color-region] Search started: color=0xFF00FF tol=5 block=21x21 region=734,511 -> 894,600
2026-07-19 23:42:21 [02-find-color-region] FindFilledBlock: found at 795,541 (21x21 0xFF00FF tol=5, 15 ms)
2026-07-19 23:42:21 [02-find-color-region] FOUND 0xFF00FF at 795,541 in 15 ms (inside region - correct)
2026-07-19 23:42:21 [02-find-color-region] Search started: color=0xFF00FF tol=5 block=21x21 region=734,511 -> 894,600
2026-07-19 23:42:21 [02-find-color-region] FindFilledBlock: found at 795,541 (21x21 0xFF00FF tol=5, 15 ms)
2026-07-19 23:42:21 [02-find-color-region] FOUND 0xFF00FF at 795,541 in 15 ms (inside region - correct)
2026-07-19 23:42:21 [02-find-color-region] Search started: color=0xFF00FF tol=5 block=21x21 region=734,511 -> 894,600
2026-07-19 23:42:21 [02-find-color-region] FindFilledBlock: found at 795,541 (21x21 0xFF00FF tol=5, 16 ms)
2026-07-19 23:42:21 [02-find-color-region] FOUND 0xFF00FF at 795,541 in 16 ms (inside region - correct)
2026-07-19 23:42:21 [02-find-color-region] Search started: color=0xFF00FF tol=5 block=21x21 region=734,511 -> 894,600
2026-07-19 23:42:21 [02-find-color-region] FindFilledBlock: found at 795,541 (21x21 0xFF00FF tol=5, 16 ms)
2026-07-19 23:42:21 [02-find-color-region] FOUND 0xFF00FF at 795,541 in 16 ms (inside region - correct)
2026-07-19 23:42:21 [02-find-color-region] Search started: color=0xFF00FF tol=5 block=21x21 region=734,511 -> 894,600
2026-07-19 23:42:21 [02-find-color-region] FindFilledBlock: found at 795,541 (21x21 0xFF00FF tol=5, 15 ms)
2026-07-19 23:42:21 [02-find-color-region] FOUND 0xFF00FF at 795,541 in 15 ms (inside region - correct)
2026-07-19 23:42:21 [02-find-color-region] Search started: color=0xFF00FF tol=5 block=21x21 region=734,511 -> 894,600
2026-07-19 23:42:21 [02-find-color-region] FindFilledBlock: found at 795,541 (21x21 0xFF00FF tol=5, 15 ms)
2026-07-19 23:42:21 [02-find-color-region] FOUND 0xFF00FF at 795,541 in 15 ms (inside region - correct)
2026-07-19 23:42:21 [02-find-color-region] Search started: color=0xFF00FF tol=5 block=21x21 region=734,511 -> 894,600
2026-07-19 23:42:21 [02-find-color-region] FindFilledBlock: found at 795,541 (21x21 0xFF00FF tol=5, 15 ms)
2026-07-19 23:42:21 [02-find-color-region] FOUND 0xFF00FF at 795,541 in 15 ms (inside region - correct)
2026-07-19 23:42:21 [02-find-color-region] Search started: color=0xFF00FF tol=5 block=21x21 region=734,511 -> 894,600
2026-07-19 23:42:21 [02-find-color-region] FindFilledBlock: found at 795,541 (21x21 0xFF00FF tol=5, 16 ms)
2026-07-19 23:42:21 [02-find-color-region] FOUND 0xFF00FF at 795,541 in 16 ms (inside region - correct)
2026-07-19 23:42:21 [02-find-color-region] Search started: color=0xFF00FF tol=5 block=21x21 region=734,511 -> 894,600
2026-07-19 23:42:21 [02-find-color-region] FindFilledBlock: found at 795,541 (21x21 0xFF00FF tol=5, 16 ms)
2026-07-19 23:42:21 [02-find-color-region] FOUND 0xFF00FF at 795,541 in 16 ms (inside region - correct)
2026-07-19 23:42:21 [02-find-color-region] Search started: color=0xFF00FF tol=5 block=21x21 region=734,511 -> 894,600
2026-07-19 23:42:21 [02-find-color-region] FindFilledBlock: found at 795,541 (21x21 0xFF00FF tol=5, 16 ms)
2026-07-19 23:42:21 [02-find-color-region] FOUND 0xFF00FF at 795,541 in 16 ms (inside region - correct)
2026-07-19 23:42:21 [02-find-color-region] Search started: color=0xFF00FF tol=5 block=21x21 region=734,511 -> 894,600
2026-07-19 23:42:21 [02-find-color-region] FindFilledBlock: found at 795,541 (21x21 0xFF00FF tol=5, 15 ms)
2026-07-19 23:42:21 [02-find-color-region] FOUND 0xFF00FF at 795,541 in 15 ms (inside region - correct)
2026-07-19 23:42:21 [02-find-color-region] Search started: color=0xFF00FF tol=5 block=21x21 region=734,511 -> 894,600
2026-07-19 23:42:21 [02-find-color-region] FindFilledBlock: found at 795,541 (21x21 0xFF00FF tol=5, 0 ms)
2026-07-19 23:42:21 [02-find-color-region] FOUND 0xFF00FF at 795,541 in 0 ms (inside region - correct)
2026-07-19 23:42:21 [02-find-color-region] Search started: color=0xFF00FF tol=5 block=21x21 region=734,511 -> 894,600
2026-07-19 23:42:21 [02-find-color-region] FindFilledBlock: found at 795,541 (21x21 0xFF00FF tol=5, 0 ms)
2026-07-19 23:42:21 [02-find-color-region] FOUND 0xFF00FF at 795,541 in 0 ms (inside region - correct)
2026-07-19 23:42:21 [02-find-color-region] Search started: color=0xFF00FF tol=5 block=21x21 region=734,511 -> 894,600
2026-07-19 23:42:21 [02-find-color-region] FindFilledBlock: found at 795,541 (21x21 0xFF00FF tol=5, 0 ms)
2026-07-19 23:42:21 [02-find-color-region] FOUND 0xFF00FF at 795,541 in 0 ms (inside region - correct)
2026-07-19 23:42:22 [02-find-color-region] Search started: color=0xFF00FF tol=5 block=21x21 region=734,511 -> 894,600
2026-07-19 23:42:22 [02-find-color-region] FindFilledBlock: found at 795,541 (21x21 0xFF00FF tol=5, 0 ms)
2026-07-19 23:42:22 [02-find-color-region] FOUND 0xFF00FF at 795,541 in 0 ms (inside region - correct)
2026-07-19 23:42:22 [02-find-color-region] Search started: color=0xFF00FF tol=5 block=21x21 region=734,511 -> 894,600
2026-07-19 23:42:22 [02-find-color-region] FindFilledBlock: found at 795,541 (21x21 0xFF00FF tol=5, 0 ms)
2026-07-19 23:42:22 [02-find-color-region] FOUND 0xFF00FF at 795,541 in 0 ms (inside region - correct)
2026-07-19 23:42:22 [02-find-color-region] Search started: color=0xFF00FF tol=5 block=21x21 region=734,511 -> 894,600
2026-07-19 23:42:22 [02-find-color-region] FindFilledBlock: found at 795,541 (21x21 0xFF00FF tol=5, 0 ms)
2026-07-19 23:42:22 [02-find-color-region] FOUND 0xFF00FF at 795,541 in 0 ms (inside region - correct)
2026-07-19 23:42:22 [02-find-color-region] Search started: color=0xFF00FF tol=5 block=21x21 region=734,511 -> 894,600
2026-07-19 23:42:22 [02-find-color-region] FindFilledBlock: found at 795,541 (21x21 0xFF00FF tol=5, 0 ms)
2026-07-19 23:42:22 [02-find-color-region] FOUND 0xFF00FF at 795,541 in 0 ms (inside region - correct)
2026-07-19 23:42:22 [02-find-color-region] Search started: color=0xFF00FF tol=5 block=21x21 region=734,511 -> 894,600
2026-07-19 23:42:22 [02-find-color-region] FindFilledBlock: found at 795,541 (21x21 0xFF00FF tol=5, 0 ms)
2026-07-19 23:42:22 [02-find-color-region] FOUND 0xFF00FF at 795,541 in 0 ms (inside region - correct)
2026-07-19 23:42:22 [02-find-color-region] Search started: color=0xFF00FF tol=5 block=21x21 region=734,511 -> 894,600
2026-07-19 23:42:22 [02-find-color-region] FindFilledBlock: found at 795,541 (21x21 0xFF00FF tol=5, 0 ms)
2026-07-19 23:42:22 [02-find-color-region] FOUND 0xFF00FF at 795,541 in 0 ms (inside region - correct)
2026-07-19 23:42:22 [02-find-color-region] Search started: color=0xFF00FF tol=5 block=21x21 region=734,511 -> 894,600
2026-07-19 23:42:22 [02-find-color-region] FindFilledBlock: found at 795,541 (21x21 0xFF00FF tol=5, 0 ms)
2026-07-19 23:42:22 [02-find-color-region] FOUND 0xFF00FF at 795,541 in 0 ms (inside region - correct)
2026-07-19 23:42:22 [02-find-color-region] Search started: color=0xFF00FF tol=5 block=21x21 region=734,511 -> 894,600
2026-07-19 23:42:22 [02-find-color-region] FindFilledBlock: found at 795,541 (21x21 0xFF00FF tol=5, 0 ms)
2026-07-19 23:42:22 [02-find-color-region] FOUND 0xFF00FF at 795,541 in 0 ms (inside region - correct)
2026-07-19 23:42:22 [02-find-color-region] Search started: color=0xFF00FF tol=5 block=21x21 region=734,511 -> 894,600
2026-07-19 23:42:22 [02-find-color-region] FindFilledBlock: found at 795,541 (21x21 0xFF00FF tol=5, 0 ms)
2026-07-19 23:42:22 [02-find-color-region] FOUND 0xFF00FF at 795,541 in 0 ms (inside region - correct)
2026-07-19 23:42:22 [02-find-color-region] Search started: color=0xFF00FF tol=5 block=21x21 region=734,511 -> 894,600
2026-07-19 23:42:22 [02-find-color-region] FindFilledBlock: found at 795,541 (21x21 0xFF00FF tol=5, 0 ms)
2026-07-19 23:42:22 [02-find-color-region] FOUND 0xFF00FF at 795,541 in 0 ms (inside region - correct)
2026-07-19 23:42:22 [02-find-color-region] Search started: color=0xFF00FF tol=5 block=21x21 region=734,511 -> 894,600
2026-07-19 23:42:22 [02-find-color-region] FindFilledBlock: found at 795,541 (21x21 0xFF00FF tol=5, 0 ms)
2026-07-19 23:42:22 [02-find-color-region] FOUND 0xFF00FF at 795,541 in 0 ms (inside region - correct)
2026-07-19 23:42:22 [02-find-color-region] Search started: color=0xFF00FF tol=5 block=21x21 region=734,511 -> 894,600
2026-07-19 23:42:22 [02-find-color-region] FindFilledBlock: found at 795,541 (21x21 0xFF00FF tol=5, 0 ms)
2026-07-19 23:42:22 [02-find-color-region] FOUND 0xFF00FF at 795,541 in 0 ms (inside region - correct)
2026-07-19 23:42:22 [02-find-color-region] Search started: color=0xFF00FF tol=5 block=21x21 region=734,511 -> 894,600
2026-07-19 23:42:22 [02-find-color-region] FindFilledBlock: found at 795,541 (21x21 0xFF00FF tol=5, 0 ms)
2026-07-19 23:42:22 [02-find-color-region] FOUND 0xFF00FF at 795,541 in 0 ms (inside region - correct)
2026-07-19 23:42:22 [02-find-color-region] Search started: color=0xFF00FF tol=5 block=21x21 region=734,511 -> 894,600
2026-07-19 23:42:22 [02-find-color-region] FindFilledBlock: found at 795,541 (21x21 0xFF00FF tol=5, 0 ms)
2026-07-19 23:42:22 [02-find-color-region] FOUND 0xFF00FF at 795,541 in 0 ms (inside region - correct)
2026-07-19 23:42:22 [02-find-color-region] Search started: color=0xFF00FF tol=5 block=21x21 region=734,511 -> 894,600
2026-07-19 23:42:22 [02-find-color-region] FindFilledBlock: found at 795,541 (21x21 0xFF00FF tol=5, 0 ms)
2026-07-19 23:42:22 [02-find-color-region] FOUND 0xFF00FF at 795,541 in 0 ms (inside region - correct)
2026-07-19 23:42:22 [02-find-color-region] Search started: color=0xFF00FF tol=5 block=21x21 region=734,511 -> 894,600
2026-07-19 23:42:22 [02-find-color-region] FindFilledBlock: found at 795,541 (21x21 0xFF00FF tol=5, 0 ms)
2026-07-19 23:42:22 [02-find-color-region] FOUND 0xFF00FF at 795,541 in 0 ms (inside region - correct)
2026-07-19 23:42:22 [02-find-color-region] Search started: color=0xFF00FF tol=5 block=21x21 region=734,511 -> 894,600
2026-07-19 23:42:22 [02-find-color-region] FindFilledBlock: found at 795,541 (21x21 0xFF00FF tol=5, 0 ms)
2026-07-19 23:42:22 [02-find-color-region] FOUND 0xFF00FF at 795,541 in 0 ms (inside region - correct)
2026-07-19 23:42:22 [02-find-color-region] Search started: color=0xFF00FF tol=5 block=21x21 region=734,511 -> 894,600
2026-07-19 23:42:22 [02-find-color-region] FindFilledBlock: found at 795,541 (21x21 0xFF00FF tol=5, 0 ms)
2026-07-19 23:42:22 [02-find-color-region] FOUND 0xFF00FF at 795,541 in 0 ms (inside region - correct)
2026-07-19 23:42:22 [02-find-color-region] Search started: color=0xFF00FF tol=5 block=21x21 region=734,511 -> 894,600
2026-07-19 23:42:22 [02-find-color-region] FindFilledBlock: found at 795,541 (21x21 0xFF00FF tol=5, 0 ms)
2026-07-19 23:42:22 [02-find-color-region] FOUND 0xFF00FF at 795,541 in 0 ms (inside region - correct)
2026-07-19 23:42:22 [02-find-color-region] Search started: color=0xFF00FF tol=5 block=21x21 region=734,511 -> 894,600
2026-07-19 23:42:22 [02-find-color-region] FindFilledBlock: found at 795,541 (21x21 0xFF00FF tol=5, 0 ms)
2026-07-19 23:42:22 [02-find-color-region] FOUND 0xFF00FF at 795,541 in 0 ms (inside region - correct)
2026-07-19 23:42:22 [02-find-color-region] Search started: color=0xFF00FF tol=5 block=21x21 region=734,511 -> 894,600
2026-07-19 23:42:22 [02-find-color-region] FindFilledBlock: found at 795,541 (21x21 0xFF00FF tol=5, 0 ms)
2026-07-19 23:42:22 [02-find-color-region] FOUND 0xFF00FF at 795,541 in 0 ms (inside region - correct)
2026-07-19 23:42:22 [02-find-color-region] Search started: color=0xFF00FF tol=5 block=21x21 region=734,511 -> 894,600
2026-07-19 23:42:22 [02-find-color-region] FindFilledBlock: found at 795,541 (21x21 0xFF00FF tol=5, 0 ms)
2026-07-19 23:42:22 [02-find-color-region] FOUND 0xFF00FF at 795,541 in 0 ms (inside region - correct)
2026-07-19 23:42:22 [02-find-color-region] Search started: color=0xFF00FF tol=5 block=21x21 region=734,511 -> 894,600
2026-07-19 23:42:22 [02-find-color-region] FindFilledBlock: found at 795,541 (21x21 0xFF00FF tol=5, 0 ms)
2026-07-19 23:42:22 [02-find-color-region] FOUND 0xFF00FF at 795,541 in 0 ms (inside region - correct)
2026-07-19 23:42:22 [02-find-color-region] Search started: color=0xFF00FF tol=5 block=21x21 region=734,511 -> 894,600
2026-07-19 23:42:22 [02-find-color-region] FindFilledBlock: found at 795,541 (21x21 0xFF00FF tol=5, 0 ms)
2026-07-19 23:42:22 [02-find-color-region] FOUND 0xFF00FF at 795,541 in 16 ms (inside region - correct)
2026-07-19 23:42:22 [02-find-color-region] Search started: color=0xFF00FF tol=5 block=21x21 region=734,511 -> 894,600
2026-07-19 23:42:22 [02-find-color-region] FindFilledBlock: found at 795,541 (21x21 0xFF00FF tol=5, 0 ms)
2026-07-19 23:42:22 [02-find-color-region] FOUND 0xFF00FF at 795,541 in 0 ms (inside region - correct)
2026-07-19 23:42:22 [02-find-color-region] Search started: color=0xFF00FF tol=5 block=21x21 region=734,511 -> 894,600
2026-07-19 23:42:22 [02-find-color-region] FindFilledBlock: found at 795,541 (21x21 0xFF00FF tol=5, 0 ms)
2026-07-19 23:42:22 [02-find-color-region] FOUND 0xFF00FF at 795,541 in 16 ms (inside region - correct)
2026-07-19 23:42:23 [02-find-color-region] F6 pressed - tooltip cleared
2026-07-19 23:42:24 [02-find-color-region] F6 pressed - tooltip cleared
