2026-07-19 16:36:03 [03-dynamic-region] Script loaded. F5=search (small->expanded->whole)  F6=clear tooltip  Esc=exit. Target=0xFF00FF
2026-07-19 16:36:05 [03-dynamic-region] Stage 1 (small): region=734,511 -> 894,600
2026-07-19 16:36:05 [03-dynamic-region] FindFilledBlock: found at 791,545 (21x21 0xFF00FF tol=5, 0 ms)
2026-07-19 16:36:05 [03-dynamic-region] FOUND via SMALL at 791,545 (16 ms total)
2026-07-19 16:36:10 [03-dynamic-region] Stage 1 (small): region=734,511 -> 894,600
2026-07-19 16:36:10 [03-dynamic-region] FindFilledBlock: not found (21x21 0xFF00FF tol=5, 0 ms)
2026-07-19 16:36:10 [03-dynamic-region] Stage 1 (small): not found (searched 16 ms)
2026-07-19 16:36:10 [03-dynamic-region] Stage 2 (expanded): region=400,300 -> 1400,900
2026-07-19 16:36:10 [03-dynamic-region] FindFilledBlock: found at 547,543 (21x21 0xFF00FF tol=5, 31 ms)
2026-07-19 16:36:10 [03-dynamic-region] FOUND via EXPANDED at 547,543 (47 ms total)
2026-07-19 16:36:13 [03-dynamic-region] Stage 1 (small): region=734,511 -> 894,600
2026-07-19 16:36:13 [03-dynamic-region] FindFilledBlock: not found (21x21 0xFF00FF tol=5, 0 ms)
2026-07-19 16:36:13 [03-dynamic-region] Stage 1 (small): not found (searched 0 ms)
2026-07-19 16:36:13 [03-dynamic-region] Stage 2 (expanded): region=400,300 -> 1400,900
2026-07-19 16:36:13 [03-dynamic-region] FindFilledBlock: found at 589,399 (21x21 0xFF00FF tol=5, 16 ms)
2026-07-19 16:36:13 [03-dynamic-region] FOUND via EXPANDED at 589,399 (31 ms total)
2026-07-19 16:36:16 [03-dynamic-region] Stage 1 (small): region=734,511 -> 894,600
2026-07-19 16:36:16 [03-dynamic-region] FindFilledBlock: not found (21x21 0xFF00FF tol=5, 16 ms)
2026-07-19 16:36:16 [03-dynamic-region] Stage 1 (small): not found (searched 16 ms)
2026-07-19 16:36:16 [03-dynamic-region] Stage 2 (expanded): region=400,300 -> 1400,900
2026-07-19 16:36:16 [03-dynamic-region] FindFilledBlock: not found (21x21 0xFF00FF tol=5, 16 ms)
2026-07-19 16:36:16 [03-dynamic-region] Stage 2 (expanded): not found (searched 16 ms)
2026-07-19 16:36:16 [03-dynamic-region] Stage 3 (whole screen): region=0,0 -> 2559,1439
2026-07-19 16:36:16 [03-dynamic-region] FindFilledBlock: found at 425,231 (21x21 0xFF00FF tol=5, 78 ms)
2026-07-19 16:36:16 [03-dynamic-region] FOUND via WHOLE SCREEN at 425,231 (141 ms total)
2026-07-19 16:36:17 [03-dynamic-region] Stage 1 (small): region=734,511 -> 894,600
2026-07-19 16:36:17 [03-dynamic-region] FindFilledBlock: not found (21x21 0xFF00FF tol=5, 16 ms)
2026-07-19 16:36:17 [03-dynamic-region] Stage 1 (small): not found (searched 16 ms)
2026-07-19 16:36:17 [03-dynamic-region] Stage 2 (expanded): region=400,300 -> 1400,900
2026-07-19 16:36:17 [03-dynamic-region] FindFilledBlock: not found (21x21 0xFF00FF tol=5, 16 ms)
2026-07-19 16:36:17 [03-dynamic-region] Stage 2 (expanded): not found (searched 32 ms)
2026-07-19 16:36:17 [03-dynamic-region] Stage 3 (whole screen): region=0,0 -> 2559,1439
2026-07-19 16:36:17 [03-dynamic-region] FindFilledBlock: found at 425,231 (21x21 0xFF00FF tol=5, 63 ms)
2026-07-19 16:36:17 [03-dynamic-region] FOUND via WHOLE SCREEN at 425,231 (141 ms total)
2026-07-19 16:36:23 [03-dynamic-region] Stage 1 (small): region=734,511 -> 894,600
2026-07-19 16:36:23 [03-dynamic-region] FindFilledBlock: not found (21x21 0xFF00FF tol=5, 0 ms)
2026-07-19 16:36:23 [03-dynamic-region] Stage 1 (small): not found (searched 16 ms)
2026-07-19 16:36:23 [03-dynamic-region] Stage 2 (expanded): region=400,300 -> 1400,900
2026-07-19 16:36:23 [03-dynamic-region] FindFilledBlock: found at 541,539 (21x21 0xFF00FF tol=5, 16 ms)
2026-07-19 16:36:23 [03-dynamic-region] FOUND via EXPANDED at 541,539 (47 ms total)
