2026-07-19 00:19:11 [06-find-image] Script loaded. F5=search  F6=clear tooltip  Esc=exit. Image=C:\Users\link\Documents\GitHub\osrs-automation\v6\micro\..\..\Images\deposit-default.png
2026-07-19 00:19:12 [06-find-image] Search started: image=C:\Users\link\Documents\GitHub\osrs-automation\v6\micro\..\..\Images\deposit-default.png tol=20 size=72x72 region=0,0 -> 2559,1439
2026-07-19 00:19:13 [06-find-image] NOT FOUND (searched 172 ms)
2026-07-19 00:19:15 [06-find-image] Search started: image=C:\Users\link\Documents\GitHub\osrs-automation\v6\micro\..\..\Images\deposit-default.png tol=20 size=72x72 region=0,0 -> 2559,1439
2026-07-19 00:19:15 [06-find-image] NOT FOUND (searched 172 ms)
2026-07-19 00:19:16 [06-find-image] Search started: image=C:\Users\link\Documents\GitHub\osrs-automation\v6\micro\..\..\Images\deposit-default.png tol=20 size=72x72 region=0,0 -> 2559,1439
2026-07-19 00:19:16 [06-find-image] NOT FOUND (searched 172 ms)
2026-07-19 00:19:17 [06-find-image] Search started: image=C:\Users\link\Documents\GitHub\osrs-automation\v6\micro\..\..\Images\deposit-default.png tol=20 size=72x72 region=0,0 -> 2559,1439
2026-07-19 00:19:17 [06-find-image] NOT FOUND (searched 172 ms)
2026-07-19 00:19:26 [06-find-image] Search started: image=C:\Users\link\Documents\GitHub\osrs-automation\v6\micro\..\..\Images\deposit-default.png tol=20 size=72x72 region=0,0 -> 2559,1439
2026-07-19 00:19:26 [06-find-image] NOT FOUND (searched 172 ms)
2026-07-19 00:19:26 [06-find-image] Search started: image=C:\Users\link\Documents\GitHub\osrs-automation\v6\micro\..\..\Images\deposit-default.png tol=20 size=72x72 region=0,0 -> 2559,1439
2026-07-19 00:19:26 [06-find-image] NOT FOUND (searched 157 ms)
2026-07-19 00:19:26 [06-find-image] Search started: image=C:\Users\link\Documents\GitHub\osrs-automation\v6\micro\..\..\Images\deposit-default.png tol=20 size=72x72 region=0,0 -> 2559,1439
2026-07-19 00:19:27 [06-find-image] NOT FOUND (searched 156 ms)
2026-07-19 00:19:27 [06-find-image] Search started: image=C:\Users\link\Documents\GitHub\osrs-automation\v6\micro\..\..\Images\deposit-default.png tol=20 size=72x72 region=0,0 -> 2559,1439
2026-07-19 00:19:27 [06-find-image] NOT FOUND (searched 172 ms)
2026-07-19 00:19:27 [06-find-image] Search started: image=C:\Users\link\Documents\GitHub\osrs-automation\v6\micro\..\..\Images\deposit-default.png tol=20 size=72x72 region=0,0 -> 2559,1439
2026-07-19 00:19:27 [06-find-image] NOT FOUND (searched 156 ms)
2026-07-19 00:19:27 [06-find-image] Search started: image=C:\Users\link\Documents\GitHub\osrs-automation\v6\micro\..\..\Images\deposit-default.png tol=20 size=72x72 region=0,0 -> 2559,1439
2026-07-19 00:19:27 [06-find-image] NOT FOUND (searched 156 ms)
2026-07-19 00:19:27 [06-find-image] Search started: image=C:\Users\link\Documents\GitHub\osrs-automation\v6\micro\..\..\Images\deposit-default.png tol=20 size=72x72 region=0,0 -> 2559,1439
2026-07-19 00:19:28 [06-find-image] NOT FOUND (searched 157 ms)
2026-07-19 00:19:28 [06-find-image] Search started: image=C:\Users\link\Documents\GitHub\osrs-automation\v6\micro\..\..\Images\deposit-default.png tol=20 size=72x72 region=0,0 -> 2559,1439
2026-07-19 00:19:28 [06-find-image] NOT FOUND (searched 156 ms)
2026-07-19 00:19:28 [06-find-image] Search started: image=C:\Users\link\Documents\GitHub\osrs-automation\v6\micro\..\..\Images\deposit-default.png tol=20 size=72x72 region=0,0 -> 2559,1439
2026-07-19 00:19:28 [06-find-image] NOT FOUND (searched 156 ms)
2026-07-19 00:19:28 [06-find-image] Search started: image=C:\Users\link\Documents\GitHub\osrs-automation\v6\micro\..\..\Images\deposit-default.png tol=20 size=72x72 region=0,0 -> 2559,1439
2026-07-19 00:19:28 [06-find-image] NOT FOUND (searched 172 ms)
2026-07-19 00:19:31 [06-find-image] Script loaded. F5=search  F6=clear tooltip  Esc=exit. Image=C:\Users\link\Documents\GitHub\osrs-automation\v6\micro\..\..\Images\deposit-default.png
2026-07-19 00:19:31 [06-find-image] Search started: image=C:\Users\link\Documents\GitHub\osrs-automation\v6\micro\..\..\Images\deposit-default.png tol=20 size=72x72 region=0,0 -> 2559,1439
2026-07-19 00:19:31 [06-find-image] NOT FOUND (searched 172 ms)
2026-07-19 00:19:32 [06-find-image] Search started: image=C:\Users\link\Documents\GitHub\osrs-automation\v6\micro\..\..\Images\deposit-default.png tol=20 size=72x72 region=0,0 -> 2559,1439
2026-07-19 00:19:32 [06-find-image] NOT FOUND (searched 156 ms)
2026-07-19 00:19:32 [06-find-image] Search started: image=C:\Users\link\Documents\GitHub\osrs-automation\v6\micro\..\..\Images\deposit-default.png tol=20 size=72x72 region=0,0 -> 2559,1439
2026-07-19 00:19:32 [06-find-image] NOT FOUND (searched 157 ms)
2026-07-19 00:19:32 [06-find-image] Search started: image=C:\Users\link\Documents\GitHub\osrs-automation\v6\micro\..\..\Images\deposit-default.png tol=20 size=72x72 region=0,0 -> 2559,1439
2026-07-19 00:19:32 [06-find-image] NOT FOUND (searched 156 ms)
2026-07-19 00:19:32 [06-find-image] Search started: image=C:\Users\link\Documents\GitHub\osrs-automation\v6\micro\..\..\Images\deposit-default.png tol=20 size=72x72 region=0,0 -> 2559,1439
2026-07-19 00:19:32 [06-find-image] NOT FOUND (searched 156 ms)
2026-07-19 00:19:32 [06-find-image] Search started: image=C:\Users\link\Documents\GitHub\osrs-automation\v6\micro\..\..\Images\deposit-default.png tol=20 size=72x72 region=0,0 -> 2559,1439
2026-07-19 00:19:33 [06-find-image] NOT FOUND (searched 156 ms)
2026-07-19 00:19:33 [06-find-image] Search started: image=C:\Users\link\Documents\GitHub\osrs-automation\v6\micro\..\..\Images\deposit-default.png tol=20 size=72x72 region=0,0 -> 2559,1439
2026-07-19 00:19:33 [06-find-image] NOT FOUND (searched 156 ms)
2026-07-19 00:19:33 [06-find-image] Search started: image=C:\Users\link\Documents\GitHub\osrs-automation\v6\micro\..\..\Images\deposit-default.png tol=20 size=72x72 region=0,0 -> 2559,1439
2026-07-19 00:19:33 [06-find-image] NOT FOUND (searched 156 ms)
2026-07-19 00:19:33 [06-find-image] Search started: image=C:\Users\link\Documents\GitHub\osrs-automation\v6\micro\..\..\Images\deposit-default.png tol=20 size=72x72 region=0,0 -> 2559,1439
2026-07-19 00:19:33 [06-find-image] NOT FOUND (searched 156 ms)
2026-07-19 00:19:33 [06-find-image] Search started: image=C:\Users\link\Documents\GitHub\osrs-automation\v6\micro\..\..\Images\deposit-default.png tol=20 size=72x72 region=0,0 -> 2559,1439
2026-07-19 00:19:33 [06-find-image] NOT FOUND (searched 156 ms)
2026-07-19 00:19:33 [06-find-image] Search started: image=C:\Users\link\Documents\GitHub\osrs-automation\v6\micro\..\..\Images\deposit-default.png tol=20 size=72x72 region=0,0 -> 2559,1439
2026-07-19 00:19:34 [06-find-image] NOT FOUND (searched 157 ms)
2026-07-19 00:19:34 [06-find-image] Search started: image=C:\Users\link\Documents\GitHub\osrs-automation\v6\micro\..\..\Images\deposit-default.png tol=20 size=72x72 region=0,0 -> 2559,1439
2026-07-19 00:19:34 [06-find-image] NOT FOUND (searched 157 ms)
2026-07-19 00:19:34 [06-find-image] Search started: image=C:\Users\link\Documents\GitHub\osrs-automation\v6\micro\..\..\Images\deposit-default.png tol=20 size=72x72 region=0,0 -> 2559,1439
2026-07-19 00:19:34 [06-find-image] NOT FOUND (searched 140 ms)
2026-07-19 00:19:34 [06-find-image] Search started: image=C:\Users\link\Documents\GitHub\osrs-automation\v6\micro\..\..\Images\deposit-default.png tol=20 size=72x72 region=0,0 -> 2559,1439
2026-07-19 00:19:34 [06-find-image] NOT FOUND (searched 172 ms)
2026-07-19 00:19:34 [06-find-image] Search started: image=C:\Users\link\Documents\GitHub\osrs-automation\v6\micro\..\..\Images\deposit-default.png tol=20 size=72x72 region=0,0 -> 2559,1439
2026-07-19 00:19:34 [06-find-image] NOT FOUND (searched 156 ms)
2026-07-19 00:19:34 [06-find-image] Search started: image=C:\Users\link\Documents\GitHub\osrs-automation\v6\micro\..\..\Images\deposit-default.png tol=20 size=72x72 region=0,0 -> 2559,1439
2026-07-19 00:19:34 [06-find-image] NOT FOUND (searched 157 ms)
2026-07-19 00:19:34 [06-find-image] Search started: image=C:\Users\link\Documents\GitHub\osrs-automation\v6\micro\..\..\Images\deposit-default.png tol=20 size=72x72 region=0,0 -> 2559,1439
2026-07-19 00:19:35 [06-find-image] NOT FOUND (searched 156 ms)
2026-07-19 00:19:35 [06-find-image] Search started: image=C:\Users\link\Documents\GitHub\osrs-automation\v6\micro\..\..\Images\deposit-default.png tol=20 size=72x72 region=0,0 -> 2559,1439
2026-07-19 00:19:35 [06-find-image] NOT FOUND (searched 172 ms)
2026-07-19 00:19:35 [06-find-image] Search started: image=C:\Users\link\Documents\GitHub\osrs-automation\v6\micro\..\..\Images\deposit-default.png tol=20 size=72x72 region=0,0 -> 2559,1439
2026-07-19 00:19:35 [06-find-image] NOT FOUND (searched 157 ms)
2026-07-19 00:19:37 [06-find-image] Script loaded. F5=search  F6=clear tooltip  Esc=exit. Image=C:\Users\link\Documents\GitHub\osrs-automation\v6\micro\..\..\Images\deposit-default.png
2026-07-19 00:19:54 [06-find-image] Script loaded. F5=search  F6=clear tooltip  Esc=exit. Image=C:\Users\link\Documents\GitHub\osrs-automation\v6\micro\..\..\Images\deposit-default.png
2026-07-19 00:19:54 [06-find-image] Search started: image=C:\Users\link\Documents\GitHub\osrs-automation\v6\micro\..\..\Images\deposit-default.png tol=20 size=72x72 region=0,0 -> 2559,1439
2026-07-19 00:19:54 [06-find-image] NOT FOUND (searched 156 ms)
2026-07-19 00:19:55 [06-find-image] Search started: image=C:\Users\link\Documents\GitHub\osrs-automation\v6\micro\..\..\Images\deposit-default.png tol=20 size=72x72 region=0,0 -> 2559,1439
2026-07-19 00:19:55 [06-find-image] NOT FOUND (searched 172 ms)
2026-07-19 00:19:55 [06-find-image] Search started: image=C:\Users\link\Documents\GitHub\osrs-automation\v6\micro\..\..\Images\deposit-default.png tol=20 size=72x72 region=0,0 -> 2559,1439
2026-07-19 00:19:55 [06-find-image] NOT FOUND (searched 141 ms)
2026-07-19 00:19:55 [06-find-image] Search started: image=C:\Users\link\Documents\GitHub\osrs-automation\v6\micro\..\..\Images\deposit-default.png tol=20 size=72x72 region=0,0 -> 2559,1439
2026-07-19 00:19:55 [06-find-image] NOT FOUND (searched 156 ms)
2026-07-19 00:19:55 [06-find-image] Search started: image=C:\Users\link\Documents\GitHub\osrs-automation\v6\micro\..\..\Images\deposit-default.png tol=20 size=72x72 region=0,0 -> 2559,1439
2026-07-19 00:19:55 [06-find-image] NOT FOUND (searched 156 ms)
2026-07-19 00:19:55 [06-find-image] Search started: image=C:\Users\link\Documents\GitHub\osrs-automation\v6\micro\..\..\Images\deposit-default.png tol=20 size=72x72 region=0,0 -> 2559,1439
2026-07-19 00:19:55 [06-find-image] NOT FOUND (searched 156 ms)
2026-07-19 00:19:56 [06-find-image] Search started: image=C:\Users\link\Documents\GitHub\osrs-automation\v6\micro\..\..\Images\deposit-default.png tol=20 size=72x72 region=0,0 -> 2559,1439
2026-07-19 00:19:56 [06-find-image] NOT FOUND (searched 156 ms)
2026-07-19 00:19:56 [06-find-image] Search started: image=C:\Users\link\Documents\GitHub\osrs-automation\v6\micro\..\..\Images\deposit-default.png tol=20 size=72x72 region=0,0 -> 2559,1439
2026-07-19 00:19:56 [06-find-image] NOT FOUND (searched 156 ms)
2026-07-19 00:19:56 [06-find-image] Search started: image=C:\Users\link\Documents\GitHub\osrs-automation\v6\micro\..\..\Images\deposit-default.png tol=20 size=72x72 region=0,0 -> 2559,1439
2026-07-19 00:19:56 [06-find-image] NOT FOUND (searched 156 ms)
2026-07-19 00:19:56 [06-find-image] Search started: image=C:\Users\link\Documents\GitHub\osrs-automation\v6\micro\..\..\Images\deposit-default.png tol=20 size=72x72 region=0,0 -> 2559,1439
2026-07-19 00:19:57 [06-find-image] NOT FOUND (searched 157 ms)
2026-07-19 00:19:57 [06-find-image] Search started: image=C:\Users\link\Documents\GitHub\osrs-automation\v6\micro\..\..\Images\deposit-default.png tol=20 size=72x72 region=0,0 -> 2559,1439
2026-07-19 00:19:57 [06-find-image] NOT FOUND (searched 157 ms)
2026-07-19 00:19:57 [06-find-image] Search started: image=C:\Users\link\Documents\GitHub\osrs-automation\v6\micro\..\..\Images\deposit-default.png tol=20 size=72x72 region=0,0 -> 2559,1439
2026-07-19 00:19:57 [06-find-image] NOT FOUND (searched 156 ms)
2026-07-19 00:19:57 [06-find-image] Search started: image=C:\Users\link\Documents\GitHub\osrs-automation\v6\micro\..\..\Images\deposit-default.png tol=20 size=72x72 region=0,0 -> 2559,1439
2026-07-19 00:19:57 [06-find-image] NOT FOUND (searched 156 ms)
2026-07-19 00:19:57 [06-find-image] Search started: image=C:\Users\link\Documents\GitHub\osrs-automation\v6\micro\..\..\Images\deposit-default.png tol=20 size=72x72 region=0,0 -> 2559,1439
2026-07-19 00:19:57 [06-find-image] NOT FOUND (searched 156 ms)
2026-07-19 00:19:57 [06-find-image] Search started: image=C:\Users\link\Documents\GitHub\osrs-automation\v6\micro\..\..\Images\deposit-default.png tol=20 size=72x72 region=0,0 -> 2559,1439
2026-07-19 00:19:57 [06-find-image] NOT FOUND (searched 157 ms)
2026-07-19 00:19:57 [06-find-image] Search started: image=C:\Users\link\Documents\GitHub\osrs-automation\v6\micro\..\..\Images\deposit-default.png tol=20 size=72x72 region=0,0 -> 2559,1439
2026-07-19 00:19:58 [06-find-image] NOT FOUND (searched 157 ms)
2026-07-19 00:19:58 [06-find-image] Search started: image=C:\Users\link\Documents\GitHub\osrs-automation\v6\micro\..\..\Images\deposit-default.png tol=20 size=72x72 region=0,0 -> 2559,1439
2026-07-19 00:19:58 [06-find-image] NOT FOUND (searched 156 ms)
2026-07-19 00:19:58 [06-find-image] Search started: image=C:\Users\link\Documents\GitHub\osrs-automation\v6\micro\..\..\Images\deposit-default.png tol=20 size=72x72 region=0,0 -> 2559,1439
2026-07-19 00:19:58 [06-find-image] NOT FOUND (searched 156 ms)
2026-07-19 00:19:58 [06-find-image] Search started: image=C:\Users\link\Documents\GitHub\osrs-automation\v6\micro\..\..\Images\deposit-default.png tol=20 size=72x72 region=0,0 -> 2559,1439
2026-07-19 00:19:58 [06-find-image] NOT FOUND (searched 156 ms)
2026-07-19 00:19:58 [06-find-image] Search started: image=C:\Users\link\Documents\GitHub\osrs-automation\v6\micro\..\..\Images\deposit-default.png tol=20 size=72x72 region=0,0 -> 2559,1439
2026-07-19 00:19:58 [06-find-image] NOT FOUND (searched 156 ms)
2026-07-19 00:19:58 [06-find-image] Search started: image=C:\Users\link\Documents\GitHub\osrs-automation\v6\micro\..\..\Images\deposit-default.png tol=20 size=72x72 region=0,0 -> 2559,1439
2026-07-19 00:19:58 [06-find-image] NOT FOUND (searched 156 ms)
2026-07-19 00:19:58 [06-find-image] Search started: image=C:\Users\link\Documents\GitHub\osrs-automation\v6\micro\..\..\Images\deposit-default.png tol=20 size=72x72 region=0,0 -> 2559,1439
2026-07-19 00:19:59 [06-find-image] NOT FOUND (searched 156 ms)
2026-07-19 00:19:59 [06-find-image] Search started: image=C:\Users\link\Documents\GitHub\osrs-automation\v6\micro\..\..\Images\deposit-default.png tol=20 size=72x72 region=0,0 -> 2559,1439
2026-07-19 00:19:59 [06-find-image] NOT FOUND (searched 157 ms)
2026-07-19 00:19:59 [06-find-image] Search started: image=C:\Users\link\Documents\GitHub\osrs-automation\v6\micro\..\..\Images\deposit-default.png tol=20 size=72x72 region=0,0 -> 2559,1439
2026-07-19 00:19:59 [06-find-image] NOT FOUND (searched 172 ms)
2026-07-19 00:20:56 [06-find-image] Script loaded. F5=search  F6=clear tooltip  Esc=exit. Image=C:\Users\link\Documents\GitHub\osrs-automation\v6\micro\..\..\Images\deposit-motherlode.png
2026-07-19 00:21:39 [06-find-image] Script loaded. F5=search  F6=clear tooltip  Esc=exit. Image=C:\Users\link\Documents\GitHub\osrs-automation\v6\micro\..\..\Images\deposit-motherlode.png
2026-07-19 00:21:42 [06-find-image] Search started: image=C:\Users\link\Documents\GitHub\osrs-automation\v6\micro\..\..\Images\deposit-motherlode.png tol=20 size=72x72 region=0,0 -> 2559,1439
2026-07-19 00:21:42 [06-find-image] NOT FOUND (searched 172 ms)
2026-07-19 00:21:44 [06-find-image] Search started: image=C:\Users\link\Documents\GitHub\osrs-automation\v6\micro\..\..\Images\deposit-motherlode.png tol=20 size=72x72 region=0,0 -> 2559,1439
2026-07-19 00:21:44 [06-find-image] FOUND at 811,801 (corner 775,765) in 79 ms
2026-07-19 00:21:46 [06-find-image] Search started: image=C:\Users\link\Documents\GitHub\osrs-automation\v6\micro\..\..\Images\deposit-motherlode.png tol=20 size=72x72 region=0,0 -> 2559,1439
2026-07-19 00:21:46 [06-find-image] NOT FOUND (searched 172 ms)
2026-07-19 00:21:46 [06-find-image] Search started: image=C:\Users\link\Documents\GitHub\osrs-automation\v6\micro\..\..\Images\deposit-motherlode.png tol=20 size=72x72 region=0,0 -> 2559,1439
2026-07-19 00:21:46 [06-find-image] FOUND at 811,801 (corner 775,765) in 78 ms
2026-07-19 00:21:48 [06-find-image] Search started: image=C:\Users\link\Documents\GitHub\osrs-automation\v6\micro\..\..\Images\deposit-motherlode.png tol=20 size=72x72 region=0,0 -> 2559,1439
2026-07-19 00:21:49 [06-find-image] Search started: image=C:\Users\link\Documents\GitHub\osrs-automation\v6\micro\..\..\Images\deposit-motherlode.png tol=20 size=72x72 region=0,0 -> 2559,1439
2026-07-19 00:21:52 [06-find-image] Search started: image=C:\Users\link\Documents\GitHub\osrs-automation\v6\micro\..\..\Images\deposit-motherlode.png tol=20 size=72x72 region=0,0 -> 2559,1439
2026-07-19 00:21:52 [06-find-image] FOUND at 811,801 (corner 775,765) in 78 ms
2026-07-19 00:21:55 [06-find-image] Search started: image=C:\Users\link\Documents\GitHub\osrs-automation\v6\micro\..\..\Images\deposit-motherlode.png tol=20 size=72x72 region=0,0 -> 2559,1439
2026-07-19 00:21:57 [06-find-image] Search started: image=C:\Users\link\Documents\GitHub\osrs-automation\v6\micro\..\..\Images\deposit-motherlode.png tol=20 size=72x72 region=0,0 -> 2559,1439
2026-07-19 00:21:57 [06-find-image] FOUND at 811,801 (corner 775,765) in 78 ms
2026-07-19 00:21:59 [06-find-image] Search started: image=C:\Users\link\Documents\GitHub\osrs-automation\v6\micro\..\..\Images\deposit-motherlode.png tol=20 size=72x72 region=0,0 -> 2559,1439
2026-07-19 00:21:59 [06-find-image] FOUND at 811,801 (corner 775,765) in 78 ms
2026-07-19 00:22:00 [06-find-image] Search started: image=C:\Users\link\Documents\GitHub\osrs-automation\v6\micro\..\..\Images\deposit-motherlode.png tol=20 size=72x72 region=0,0 -> 2559,1439
2026-07-19 00:22:00 [06-find-image] FOUND at 811,801 (corner 775,765) in 78 ms
