2026-07-19 00:41:13 [08-wait-marker-then-click] Script loaded. F5=run flow  F6=stop  Esc=exit
2026-07-19 00:41:16 [08-wait-marker-then-click] Flow started: click start=1000,720 -> wait for marker in 787,533 -> 808,554 (timeout 15000ms) -> click after=1153,1037
2026-07-19 00:41:16 [08-wait-marker-then-click] Clicked start point 1000,720 (ctrl/force-run)
2026-07-19 00:41:16 [08-wait-marker-then-click] MarkerVisible: not yet visible
2026-07-19 00:41:16 [08-wait-marker-then-click] MarkerVisible: not yet visible
2026-07-19 00:41:17 [08-wait-marker-then-click] MarkerVisible: not yet visible
2026-07-19 00:41:17 [08-wait-marker-then-click] MarkerVisible: not yet visible
2026-07-19 00:41:17 [08-wait-marker-then-click] MarkerVisible: not yet visible
2026-07-19 00:41:18 [08-wait-marker-then-click] MarkerVisible: not yet visible
2026-07-19 00:41:18 [08-wait-marker-then-click] MarkerVisible: not yet visible
2026-07-19 00:41:18 [08-wait-marker-then-click] MarkerVisible: not yet visible
2026-07-19 00:41:19 [08-wait-marker-then-click] MarkerVisible: found at 798,543
2026-07-19 00:41:19 [08-wait-marker-then-click] Marker confirmed after 2829 ms - clicking AFTER point (separate from marker location)
2026-07-19 00:41:19 [08-wait-marker-then-click] DONE: marker confirmed (2829 ms), clicked AFTER at 1153,1037
2026-07-19 00:41:23 [08-wait-marker-then-click] F6 pressed - stop requested
2026-07-19 00:41:26 [08-wait-marker-then-click] Script loaded. F5=run flow  F6=stop  Esc=exit
2026-07-19 11:58:12 [08-wait-marker-then-click] Script loaded. F5=run flow  F6=stop  Esc=exit
2026-07-19 11:58:17 [08-wait-marker-then-click] Flow started: click start=1000,720 -> wait for marker in 787,533 -> 808,554 (timeout 15000ms) -> click after=1153,1037
2026-07-19 11:58:17 [08-wait-marker-then-click] Clicked start point 1000,720 (ctrl/force-run)
2026-07-19 11:58:17 [08-wait-marker-then-click] FindFilledBlock: not found (21x21 0xFF00FF tol=5, 16 ms)
2026-07-19 11:58:17 [08-wait-marker-then-click] MarkerVisible: not yet visible
2026-07-19 11:58:18 [08-wait-marker-then-click] FindFilledBlock: not found (21x21 0xFF00FF tol=5, 0 ms)
2026-07-19 11:58:18 [08-wait-marker-then-click] MarkerVisible: not yet visible
2026-07-19 11:58:18 [08-wait-marker-then-click] FindFilledBlock: not found (21x21 0xFF00FF tol=5, 0 ms)
2026-07-19 11:58:18 [08-wait-marker-then-click] MarkerVisible: not yet visible
2026-07-19 11:58:18 [08-wait-marker-then-click] FindFilledBlock: not found (21x21 0xFF00FF tol=5, 0 ms)
2026-07-19 11:58:18 [08-wait-marker-then-click] MarkerVisible: not yet visible
2026-07-19 11:58:19 [08-wait-marker-then-click] FindFilledBlock: not found (21x21 0xFF00FF tol=5, 0 ms)
2026-07-19 11:58:19 [08-wait-marker-then-click] MarkerVisible: not yet visible
2026-07-19 11:58:19 [08-wait-marker-then-click] FindFilledBlock: not found (21x21 0xFF00FF tol=5, 0 ms)
2026-07-19 11:58:19 [08-wait-marker-then-click] MarkerVisible: not yet visible
2026-07-19 11:58:20 [08-wait-marker-then-click] FindFilledBlock: not found (21x21 0xFF00FF tol=5, 0 ms)
2026-07-19 11:58:20 [08-wait-marker-then-click] MarkerVisible: not yet visible
2026-07-19 11:58:20 [08-wait-marker-then-click] FindFilledBlock: not found (21x21 0xFF00FF tol=5, 0 ms)
2026-07-19 11:58:20 [08-wait-marker-then-click] MarkerVisible: not yet visible
2026-07-19 11:58:20 [08-wait-marker-then-click] FindFilledBlock: not found (21x21 0xFF00FF tol=5, 0 ms)
2026-07-19 11:58:20 [08-wait-marker-then-click] MarkerVisible: not yet visible
2026-07-19 11:58:21 [08-wait-marker-then-click] FindFilledBlock: not found (21x21 0xFF00FF tol=5, 0 ms)
2026-07-19 11:58:21 [08-wait-marker-then-click] MarkerVisible: not yet visible
2026-07-19 11:58:21 [08-wait-marker-then-click] FindFilledBlock: not found (21x21 0xFF00FF tol=5, 0 ms)
2026-07-19 11:58:21 [08-wait-marker-then-click] MarkerVisible: not yet visible
2026-07-19 11:58:21 [08-wait-marker-then-click] FindFilledBlock: not found (21x21 0xFF00FF tol=5, 0 ms)
2026-07-19 11:58:21 [08-wait-marker-then-click] MarkerVisible: not yet visible
2026-07-19 11:58:22 [08-wait-marker-then-click] FindFilledBlock: not found (21x21 0xFF00FF tol=5, 0 ms)
2026-07-19 11:58:22 [08-wait-marker-then-click] MarkerVisible: not yet visible
2026-07-19 11:58:22 [08-wait-marker-then-click] FindFilledBlock: not found (21x21 0xFF00FF tol=5, 0 ms)
2026-07-19 11:58:22 [08-wait-marker-then-click] MarkerVisible: not yet visible
2026-07-19 11:58:22 [08-wait-marker-then-click] FindFilledBlock: not found (21x21 0xFF00FF tol=5, 0 ms)
2026-07-19 11:58:22 [08-wait-marker-then-click] MarkerVisible: not yet visible
2026-07-19 11:58:23 [08-wait-marker-then-click] FindFilledBlock: found at 797,543 (21x21 0xFF00FF tol=5, 0 ms)
2026-07-19 11:58:23 [08-wait-marker-then-click] MarkerVisible: found at 797,543
2026-07-19 11:58:23 [08-wait-marker-then-click] Marker confirmed after 5391 ms - clicking AFTER point (separate from marker location)
2026-07-19 11:58:23 [08-wait-marker-then-click] DONE: marker confirmed (5391 ms), clicked AFTER at 1153,1037
2026-07-19 11:58:26 [08-wait-marker-then-click] F6 pressed - stop requested
2026-07-19 11:58:37 [08-wait-marker-then-click] Script loaded. F5=run flow  F6=stop  Esc=exit
2026-07-19 11:58:37 [08-wait-marker-then-click] Flow started: click start=1000,720 -> wait for marker in 787,533 -> 808,554 (timeout 15000ms) -> click after=1153,1037
2026-07-19 11:58:37 [08-wait-marker-then-click] Clicked start point 1000,720 (ctrl/force-run)
2026-07-19 11:58:37 [08-wait-marker-then-click] FindFilledBlock: not found (21x21 0xFF00FF tol=5, 16 ms)
2026-07-19 11:58:37 [08-wait-marker-then-click] MarkerVisible: not yet visible
2026-07-19 11:58:38 [08-wait-marker-then-click] FindFilledBlock: not found (21x21 0xFF00FF tol=5, 0 ms)
2026-07-19 11:58:38 [08-wait-marker-then-click] MarkerVisible: not yet visible
2026-07-19 11:58:38 [08-wait-marker-then-click] FindFilledBlock: not found (21x21 0xFF00FF tol=5, 0 ms)
2026-07-19 11:58:38 [08-wait-marker-then-click] MarkerVisible: not yet visible
2026-07-19 11:58:38 [08-wait-marker-then-click] FindFilledBlock: not found (21x21 0xFF00FF tol=5, 0 ms)
2026-07-19 11:58:38 [08-wait-marker-then-click] MarkerVisible: not yet visible
2026-07-19 11:58:39 [08-wait-marker-then-click] FindFilledBlock: not found (21x21 0xFF00FF tol=5, 0 ms)
2026-07-19 11:58:39 [08-wait-marker-then-click] MarkerVisible: not yet visible
2026-07-19 11:58:39 [08-wait-marker-then-click] FindFilledBlock: not found (21x21 0xFF00FF tol=5, 0 ms)
2026-07-19 11:58:39 [08-wait-marker-then-click] MarkerVisible: not yet visible
2026-07-19 11:58:39 [08-wait-marker-then-click] FindFilledBlock: not found (21x21 0xFF00FF tol=5, 0 ms)
2026-07-19 11:58:39 [08-wait-marker-then-click] MarkerVisible: not yet visible
2026-07-19 11:58:40 [08-wait-marker-then-click] FindFilledBlock: not found (21x21 0xFF00FF tol=5, 0 ms)
2026-07-19 11:58:40 [08-wait-marker-then-click] MarkerVisible: not yet visible
2026-07-19 11:58:40 [08-wait-marker-then-click] FindFilledBlock: not found (21x21 0xFF00FF tol=5, 0 ms)
2026-07-19 11:58:40 [08-wait-marker-then-click] MarkerVisible: not yet visible
2026-07-19 11:58:40 [08-wait-marker-then-click] FindFilledBlock: not found (21x21 0xFF00FF tol=5, 0 ms)
2026-07-19 11:58:40 [08-wait-marker-then-click] MarkerVisible: not yet visible
2026-07-19 11:58:41 [08-wait-marker-then-click] FindFilledBlock: found at 797,543 (21x21 0xFF00FF tol=5, 0 ms)
2026-07-19 11:58:41 [08-wait-marker-then-click] MarkerVisible: found at 797,543
2026-07-19 11:58:41 [08-wait-marker-then-click] Marker confirmed after 3594 ms - clicking AFTER point (separate from marker location)
2026-07-19 11:58:41 [08-wait-marker-then-click] DONE: marker confirmed (3594 ms), clicked AFTER at 1153,1037
2026-07-19 11:58:46 [08-wait-marker-then-click] Script loaded. F5=run flow  F6=stop  Esc=exit
2026-07-19 11:58:50 [08-wait-marker-then-click] Flow started: click start=1000,720 -> wait for marker in 787,533 -> 808,554 (timeout 15000ms) -> click after=1153,1037
2026-07-19 11:58:50 [08-wait-marker-then-click] Clicked start point 1000,720 (ctrl/force-run)
2026-07-19 11:58:50 [08-wait-marker-then-click] FindFilledBlock: not found (21x21 0xFF00FF tol=5, 0 ms)
2026-07-19 11:58:50 [08-wait-marker-then-click] MarkerVisible: not yet visible
2026-07-19 11:58:50 [08-wait-marker-then-click] FindFilledBlock: not found (21x21 0xFF00FF tol=5, 0 ms)
2026-07-19 11:58:50 [08-wait-marker-then-click] MarkerVisible: not yet visible
2026-07-19 11:58:51 [08-wait-marker-then-click] FindFilledBlock: not found (21x21 0xFF00FF tol=5, 0 ms)
2026-07-19 11:58:51 [08-wait-marker-then-click] MarkerVisible: not yet visible
2026-07-19 11:58:51 [08-wait-marker-then-click] FindFilledBlock: not found (21x21 0xFF00FF tol=5, 0 ms)
2026-07-19 11:58:51 [08-wait-marker-then-click] MarkerVisible: not yet visible
2026-07-19 11:58:51 [08-wait-marker-then-click] FindFilledBlock: not found (21x21 0xFF00FF tol=5, 0 ms)
2026-07-19 11:58:51 [08-wait-marker-then-click] MarkerVisible: not yet visible
2026-07-19 11:58:52 [08-wait-marker-then-click] FindFilledBlock: not found (21x21 0xFF00FF tol=5, 0 ms)
2026-07-19 11:58:52 [08-wait-marker-then-click] MarkerVisible: not yet visible
2026-07-19 11:58:52 [08-wait-marker-then-click] FindFilledBlock: not found (21x21 0xFF00FF tol=5, 0 ms)
2026-07-19 11:58:52 [08-wait-marker-then-click] MarkerVisible: not yet visible
2026-07-19 11:58:53 [08-wait-marker-then-click] FindFilledBlock: not found (21x21 0xFF00FF tol=5, 0 ms)
2026-07-19 11:58:53 [08-wait-marker-then-click] MarkerVisible: not yet visible
2026-07-19 11:58:53 [08-wait-marker-then-click] FindFilledBlock: not found (21x21 0xFF00FF tol=5, 0 ms)
2026-07-19 11:58:53 [08-wait-marker-then-click] MarkerVisible: not yet visible
2026-07-19 11:58:53 [08-wait-marker-then-click] FindFilledBlock: found at 797,543 (21x21 0xFF00FF tol=5, 0 ms)
2026-07-19 11:58:53 [08-wait-marker-then-click] MarkerVisible: found at 797,543
2026-07-19 11:58:53 [08-wait-marker-then-click] Marker confirmed after 3250 ms - clicking AFTER point (separate from marker location)
2026-07-19 11:58:54 [08-wait-marker-then-click] DONE: marker confirmed (3250 ms), clicked AFTER at 1153,1037
2026-07-19 11:58:54 [08-wait-marker-then-click] F6 pressed - stop requested
2026-07-19 11:58:56 [08-wait-marker-then-click] Script loaded. F5=run flow  F6=stop  Esc=exit
2026-07-19 11:59:59 [08-wait-marker-then-click] Script loaded. F5=run flow  F6=stop  Esc=exit
2026-07-19 12:00:04 [08-wait-marker-then-click] Flow started: click start=1000,720 -> wait for marker in 787,533 -> 808,554 (timeout 15000ms) -> click after=1153,1037
2026-07-19 12:00:05 [08-wait-marker-then-click] Clicked start point 1000,720 (ctrl/force-run)
2026-07-19 12:00:05 [08-wait-marker-then-click] FindFilledBlock: not found (21x21 0xFF00FF tol=5, 16 ms)
2026-07-19 12:00:05 [08-wait-marker-then-click] MarkerVisible: not yet visible
2026-07-19 12:00:05 [08-wait-marker-then-click] FindFilledBlock: not found (21x21 0xFF00FF tol=5, 0 ms)
2026-07-19 12:00:05 [08-wait-marker-then-click] MarkerVisible: not yet visible
2026-07-19 12:00:05 [08-wait-marker-then-click] FindFilledBlock: not found (21x21 0xFF00FF tol=5, 0 ms)
2026-07-19 12:00:05 [08-wait-marker-then-click] MarkerVisible: not yet visible
2026-07-19 12:00:06 [08-wait-marker-then-click] FindFilledBlock: not found (21x21 0xFF00FF tol=5, 0 ms)
2026-07-19 12:00:06 [08-wait-marker-then-click] MarkerVisible: not yet visible
2026-07-19 12:00:06 [08-wait-marker-then-click] FindFilledBlock: not found (21x21 0xFF00FF tol=5, 0 ms)
2026-07-19 12:00:06 [08-wait-marker-then-click] MarkerVisible: not yet visible
2026-07-19 12:00:06 [08-wait-marker-then-click] FindFilledBlock: not found (21x21 0xFF00FF tol=5, 0 ms)
2026-07-19 12:00:06 [08-wait-marker-then-click] MarkerVisible: not yet visible
2026-07-19 12:00:07 [08-wait-marker-then-click] FindFilledBlock: not found (21x21 0xFF00FF tol=5, 0 ms)
2026-07-19 12:00:07 [08-wait-marker-then-click] MarkerVisible: not yet visible
2026-07-19 12:00:07 [08-wait-marker-then-click] FindFilledBlock: not found (21x21 0xFF00FF tol=5, 0 ms)
2026-07-19 12:00:07 [08-wait-marker-then-click] MarkerVisible: not yet visible
2026-07-19 12:00:07 [08-wait-marker-then-click] FindFilledBlock: not found (21x21 0xFF00FF tol=5, 0 ms)
2026-07-19 12:00:07 [08-wait-marker-then-click] MarkerVisible: not yet visible
2026-07-19 12:00:08 [08-wait-marker-then-click] FindFilledBlock: found at 797,543 (21x21 0xFF00FF tol=5, 0 ms)
2026-07-19 12:00:08 [08-wait-marker-then-click] MarkerVisible: found at 797,543
2026-07-19 12:00:08 [08-wait-marker-then-click] Marker confirmed after 3266 ms - clicking AFTER point (separate from marker location)
2026-07-19 12:00:08 [08-wait-marker-then-click] DONE: marker confirmed (3266 ms), clicked AFTER at 1153,1037
2026-07-19 12:00:10 [08-wait-marker-then-click] F6 pressed - stop requested
2026-07-19 12:00:15 [08-wait-marker-then-click] Script loaded. F5=run flow  F6=stop  Esc=exit
2026-07-19 12:00:16 [08-wait-marker-then-click] Flow started: click start=1000,720 -> wait for marker in 789,535 -> 806,552 (timeout 15000ms) -> click after=1153,1037
2026-07-19 12:00:16 [08-wait-marker-then-click] Clicked start point 1000,720 (ctrl/force-run)
2026-07-19 12:00:16 [08-wait-marker-then-click] FindFilledBlock: not found (11x11 0xFF00FF tol=5, 0 ms)
2026-07-19 12:00:16 [08-wait-marker-then-click] MarkerVisible: not yet visible
2026-07-19 12:00:16 [08-wait-marker-then-click] FindFilledBlock: not found (11x11 0xFF00FF tol=5, 0 ms)
2026-07-19 12:00:16 [08-wait-marker-then-click] MarkerVisible: not yet visible
2026-07-19 12:00:17 [08-wait-marker-then-click] FindFilledBlock: not found (11x11 0xFF00FF tol=5, 0 ms)
2026-07-19 12:00:17 [08-wait-marker-then-click] MarkerVisible: not yet visible
2026-07-19 12:00:17 [08-wait-marker-then-click] FindFilledBlock: not found (11x11 0xFF00FF tol=5, 0 ms)
2026-07-19 12:00:17 [08-wait-marker-then-click] MarkerVisible: not yet visible
2026-07-19 12:00:18 [08-wait-marker-then-click] FindFilledBlock: not found (11x11 0xFF00FF tol=5, 0 ms)
2026-07-19 12:00:18 [08-wait-marker-then-click] MarkerVisible: not yet visible
2026-07-19 12:00:18 [08-wait-marker-then-click] FindFilledBlock: not found (11x11 0xFF00FF tol=5, 0 ms)
2026-07-19 12:00:18 [08-wait-marker-then-click] MarkerVisible: not yet visible
2026-07-19 12:00:18 [08-wait-marker-then-click] FindFilledBlock: not found (11x11 0xFF00FF tol=5, 0 ms)
2026-07-19 12:00:18 [08-wait-marker-then-click] MarkerVisible: not yet visible
2026-07-19 12:00:19 [08-wait-marker-then-click] FindFilledBlock: found at 794,544 (11x11 0xFF00FF tol=5, 0 ms)
2026-07-19 12:00:19 [08-wait-marker-then-click] MarkerVisible: found at 794,544
2026-07-19 12:00:19 [08-wait-marker-then-click] Marker confirmed after 2531 ms - clicking AFTER point (separate from marker location)
2026-07-19 12:00:19 [08-wait-marker-then-click] DONE: marker confirmed (2531 ms), clicked AFTER at 1153,1037
2026-07-19 12:00:21 [08-wait-marker-then-click] F6 pressed - stop requested
2026-07-19 12:00:24 [08-wait-marker-then-click] Script loaded. F5=run flow  F6=stop  Esc=exit
2026-07-19 12:00:38 [08-wait-marker-then-click] Script loaded. F5=run flow  F6=stop  Esc=exit
2026-07-19 12:00:39 [08-wait-marker-then-click] Flow started: click start=1000,720 -> wait for marker in 794,540 -> 806,552 (timeout 15000ms) -> click after=1153,1037
2026-07-19 12:00:39 [08-wait-marker-then-click] Clicked start point 1000,720 (ctrl/force-run)
2026-07-19 12:00:39 [08-wait-marker-then-click] FindFilledBlock: not found (11x11 0xFF00FF tol=5, 15 ms)
2026-07-19 12:00:39 [08-wait-marker-then-click] MarkerVisible: not yet visible
2026-07-19 12:00:40 [08-wait-marker-then-click] FindFilledBlock: not found (11x11 0xFF00FF tol=5, 0 ms)
2026-07-19 12:00:40 [08-wait-marker-then-click] MarkerVisible: not yet visible
2026-07-19 12:00:40 [08-wait-marker-then-click] FindFilledBlock: not found (11x11 0xFF00FF tol=5, 0 ms)
2026-07-19 12:00:40 [08-wait-marker-then-click] MarkerVisible: not yet visible
2026-07-19 12:00:40 [08-wait-marker-then-click] FindFilledBlock: not found (11x11 0xFF00FF tol=5, 0 ms)
2026-07-19 12:00:40 [08-wait-marker-then-click] MarkerVisible: not yet visible
2026-07-19 12:00:41 [08-wait-marker-then-click] FindFilledBlock: not found (11x11 0xFF00FF tol=5, 0 ms)
2026-07-19 12:00:41 [08-wait-marker-then-click] MarkerVisible: not yet visible
2026-07-19 12:00:41 [08-wait-marker-then-click] FindFilledBlock: not found (11x11 0xFF00FF tol=5, 0 ms)
2026-07-19 12:00:41 [08-wait-marker-then-click] MarkerVisible: not yet visible
2026-07-19 12:00:41 [08-wait-marker-then-click] FindFilledBlock: not found (11x11 0xFF00FF tol=5, 0 ms)
2026-07-19 12:00:41 [08-wait-marker-then-click] MarkerVisible: not yet visible
2026-07-19 12:00:42 [08-wait-marker-then-click] FindFilledBlock: not found (11x11 0xFF00FF tol=5, 0 ms)
2026-07-19 12:00:42 [08-wait-marker-then-click] MarkerVisible: not yet visible
2026-07-19 12:00:42 [08-wait-marker-then-click] FindFilledBlock: found at 799,545 (11x11 0xFF00FF tol=5, 0 ms)
2026-07-19 12:00:42 [08-wait-marker-then-click] MarkerVisible: found at 799,545
2026-07-19 12:00:42 [08-wait-marker-then-click] Marker confirmed after 2890 ms - clicking AFTER point (separate from marker location)
2026-07-19 12:00:43 [08-wait-marker-then-click] DONE: marker confirmed (2890 ms), clicked AFTER at 1153,1037
2026-07-19 12:00:48 [08-wait-marker-then-click] Script loaded. F5=run flow  F6=stop  Esc=exit
