2026-07-19 11:32:49 [12-track-and-click] Script loaded. F5=start loop  F8=probe color under cursor  F6=stop  Esc=exit. Target=0xFFFF00 IndicatorSlot=28 VerifyPercent=100
2026-07-19 11:32:50 [12-track-and-click] TrackAndClick started: color=0xFFFF00 tol=5 block=31x31 trackRadius=220 indicatorSlot=28 overallTimeout=90000ms
2026-07-19 11:32:50 [12-track-and-click] FindFilledBlock: verified block on attempt 1 at 1536,387
2026-07-19 11:32:50 [12-track-and-click] Acquired new target at 1536,387
2026-07-19 11:32:50 [12-track-and-click] FindFilledBlock: verified block on attempt 1 at 1536,387
2026-07-19 11:32:50 [12-track-and-click] Clicked initial/re-click target at 1536,387
2026-07-19 11:32:51 [12-track-and-click] FindFilledBlock: verified block on attempt 1 at 1536,387
2026-07-19 11:32:51 [12-track-and-click] Tracking not-yet-stable target at 1536,387
2026-07-19 11:32:51 [12-track-and-click] FindFilledBlock: verified block on attempt 1 at 1536,387
2026-07-19 11:32:51 [12-track-and-click] Tracking not-yet-stable target at 1536,387
2026-07-19 11:32:51 [12-track-and-click] F6 pressed - stop requested
2026-07-19 11:32:51 [12-track-and-click] STOPPED by F6 after 1734 ms
2026-07-19 11:33:04 [12-track-and-click] Script loaded. F5=start loop  F8=probe color under cursor  F6=stop  Esc=exit. Target=0xFFFF00 IndicatorSlot=28 VerifyPercent=100
2026-07-19 11:33:05 [12-track-and-click] TrackAndClick started: color=0xFFFF00 tol=5 block=33x33 trackRadius=220 indicatorSlot=28 overallTimeout=90000ms
2026-07-19 11:33:05 [12-track-and-click] FindFilledBlock: candidate at 1521,372 failed verify (blob ~32x32) - excluded
2026-07-19 11:33:05 [12-track-and-click] FindFilledBlock: verified block on attempt 2 at 1269,494
2026-07-19 11:33:05 [12-track-and-click] Acquired new target at 1269,494
2026-07-19 11:33:06 [12-track-and-click] FindFilledBlock: verified block on attempt 1 at 1269,494
2026-07-19 11:33:06 [12-track-and-click] Clicked initial/re-click target at 1269,494
2026-07-19 11:33:06 [12-track-and-click] FindFilledBlock: verified block on attempt 1 at 1269,494
2026-07-19 11:33:06 [12-track-and-click] Tracking not-yet-stable target at 1269,494
2026-07-19 11:33:06 [12-track-and-click] F6 pressed - stop requested
2026-07-19 11:33:06 [12-track-and-click] STOPPED by F6 after 1844 ms
2026-07-19 11:33:08 [12-track-and-click] TrackAndClick started: color=0xFFFF00 tol=5 block=33x33 trackRadius=220 indicatorSlot=28 overallTimeout=90000ms
2026-07-19 11:33:09 [12-track-and-click] FindFilledBlock: candidate at 1521,372 failed verify (blob ~32x32) - excluded
2026-07-19 11:33:09 [12-track-and-click] FindFilledBlock: verified block on attempt 2 at 1269,494
2026-07-19 11:33:09 [12-track-and-click] Acquired new target at 1269,494
2026-07-19 11:33:09 [12-track-and-click] FindFilledBlock: verified block on attempt 1 at 1269,494
2026-07-19 11:33:09 [12-track-and-click] Clicked initial/re-click target at 1269,494
2026-07-19 11:33:10 [12-track-and-click] F6 pressed - stop requested
2026-07-19 11:33:10 [12-track-and-click] FindFilledBlock: verified block on attempt 1 at 1269,494
2026-07-19 11:33:10 [12-track-and-click] Tracking not-yet-stable target at 1269,494
2026-07-19 11:33:10 [12-track-and-click] STOPPED by F6 after 1797 ms
2026-07-19 11:33:45 [12-track-and-click] Script loaded. F5=start loop  F8=probe color under cursor  F6=stop  Esc=exit. Target=0xFFFF00 IndicatorSlot=28 VerifyPercent=100
2026-07-19 11:33:49 [12-track-and-click] TrackAndClick started: color=0xFFFF00 tol=5 block=33x33 trackRadius=220 indicatorSlot=28 overallTimeout=90000ms
2026-07-19 11:33:49 [12-track-and-click] FindFilledBlock: candidate at 2389,149 failed verify (blob ~2x4) - excluded
2026-07-19 11:33:49 [12-track-and-click] FindFilledBlock: candidate at 2387,151 failed verify (blob ~2x2) - excluded
2026-07-19 11:33:49 [12-track-and-click] FindFilledBlock: candidate at 2387,155 failed verify (blob ~2x4) - excluded
2026-07-19 11:33:50 [12-track-and-click] FindFilledBlock: candidate at 2389,157 failed verify (blob ~4x2) - excluded
2026-07-19 11:33:50 [12-track-and-click] FindFilledBlock: candidate at 2385,157 failed verify (blob ~2x2) - excluded
2026-07-19 11:33:50 [12-track-and-click] FindFilledBlock: candidate at 2343,159 failed verify (blob ~2x4) - excluded
2026-07-19 11:33:50 [12-track-and-click] FindFilledBlock: candidate at 2341,161 failed verify (blob ~2x2) - excluded
2026-07-19 11:33:50 [12-track-and-click] FindFilledBlock: candidate at 2331,165 failed verify (blob ~2x4) - excluded
2026-07-19 11:33:50 [12-track-and-click] FindFilledBlock: candidate at 2347,167 failed verify (blob ~2x2) - excluded
2026-07-19 11:33:50 [12-track-and-click] FindFilledBlock: candidate at 2329,167 failed verify (blob ~2x2) - excluded
2026-07-19 11:33:50 [12-track-and-click] FindFilledBlock: candidate at 2345,169 failed verify (blob ~4x2) - excluded
2026-07-19 11:33:50 [12-track-and-click] FindFilledBlock: candidate at 2347,177 failed verify (blob ~2x4) - excluded
2026-07-19 11:33:50 [12-track-and-click] FindFilledBlock: candidate at 2345,179 failed verify (blob ~2x2) - excluded
2026-07-19 11:33:50 [12-track-and-click] FindFilledBlock: candidate at 2299,185 failed verify (blob ~2x4) - excluded
2026-07-19 11:33:50 [12-track-and-click] FindFilledBlock: candidate at 2389,185 failed verify (blob ~2x1) - excluded
2026-07-19 11:33:50 [12-track-and-click] FindFilledBlock: candidate at 2389,186 failed verify (blob ~2x1) - excluded
2026-07-19 11:33:50 [12-track-and-click] FindFilledBlock: candidate at 2355,187 failed verify (blob ~2x2) - excluded
2026-07-19 11:33:50 [12-track-and-click] FindFilledBlock: candidate at 2359,187 failed verify (blob ~2x1) - excluded
2026-07-19 11:33:50 [12-track-and-click] FindFilledBlock: candidate at 2387,187 failed verify (blob ~2x1) - excluded
2026-07-19 11:33:51 [12-track-and-click] FindFilledBlock: candidate at 2359,188 failed verify (blob ~2x1) - excluded
2026-07-19 11:33:51 [12-track-and-click] FindFilledBlock: candidate at 2387,188 failed verify (blob ~2x1) - excluded
2026-07-19 11:33:51 [12-track-and-click] FindFilledBlock: candidate at 2297,187 failed verify (blob ~2x2) - excluded
2026-07-19 11:33:51 [12-track-and-click] FindFilledBlock: candidate at 2353,189 failed verify (blob ~8x2) - excluded
2026-07-19 11:33:51 [12-track-and-click] FindFilledBlock: candidate at 2385,189 failed verify (blob ~4x1) - excluded
2026-07-19 11:33:51 [12-track-and-click] FindFilledBlock: candidate at 2385,190 failed verify (blob ~4x1) - excluded
2026-07-19 11:33:51 [12-track-and-click] FindFilledBlock: candidate at 2371,195 failed verify (blob ~2x4) - excluded
2026-07-19 11:33:51 [12-track-and-click] FindFilledBlock: candidate at 2307,197 failed verify (blob ~2x2) - excluded
2026-07-19 11:33:51 [12-track-and-click] FindFilledBlock: candidate at 2319,197 failed verify (blob ~2x1) - excluded
2026-07-19 11:33:51 [12-track-and-click] FindFilledBlock: candidate at 2369,197 failed verify (blob ~2x1) - excluded
2026-07-19 11:33:51 [12-track-and-click] FindFilledBlock: candidate at 2319,198 failed verify (blob ~2x1) - excluded
2026-07-19 11:33:51 [12-track-and-click] FindFilledBlock: candidate at 2369,198 failed verify (blob ~2x1) - excluded
2026-07-19 11:33:51 [12-track-and-click] FindFilledBlock: candidate at 2305,199 failed verify (blob ~4x2) - excluded
2026-07-19 11:33:51 [12-track-and-click] FindFilledBlock: candidate at 2317,199 failed verify (blob ~4x1) - excluded
2026-07-19 11:33:51 [12-track-and-click] FindFilledBlock: candidate at 2339,199 failed verify (blob ~2x1) - excluded
2026-07-19 11:33:51 [12-track-and-click] FindFilledBlock: candidate at 2317,200 failed verify (blob ~4x1) - excluded
2026-07-19 11:33:51 [12-track-and-click] FindFilledBlock: candidate at 2339,200 failed verify (blob ~2x1) - excluded
2026-07-19 11:33:51 [12-track-and-click] FindFilledBlock: candidate at 2337,201 failed verify (blob ~4x2) - excluded
2026-07-19 11:33:52 [12-track-and-click] FindFilledBlock: candidate at 2319,205 failed verify (blob ~2x4) - excluded
2026-07-19 11:33:52 [12-track-and-click] FindFilledBlock: candidate at 2323,205 failed verify (blob ~2x1) - excluded
2026-07-19 11:33:52 [12-track-and-click] FindFilledBlock: candidate at 2331,205 failed verify (blob ~2x1) - excluded
2026-07-19 11:33:52 [12-track-and-click] FindFilledBlock: candidate at 2323,206 failed verify (blob ~2x3) - excluded
2026-07-19 11:33:52 [12-track-and-click] FindFilledBlock: candidate at 2331,206 failed verify (blob ~2x1) - excluded
2026-07-19 11:33:52 [12-track-and-click] FindFilledBlock: candidate at 2329,207 failed verify (blob ~4x2) - excluded
2026-07-19 11:33:52 [12-track-and-click] FindFilledBlock: candidate at 2321,207 failed verify (blob ~2x2) - excluded
2026-07-19 11:33:52 [12-track-and-click] FindFilledBlock: candidate at 2317,207 failed verify (blob ~2x2) - excluded
2026-07-19 11:33:52 [12-track-and-click] FindFilledBlock: candidate at 2361,223 failed verify (blob ~2x4) - excluded
2026-07-19 11:33:52 [12-track-and-click] FindFilledBlock: candidate at 2365,223 failed verify (blob ~2x1) - excluded
2026-07-19 11:33:52 [12-track-and-click] FindFilledBlock: candidate at 2365,224 failed verify (blob ~2x3) - excluded
2026-07-19 11:33:52 [12-track-and-click] FindFilledBlock: candidate at 2363,225 failed verify (blob ~2x2) - excluded
2026-07-19 11:33:52 [12-track-and-click] FindFilledBlock: candidate at 2359,225 failed verify (blob ~2x2) - excluded
2026-07-19 11:33:52 [12-track-and-click] FindFilledBlock: candidate at 2305,229 failed verify (blob ~2x4) - excluded
2026-07-19 11:33:52 [12-track-and-click] FindFilledBlock: candidate at 2303,231 failed verify (blob ~2x2) - excluded
2026-07-19 11:33:52 [12-track-and-click] FindFilledBlock: candidate at 2385,243 failed verify (blob ~2x4) - excluded
2026-07-19 11:33:52 [12-track-and-click] FindFilledBlock: candidate at 2383,245 failed verify (blob ~2x2) - excluded
2026-07-19 11:33:52 [12-track-and-click] FindFilledBlock: verified block on attempt 55 at 1243,651
2026-07-19 11:33:52 [12-track-and-click] Acquired new target at 1243,651
2026-07-19 11:33:53 [12-track-and-click] FindFilledBlock: verified block on attempt 1 at 1243,651
2026-07-19 11:33:53 [12-track-and-click] Clicked initial/re-click target at 1243,651
2026-07-19 11:33:53 [12-track-and-click] F6 pressed - stop requested
2026-07-19 11:33:53 [12-track-and-click] STOPPED by F6 after 4094 ms
2026-07-19 11:51:28 [12-track-and-click] Script loaded. F5=start loop  F8=probe color under cursor  F6=stop  Esc=exit. Target=0xFFFF00 IndicatorSlot=28 VerifyPercent=100
2026-07-19 11:51:31 [12-track-and-click] PROBE at 1048,440: actual=0xFF00FF  configured=0xFFFF00  delta R/G/B=0/255/255  -> needs tol >= 255 (or set TARGET_COLOR := 0xFF00FF)
2026-07-19 11:51:44 [12-track-and-click] Script loaded. F5=start loop  F8=probe color under cursor  F6=stop  Esc=exit. Target=0xFFFF00 IndicatorSlot=28 VerifyPercent=100
2026-07-19 11:51:45 [12-track-and-click] TrackAndClick started: color=0xFFFF00 tol=5 block=33x33 trackRadius=220 indicatorSlot=28 overallTimeout=90000ms
2026-07-19 11:51:45 [12-track-and-click] UNTIL-CONDITION MET: indicator slot 28 is full - stopping (0 ms total)
2026-07-19 11:51:48 [12-track-and-click] TrackAndClick started: color=0xFFFF00 tol=5 block=33x33 trackRadius=220 indicatorSlot=28 overallTimeout=90000ms
2026-07-19 11:51:48 [12-track-and-click] FindFilledBlock: found at 1263,369 (33x33 0xFFFF00 tol=5, 62 ms)
2026-07-19 11:51:48 [12-track-and-click] Acquired new target at 1263,369
2026-07-19 11:51:48 [12-track-and-click] FindFilledBlock: found at 1263,369 (33x33 0xFFFF00 tol=5, 16 ms)
2026-07-19 11:51:49 [12-track-and-click] Clicked initial/re-click target at 1263,369
2026-07-19 11:51:49 [12-track-and-click] FindFilledBlock: found at 1263,369 (33x33 0xFFFF00 tol=5, 16 ms)
2026-07-19 11:51:49 [12-track-and-click] Tracking not-yet-stable target at 1263,369
2026-07-19 11:51:49 [12-track-and-click] FindFilledBlock: found at 1263,369 (33x33 0xFFFF00 tol=5, 15 ms)
2026-07-19 11:51:49 [12-track-and-click] Tracking not-yet-stable target at 1263,369
2026-07-19 11:51:50 [12-track-and-click] FindFilledBlock: found at 1271,383 (33x33 0xFFFF00 tol=5, 0 ms)
2026-07-19 11:51:50 [12-track-and-click] Tracking not-yet-stable target at 1271,383
2026-07-19 11:51:50 [12-track-and-click] FindFilledBlock: found at 1279,407 (33x33 0xFFFF00 tol=5, 0 ms)
2026-07-19 11:51:50 [12-track-and-click] Tracking not-yet-stable target at 1279,407
2026-07-19 11:51:50 [12-track-and-click] FindFilledBlock: found at 1263,421 (33x33 0xFFFF00 tol=5, 16 ms)
2026-07-19 11:51:50 [12-track-and-click] Tracking not-yet-stable target at 1263,421
2026-07-19 11:51:51 [12-track-and-click] FindFilledBlock: found at 1237,431 (33x33 0xFFFF00 tol=5, 16 ms)
2026-07-19 11:51:51 [12-track-and-click] Tracking not-yet-stable target at 1237,431
2026-07-19 11:51:51 [12-track-and-click] FindFilledBlock: found at 1241,431 (33x33 0xFFFF00 tol=5, 15 ms)
2026-07-19 11:51:51 [12-track-and-click] Tracking not-yet-stable target at 1241,431
2026-07-19 11:51:52 [12-track-and-click] FindFilledBlock: found at 1269,423 (33x33 0xFFFF00 tol=5, 16 ms)
2026-07-19 11:51:52 [12-track-and-click] Tracking not-yet-stable target at 1269,423
2026-07-19 11:51:52 [12-track-and-click] FindFilledBlock: found at 1337,413 (33x33 0xFFFF00 tol=5, 16 ms)
2026-07-19 11:51:52 [12-track-and-click] Tracking not-yet-stable target at 1337,413
2026-07-19 11:51:52 [12-track-and-click] FindFilledBlock: found at 1491,445 (33x33 0xFFFF00 tol=5, 16 ms)
2026-07-19 11:51:52 [12-track-and-click] Tracking not-yet-stable target at 1491,445
2026-07-19 11:51:53 [12-track-and-click] FindFilledBlock: found at 1537,421 (33x33 0xFFFF00 tol=5, 15 ms)
2026-07-19 11:51:53 [12-track-and-click] Tracking not-yet-stable target at 1537,421
2026-07-19 11:51:53 [12-track-and-click] FindFilledBlock: found at 1575,393 (33x33 0xFFFF00 tol=5, 15 ms)
2026-07-19 11:51:53 [12-track-and-click] Tracking not-yet-stable target at 1575,393
2026-07-19 11:51:54 [12-track-and-click] FindFilledBlock: found at 1607,369 (33x33 0xFFFF00 tol=5, 15 ms)
2026-07-19 11:51:54 [12-track-and-click] Tracking not-yet-stable target at 1607,369
2026-07-19 11:51:54 [12-track-and-click] FindFilledBlock: found at 1621,375 (33x33 0xFFFF00 tol=5, 0 ms)
2026-07-19 11:51:54 [12-track-and-click] Tracking not-yet-stable target at 1621,375
2026-07-19 11:51:54 [12-track-and-click] FindFilledBlock: found at 1679,339 (33x33 0xFFFF00 tol=5, 0 ms)
2026-07-19 11:51:54 [12-track-and-click] Tracking not-yet-stable target at 1679,339
2026-07-19 11:51:55 [12-track-and-click] FindFilledBlock: found at 1729,351 (33x33 0xFFFF00 tol=5, 16 ms)
2026-07-19 11:51:55 [12-track-and-click] Tracking not-yet-stable target at 1729,351
2026-07-19 11:51:55 [12-track-and-click] FindFilledBlock: found at 1787,353 (33x33 0xFFFF00 tol=5, 16 ms)
2026-07-19 11:51:55 [12-track-and-click] Tracking not-yet-stable target at 1787,353
2026-07-19 11:51:56 [12-track-and-click] FindFilledBlock: found at 1823,345 (33x33 0xFFFF00 tol=5, 16 ms)
2026-07-19 11:51:56 [12-track-and-click] Tracking not-yet-stable target at 1823,345
2026-07-19 11:51:56 [12-track-and-click] FindFilledBlock: found at 1837,323 (33x33 0xFFFF00 tol=5, 0 ms)
2026-07-19 11:51:56 [12-track-and-click] Tracking not-yet-stable target at 1837,323
2026-07-19 11:51:56 [12-track-and-click] FindFilledBlock: found at 1859,295 (33x33 0xFFFF00 tol=5, 0 ms)
2026-07-19 11:51:56 [12-track-and-click] Tracking not-yet-stable target at 1859,295
2026-07-19 11:51:57 [12-track-and-click] FindFilledBlock: found at 1879,275 (33x33 0xFFFF00 tol=5, 0 ms)
2026-07-19 11:51:57 [12-track-and-click] Tracking not-yet-stable target at 1879,275
2026-07-19 11:51:57 [12-track-and-click] FindFilledBlock: found at 1867,289 (33x33 0xFFFF00 tol=5, 16 ms)
2026-07-19 11:51:57 [12-track-and-click] Tracking not-yet-stable target at 1867,289
2026-07-19 11:51:57 [12-track-and-click] FindFilledBlock: found at 1869,287 (33x33 0xFFFF00 tol=5, 16 ms)
2026-07-19 11:51:57 [12-track-and-click] Tracking not-yet-stable target at 1869,287
2026-07-19 11:51:58 [12-track-and-click] FindFilledBlock: not found (33x33 0xFFFF00 tol=5, 0 ms)
2026-07-19 11:51:58 [12-track-and-click] Target depleted or lost - re-acquiring
2026-07-19 11:51:58 [12-track-and-click] FindFilledBlock: found at 1871,285 (33x33 0xFFFF00 tol=5, 63 ms)
2026-07-19 11:51:58 [12-track-and-click] Acquired new target at 1871,285
2026-07-19 11:51:59 [12-track-and-click] FindFilledBlock: found at 1871,285 (33x33 0xFFFF00 tol=5, 16 ms)
2026-07-19 11:51:59 [12-track-and-click] Clicked initial/re-click target at 1871,285
2026-07-19 11:51:59 [12-track-and-click] FindFilledBlock: found at 1869,287 (33x33 0xFFFF00 tol=5, 16 ms)
2026-07-19 11:51:59 [12-track-and-click] Tracking not-yet-stable target at 1869,287
2026-07-19 11:52:00 [12-track-and-click] Script loaded. F5=start loop  F8=probe color under cursor  F6=stop  Esc=exit. Target=0xFFFF00 IndicatorSlot=28 VerifyPercent=100
2026-07-19 11:52:05 [12-track-and-click] TrackAndClick started: color=0xFFFF00 tol=5 block=33x33 trackRadius=220 indicatorSlot=28 overallTimeout=90000ms
2026-07-19 11:52:05 [12-track-and-click] FindFilledBlock: found at 1835,287 (33x33 0xFFFF00 tol=5, 63 ms)
2026-07-19 11:52:05 [12-track-and-click] Acquired new target at 1835,287
2026-07-19 11:52:06 [12-track-and-click] FindFilledBlock: found at 1835,287 (33x33 0xFFFF00 tol=5, 16 ms)
2026-07-19 11:52:06 [12-track-and-click] Clicked initial/re-click target at 1835,287
2026-07-19 11:52:06 [12-track-and-click] FindFilledBlock: found at 1835,287 (33x33 0xFFFF00 tol=5, 16 ms)
2026-07-19 11:52:06 [12-track-and-click] Tracking not-yet-stable target at 1835,287
2026-07-19 11:52:07 [12-track-and-click] FindFilledBlock: found at 1853,269 (33x33 0xFFFF00 tol=5, 0 ms)
2026-07-19 11:52:07 [12-track-and-click] Tracking not-yet-stable target at 1853,269
2026-07-19 11:52:07 [12-track-and-click] FindFilledBlock: found at 1825,323 (33x33 0xFFFF00 tol=5, 0 ms)
2026-07-19 11:52:07 [12-track-and-click] Tracking not-yet-stable target at 1825,323
2026-07-19 11:52:08 [12-track-and-click] FindFilledBlock: found at 1859,315 (33x33 0xFFFF00 tol=5, 16 ms)
2026-07-19 11:52:08 [12-track-and-click] Tracking not-yet-stable target at 1859,315
2026-07-19 11:52:08 [12-track-and-click] F6 pressed - stop requested
2026-07-19 11:52:08 [12-track-and-click] STOPPED by F6 after 2437 ms
2026-07-19 11:52:14 [12-track-and-click] Script loaded. F5=start loop  F8=probe color under cursor  F6=stop  Esc=exit. Target=0xFFFF00 IndicatorSlot=28 VerifyPercent=100
2026-07-19 11:52:29 [12-track-and-click] TrackAndClick started: color=0xFFFF00 tol=5 block=33x33 trackRadius=220 indicatorSlot=28 overallTimeout=90000ms
2026-07-19 11:52:29 [12-track-and-click] FindFilledBlock: found at 1405,1277 (33x33 0xFFFF00 tol=5, 78 ms)
2026-07-19 11:52:29 [12-track-and-click] Acquired new target at 1405,1277
2026-07-19 11:52:30 [12-track-and-click] FindFilledBlock: found at 1405,1277 (33x33 0xFFFF00 tol=5, 16 ms)
2026-07-19 11:52:30 [12-track-and-click] Clicked initial/re-click target at 1405,1277
2026-07-19 11:52:30 [12-track-and-click] FindFilledBlock: found at 1405,1277 (33x33 0xFFFF00 tol=5, 15 ms)
2026-07-19 11:52:30 [12-track-and-click] Tracking not-yet-stable target at 1405,1277
2026-07-19 11:52:31 [12-track-and-click] FindFilledBlock: found at 1379,1247 (33x33 0xFFFF00 tol=5, 16 ms)
2026-07-19 11:52:31 [12-track-and-click] Tracking not-yet-stable target at 1379,1247
2026-07-19 11:52:31 [12-track-and-click] FindFilledBlock: found at 1325,1183 (33x33 0xFFFF00 tol=5, 16 ms)
2026-07-19 11:52:31 [12-track-and-click] Tracking not-yet-stable target at 1325,1183
2026-07-19 11:52:32 [12-track-and-click] FindFilledBlock: found at 1297,1121 (33x33 0xFFFF00 tol=5, 0 ms)
2026-07-19 11:52:32 [12-track-and-click] Tracking not-yet-stable target at 1297,1121
2026-07-19 11:52:32 [12-track-and-click] FindFilledBlock: found at 1263,1065 (33x33 0xFFFF00 tol=5, 0 ms)
2026-07-19 11:52:32 [12-track-and-click] Tracking not-yet-stable target at 1263,1065
2026-07-19 11:52:32 [12-track-and-click] FindFilledBlock: found at 1243,1007 (33x33 0xFFFF00 tol=5, 16 ms)
2026-07-19 11:52:32 [12-track-and-click] Tracking not-yet-stable target at 1243,1007
2026-07-19 11:52:33 [12-track-and-click] Script loaded. F5=start loop  F8=probe color under cursor  F6=stop  Esc=exit. Target=0xFFFF00 IndicatorSlot=28 VerifyPercent=100
2026-07-19 11:53:37 [12-track-and-click] Esc pressed - exiting
