2026-08-01 15:11:18 [03-click-jitter] micro03: ready - F5 run, F6 stop, F12 exit, F8 probe
2026-08-01 15:11:20 [03-click-jitter] scatter 1: (962,542) inBounds=1
2026-08-01 15:11:20 [03-click-jitter] scatter 2: (969,544) inBounds=1
2026-08-01 15:11:20 [03-click-jitter] scatter 3: (947,541) inBounds=1
2026-08-01 15:11:20 [03-click-jitter] scatter 4: (950,544) inBounds=1
2026-08-01 15:11:20 [03-click-jitter] scatter 5: (957,531) inBounds=1
2026-08-01 15:11:20 [03-click-jitter] scatter 6: (956,551) inBounds=1
2026-08-01 15:11:20 [03-click-jitter] scatter 7: (945,538) inBounds=1
2026-08-01 15:11:20 [03-click-jitter] scatter 8: (967,544) inBounds=1
2026-08-01 15:11:20 [03-click-jitter] scatter 9: (951,540) inBounds=1
2026-08-01 15:11:20 [03-click-jitter] scatter 10: (964,539) inBounds=1
2026-08-01 15:11:20 [03-click-jitter] scatter 11: (971,536) inBounds=1
2026-08-01 15:11:20 [03-click-jitter] scatter 12: (974,547) inBounds=1
2026-08-01 15:11:20 [03-click-jitter] scatter 13: (967,532) inBounds=1
2026-08-01 15:11:20 [03-click-jitter] scatter 14: (958,539) inBounds=1
2026-08-01 15:11:20 [03-click-jitter] scatter 15: (967,529) inBounds=1
2026-08-01 15:11:20 [03-click-jitter] scatter 16: (967,534) inBounds=1
2026-08-01 15:11:20 [03-click-jitter] scatter 17: (967,544) inBounds=1
2026-08-01 15:11:20 [03-click-jitter] scatter 18: (960,533) inBounds=1
2026-08-01 15:11:20 [03-click-jitter] scatter 19: (948,534) inBounds=1
2026-08-01 15:11:20 [03-click-jitter] scatter 20: (954,542) inBounds=1
2026-08-01 15:11:20 [03-click-jitter] scatter 21: (973,548) inBounds=1
2026-08-01 15:11:20 [03-click-jitter] scatter 22: (954,534) inBounds=1
2026-08-01 15:11:20 [03-click-jitter] scatter 23: (958,538) inBounds=1
2026-08-01 15:11:20 [03-click-jitter] scatter 24: (966,533) inBounds=1
2026-08-01 15:11:20 [03-click-jitter] scatter 25: (959,547) inBounds=1
2026-08-01 15:11:20 [03-click-jitter] scatter 26: (950,535) inBounds=1
2026-08-01 15:11:20 [03-click-jitter] scatter 27: (956,541) inBounds=1
2026-08-01 15:11:20 [03-click-jitter] scatter 28: (957,548) inBounds=1
2026-08-01 15:11:20 [03-click-jitter] scatter 29: (954,542) inBounds=1
2026-08-01 15:11:20 [03-click-jitter] scatter 30: (973,544) inBounds=1
2026-08-01 15:11:20 [03-click-jitter] scatter 31: (961,536) inBounds=1
2026-08-01 15:11:20 [03-click-jitter] scatter 32: (945,531) inBounds=1
2026-08-01 15:11:20 [03-click-jitter] scatter 33: (954,544) inBounds=1
2026-08-01 15:11:20 [03-click-jitter] scatter 34: (957,550) inBounds=1
2026-08-01 15:11:20 [03-click-jitter] scatter 35: (960,546) inBounds=1
2026-08-01 15:11:20 [03-click-jitter] scatter 36: (959,537) inBounds=1
2026-08-01 15:11:20 [03-click-jitter] scatter 37: (960,543) inBounds=1
2026-08-01 15:11:20 [03-click-jitter] scatter 38: (959,540) inBounds=1
2026-08-01 15:11:20 [03-click-jitter] scatter 39: (944,531) inBounds=1
2026-08-01 15:11:20 [03-click-jitter] scatter 40: (962,535) inBounds=1
2026-08-01 15:11:20 [03-click-jitter] scatter 41: (958,545) inBounds=1
2026-08-01 15:11:20 [03-click-jitter] scatter 42: (966,542) inBounds=1
2026-08-01 15:11:20 [03-click-jitter] scatter 43: (976,535) inBounds=1
2026-08-01 15:11:20 [03-click-jitter] scatter 44: (954,530) inBounds=1
2026-08-01 15:11:20 [03-click-jitter] scatter 45: (959,538) inBounds=1
2026-08-01 15:11:20 [03-click-jitter] scatter 46: (951,541) inBounds=1
2026-08-01 15:11:20 [03-click-jitter] scatter 47: (947,532) inBounds=1
2026-08-01 15:11:20 [03-click-jitter] scatter 48: (948,535) inBounds=1
2026-08-01 15:11:20 [03-click-jitter] scatter 49: (952,532) inBounds=1
2026-08-01 15:11:20 [03-click-jitter] scatter 50: (959,539) inBounds=1
2026-08-01 15:11:20 [03-click-jitter] SCATTER: PASS (50/50 offsets in-cell)
2026-08-01 15:11:20 [03-click-jitter] micro03: DONE
2026-08-01 15:11:21 [03-click-jitter] scatter 1: (959,540) inBounds=1
2026-08-01 15:11:21 [03-click-jitter] scatter 2: (955,536) inBounds=1
2026-08-01 15:11:21 [03-click-jitter] scatter 3: (961,532) inBounds=1
2026-08-01 15:11:21 [03-click-jitter] scatter 4: (954,541) inBounds=1
2026-08-01 15:11:21 [03-click-jitter] scatter 5: (965,540) inBounds=1
2026-08-01 15:11:21 [03-click-jitter] scatter 6: (957,547) inBounds=1
2026-08-01 15:11:21 [03-click-jitter] scatter 7: (954,538) inBounds=1
2026-08-01 15:11:21 [03-click-jitter] scatter 8: (949,540) inBounds=1
2026-08-01 15:11:21 [03-click-jitter] scatter 9: (965,535) inBounds=1
2026-08-01 15:11:21 [03-click-jitter] scatter 10: (957,542) inBounds=1
2026-08-01 15:11:21 [03-click-jitter] scatter 11: (968,532) inBounds=1
2026-08-01 15:11:21 [03-click-jitter] scatter 12: (959,552) inBounds=1
2026-08-01 15:11:22 [03-click-jitter] scatter 13: (965,547) inBounds=1
2026-08-01 15:11:22 [03-click-jitter] scatter 14: (971,541) inBounds=1
2026-08-01 15:11:22 [03-click-jitter] scatter 15: (969,545) inBounds=1
2026-08-01 15:11:22 [03-click-jitter] scatter 16: (951,537) inBounds=1
2026-08-01 15:11:22 [03-click-jitter] scatter 17: (962,542) inBounds=1
2026-08-01 15:11:22 [03-click-jitter] scatter 18: (961,542) inBounds=1
2026-08-01 15:11:22 [03-click-jitter] scatter 19: (960,536) inBounds=1
2026-08-01 15:11:22 [03-click-jitter] scatter 20: (954,540) inBounds=1
2026-08-01 15:11:22 [03-click-jitter] scatter 21: (964,534) inBounds=1
2026-08-01 15:11:22 [03-click-jitter] scatter 22: (945,544) inBounds=1
2026-08-01 15:11:22 [03-click-jitter] scatter 23: (977,543) inBounds=1
2026-08-01 15:11:22 [03-click-jitter] scatter 24: (966,535) inBounds=1
2026-08-01 15:11:22 [03-click-jitter] scatter 25: (975,541) inBounds=1
2026-08-01 15:11:22 [03-click-jitter] scatter 26: (960,539) inBounds=1
2026-08-01 15:11:22 [03-click-jitter] scatter 27: (965,534) inBounds=1
2026-08-01 15:11:22 [03-click-jitter] scatter 28: (958,544) inBounds=1
2026-08-01 15:11:22 [03-click-jitter] scatter 29: (977,533) inBounds=1
2026-08-01 15:11:22 [03-click-jitter] scatter 30: (967,548) inBounds=1
2026-08-01 15:11:22 [03-click-jitter] scatter 31: (977,546) inBounds=1
2026-08-01 15:11:22 [03-click-jitter] scatter 32: (961,540) inBounds=1
2026-08-01 15:11:22 [03-click-jitter] scatter 33: (969,544) inBounds=1
2026-08-01 15:11:22 [03-click-jitter] scatter 34: (970,542) inBounds=1
2026-08-01 15:11:22 [03-click-jitter] scatter 35: (959,541) inBounds=1
2026-08-01 15:11:22 [03-click-jitter] scatter 36: (950,539) inBounds=1
2026-08-01 15:11:22 [03-click-jitter] scatter 37: (950,538) inBounds=1
2026-08-01 15:11:22 [03-click-jitter] scatter 38: (962,545) inBounds=1
2026-08-01 15:11:22 [03-click-jitter] scatter 39: (957,530) inBounds=1
2026-08-01 15:11:22 [03-click-jitter] scatter 40: (954,532) inBounds=1
2026-08-01 15:11:22 [03-click-jitter] scatter 41: (964,546) inBounds=1
2026-08-01 15:11:22 [03-click-jitter] scatter 42: (972,550) inBounds=1
2026-08-01 15:11:22 [03-click-jitter] scatter 43: (959,545) inBounds=1
2026-08-01 15:11:22 [03-click-jitter] scatter 44: (970,533) inBounds=1
2026-08-01 15:11:22 [03-click-jitter] scatter 45: (955,540) inBounds=1
2026-08-01 15:11:22 [03-click-jitter] scatter 46: (961,531) inBounds=1
2026-08-01 15:11:22 [03-click-jitter] scatter 47: (966,540) inBounds=1
2026-08-01 15:11:22 [03-click-jitter] scatter 48: (954,537) inBounds=1
2026-08-01 15:11:22 [03-click-jitter] scatter 49: (955,540) inBounds=1
2026-08-01 15:11:22 [03-click-jitter] scatter 50: (965,533) inBounds=1
2026-08-01 15:11:22 [03-click-jitter] SCATTER: PASS (50/50 offsets in-cell)
2026-08-01 15:11:22 [03-click-jitter] micro03: DONE
2026-08-01 15:11:25 [03-click-jitter] micro03: ready - F5 run, F6 stop, F12 exit, F8 probe
2026-08-01 15:11:26 [03-click-jitter] scatter 1: (957,532) inBounds=1
2026-08-01 15:11:26 [03-click-jitter] scatter 2: (951,543) inBounds=1
2026-08-01 15:11:26 [03-click-jitter] scatter 3: (966,538) inBounds=1
2026-08-01 15:11:26 [03-click-jitter] scatter 4: (954,535) inBounds=1
2026-08-01 15:11:26 [03-click-jitter] scatter 5: (952,534) inBounds=1
2026-08-01 15:11:26 [03-click-jitter] scatter 6: (944,534) inBounds=1
2026-08-01 15:11:26 [03-click-jitter] scatter 7: (948,546) inBounds=1
2026-08-01 15:11:26 [03-click-jitter] scatter 8: (951,530) inBounds=1
2026-08-01 15:11:26 [03-click-jitter] scatter 9: (957,537) inBounds=1
2026-08-01 15:11:26 [03-click-jitter] scatter 10: (954,540) inBounds=1
2026-08-01 15:11:26 [03-click-jitter] scatter 11: (963,541) inBounds=1
2026-08-01 15:11:26 [03-click-jitter] scatter 12: (945,531) inBounds=1
2026-08-01 15:11:26 [03-click-jitter] scatter 13: (943,542) inBounds=1
2026-08-01 15:11:26 [03-click-jitter] scatter 14: (960,547) inBounds=1
2026-08-01 15:11:26 [03-click-jitter] scatter 15: (960,545) inBounds=1
2026-08-01 15:11:26 [03-click-jitter] scatter 16: (971,538) inBounds=1
2026-08-01 15:11:26 [03-click-jitter] scatter 17: (969,543) inBounds=1
2026-08-01 15:11:26 [03-click-jitter] scatter 18: (955,538) inBounds=1
2026-08-01 15:11:26 [03-click-jitter] scatter 19: (968,530) inBounds=1
2026-08-01 15:11:26 [03-click-jitter] scatter 20: (978,548) inBounds=1
2026-08-01 15:11:26 [03-click-jitter] scatter 21: (958,535) inBounds=1
2026-08-01 15:11:26 [03-click-jitter] scatter 22: (973,536) inBounds=1
2026-08-01 15:11:26 [03-click-jitter] scatter 23: (961,539) inBounds=1
2026-08-01 15:11:26 [03-click-jitter] scatter 24: (974,547) inBounds=1
2026-08-01 15:11:26 [03-click-jitter] scatter 25: (966,541) inBounds=1
2026-08-01 15:11:26 [03-click-jitter] scatter 26: (970,539) inBounds=1
2026-08-01 15:11:26 [03-click-jitter] scatter 27: (955,541) inBounds=1
2026-08-01 15:11:26 [03-click-jitter] scatter 28: (957,545) inBounds=1
2026-08-01 15:11:26 [03-click-jitter] scatter 29: (965,529) inBounds=1
2026-08-01 15:11:26 [03-click-jitter] scatter 30: (950,549) inBounds=1
2026-08-01 15:11:27 [03-click-jitter] scatter 31: (959,537) inBounds=1
2026-08-01 15:11:27 [03-click-jitter] scatter 32: (957,538) inBounds=1
2026-08-01 15:11:27 [03-click-jitter] scatter 33: (978,529) inBounds=1
2026-08-01 15:11:27 [03-click-jitter] scatter 34: (959,535) inBounds=1
2026-08-01 15:11:27 [03-click-jitter] scatter 35: (959,543) inBounds=1
2026-08-01 15:11:27 [03-click-jitter] scatter 36: (964,541) inBounds=1
2026-08-01 15:11:27 [03-click-jitter] scatter 37: (958,540) inBounds=1
2026-08-01 15:11:27 [03-click-jitter] scatter 38: (960,538) inBounds=1
2026-08-01 15:11:27 [03-click-jitter] scatter 39: (961,540) inBounds=1
2026-08-01 15:11:27 [03-click-jitter] scatter 40: (960,540) inBounds=1
2026-08-01 15:11:27 [03-click-jitter] scatter 41: (951,536) inBounds=1
2026-08-01 15:11:27 [03-click-jitter] scatter 42: (961,546) inBounds=1
2026-08-01 15:11:27 [03-click-jitter] scatter 43: (963,534) inBounds=1
2026-08-01 15:11:27 [03-click-jitter] scatter 44: (968,534) inBounds=1
2026-08-01 15:11:27 [03-click-jitter] scatter 45: (943,551) inBounds=1
2026-08-01 15:11:27 [03-click-jitter] scatter 46: (966,537) inBounds=1
2026-08-01 15:11:27 [03-click-jitter] scatter 47: (954,541) inBounds=1
2026-08-01 15:11:27 [03-click-jitter] scatter 48: (961,536) inBounds=1
2026-08-01 15:11:27 [03-click-jitter] scatter 49: (963,544) inBounds=1
2026-08-01 15:11:27 [03-click-jitter] scatter 50: (957,539) inBounds=1
2026-08-01 15:11:27 [03-click-jitter] SCATTER: PASS (50/50 offsets in-cell)
2026-08-01 15:11:27 [03-click-jitter] micro03: DONE
2026-08-01 15:11:28 [03-click-jitter] scatter 1: (949,541) inBounds=1
2026-08-01 15:11:28 [03-click-jitter] scatter 2: (963,538) inBounds=1
2026-08-01 15:11:28 [03-click-jitter] scatter 3: (971,537) inBounds=1
2026-08-01 15:11:28 [03-click-jitter] scatter 4: (969,533) inBounds=1
2026-08-01 15:11:28 [03-click-jitter] scatter 5: (961,541) inBounds=1
2026-08-01 15:11:28 [03-click-jitter] scatter 6: (953,545) inBounds=1
2026-08-01 15:11:28 [03-click-jitter] scatter 7: (945,543) inBounds=1
2026-08-01 15:11:28 [03-click-jitter] scatter 8: (966,538) inBounds=1
2026-08-01 15:11:28 [03-click-jitter] scatter 9: (956,547) inBounds=1
2026-08-01 15:11:28 [03-click-jitter] scatter 10: (948,548) inBounds=1
2026-08-01 15:11:28 [03-click-jitter] scatter 11: (956,540) inBounds=1
2026-08-01 15:11:28 [03-click-jitter] scatter 12: (953,544) inBounds=1
2026-08-01 15:11:28 [03-click-jitter] scatter 13: (949,538) inBounds=1
2026-08-01 15:11:28 [03-click-jitter] scatter 14: (956,541) inBounds=1
2026-08-01 15:11:28 [03-click-jitter] scatter 15: (969,543) inBounds=1
2026-08-01 15:11:28 [03-click-jitter] scatter 16: (966,547) inBounds=1
2026-08-01 15:11:28 [03-click-jitter] scatter 17: (952,536) inBounds=1
2026-08-01 15:11:28 [03-click-jitter] scatter 18: (969,539) inBounds=1
2026-08-01 15:11:28 [03-click-jitter] scatter 19: (971,535) inBounds=1
2026-08-01 15:11:28 [03-click-jitter] scatter 20: (962,530) inBounds=1
2026-08-01 15:11:28 [03-click-jitter] scatter 21: (952,550) inBounds=1
2026-08-01 15:11:28 [03-click-jitter] scatter 22: (970,535) inBounds=1
2026-08-01 15:11:28 [03-click-jitter] scatter 23: (951,549) inBounds=1
2026-08-01 15:11:28 [03-click-jitter] scatter 24: (945,529) inBounds=1
2026-08-01 15:11:28 [03-click-jitter] scatter 25: (958,536) inBounds=1
2026-08-01 15:11:28 [03-click-jitter] scatter 26: (956,538) inBounds=1
2026-08-01 15:11:28 [03-click-jitter] scatter 27: (970,533) inBounds=1
2026-08-01 15:11:28 [03-click-jitter] scatter 28: (959,540) inBounds=1
2026-08-01 15:11:28 [03-click-jitter] scatter 29: (955,540) inBounds=1
2026-08-01 15:11:28 [03-click-jitter] scatter 30: (959,545) inBounds=1
2026-08-01 15:11:28 [03-click-jitter] scatter 31: (954,543) inBounds=1
2026-08-01 15:11:28 [03-click-jitter] scatter 32: (956,540) inBounds=1
2026-08-01 15:11:28 [03-click-jitter] scatter 33: (961,538) inBounds=1
2026-08-01 15:11:28 [03-click-jitter] scatter 34: (958,541) inBounds=1
2026-08-01 15:11:28 [03-click-jitter] scatter 35: (962,535) inBounds=1
2026-08-01 15:11:28 [03-click-jitter] scatter 36: (969,546) inBounds=1
2026-08-01 15:11:28 [03-click-jitter] scatter 37: (964,540) inBounds=1
2026-08-01 15:11:28 [03-click-jitter] scatter 38: (955,538) inBounds=1
2026-08-01 15:11:28 [03-click-jitter] scatter 39: (965,543) inBounds=1
2026-08-01 15:11:28 [03-click-jitter] scatter 40: (958,549) inBounds=1
2026-08-01 15:11:28 [03-click-jitter] scatter 41: (959,530) inBounds=1
2026-08-01 15:11:28 [03-click-jitter] scatter 42: (976,537) inBounds=1
2026-08-01 15:11:28 [03-click-jitter] scatter 43: (956,549) inBounds=1
2026-08-01 15:11:28 [03-click-jitter] scatter 44: (964,540) inBounds=1
2026-08-01 15:11:28 [03-click-jitter] scatter 45: (963,550) inBounds=1
2026-08-01 15:11:28 [03-click-jitter] scatter 46: (955,544) inBounds=1
2026-08-01 15:11:28 [03-click-jitter] scatter 47: (957,538) inBounds=1
2026-08-01 15:11:28 [03-click-jitter] scatter 48: (968,535) inBounds=1
2026-08-01 15:11:28 [03-click-jitter] scatter 49: (955,530) inBounds=1
2026-08-01 15:11:28 [03-click-jitter] scatter 50: (968,546) inBounds=1
2026-08-01 15:11:28 [03-click-jitter] SCATTER: PASS (50/50 offsets in-cell)
2026-08-01 15:11:28 [03-click-jitter] micro03: DONE
2026-08-01 15:11:30 [03-click-jitter] stop requested
2026-08-01 15:11:30 [03-click-jitter] scatter 1: (961,532) inBounds=1
2026-08-01 15:11:30 [03-click-jitter] scatter 2: (957,543) inBounds=1
2026-08-01 15:11:30 [03-click-jitter] scatter 3: (958,540) inBounds=1
2026-08-01 15:11:30 [03-click-jitter] scatter 4: (974,544) inBounds=1
2026-08-01 15:11:30 [03-click-jitter] scatter 5: (964,541) inBounds=1
2026-08-01 15:11:30 [03-click-jitter] scatter 6: (958,542) inBounds=1
2026-08-01 15:11:30 [03-click-jitter] scatter 7: (962,541) inBounds=1
2026-08-01 15:11:30 [03-click-jitter] scatter 8: (950,545) inBounds=1
2026-08-01 15:11:30 [03-click-jitter] scatter 9: (971,535) inBounds=1
2026-08-01 15:11:30 [03-click-jitter] scatter 10: (971,541) inBounds=1
2026-08-01 15:11:30 [03-click-jitter] scatter 11: (956,539) inBounds=1
2026-08-01 15:11:30 [03-click-jitter] scatter 12: (947,544) inBounds=1
2026-08-01 15:11:30 [03-click-jitter] scatter 13: (969,551) inBounds=1
2026-08-01 15:11:30 [03-click-jitter] scatter 14: (955,546) inBounds=1
2026-08-01 15:11:30 [03-click-jitter] scatter 15: (965,543) inBounds=1
2026-08-01 15:11:30 [03-click-jitter] scatter 16: (960,533) inBounds=1
2026-08-01 15:11:30 [03-click-jitter] scatter 17: (950,536) inBounds=1
2026-08-01 15:11:30 [03-click-jitter] scatter 18: (958,545) inBounds=1
2026-08-01 15:11:30 [03-click-jitter] scatter 19: (954,542) inBounds=1
2026-08-01 15:11:30 [03-click-jitter] scatter 20: (963,536) inBounds=1
2026-08-01 15:11:30 [03-click-jitter] scatter 21: (956,549) inBounds=1
2026-08-01 15:11:30 [03-click-jitter] scatter 22: (947,544) inBounds=1
2026-08-01 15:11:30 [03-click-jitter] scatter 23: (966,542) inBounds=1
2026-08-01 15:11:30 [03-click-jitter] scatter 24: (963,539) inBounds=1
2026-08-01 15:11:30 [03-click-jitter] scatter 25: (960,538) inBounds=1
2026-08-01 15:11:30 [03-click-jitter] scatter 26: (950,536) inBounds=1
2026-08-01 15:11:30 [03-click-jitter] scatter 27: (957,547) inBounds=1
2026-08-01 15:11:30 [03-click-jitter] scatter 28: (960,547) inBounds=1
2026-08-01 15:11:30 [03-click-jitter] scatter 29: (955,537) inBounds=1
2026-08-01 15:11:30 [03-click-jitter] scatter 30: (948,540) inBounds=1
2026-08-01 15:11:30 [03-click-jitter] scatter 31: (949,536) inBounds=1
2026-08-01 15:11:30 [03-click-jitter] scatter 32: (965,538) inBounds=1
2026-08-01 15:11:30 [03-click-jitter] scatter 33: (961,533) inBounds=1
2026-08-01 15:11:30 [03-click-jitter] scatter 34: (958,534) inBounds=1
2026-08-01 15:11:30 [03-click-jitter] scatter 35: (958,537) inBounds=1
2026-08-01 15:11:30 [03-click-jitter] scatter 36: (946,550) inBounds=1
2026-08-01 15:11:30 [03-click-jitter] scatter 37: (975,548) inBounds=1
2026-08-01 15:11:30 [03-click-jitter] scatter 38: (959,538) inBounds=1
2026-08-01 15:11:30 [03-click-jitter] scatter 39: (949,541) inBounds=1
2026-08-01 15:11:30 [03-click-jitter] scatter 40: (960,543) inBounds=1
2026-08-01 15:11:30 [03-click-jitter] scatter 41: (958,542) inBounds=1
2026-08-01 15:11:30 [03-click-jitter] scatter 42: (965,545) inBounds=1
2026-08-01 15:11:30 [03-click-jitter] scatter 43: (962,544) inBounds=1
2026-08-01 15:11:30 [03-click-jitter] scatter 44: (963,542) inBounds=1
2026-08-01 15:11:30 [03-click-jitter] scatter 45: (955,538) inBounds=1
2026-08-01 15:11:30 [03-click-jitter] scatter 46: (970,536) inBounds=1
2026-08-01 15:11:30 [03-click-jitter] scatter 47: (964,534) inBounds=1
2026-08-01 15:11:30 [03-click-jitter] scatter 48: (971,547) inBounds=1
2026-08-01 15:11:30 [03-click-jitter] scatter 49: (967,543) inBounds=1
2026-08-01 15:11:30 [03-click-jitter] scatter 50: (974,532) inBounds=1
2026-08-01 15:11:30 [03-click-jitter] SCATTER: PASS (50/50 offsets in-cell)
2026-08-01 15:11:30 [03-click-jitter] micro03: DONE
2026-08-01 15:11:31 [03-click-jitter] stop requested
2026-08-01 15:11:44 [03-click-jitter] live-click 1/5 done
2026-08-01 15:11:44 [03-click-jitter] live-click 2/5 done
2026-08-01 15:11:45 [03-click-jitter] live-click 3/5 done
2026-08-01 15:11:46 [03-click-jitter] live-click 4/5 done
2026-08-01 15:11:46 [03-click-jitter] live-click 5/5 done
2026-08-01 15:11:47 [03-click-jitter] micro03 probe: DONE
2026-08-01 15:11:56 [03-click-jitter] live-click 1/5 done
2026-08-01 15:11:56 [03-click-jitter] live-click 2/5 done
2026-08-01 15:11:57 [03-click-jitter] live-click 3/5 done
2026-08-01 15:11:58 [03-click-jitter] live-click 4/5 done
2026-08-01 15:11:58 [03-click-jitter] live-click 5/5 done
2026-08-01 15:11:59 [03-click-jitter] micro03 probe: DONE
2026-08-01 15:12:00 [03-click-jitter] live-click 1/5 done
2026-08-01 15:12:00 [03-click-jitter] live-click 2/5 done
2026-08-01 15:12:01 [03-click-jitter] live-click 3/5 done
2026-08-01 15:12:02 [03-click-jitter] live-click 4/5 done
2026-08-01 15:12:02 [03-click-jitter] live-click 5/5 done
2026-08-01 15:12:03 [03-click-jitter] micro03 probe: DONE
2026-08-01 15:13:29 [03-click-jitter] micro03: ready - F5 run, F6 stop, F12 exit, F8 probe
2026-08-01 15:13:33 [03-click-jitter] scatter 1: (806,337) inBounds=1
2026-08-01 15:13:33 [03-click-jitter] scatter 2: (811,353) inBounds=1
2026-08-01 15:13:33 [03-click-jitter] scatter 3: (818,336) inBounds=1
2026-08-01 15:13:33 [03-click-jitter] scatter 4: (816,350) inBounds=1
2026-08-01 15:13:33 [03-click-jitter] scatter 5: (812,343) inBounds=1
2026-08-01 15:13:33 [03-click-jitter] scatter 6: (804,346) inBounds=1
2026-08-01 15:13:33 [03-click-jitter] scatter 7: (814,342) inBounds=1
2026-08-01 15:13:33 [03-click-jitter] scatter 8: (808,354) inBounds=1
2026-08-01 15:13:33 [03-click-jitter] scatter 9: (805,347) inBounds=1
2026-08-01 15:13:33 [03-click-jitter] scatter 10: (798,341) inBounds=1
2026-08-01 15:13:34 [03-click-jitter] scatter 11: (807,348) inBounds=1
2026-08-01 15:13:34 [03-click-jitter] scatter 12: (822,348) inBounds=1
2026-08-01 15:13:34 [03-click-jitter] scatter 13: (815,352) inBounds=1
2026-08-01 15:13:34 [03-click-jitter] scatter 14: (799,329) inBounds=1
2026-08-01 15:13:34 [03-click-jitter] scatter 15: (811,340) inBounds=1
2026-08-01 15:13:34 [03-click-jitter] scatter 16: (809,342) inBounds=1
2026-08-01 15:13:34 [03-click-jitter] scatter 17: (802,344) inBounds=1
2026-08-01 15:13:34 [03-click-jitter] scatter 18: (807,347) inBounds=1
2026-08-01 15:13:34 [03-click-jitter] scatter 19: (793,345) inBounds=1
2026-08-01 15:13:34 [03-click-jitter] scatter 20: (800,351) inBounds=1
2026-08-01 15:13:34 [03-click-jitter] scatter 21: (814,332) inBounds=1
2026-08-01 15:13:34 [03-click-jitter] scatter 22: (798,341) inBounds=1
2026-08-01 15:13:34 [03-click-jitter] scatter 23: (804,337) inBounds=1
2026-08-01 15:13:34 [03-click-jitter] scatter 24: (814,349) inBounds=1
2026-08-01 15:13:34 [03-click-jitter] scatter 25: (817,345) inBounds=1
2026-08-01 15:13:34 [03-click-jitter] scatter 26: (799,347) inBounds=1
2026-08-01 15:13:34 [03-click-jitter] scatter 27: (792,348) inBounds=1
2026-08-01 15:13:34 [03-click-jitter] scatter 28: (799,347) inBounds=1
2026-08-01 15:13:34 [03-click-jitter] scatter 29: (809,342) inBounds=1
2026-08-01 15:13:34 [03-click-jitter] scatter 30: (811,351) inBounds=1
2026-08-01 15:13:34 [03-click-jitter] scatter 31: (806,343) inBounds=1
2026-08-01 15:13:34 [03-click-jitter] scatter 32: (804,357) inBounds=1
2026-08-01 15:13:34 [03-click-jitter] scatter 33: (798,353) inBounds=1
2026-08-01 15:13:34 [03-click-jitter] scatter 34: (810,340) inBounds=1
2026-08-01 15:13:34 [03-click-jitter] scatter 35: (817,349) inBounds=1
2026-08-01 15:13:34 [03-click-jitter] scatter 36: (826,346) inBounds=1
2026-08-01 15:13:34 [03-click-jitter] scatter 37: (806,330) inBounds=1
2026-08-01 15:13:34 [03-click-jitter] scatter 38: (802,344) inBounds=1
2026-08-01 15:13:34 [03-click-jitter] scatter 39: (808,336) inBounds=1
2026-08-01 15:13:34 [03-click-jitter] scatter 40: (799,334) inBounds=1
2026-08-01 15:13:34 [03-click-jitter] scatter 41: (823,340) inBounds=1
2026-08-01 15:13:34 [03-click-jitter] scatter 42: (797,340) inBounds=1
2026-08-01 15:13:34 [03-click-jitter] scatter 43: (804,336) inBounds=1
2026-08-01 15:13:34 [03-click-jitter] scatter 44: (825,337) inBounds=1
2026-08-01 15:13:34 [03-click-jitter] scatter 45: (803,347) inBounds=1
2026-08-01 15:13:34 [03-click-jitter] scatter 46: (815,344) inBounds=1
2026-08-01 15:13:34 [03-click-jitter] scatter 47: (813,340) inBounds=1
2026-08-01 15:13:34 [03-click-jitter] scatter 48: (806,342) inBounds=1
2026-08-01 15:13:34 [03-click-jitter] scatter 49: (815,345) inBounds=1
2026-08-01 15:13:34 [03-click-jitter] scatter 50: (800,347) inBounds=1
2026-08-01 15:13:34 [03-click-jitter] SCATTER: PASS (50/50 offsets in-cell)
2026-08-01 15:13:34 [03-click-jitter] micro03: DONE
2026-08-01 15:13:39 [03-click-jitter] live-click 1/5 done
2026-08-01 15:13:40 [03-click-jitter] live-click 2/5 done
2026-08-01 15:13:40 [03-click-jitter] live-click 3/5 done
2026-08-01 15:13:41 [03-click-jitter] live-click 4/5 done
2026-08-01 15:13:41 [03-click-jitter] live-click 5/5 done
2026-08-01 15:13:42 [03-click-jitter] micro03 probe: DONE
2026-08-01 15:14:01 [03-click-jitter] stop requested
2026-08-01 15:14:02 [03-click-jitter] scatter 1: (807,348) inBounds=1
2026-08-01 15:14:02 [03-click-jitter] scatter 2: (799,345) inBounds=1
2026-08-01 15:14:02 [03-click-jitter] scatter 3: (807,347) inBounds=1
2026-08-01 15:14:02 [03-click-jitter] scatter 4: (814,342) inBounds=1
2026-08-01 15:14:02 [03-click-jitter] scatter 5: (810,351) inBounds=1
2026-08-01 15:14:02 [03-click-jitter] scatter 6: (810,334) inBounds=1
2026-08-01 15:14:02 [03-click-jitter] scatter 7: (808,347) inBounds=1
2026-08-01 15:14:02 [03-click-jitter] scatter 8: (797,344) inBounds=1
2026-08-01 15:14:02 [03-click-jitter] scatter 9: (801,338) inBounds=1
2026-08-01 15:14:02 [03-click-jitter] scatter 10: (795,345) inBounds=1
2026-08-01 15:14:02 [03-click-jitter] scatter 11: (797,343) inBounds=1
2026-08-01 15:14:02 [03-click-jitter] scatter 12: (805,335) inBounds=1
2026-08-01 15:14:02 [03-click-jitter] scatter 13: (820,352) inBounds=1
2026-08-01 15:14:02 [03-click-jitter] scatter 14: (807,341) inBounds=1
2026-08-01 15:14:02 [03-click-jitter] scatter 15: (804,356) inBounds=1
2026-08-01 15:14:02 [03-click-jitter] scatter 16: (818,356) inBounds=1
2026-08-01 15:14:02 [03-click-jitter] scatter 17: (791,356) inBounds=1
2026-08-01 15:14:02 [03-click-jitter] scatter 18: (814,343) inBounds=1
2026-08-01 15:14:02 [03-click-jitter] scatter 19: (809,343) inBounds=1
2026-08-01 15:14:02 [03-click-jitter] scatter 20: (812,346) inBounds=1
2026-08-01 15:14:02 [03-click-jitter] scatter 21: (802,332) inBounds=1
2026-08-01 15:14:02 [03-click-jitter] scatter 22: (812,342) inBounds=1
2026-08-01 15:14:02 [03-click-jitter] scatter 23: (800,341) inBounds=1
2026-08-01 15:14:02 [03-click-jitter] scatter 24: (797,333) inBounds=1
2026-08-01 15:14:02 [03-click-jitter] scatter 25: (806,344) inBounds=1
2026-08-01 15:14:02 [03-click-jitter] scatter 26: (810,344) inBounds=1
2026-08-01 15:14:02 [03-click-jitter] scatter 27: (807,347) inBounds=1
2026-08-01 15:14:02 [03-click-jitter] scatter 28: (800,351) inBounds=1
2026-08-01 15:14:02 [03-click-jitter] scatter 29: (795,349) inBounds=1
2026-08-01 15:14:02 [03-click-jitter] scatter 30: (804,351) inBounds=1
2026-08-01 15:14:02 [03-click-jitter] scatter 31: (812,348) inBounds=1
2026-08-01 15:14:02 [03-click-jitter] scatter 32: (812,338) inBounds=1
2026-08-01 15:14:02 [03-click-jitter] scatter 33: (810,354) inBounds=1
2026-08-01 15:14:02 [03-click-jitter] scatter 34: (821,351) inBounds=1
2026-08-01 15:14:02 [03-click-jitter] scatter 35: (794,346) inBounds=1
2026-08-01 15:14:02 [03-click-jitter] scatter 36: (828,345) inBounds=1
2026-08-01 15:14:02 [03-click-jitter] scatter 37: (813,345) inBounds=1
2026-08-01 15:14:02 [03-click-jitter] scatter 38: (807,347) inBounds=1
2026-08-01 15:14:02 [03-click-jitter] scatter 39: (797,343) inBounds=1
2026-08-01 15:14:02 [03-click-jitter] scatter 40: (794,346) inBounds=1
2026-08-01 15:14:02 [03-click-jitter] scatter 41: (822,335) inBounds=1
2026-08-01 15:14:02 [03-click-jitter] scatter 42: (808,337) inBounds=1
2026-08-01 15:14:02 [03-click-jitter] scatter 43: (808,349) inBounds=1
2026-08-01 15:14:02 [03-click-jitter] scatter 44: (813,347) inBounds=1
2026-08-01 15:14:02 [03-click-jitter] scatter 45: (806,337) inBounds=1
2026-08-01 15:14:02 [03-click-jitter] scatter 46: (819,343) inBounds=1
2026-08-01 15:14:02 [03-click-jitter] scatter 47: (814,341) inBounds=1
2026-08-01 15:14:02 [03-click-jitter] scatter 48: (809,345) inBounds=1
2026-08-01 15:14:02 [03-click-jitter] scatter 49: (800,349) inBounds=1
2026-08-01 15:14:02 [03-click-jitter] scatter 50: (818,345) inBounds=1
2026-08-01 15:14:02 [03-click-jitter] SCATTER: PASS (50/50 offsets in-cell)
2026-08-01 15:14:02 [03-click-jitter] micro03: DONE
2026-08-01 15:14:04 [03-click-jitter] PressKey: sent {Esc}
2026-08-01 15:14:04 [03-click-jitter] right-click: fired + Esc sent
2026-08-01 15:14:04 [03-click-jitter] right-click: DONE
2026-08-01 15:14:10 [03-click-jitter] live-click 1/5 done
2026-08-01 15:14:10 [03-click-jitter] live-click 2/5 done
2026-08-01 15:14:11 [03-click-jitter] live-click 3/5 done
2026-08-01 15:14:11 [03-click-jitter] live-click 4/5 done
2026-08-01 15:14:12 [03-click-jitter] live-click 5/5 done
2026-08-01 15:14:12 [03-click-jitter] micro03 probe: DONE
2026-08-01 15:16:49 [03-click-jitter] micro03: ready - F5 run, F6 stop, F12 exit, F8 probe
2026-08-01 15:16:50 [03-click-jitter] scatter 1: (839,377) inBounds=1
2026-08-01 15:16:50 [03-click-jitter] scatter 2: (854,386) inBounds=1
2026-08-01 15:16:50 [03-click-jitter] scatter 3: (852,371) inBounds=1
2026-08-01 15:16:50 [03-click-jitter] scatter 4: (845,370) inBounds=1
2026-08-01 15:16:50 [03-click-jitter] scatter 5: (860,365) inBounds=1
2026-08-01 15:16:50 [03-click-jitter] scatter 6: (843,376) inBounds=1
2026-08-01 15:16:50 [03-click-jitter] scatter 7: (859,372) inBounds=1
2026-08-01 15:16:50 [03-click-jitter] scatter 8: (845,368) inBounds=1
2026-08-01 15:16:50 [03-click-jitter] scatter 9: (840,378) inBounds=1
2026-08-01 15:16:50 [03-click-jitter] scatter 10: (852,375) inBounds=1
2026-08-01 15:16:50 [03-click-jitter] scatter 11: (848,369) inBounds=1
2026-08-01 15:16:50 [03-click-jitter] scatter 12: (861,368) inBounds=1
2026-08-01 15:16:50 [03-click-jitter] scatter 13: (855,374) inBounds=1
2026-08-01 15:16:50 [03-click-jitter] scatter 14: (832,378) inBounds=1
2026-08-01 15:16:50 [03-click-jitter] scatter 15: (832,378) inBounds=1
2026-08-01 15:16:50 [03-click-jitter] scatter 16: (844,383) inBounds=1
2026-08-01 15:16:50 [03-click-jitter] scatter 17: (852,374) inBounds=1
2026-08-01 15:16:50 [03-click-jitter] scatter 18: (837,375) inBounds=1
2026-08-01 15:16:50 [03-click-jitter] scatter 19: (842,373) inBounds=1
2026-08-01 15:16:50 [03-click-jitter] scatter 20: (849,374) inBounds=1
2026-08-01 15:16:50 [03-click-jitter] scatter 21: (845,374) inBounds=1
2026-08-01 15:16:50 [03-click-jitter] scatter 22: (858,374) inBounds=1
2026-08-01 15:16:50 [03-click-jitter] scatter 23: (854,381) inBounds=1
2026-08-01 15:16:50 [03-click-jitter] scatter 24: (835,368) inBounds=1
2026-08-01 15:16:50 [03-click-jitter] scatter 25: (848,377) inBounds=1
2026-08-01 15:16:50 [03-click-jitter] scatter 26: (848,387) inBounds=1
2026-08-01 15:16:50 [03-click-jitter] scatter 27: (859,386) inBounds=1
2026-08-01 15:16:50 [03-click-jitter] scatter 28: (854,381) inBounds=1
2026-08-01 15:16:50 [03-click-jitter] scatter 29: (843,373) inBounds=1
2026-08-01 15:16:50 [03-click-jitter] scatter 30: (838,371) inBounds=1
2026-08-01 15:16:50 [03-click-jitter] scatter 31: (845,376) inBounds=1
2026-08-01 15:16:50 [03-click-jitter] scatter 32: (854,373) inBounds=1
2026-08-01 15:16:50 [03-click-jitter] scatter 33: (865,366) inBounds=1
2026-08-01 15:16:50 [03-click-jitter] scatter 34: (850,376) inBounds=1
2026-08-01 15:16:50 [03-click-jitter] scatter 35: (853,363) inBounds=1
2026-08-01 15:16:50 [03-click-jitter] scatter 36: (854,373) inBounds=1
2026-08-01 15:16:50 [03-click-jitter] scatter 37: (846,366) inBounds=1
2026-08-01 15:16:50 [03-click-jitter] scatter 38: (849,377) inBounds=1
2026-08-01 15:16:50 [03-click-jitter] scatter 39: (858,382) inBounds=1
2026-08-01 15:16:50 [03-click-jitter] scatter 40: (854,379) inBounds=1
2026-08-01 15:16:50 [03-click-jitter] scatter 41: (840,366) inBounds=1
2026-08-01 15:16:50 [03-click-jitter] scatter 42: (862,376) inBounds=1
2026-08-01 15:16:50 [03-click-jitter] scatter 43: (847,373) inBounds=1
2026-08-01 15:16:50 [03-click-jitter] scatter 44: (859,381) inBounds=1
2026-08-01 15:16:50 [03-click-jitter] scatter 45: (855,382) inBounds=1
2026-08-01 15:16:50 [03-click-jitter] scatter 46: (856,382) inBounds=1
2026-08-01 15:16:50 [03-click-jitter] scatter 47: (854,382) inBounds=1
2026-08-01 15:16:50 [03-click-jitter] scatter 48: (851,369) inBounds=1
2026-08-01 15:16:50 [03-click-jitter] scatter 49: (852,373) inBounds=1
2026-08-01 15:16:50 [03-click-jitter] scatter 50: (861,369) inBounds=1
2026-08-01 15:16:50 [03-click-jitter] SCATTER: PASS (50/50 offsets in-cell)
2026-08-01 15:16:50 [03-click-jitter] micro03: DONE
2026-08-01 15:16:52 [03-click-jitter] scatter 1: (852,370) inBounds=1
2026-08-01 15:16:52 [03-click-jitter] scatter 2: (849,376) inBounds=1
2026-08-01 15:16:52 [03-click-jitter] scatter 3: (853,368) inBounds=1
2026-08-01 15:16:52 [03-click-jitter] scatter 4: (840,375) inBounds=1
2026-08-01 15:16:52 [03-click-jitter] scatter 5: (844,366) inBounds=1
2026-08-01 15:16:52 [03-click-jitter] scatter 6: (850,362) inBounds=1
2026-08-01 15:16:52 [03-click-jitter] scatter 7: (847,380) inBounds=1
2026-08-01 15:16:52 [03-click-jitter] scatter 8: (863,365) inBounds=1
2026-08-01 15:16:52 [03-click-jitter] scatter 9: (858,376) inBounds=1
2026-08-01 15:16:52 [03-click-jitter] scatter 10: (849,373) inBounds=1
2026-08-01 15:16:52 [03-click-jitter] scatter 11: (856,377) inBounds=1
2026-08-01 15:16:52 [03-click-jitter] scatter 12: (839,367) inBounds=1
2026-08-01 15:16:52 [03-click-jitter] scatter 13: (859,373) inBounds=1
2026-08-01 15:16:52 [03-click-jitter] scatter 14: (854,377) inBounds=1
2026-08-01 15:16:52 [03-click-jitter] scatter 15: (844,364) inBounds=1
2026-08-01 15:16:52 [03-click-jitter] scatter 16: (840,368) inBounds=1
2026-08-01 15:16:52 [03-click-jitter] scatter 17: (850,373) inBounds=1
2026-08-01 15:16:52 [03-click-jitter] scatter 18: (859,372) inBounds=1
2026-08-01 15:16:52 [03-click-jitter] scatter 19: (851,366) inBounds=1
2026-08-01 15:16:52 [03-click-jitter] scatter 20: (850,379) inBounds=1
2026-08-01 15:16:52 [03-click-jitter] scatter 21: (860,384) inBounds=1
2026-08-01 15:16:52 [03-click-jitter] scatter 22: (852,374) inBounds=1
2026-08-01 15:16:52 [03-click-jitter] scatter 23: (859,386) inBounds=1
2026-08-01 15:16:52 [03-click-jitter] scatter 24: (849,378) inBounds=1
2026-08-01 15:16:52 [03-click-jitter] scatter 25: (845,384) inBounds=1
2026-08-01 15:16:52 [03-click-jitter] scatter 26: (842,373) inBounds=1
2026-08-01 15:16:52 [03-click-jitter] scatter 27: (851,375) inBounds=1
2026-08-01 15:16:52 [03-click-jitter] scatter 28: (836,370) inBounds=1
2026-08-01 15:16:52 [03-click-jitter] scatter 29: (839,374) inBounds=1
2026-08-01 15:16:52 [03-click-jitter] scatter 30: (833,375) inBounds=1
2026-08-01 15:16:52 [03-click-jitter] scatter 31: (854,374) inBounds=1
2026-08-01 15:16:52 [03-click-jitter] scatter 32: (849,373) inBounds=1
2026-08-01 15:16:52 [03-click-jitter] scatter 33: (845,368) inBounds=1
2026-08-01 15:16:52 [03-click-jitter] scatter 34: (853,372) inBounds=1
2026-08-01 15:16:52 [03-click-jitter] scatter 35: (846,377) inBounds=1
2026-08-01 15:16:52 [03-click-jitter] scatter 36: (856,379) inBounds=1
2026-08-01 15:16:52 [03-click-jitter] scatter 37: (836,371) inBounds=1
2026-08-01 15:16:52 [03-click-jitter] scatter 38: (845,375) inBounds=1
2026-08-01 15:16:52 [03-click-jitter] scatter 39: (846,380) inBounds=1
2026-08-01 15:16:52 [03-click-jitter] scatter 40: (840,368) inBounds=1
2026-08-01 15:16:52 [03-click-jitter] scatter 41: (834,369) inBounds=1
2026-08-01 15:16:52 [03-click-jitter] scatter 42: (843,379) inBounds=1
2026-08-01 15:16:52 [03-click-jitter] scatter 43: (854,386) inBounds=1
2026-08-01 15:16:52 [03-click-jitter] scatter 44: (862,370) inBounds=1
2026-08-01 15:16:52 [03-click-jitter] scatter 45: (850,377) inBounds=1
2026-08-01 15:16:52 [03-click-jitter] scatter 46: (847,364) inBounds=1
2026-08-01 15:16:52 [03-click-jitter] scatter 47: (849,377) inBounds=1
2026-08-01 15:16:52 [03-click-jitter] scatter 48: (859,380) inBounds=1
2026-08-01 15:16:52 [03-click-jitter] scatter 49: (846,372) inBounds=1
2026-08-01 15:16:52 [03-click-jitter] scatter 50: (847,368) inBounds=1
2026-08-01 15:16:52 [03-click-jitter] SCATTER: PASS (50/50 offsets in-cell)
2026-08-01 15:16:52 [03-click-jitter] micro03: DONE
2026-08-01 15:16:53 [03-click-jitter] live-click 1/5 done
2026-08-01 15:16:54 [03-click-jitter] live-click 2/5 done
2026-08-01 15:16:54 [03-click-jitter] live-click 3/5 done
2026-08-01 15:16:55 [03-click-jitter] live-click 4/5 done
2026-08-01 15:16:56 [03-click-jitter] live-click 5/5 done
2026-08-01 15:16:56 [03-click-jitter] micro03 probe: DONE
2026-08-01 15:17:04 [03-click-jitter] micro03: ready - F5 run, F6 stop, F12 exit, F8 probe
2026-08-01 15:17:05 [03-click-jitter] live-click 1/5 done
2026-08-01 15:17:05 [03-click-jitter] live-click 2/5 done
2026-08-01 15:17:06 [03-click-jitter] live-click 3/5 done
2026-08-01 15:17:06 [03-click-jitter] live-click 4/5 done
2026-08-01 15:17:07 [03-click-jitter] live-click 5/5 done
2026-08-01 15:17:08 [03-click-jitter] micro03 probe: DONE
2026-08-01 15:17:08 [03-click-jitter] live-click 1/5 done
2026-08-01 15:17:09 [03-click-jitter] live-click 2/5 done
2026-08-01 15:17:10 [03-click-jitter] live-click 3/5 done
2026-08-01 15:17:10 [03-click-jitter] live-click 4/5 done
2026-08-01 15:17:11 [03-click-jitter] live-click 5/5 done
2026-08-01 15:17:11 [03-click-jitter] micro03 probe: DONE
2026-08-01 15:17:11 [03-click-jitter] live-click 1/5 done
2026-08-01 15:17:12 [03-click-jitter] live-click 2/5 done
2026-08-01 15:17:13 [03-click-jitter] live-click 3/5 done
2026-08-01 15:17:13 [03-click-jitter] live-click 4/5 done
2026-08-01 15:17:14 [03-click-jitter] live-click 5/5 done
2026-08-01 15:17:14 [03-click-jitter] micro03 probe: DONE
2026-08-01 15:17:16 [03-click-jitter] live-click 1/5 done
2026-08-01 15:17:16 [03-click-jitter] live-click 2/5 done
2026-08-01 15:17:17 [03-click-jitter] live-click 3/5 done
2026-08-01 15:17:17 [03-click-jitter] live-click 4/5 done
2026-08-01 15:17:18 [03-click-jitter] live-click 5/5 done
2026-08-01 15:17:18 [03-click-jitter] micro03 probe: DONE
2026-08-01 15:17:36 [03-click-jitter] PressKey: sent {Esc}
2026-08-01 15:17:36 [03-click-jitter] right-click: fired + Esc sent
2026-08-01 15:17:36 [03-click-jitter] right-click: DONE
2026-08-01 15:17:40 [03-click-jitter] PressKey: sent {Esc}
2026-08-01 15:17:40 [03-click-jitter] right-click: fired + Esc sent
2026-08-01 15:17:40 [03-click-jitter] right-click: DONE
2026-08-01 15:17:46 [03-click-jitter] PressKey: sent {Esc}
2026-08-01 15:17:46 [03-click-jitter] right-click: fired + Esc sent
2026-08-01 15:17:46 [03-click-jitter] right-click: DONE
2026-08-01 15:17:59 [03-click-jitter] PressKey: sent a
2026-08-01 15:17:59 [03-click-jitter] PressKey: sent ^c
2026-08-01 15:17:59 [03-click-jitter] FindImage: found at 1363,999 (C:\Users\link\Documents\GitHub\osrs-automation\v8\micro\..\..\Images\deposit-bank.png, 62 ms)
2026-08-01 15:17:59 [03-click-jitter] press-key: marker confirmed at 1363,999 - sending immediate Esc
2026-08-01 15:17:59 [03-click-jitter] PressKey: sent {Esc}
2026-08-01 15:17:59 [03-click-jitter] press-key: DONE
2026-08-01 15:18:02 [03-click-jitter] PressKey: sent a
2026-08-01 15:18:02 [03-click-jitter] PressKey: sent ^c
2026-08-01 15:18:02 [03-click-jitter] FindImage: found at 1363,999 (C:\Users\link\Documents\GitHub\osrs-automation\v8\micro\..\..\Images\deposit-bank.png, 63 ms)
2026-08-01 15:18:02 [03-click-jitter] press-key: marker confirmed at 1363,999 - sending immediate Esc
2026-08-01 15:18:02 [03-click-jitter] PressKey: sent {Esc}
2026-08-01 15:18:02 [03-click-jitter] press-key: DONE
2026-08-01 15:20:50 [03-click-jitter] live-click 1/5 done
2026-08-01 15:20:51 [03-click-jitter] live-click 2/5 done
2026-08-01 15:20:51 [03-click-jitter] live-click 3/5 done
2026-08-01 15:20:52 [03-click-jitter] live-click 4/5 done
2026-08-01 15:20:52 [03-click-jitter] live-click 5/5 done
2026-08-01 15:20:53 [03-click-jitter] micro03 probe: DONE
2026-08-01 15:20:57 [03-click-jitter] PressKey: sent a
2026-08-01 15:20:57 [03-click-jitter] PressKey: sent ^c
2026-08-01 15:20:57 [03-click-jitter] FindImage: not found (C:\Users\link\Documents\GitHub\osrs-automation\v8\micro\..\..\Images\deposit-bank.png, 63 ms)
2026-08-01 15:20:57 [03-click-jitter] FindImage: not found (C:\Users\link\Documents\GitHub\osrs-automation\v8\micro\..\..\Images\deposit-bank.png, 62 ms)
2026-08-01 15:20:58 [03-click-jitter] FindImage: not found (C:\Users\link\Documents\GitHub\osrs-automation\v8\micro\..\..\Images\deposit-bank.png, 47 ms)
2026-08-01 15:20:58 [03-click-jitter] FindImage: not found (C:\Users\link\Documents\GitHub\osrs-automation\v8\micro\..\..\Images\deposit-bank.png, 47 ms)
2026-08-01 15:20:58 [03-click-jitter] press-key: marker not on screen (expected if not testing near a bank) - sending Esc anyway
2026-08-01 15:20:58 [03-click-jitter] PressKey: sent {Esc}
2026-08-01 15:20:58 [03-click-jitter] press-key: DONE
2026-08-01 15:20:58 [03-click-jitter] PressKey: sent a
2026-08-01 15:20:59 [03-click-jitter] PressKey: sent ^c
2026-08-01 15:20:59 [03-click-jitter] FindImage: not found (C:\Users\link\Documents\GitHub\osrs-automation\v8\micro\..\..\Images\deposit-bank.png, 46 ms)
2026-08-01 15:20:59 [03-click-jitter] FindImage: not found (C:\Users\link\Documents\GitHub\osrs-automation\v8\micro\..\..\Images\deposit-bank.png, 62 ms)
2026-08-01 15:20:59 [03-click-jitter] FindImage: not found (C:\Users\link\Documents\GitHub\osrs-automation\v8\micro\..\..\Images\deposit-bank.png, 47 ms)
2026-08-01 15:20:59 [03-click-jitter] FindImage: not found (C:\Users\link\Documents\GitHub\osrs-automation\v8\micro\..\..\Images\deposit-bank.png, 47 ms)
2026-08-01 15:20:59 [03-click-jitter] press-key: marker not on screen (expected if not testing near a bank) - sending Esc anyway
2026-08-01 15:20:59 [03-click-jitter] PressKey: sent {Esc}
2026-08-01 15:20:59 [03-click-jitter] press-key: DONE
2026-08-01 15:21:00 [03-click-jitter] PressKey: sent a
2026-08-01 15:21:00 [03-click-jitter] PressKey: sent ^c
2026-08-01 15:21:00 [03-click-jitter] FindImage: found at 1363,999 (C:\Users\link\Documents\GitHub\osrs-automation\v8\micro\..\..\Images\deposit-bank.png, 63 ms)
2026-08-01 15:21:00 [03-click-jitter] press-key: marker confirmed at 1363,999 - sending immediate Esc
2026-08-01 15:21:00 [03-click-jitter] PressKey: sent {Esc}
2026-08-01 15:21:00 [03-click-jitter] press-key: DONE
2026-08-01 15:21:03 [03-click-jitter] PressKey: sent a
2026-08-01 15:21:03 [03-click-jitter] PressKey: sent ^c
2026-08-01 15:21:03 [03-click-jitter] FindImage: found at 1363,999 (C:\Users\link\Documents\GitHub\osrs-automation\v8\micro\..\..\Images\deposit-bank.png, 47 ms)
2026-08-01 15:21:03 [03-click-jitter] press-key: marker confirmed at 1363,999 - sending immediate Esc
2026-08-01 15:21:03 [03-click-jitter] PressKey: sent {Esc}
2026-08-01 15:21:03 [03-click-jitter] press-key: DONE
