2026-07-23 14:39:49 [03-find-color-screen] Script loaded. F5=search  F6=request stop  Esc=exit. Targets=0x56FF50
2026-07-23 14:39:56 [03-find-color-screen] Search started: colors=0x56FF50 tol=5 block=55x55 region=0,0 -> 2559,1439 (whole screen)
2026-07-23 14:39:56 [03-find-color-screen] FindFilledBlock: found at 1080,1022 (55x55 0x56FF50 tol=5, 93 ms)
2026-07-23 14:39:56 [03-find-color-screen] FOUND 0x56FF50 at 1080,1022 in 93 ms
2026-07-23 14:40:04 [03-find-color-screen] Search started: colors=0x56FF50 tol=5 block=55x55 region=0,0 -> 2559,1439 (whole screen)
2026-07-23 14:40:04 [03-find-color-screen] FindFilledBlock: found at 504,946 (55x55 0x56FF50 tol=5, 62 ms)
2026-07-23 14:40:04 [03-find-color-screen] FOUND 0x56FF50 at 504,946 in 62 ms
2026-07-23 14:40:19 [03-find-color-screen] Search started: colors=0x56FF50 tol=5 block=55x55 region=0,0 -> 2559,1439 (whole screen)
2026-07-23 14:40:19 [03-find-color-screen] FindFilledBlock: found at 1778,1130 (55x55 0x56FF50 tol=5, 62 ms)
2026-07-23 14:40:19 [03-find-color-screen] FOUND 0x56FF50 at 1778,1130 in 62 ms
2026-07-23 14:40:20 [03-find-color-screen] Search started: colors=0x56FF50 tol=5 block=55x55 region=0,0 -> 2559,1439 (whole screen)
2026-07-23 14:40:20 [03-find-color-screen] FindFilledBlock: found at 1778,1130 (55x55 0x56FF50 tol=5, 79 ms)
2026-07-23 14:40:20 [03-find-color-screen] FOUND 0x56FF50 at 1778,1130 in 94 ms
2026-07-23 14:40:20 [03-find-color-screen] Search started: colors=0x56FF50 tol=5 block=55x55 region=0,0 -> 2559,1439 (whole screen)
2026-07-23 14:40:20 [03-find-color-screen] FindFilledBlock: found at 1778,1130 (55x55 0x56FF50 tol=5, 78 ms)
2026-07-23 14:40:20 [03-find-color-screen] FOUND 0x56FF50 at 1778,1130 in 78 ms
2026-07-23 14:40:21 [03-find-color-screen] Search started: colors=0x56FF50 tol=5 block=55x55 region=0,0 -> 2559,1439 (whole screen)
2026-07-23 14:40:21 [03-find-color-screen] FindFilledBlock: found at 1778,1130 (55x55 0x56FF50 tol=5, 63 ms)
2026-07-23 14:40:21 [03-find-color-screen] FOUND 0x56FF50 at 1778,1130 in 63 ms
2026-07-23 14:40:21 [03-find-color-screen] Esc pressed - exiting
