2026-08-01 15:22:45 [04-find-block] micro04: ready - F5 run, F6 stop, F12 exit, F8 probe
2026-08-01 15:22:49 [04-find-block] FindFilledBlock: found at 1483,951 (20x20 0x00FF00 tol=5, 46 ms)
2026-08-01 15:22:49 [04-find-block] find-block: found 0x00FF00 at 1483,951
2026-08-01 15:22:49 [04-find-block] micro04: DONE
2026-08-01 15:22:50 [04-find-block] FindFilledBlock: found at 1501,965 (20x20 0x00FF00 tol=5, 32 ms)
2026-08-01 15:22:50 [04-find-block] find-block: found 0x00FF00 at 1501,965
2026-08-01 15:22:50 [04-find-block] micro04: DONE
2026-08-01 15:22:51 [04-find-block] FindFilledBlock: found at 1501,965 (20x20 0x00FF00 tol=5, 47 ms)
2026-08-01 15:22:51 [04-find-block] find-block: found 0x00FF00 at 1501,965
2026-08-01 15:22:51 [04-find-block] micro04: DONE
2026-08-01 15:22:52 [04-find-block] FindFilledBlock: found at 1483,951 (20x20 0x00FF00 tol=5, 32 ms)
2026-08-01 15:22:52 [04-find-block] find-block: found 0x00FF00 at 1483,951
2026-08-01 15:22:52 [04-find-block] micro04: DONE
2026-08-01 15:22:58 [04-find-block] FindFilledBlock: found at 1223,283 (20x20 0x00FF00 tol=5, 47 ms)
2026-08-01 15:22:58 [04-find-block] find-block: found 0x00FF00 at 1223,283
2026-08-01 15:22:58 [04-find-block] micro04: DONE
2026-08-01 15:22:59 [04-find-block] FindFilledBlock: found at 869,553 (20x20 0x00FF00 tol=5, 31 ms)
2026-08-01 15:22:59 [04-find-block] find-block: found 0x00FF00 at 869,553
2026-08-01 15:22:59 [04-find-block] micro04: DONE
2026-08-01 15:22:59 [04-find-block] FindFilledBlock: found at 863,555 (20x20 0x00FF00 tol=5, 31 ms)
2026-08-01 15:22:59 [04-find-block] find-block: found 0x00FF00 at 863,555
2026-08-01 15:22:59 [04-find-block] micro04: DONE
2026-08-01 15:23:01 [04-find-block] FindFilledBlock: found at 1417,999 (20x20 0x00FF00 tol=5, 47 ms)
2026-08-01 15:23:01 [04-find-block] find-block: found 0x00FF00 at 1417,999
2026-08-01 15:23:01 [04-find-block] micro04: DONE
2026-08-01 15:23:01 [04-find-block] FindFilledBlock: found at 1439,1015 (20x20 0x00FF00 tol=5, 47 ms)
2026-08-01 15:23:01 [04-find-block] find-block: found 0x00FF00 at 1439,1015
2026-08-01 15:23:01 [04-find-block] micro04: DONE
2026-08-01 15:23:01 [04-find-block] FindFilledBlock: found at 1439,1015 (20x20 0x00FF00 tol=5, 31 ms)
2026-08-01 15:23:01 [04-find-block] find-block: found 0x00FF00 at 1439,1015
2026-08-01 15:23:01 [04-find-block] micro04: DONE
2026-08-01 15:23:01 [04-find-block] FindFilledBlock: found at 1439,1015 (20x20 0x00FF00 tol=5, 47 ms)
2026-08-01 15:23:01 [04-find-block] find-block: found 0x00FF00 at 1439,1015
2026-08-01 15:23:01 [04-find-block] micro04: DONE
2026-08-01 15:23:03 [04-find-block] FindFilledBlock: found at 1049,347 (20x20 0x00FF00 tol=5, 31 ms)
2026-08-01 15:23:03 [04-find-block] find-block: found 0x00FF00 at 1049,347
2026-08-01 15:23:03 [04-find-block] micro04: DONE
2026-08-01 15:23:04 [04-find-block] FindFilledBlock: found at 983,469 (20x20 0x00FF00 tol=5, 32 ms)
2026-08-01 15:23:04 [04-find-block] find-block: found 0x00FF00 at 983,469
2026-08-01 15:23:04 [04-find-block] micro04: DONE
2026-08-01 15:23:04 [04-find-block] FindFilledBlock: found at 851,609 (20x20 0x00FF00 tol=5, 31 ms)
2026-08-01 15:23:04 [04-find-block] find-block: found 0x00FF00 at 851,609
2026-08-01 15:23:04 [04-find-block] micro04: DONE
2026-08-01 15:23:07 [04-find-block] FindFilledBlock: not found (20x20 0x00FF00 tol=5, 31 ms)
2026-08-01 15:23:07 [04-find-block] FindFilledBlock: found at 845,697 (20x20 0x00B809 tol=5, 31 ms)
2026-08-01 15:23:07 [04-find-block] find-block: found 0x00B809 at 845,697
2026-08-01 15:23:07 [04-find-block] micro04: DONE
2026-08-01 15:23:08 [04-find-block] FindFilledBlock: not found (20x20 0x00FF00 tol=5, 47 ms)
2026-08-01 15:23:08 [04-find-block] FindFilledBlock: found at 839,683 (20x20 0x00B809 tol=5, 31 ms)
2026-08-01 15:23:08 [04-find-block] find-block: found 0x00B809 at 839,683
2026-08-01 15:23:08 [04-find-block] micro04: DONE
2026-08-01 15:23:09 [04-find-block] FindFilledBlock: not found (20x20 0x00FF00 tol=5, 47 ms)
2026-08-01 15:23:09 [04-find-block] FindFilledBlock: found at 1433,317 (20x20 0x00B809 tol=5, 31 ms)
2026-08-01 15:23:09 [04-find-block] find-block: found 0x00B809 at 1433,317
2026-08-01 15:23:09 [04-find-block] micro04: DONE
2026-08-01 15:23:09 [04-find-block] FindFilledBlock: not found (20x20 0x00FF00 tol=5, 31 ms)
2026-08-01 15:23:10 [04-find-block] FindFilledBlock: found at 1235,1053 (20x20 0x00B809 tol=5, 47 ms)
2026-08-01 15:23:10 [04-find-block] find-block: found 0x00B809 at 1235,1053
2026-08-01 15:23:10 [04-find-block] micro04: DONE
2026-08-01 15:23:10 [04-find-block] FindFilledBlock: not found (20x20 0x00FF00 tol=5, 32 ms)
2026-08-01 15:23:10 [04-find-block] FindFilledBlock: found at 1547,879 (20x20 0x00B809 tol=5, 46 ms)
2026-08-01 15:23:10 [04-find-block] find-block: found 0x00B809 at 1547,879
2026-08-01 15:23:10 [04-find-block] micro04: DONE
2026-08-01 15:24:36 [04-find-block] micro04: ready - F5 run, F6 stop, F12 exit, F8 probe
2026-08-01 15:24:37 [04-find-block] find-block: searching region [2420,0]-[2559,340] (clamped to screen)
2026-08-01 15:24:37 [04-find-block] FindFilledBlock: not found (20x20 0x00FF00 tol=5, 15 ms)
2026-08-01 15:24:37 [04-find-block] FindFilledBlock: not found (20x20 0x00B809 tol=5, 0 ms)
2026-08-01 15:24:37 [04-find-block] find-block: no match in clamped region
2026-08-01 15:24:37 [04-find-block] region-search: DONE
2026-08-01 15:24:39 [04-find-block] find-block: searching region [2420,0]-[2559,340] (clamped to screen)
2026-08-01 15:24:39 [04-find-block] FindFilledBlock: not found (20x20 0x00FF00 tol=5, 0 ms)
2026-08-01 15:24:39 [04-find-block] FindFilledBlock: not found (20x20 0x00B809 tol=5, 16 ms)
2026-08-01 15:24:39 [04-find-block] find-block: no match in clamped region
2026-08-01 15:24:39 [04-find-block] region-search: DONE
2026-08-01 15:24:39 [04-find-block] find-block: searching region [2420,0]-[2559,340] (clamped to screen)
2026-08-01 15:24:39 [04-find-block] FindFilledBlock: not found (20x20 0x00FF00 tol=5, 0 ms)
2026-08-01 15:24:39 [04-find-block] FindFilledBlock: not found (20x20 0x00B809 tol=5, 16 ms)
2026-08-01 15:24:39 [04-find-block] find-block: no match in clamped region
2026-08-01 15:24:39 [04-find-block] region-search: DONE
2026-08-01 15:24:40 [04-find-block] find-block: searching region [2420,0]-[2559,340] (clamped to screen)
2026-08-01 15:24:40 [04-find-block] FindFilledBlock: not found (20x20 0x00FF00 tol=5, 16 ms)
2026-08-01 15:24:40 [04-find-block] FindFilledBlock: not found (20x20 0x00B809 tol=5, 0 ms)
2026-08-01 15:24:40 [04-find-block] find-block: no match in clamped region
2026-08-01 15:24:40 [04-find-block] region-search: DONE
2026-08-01 15:24:40 [04-find-block] find-block: searching region [2420,0]-[2559,340] (clamped to screen)
2026-08-01 15:24:40 [04-find-block] FindFilledBlock: not found (20x20 0x00FF00 tol=5, 16 ms)
2026-08-01 15:24:40 [04-find-block] FindFilledBlock: not found (20x20 0x00B809 tol=5, 0 ms)
2026-08-01 15:24:40 [04-find-block] find-block: no match in clamped region
2026-08-01 15:24:40 [04-find-block] region-search: DONE
2026-08-01 15:24:41 [04-find-block] find-block: searching region [2420,0]-[2559,340] (clamped to screen)
2026-08-01 15:24:41 [04-find-block] FindFilledBlock: not found (20x20 0x00FF00 tol=5, 16 ms)
2026-08-01 15:24:41 [04-find-block] FindFilledBlock: not found (20x20 0x00B809 tol=5, 0 ms)
2026-08-01 15:24:41 [04-find-block] find-block: no match in clamped region
2026-08-01 15:24:41 [04-find-block] region-search: DONE
2026-08-01 15:24:41 [04-find-block] find-block: searching region [2420,0]-[2559,340] (clamped to screen)
2026-08-01 15:24:41 [04-find-block] FindFilledBlock: not found (20x20 0x00FF00 tol=5, 0 ms)
2026-08-01 15:24:41 [04-find-block] FindFilledBlock: not found (20x20 0x00B809 tol=5, 0 ms)
2026-08-01 15:24:41 [04-find-block] find-block: no match in clamped region
2026-08-01 15:24:41 [04-find-block] region-search: DONE
2026-08-01 15:24:42 [04-find-block] find-block: searching region [2420,0]-[2559,340] (clamped to screen)
2026-08-01 15:24:42 [04-find-block] FindFilledBlock: not found (20x20 0x00FF00 tol=5, 0 ms)
2026-08-01 15:24:42 [04-find-block] FindFilledBlock: not found (20x20 0x00B809 tol=5, 0 ms)
2026-08-01 15:24:42 [04-find-block] find-block: no match in clamped region
2026-08-01 15:24:42 [04-find-block] region-search: DONE
2026-08-01 15:24:42 [04-find-block] find-block: searching region [2420,0]-[2559,340] (clamped to screen)
2026-08-01 15:24:42 [04-find-block] FindFilledBlock: not found (20x20 0x00FF00 tol=5, 0 ms)
2026-08-01 15:24:42 [04-find-block] FindFilledBlock: not found (20x20 0x00B809 tol=5, 16 ms)
2026-08-01 15:24:42 [04-find-block] find-block: no match in clamped region
2026-08-01 15:24:42 [04-find-block] region-search: DONE
2026-08-01 15:24:42 [04-find-block] find-block: searching region [2420,0]-[2559,340] (clamped to screen)
2026-08-01 15:24:42 [04-find-block] FindFilledBlock: not found (20x20 0x00FF00 tol=5, 0 ms)
2026-08-01 15:24:42 [04-find-block] FindFilledBlock: not found (20x20 0x00B809 tol=5, 16 ms)
2026-08-01 15:24:42 [04-find-block] find-block: no match in clamped region
2026-08-01 15:24:42 [04-find-block] region-search: DONE
2026-08-01 15:24:59 [04-find-block] find-block: searching region [2420,0]-[2559,340] (clamped to screen)
2026-08-01 15:24:59 [04-find-block] FindFilledBlock: not found (20x20 0x00FF00 tol=5, 16 ms)
2026-08-01 15:24:59 [04-find-block] FindFilledBlock: not found (20x20 0x00B809 tol=5, 0 ms)
2026-08-01 15:24:59 [04-find-block] find-block: no match in clamped region
2026-08-01 15:24:59 [04-find-block] region-search: DONE
2026-08-01 15:24:59 [04-find-block] find-block: searching region [2420,0]-[2559,340] (clamped to screen)
2026-08-01 15:24:59 [04-find-block] FindFilledBlock: not found (20x20 0x00FF00 tol=5, 16 ms)
2026-08-01 15:24:59 [04-find-block] FindFilledBlock: not found (20x20 0x00B809 tol=5, 0 ms)
2026-08-01 15:24:59 [04-find-block] find-block: no match in clamped region
2026-08-01 15:24:59 [04-find-block] region-search: DONE
2026-08-01 15:25:00 [04-find-block] find-block: searching region [2420,0]-[2559,340] (clamped to screen)
2026-08-01 15:25:00 [04-find-block] FindFilledBlock: not found (20x20 0x00FF00 tol=5, 0 ms)
2026-08-01 15:25:00 [04-find-block] FindFilledBlock: not found (20x20 0x00B809 tol=5, 0 ms)
2026-08-01 15:25:00 [04-find-block] find-block: no match in clamped region
2026-08-01 15:25:00 [04-find-block] region-search: DONE
2026-08-01 15:25:01 [04-find-block] find-block: searching region [2420,0]-[2559,340] (clamped to screen)
2026-08-01 15:25:01 [04-find-block] FindFilledBlock: not found (20x20 0x00FF00 tol=5, 0 ms)
2026-08-01 15:25:01 [04-find-block] FindFilledBlock: not found (20x20 0x00B809 tol=5, 16 ms)
2026-08-01 15:25:01 [04-find-block] find-block: no match in clamped region
2026-08-01 15:25:01 [04-find-block] region-search: DONE
2026-08-01 15:25:01 [04-find-block] find-block: searching region [2420,0]-[2559,340] (clamped to screen)
2026-08-01 15:25:01 [04-find-block] FindFilledBlock: not found (20x20 0x00FF00 tol=5, 16 ms)
2026-08-01 15:25:01 [04-find-block] FindFilledBlock: not found (20x20 0x00B809 tol=5, 0 ms)
2026-08-01 15:25:01 [04-find-block] find-block: no match in clamped region
2026-08-01 15:25:01 [04-find-block] region-search: DONE
2026-08-01 15:25:02 [04-find-block] find-block: searching region [2420,0]-[2559,340] (clamped to screen)
2026-08-01 15:25:02 [04-find-block] FindFilledBlock: not found (20x20 0x00FF00 tol=5, 16 ms)
2026-08-01 15:25:02 [04-find-block] FindFilledBlock: not found (20x20 0x00B809 tol=5, 0 ms)
2026-08-01 15:25:02 [04-find-block] find-block: no match in clamped region
2026-08-01 15:25:02 [04-find-block] region-search: DONE
2026-08-01 15:25:02 [04-find-block] find-block: searching region [2420,0]-[2559,340] (clamped to screen)
2026-08-01 15:25:02 [04-find-block] FindFilledBlock: not found (20x20 0x00FF00 tol=5, 0 ms)
2026-08-01 15:25:02 [04-find-block] FindFilledBlock: not found (20x20 0x00B809 tol=5, 0 ms)
2026-08-01 15:25:02 [04-find-block] find-block: no match in clamped region
2026-08-01 15:25:02 [04-find-block] region-search: DONE
2026-08-01 15:25:02 [04-find-block] find-block: searching region [2420,0]-[2559,340] (clamped to screen)
2026-08-01 15:25:02 [04-find-block] FindFilledBlock: not found (20x20 0x00FF00 tol=5, 16 ms)
2026-08-01 15:25:02 [04-find-block] FindFilledBlock: not found (20x20 0x00B809 tol=5, 0 ms)
2026-08-01 15:25:02 [04-find-block] find-block: no match in clamped region
2026-08-01 15:25:02 [04-find-block] region-search: DONE
2026-08-01 15:25:03 [04-find-block] find-block: searching region [2420,0]-[2559,340] (clamped to screen)
2026-08-01 15:25:03 [04-find-block] FindFilledBlock: not found (20x20 0x00FF00 tol=5, 0 ms)
2026-08-01 15:25:03 [04-find-block] FindFilledBlock: not found (20x20 0x00B809 tol=5, 15 ms)
2026-08-01 15:25:03 [04-find-block] find-block: no match in clamped region
2026-08-01 15:25:03 [04-find-block] region-search: DONE
2026-08-01 15:25:03 [04-find-block] find-block: searching region [2420,0]-[2559,340] (clamped to screen)
2026-08-01 15:25:04 [04-find-block] FindFilledBlock: not found (20x20 0x00FF00 tol=5, 0 ms)
2026-08-01 15:25:04 [04-find-block] FindFilledBlock: not found (20x20 0x00B809 tol=5, 16 ms)
2026-08-01 15:25:04 [04-find-block] find-block: no match in clamped region
2026-08-01 15:25:04 [04-find-block] region-search: DONE
2026-08-01 15:25:04 [04-find-block] find-block: searching region [2420,0]-[2559,340] (clamped to screen)
2026-08-01 15:25:04 [04-find-block] FindFilledBlock: not found (20x20 0x00FF00 tol=5, 0 ms)
2026-08-01 15:25:04 [04-find-block] FindFilledBlock: not found (20x20 0x00B809 tol=5, 0 ms)
2026-08-01 15:25:04 [04-find-block] find-block: no match in clamped region
2026-08-01 15:25:04 [04-find-block] region-search: DONE
2026-08-01 15:25:04 [04-find-block] find-block: searching region [2420,0]-[2559,340] (clamped to screen)
2026-08-01 15:25:04 [04-find-block] FindFilledBlock: not found (20x20 0x00FF00 tol=5, 0 ms)
2026-08-01 15:25:04 [04-find-block] FindFilledBlock: not found (20x20 0x00B809 tol=5, 0 ms)
2026-08-01 15:25:04 [04-find-block] find-block: no match in clamped region
2026-08-01 15:25:04 [04-find-block] region-search: DONE
2026-08-01 15:25:05 [04-find-block] find-block: searching region [2420,0]-[2559,340] (clamped to screen)
2026-08-01 15:25:05 [04-find-block] FindFilledBlock: not found (20x20 0x00FF00 tol=5, 0 ms)
2026-08-01 15:25:05 [04-find-block] FindFilledBlock: not found (20x20 0x00B809 tol=5, 0 ms)
2026-08-01 15:25:05 [04-find-block] find-block: no match in clamped region
2026-08-01 15:25:05 [04-find-block] region-search: DONE
2026-08-01 15:25:05 [04-find-block] find-block: searching region [2420,0]-[2559,340] (clamped to screen)
2026-08-01 15:25:05 [04-find-block] FindFilledBlock: not found (20x20 0x00FF00 tol=5, 16 ms)
2026-08-01 15:25:05 [04-find-block] FindFilledBlock: not found (20x20 0x00B809 tol=5, 0 ms)
2026-08-01 15:25:05 [04-find-block] find-block: no match in clamped region
2026-08-01 15:25:05 [04-find-block] region-search: DONE
2026-08-01 15:25:06 [04-find-block] find-block: searching region [2420,0]-[2559,340] (clamped to screen)
2026-08-01 15:25:06 [04-find-block] FindFilledBlock: not found (20x20 0x00FF00 tol=5, 0 ms)
2026-08-01 15:25:06 [04-find-block] FindFilledBlock: not found (20x20 0x00B809 tol=5, 0 ms)
2026-08-01 15:25:06 [04-find-block] find-block: no match in clamped region
2026-08-01 15:25:06 [04-find-block] region-search: DONE
2026-08-01 15:25:06 [04-find-block] find-block: searching region [2420,0]-[2559,340] (clamped to screen)
2026-08-01 15:25:06 [04-find-block] FindFilledBlock: not found (20x20 0x00FF00 tol=5, 0 ms)
2026-08-01 15:25:06 [04-find-block] FindFilledBlock: not found (20x20 0x00B809 tol=5, 15 ms)
2026-08-01 15:25:06 [04-find-block] find-block: no match in clamped region
2026-08-01 15:25:06 [04-find-block] region-search: DONE
2026-08-01 15:25:07 [04-find-block] find-block: searching region [2420,0]-[2559,340] (clamped to screen)
2026-08-01 15:25:07 [04-find-block] FindFilledBlock: not found (20x20 0x00FF00 tol=5, 0 ms)
2026-08-01 15:25:07 [04-find-block] FindFilledBlock: not found (20x20 0x00B809 tol=5, 16 ms)
2026-08-01 15:25:07 [04-find-block] find-block: no match in clamped region
2026-08-01 15:25:07 [04-find-block] region-search: DONE
2026-08-01 15:25:07 [04-find-block] find-block: searching region [2420,0]-[2559,340] (clamped to screen)
2026-08-01 15:25:07 [04-find-block] FindFilledBlock: not found (20x20 0x00FF00 tol=5, 0 ms)
2026-08-01 15:25:07 [04-find-block] FindFilledBlock: not found (20x20 0x00B809 tol=5, 0 ms)
2026-08-01 15:25:07 [04-find-block] find-block: no match in clamped region
2026-08-01 15:25:07 [04-find-block] region-search: DONE
2026-08-01 15:25:08 [04-find-block] find-block: searching region [2420,0]-[2559,340] (clamped to screen)
2026-08-01 15:25:08 [04-find-block] FindFilledBlock: not found (20x20 0x00FF00 tol=5, 0 ms)
2026-08-01 15:25:08 [04-find-block] FindFilledBlock: not found (20x20 0x00B809 tol=5, 16 ms)
2026-08-01 15:25:08 [04-find-block] find-block: no match in clamped region
2026-08-01 15:25:08 [04-find-block] region-search: DONE
2026-08-01 15:25:21 [04-find-block] FindFilledBlock: found at 1665,83 (20x20 0x00FF00 tol=5, 31 ms)
2026-08-01 15:25:21 [04-find-block] find-block: found 0x00FF00 at 1665,83
2026-08-01 15:25:21 [04-find-block] micro04: DONE
2026-08-01 15:25:23 [04-find-block] FindFilledBlock: found at 897,55 (20x20 0x00FF00 tol=5, 31 ms)
2026-08-01 15:25:23 [04-find-block] find-block: found 0x00FF00 at 897,55
2026-08-01 15:25:23 [04-find-block] micro04: DONE
2026-08-01 15:25:23 [04-find-block] FindFilledBlock: found at 515,417 (20x20 0x00FF00 tol=5, 31 ms)
2026-08-01 15:25:23 [04-find-block] find-block: found 0x00FF00 at 515,417
2026-08-01 15:25:23 [04-find-block] micro04: DONE
2026-08-01 15:25:25 [04-find-block] find-block: searching region [2420,0]-[2559,340] (clamped to screen)
2026-08-01 15:25:25 [04-find-block] FindFilledBlock: not found (20x20 0x00FF00 tol=5, 0 ms)
2026-08-01 15:25:25 [04-find-block] FindFilledBlock: not found (20x20 0x00B809 tol=5, 0 ms)
2026-08-01 15:25:25 [04-find-block] find-block: no match in clamped region
2026-08-01 15:25:25 [04-find-block] region-search: DONE
2026-08-01 15:26:26 [04-find-block] find-block: searching region [2420,0]-[2559,340] (clamped to screen)
2026-08-01 15:26:26 [04-find-block] FindFilledBlock: not found (20x20 0x00FF00 tol=5, 16 ms)
2026-08-01 15:26:26 [04-find-block] FindFilledBlock: not found (20x20 0x00B809 tol=5, 0 ms)
2026-08-01 15:26:26 [04-find-block] find-block: no match in clamped region
2026-08-01 15:26:26 [04-find-block] region-search: DONE
2026-08-01 15:26:26 [04-find-block] find-block: searching region [2420,0]-[2559,340] (clamped to screen)
2026-08-01 15:26:26 [04-find-block] FindFilledBlock: not found (20x20 0x00FF00 tol=5, 15 ms)
2026-08-01 15:26:26 [04-find-block] FindFilledBlock: not found (20x20 0x00B809 tol=5, 0 ms)
2026-08-01 15:26:26 [04-find-block] find-block: no match in clamped region
2026-08-01 15:26:27 [04-find-block] region-search: DONE
2026-08-01 15:26:27 [04-find-block] find-block: searching region [2420,0]-[2559,340] (clamped to screen)
2026-08-01 15:26:27 [04-find-block] FindFilledBlock: not found (20x20 0x00FF00 tol=5, 0 ms)
2026-08-01 15:26:27 [04-find-block] FindFilledBlock: not found (20x20 0x00B809 tol=5, 0 ms)
2026-08-01 15:26:27 [04-find-block] find-block: no match in clamped region
2026-08-01 15:26:27 [04-find-block] region-search: DONE
2026-08-01 15:26:27 [04-find-block] find-block: searching region [2420,0]-[2559,340] (clamped to screen)
2026-08-01 15:26:27 [04-find-block] FindFilledBlock: not found (20x20 0x00FF00 tol=5, 16 ms)
2026-08-01 15:26:27 [04-find-block] FindFilledBlock: not found (20x20 0x00B809 tol=5, 0 ms)
2026-08-01 15:26:27 [04-find-block] find-block: no match in clamped region
2026-08-01 15:26:27 [04-find-block] region-search: DONE
2026-08-01 15:26:29 [04-find-block] find-block: searching region [2420,0]-[2559,340] (clamped to screen)
2026-08-01 15:26:29 [04-find-block] FindFilledBlock: not found (20x20 0x00FF00 tol=5, 15 ms)
2026-08-01 15:26:29 [04-find-block] FindFilledBlock: not found (20x20 0x00B809 tol=5, 0 ms)
2026-08-01 15:26:29 [04-find-block] find-block: no match in clamped region
2026-08-01 15:26:29 [04-find-block] region-search: DONE
2026-08-01 15:27:51 [04-find-block] micro04: ready - F5 run, F6 stop, F12 exit, F8 probe
2026-08-01 15:27:53 [04-find-block] find-block: searching region [1382,870]-[1716,1098] (clamped to screen)
2026-08-01 15:27:53 [04-find-block] FindFilledBlock: found at 1483,951 (20x20 0x00FF00 tol=5, 16 ms)
2026-08-01 15:27:53 [04-find-block] find-block: found 0x00FF00 at 1483,951
2026-08-01 15:27:53 [04-find-block] region-search: DONE
2026-08-01 15:27:54 [04-find-block] find-block: searching region [1382,870]-[1716,1098] (clamped to screen)
2026-08-01 15:27:54 [04-find-block] FindFilledBlock: found at 1501,967 (20x20 0x00FF00 tol=5, 0 ms)
2026-08-01 15:27:54 [04-find-block] find-block: found 0x00FF00 at 1501,967
2026-08-01 15:27:54 [04-find-block] region-search: DONE
2026-08-01 15:27:55 [04-find-block] find-block: searching region [1382,870]-[1716,1098] (clamped to screen)
2026-08-01 15:27:55 [04-find-block] FindFilledBlock: not found (20x20 0x00FF00 tol=5, 0 ms)
2026-08-01 15:27:55 [04-find-block] FindFilledBlock: not found (20x20 0x00B809 tol=5, 16 ms)
2026-08-01 15:27:55 [04-find-block] find-block: no match in clamped region
2026-08-01 15:27:55 [04-find-block] region-search: DONE
2026-08-01 15:27:55 [04-find-block] find-block: searching region [1382,870]-[1716,1098] (clamped to screen)
2026-08-01 15:27:55 [04-find-block] FindFilledBlock: not found (20x20 0x00FF00 tol=5, 0 ms)
2026-08-01 15:27:55 [04-find-block] FindFilledBlock: not found (20x20 0x00B809 tol=5, 15 ms)
2026-08-01 15:27:55 [04-find-block] find-block: no match in clamped region
2026-08-01 15:27:55 [04-find-block] region-search: DONE
2026-08-01 15:27:56 [04-find-block] find-block: searching region [1382,870]-[1716,1098] (clamped to screen)
2026-08-01 15:27:56 [04-find-block] FindFilledBlock: found at 1521,923 (20x20 0x00FF00 tol=5, 0 ms)
2026-08-01 15:27:56 [04-find-block] find-block: found 0x00FF00 at 1521,923
2026-08-01 15:27:56 [04-find-block] region-search: DONE
2026-08-01 15:27:57 [04-find-block] find-block: searching region [1382,870]-[1716,1098] (clamped to screen)
2026-08-01 15:27:57 [04-find-block] FindFilledBlock: found at 1467,963 (20x20 0x00FF00 tol=5, 0 ms)
2026-08-01 15:27:57 [04-find-block] find-block: found 0x00FF00 at 1467,963
2026-08-01 15:27:57 [04-find-block] region-search: DONE
2026-08-01 15:27:58 [04-find-block] find-block: searching region [1382,870]-[1716,1098] (clamped to screen)
2026-08-01 15:27:58 [04-find-block] FindFilledBlock: found at 1467,963 (20x20 0x00FF00 tol=5, 0 ms)
2026-08-01 15:27:58 [04-find-block] find-block: found 0x00FF00 at 1467,963
2026-08-01 15:27:58 [04-find-block] region-search: DONE
2026-08-01 15:27:58 [04-find-block] find-block: searching region [1382,870]-[1716,1098] (clamped to screen)
2026-08-01 15:27:58 [04-find-block] FindFilledBlock: found at 1493,975 (20x20 0x00FF00 tol=5, 0 ms)
2026-08-01 15:27:58 [04-find-block] find-block: found 0x00FF00 at 1493,975
2026-08-01 15:27:58 [04-find-block] region-search: DONE
2026-08-01 15:27:59 [04-find-block] find-block: searching region [1382,870]-[1716,1098] (clamped to screen)
2026-08-01 15:27:59 [04-find-block] FindFilledBlock: not found (20x20 0x00FF00 tol=5, 16 ms)
2026-08-01 15:27:59 [04-find-block] FindFilledBlock: not found (20x20 0x00B809 tol=5, 0 ms)
2026-08-01 15:27:59 [04-find-block] find-block: no match in clamped region
2026-08-01 15:27:59 [04-find-block] region-search: DONE
2026-08-01 15:27:59 [04-find-block] find-block: searching region [1382,870]-[1716,1098] (clamped to screen)
2026-08-01 15:27:59 [04-find-block] FindFilledBlock: not found (20x20 0x00FF00 tol=5, 16 ms)
2026-08-01 15:27:59 [04-find-block] FindFilledBlock: not found (20x20 0x00B809 tol=5, 0 ms)
2026-08-01 15:27:59 [04-find-block] find-block: no match in clamped region
2026-08-01 15:27:59 [04-find-block] region-search: DONE
2026-08-01 15:27:59 [04-find-block] find-block: searching region [1382,870]-[1716,1098] (clamped to screen)
2026-08-01 15:27:59 [04-find-block] FindFilledBlock: not found (20x20 0x00FF00 tol=5, 15 ms)
2026-08-01 15:27:59 [04-find-block] FindFilledBlock: not found (20x20 0x00B809 tol=5, 16 ms)
2026-08-01 15:27:59 [04-find-block] find-block: no match in clamped region
2026-08-01 15:27:59 [04-find-block] region-search: DONE
2026-08-01 15:28:00 [04-find-block] find-block: searching region [1382,870]-[1716,1098] (clamped to screen)
2026-08-01 15:28:00 [04-find-block] FindFilledBlock: not found (20x20 0x00FF00 tol=5, 16 ms)
2026-08-01 15:28:00 [04-find-block] FindFilledBlock: found at 1425,1011 (20x20 0x00B809 tol=5, 0 ms)
2026-08-01 15:28:00 [04-find-block] find-block: found 0x00B809 at 1425,1011
2026-08-01 15:28:00 [04-find-block] region-search: DONE
2026-08-01 15:28:00 [04-find-block] find-block: searching region [1382,870]-[1716,1098] (clamped to screen)
2026-08-01 15:28:00 [04-find-block] FindFilledBlock: not found (20x20 0x00FF00 tol=5, 0 ms)
2026-08-01 15:28:00 [04-find-block] FindFilledBlock: not found (20x20 0x00B809 tol=5, 0 ms)
2026-08-01 15:28:00 [04-find-block] find-block: no match in clamped region
2026-08-01 15:28:00 [04-find-block] region-search: DONE
2026-08-01 15:28:01 [04-find-block] find-block: searching region [1382,870]-[1716,1098] (clamped to screen)
2026-08-01 15:28:01 [04-find-block] FindFilledBlock: found at 1553,880 (20x20 0x00FF00 tol=5, 16 ms)
2026-08-01 15:28:01 [04-find-block] find-block: found 0x00FF00 at 1553,880
2026-08-01 15:28:01 [04-find-block] region-search: DONE
2026-08-01 15:28:02 [04-find-block] find-block: searching region [1382,870]-[1716,1098] (clamped to screen)
2026-08-01 15:28:02 [04-find-block] FindFilledBlock: found at 1519,931 (20x20 0x00FF00 tol=5, 16 ms)
2026-08-01 15:28:02 [04-find-block] find-block: found 0x00FF00 at 1519,931
2026-08-01 15:28:02 [04-find-block] region-search: DONE
2026-08-01 15:28:03 [04-find-block] find-block: searching region [1382,870]-[1716,1098] (clamped to screen)
2026-08-01 15:28:03 [04-find-block] FindFilledBlock: found at 1429,1019 (20x20 0x00FF00 tol=5, 16 ms)
2026-08-01 15:28:03 [04-find-block] find-block: found 0x00FF00 at 1429,1019
2026-08-01 15:28:03 [04-find-block] region-search: DONE
2026-08-01 15:28:04 [04-find-block] find-block: searching region [1382,870]-[1716,1098] (clamped to screen)
2026-08-01 15:28:04 [04-find-block] FindFilledBlock: found at 1527,913 (20x20 0x00FF00 tol=5, 0 ms)
2026-08-01 15:28:04 [04-find-block] find-block: found 0x00FF00 at 1527,913
2026-08-01 15:28:04 [04-find-block] region-search: DONE
2026-08-01 15:28:05 [04-find-block] find-block: searching region [1382,870]-[1716,1098] (clamped to screen)
2026-08-01 15:28:05 [04-find-block] FindFilledBlock: found at 1435,987 (20x20 0x00FF00 tol=5, 0 ms)
2026-08-01 15:28:05 [04-find-block] find-block: found 0x00FF00 at 1435,987
2026-08-01 15:28:05 [04-find-block] region-search: DONE
2026-08-01 15:28:13 [04-find-block] FindFilledBlock: found at 1457,969 (20x20 0x00FF00 tol=5, 46 ms)
2026-08-01 15:28:13 [04-find-block] FindFilledBlock: found at 1523,917 (20x20 0x00B809 tol=5, 32 ms)
2026-08-01 15:28:13 [04-find-block] find-block: nearest=0x00FF00 at 1457,969 (dist=331px)
2026-08-01 15:28:13 [04-find-block] micro04 probe: DONE
2026-08-01 15:28:14 [04-find-block] FindFilledBlock: found at 1457,969 (20x20 0x00FF00 tol=5, 31 ms)
2026-08-01 15:28:14 [04-find-block] FindFilledBlock: found at 1523,917 (20x20 0x00B809 tol=5, 32 ms)
2026-08-01 15:28:14 [04-find-block] find-block: nearest=0x00FF00 at 1457,969 (dist=331px)
2026-08-01 15:28:14 [04-find-block] micro04 probe: DONE
2026-08-01 15:28:14 [04-find-block] FindFilledBlock: found at 1557,461 (20x20 0x00FF00 tol=5, 31 ms)
2026-08-01 15:28:14 [04-find-block] FindFilledBlock: found at 1505,365 (20x20 0x00B809 tol=5, 32 ms)
2026-08-01 15:28:14 [04-find-block] find-block: nearest=0x00FF00 at 1557,461 (dist=397px)
2026-08-01 15:28:14 [04-find-block] micro04 probe: DONE
2026-08-01 15:28:15 [04-find-block] FindFilledBlock: found at 1613,495 (20x20 0x00FF00 tol=5, 31 ms)
2026-08-01 15:28:15 [04-find-block] FindFilledBlock: found at 1549,411 (20x20 0x00B809 tol=5, 47 ms)
2026-08-01 15:28:15 [04-find-block] find-block: nearest=0x00FF00 at 1613,495 (dist=424px)
2026-08-01 15:28:15 [04-find-block] micro04 probe: DONE
2026-08-01 15:28:15 [04-find-block] FindFilledBlock: found at 1617,497 (20x20 0x00FF00 tol=5, 16 ms)
2026-08-01 15:28:15 [04-find-block] FindFilledBlock: found at 1549,413 (20x20 0x00B809 tol=5, 47 ms)
2026-08-01 15:28:15 [04-find-block] find-block: nearest=0x00B809 at 1549,413 (dist=424px)
2026-08-01 15:28:15 [04-find-block] micro04 probe: DONE
2026-08-01 15:28:15 [04-find-block] FindFilledBlock: found at 1617,497 (20x20 0x00FF00 tol=5, 31 ms)
2026-08-01 15:28:15 [04-find-block] FindFilledBlock: found at 1549,413 (20x20 0x00B809 tol=5, 31 ms)
2026-08-01 15:28:15 [04-find-block] find-block: nearest=0x00B809 at 1549,413 (dist=424px)
2026-08-01 15:28:15 [04-find-block] micro04 probe: DONE
2026-08-01 15:28:16 [04-find-block] FindFilledBlock: found at 1617,497 (20x20 0x00FF00 tol=5, 47 ms)
2026-08-01 15:28:16 [04-find-block] FindFilledBlock: found at 1549,413 (20x20 0x00B809 tol=5, 31 ms)
2026-08-01 15:28:16 [04-find-block] find-block: nearest=0x00B809 at 1549,413 (dist=424px)
2026-08-01 15:28:16 [04-find-block] micro04 probe: DONE
2026-08-01 15:28:19 [04-find-block] FindFilledBlock: found at 957,403 (20x20 0x00FF00 tol=5, 31 ms)
2026-08-01 15:28:19 [04-find-block] FindFilledBlock: found at 877,429 (20x20 0x00B809 tol=5, 31 ms)
2026-08-01 15:28:19 [04-find-block] find-block: nearest=0x00FF00 at 957,403 (dist=425px)
2026-08-01 15:28:19 [04-find-block] micro04 probe: DONE
2026-08-01 15:28:20 [04-find-block] FindFilledBlock: not found (20x20 0x00FF00 tol=5, 47 ms)
2026-08-01 15:28:20 [04-find-block] FindFilledBlock: not found (20x20 0x00B809 tol=5, 31 ms)
2026-08-01 15:28:20 [04-find-block] find-block: no match found for nearest-search
2026-08-01 15:28:20 [04-find-block] micro04 probe: DONE
