2026-08-01 15:28:54 [05-find-image] micro05: ready - F5 run, F6 stop, F12 exit, F8 probe
2026-08-01 15:28:56 [05-find-image] FindImage: not found (C:\Users\link\Documents\GitHub\osrs-automation\v8\micro\..\..\Images\deposit-bank.png, 0 ms)
2026-08-01 15:28:56 [05-find-image] find-image: not found in fixed region
2026-08-01 15:28:56 [05-find-image] micro05: FAILED - still loaded, F5 to restart
2026-08-01 15:28:59 [05-find-image] FindImage: found at 1363,999 (C:\Users\link\Documents\GitHub\osrs-automation\v8\micro\..\..\Images\deposit-bank.png, 16 ms)
2026-08-01 15:28:59 [05-find-image] find-image: found at 1363,999
2026-08-01 15:28:59 [05-find-image] micro05: DONE
2026-08-01 15:29:00 [05-find-image] FindImage: not found (C:\Users\link\Documents\GitHub\osrs-automation\v8\micro\..\..\Images\deposit-bank.png, 0 ms)
2026-08-01 15:29:00 [05-find-image] find-image: not found in fixed region
2026-08-01 15:29:00 [05-find-image] micro05: FAILED - still loaded, F5 to restart
2026-08-01 15:29:08 [05-find-image] FindFilledBlock: found at 1497,1003 (20x20 0x00FF00 tol=5, 47 ms)
2026-08-01 15:29:08 [05-find-image] find-image: (block spec) found 0x00FF00 at 1497,1003
2026-08-01 15:29:08 [05-find-image] block-spec: DONE
2026-08-01 15:29:09 [05-find-image] FindFilledBlock: found at 1497,1003 (20x20 0x00FF00 tol=5, 31 ms)
2026-08-01 15:29:09 [05-find-image] find-image: (block spec) found 0x00FF00 at 1497,1003
2026-08-01 15:29:09 [05-find-image] block-spec: DONE
2026-08-01 15:29:17 [05-find-image] find-image: waiting for target to APPEAR (timeout 15000ms)
2026-08-01 15:29:17 [05-find-image] FindImage: found at 1363,999 (C:\Users\link\Documents\GitHub\osrs-automation\v8\micro\..\..\Images\deposit-bank.png, 0 ms)
2026-08-01 15:29:17 [05-find-image] find-image: appeared at 1363,999 - now waiting for it to be GONE
2026-08-01 15:29:17 [05-find-image] FindImage: found at 1363,999 (C:\Users\link\Documents\GitHub\osrs-automation\v8\micro\..\..\Images\deposit-bank.png, 0 ms)
2026-08-01 15:29:17 [05-find-image] FindImage: found at 1363,999 (C:\Users\link\Documents\GitHub\osrs-automation\v8\micro\..\..\Images\deposit-bank.png, 0 ms)
2026-08-01 15:29:17 [05-find-image] FindImage: found at 1363,999 (C:\Users\link\Documents\GitHub\osrs-automation\v8\micro\..\..\Images\deposit-bank.png, 0 ms)
2026-08-01 15:29:18 [05-find-image] FindImage: found at 1363,999 (C:\Users\link\Documents\GitHub\osrs-automation\v8\micro\..\..\Images\deposit-bank.png, 0 ms)
2026-08-01 15:29:18 [05-find-image] FindImage: found at 1363,999 (C:\Users\link\Documents\GitHub\osrs-automation\v8\micro\..\..\Images\deposit-bank.png, 0 ms)
2026-08-01 15:29:18 [05-find-image] FindImage: found at 1363,999 (C:\Users\link\Documents\GitHub\osrs-automation\v8\micro\..\..\Images\deposit-bank.png, 0 ms)
2026-08-01 15:29:18 [05-find-image] FindImage: found at 1363,999 (C:\Users\link\Documents\GitHub\osrs-automation\v8\micro\..\..\Images\deposit-bank.png, 0 ms)
2026-08-01 15:29:18 [05-find-image] FindImage: found at 1363,999 (C:\Users\link\Documents\GitHub\osrs-automation\v8\micro\..\..\Images\deposit-bank.png, 15 ms)
2026-08-01 15:29:18 [05-find-image] FindImage: found at 1363,999 (C:\Users\link\Documents\GitHub\osrs-automation\v8\micro\..\..\Images\deposit-bank.png, 15 ms)
2026-08-01 15:29:18 [05-find-image] FindImage: found at 1363,999 (C:\Users\link\Documents\GitHub\osrs-automation\v8\micro\..\..\Images\deposit-bank.png, 15 ms)
2026-08-01 15:29:18 [05-find-image] FindImage: found at 1363,999 (C:\Users\link\Documents\GitHub\osrs-automation\v8\micro\..\..\Images\deposit-bank.png, 15 ms)
2026-08-01 15:29:19 [05-find-image] FindImage: found at 1363,999 (C:\Users\link\Documents\GitHub\osrs-automation\v8\micro\..\..\Images\deposit-bank.png, 15 ms)
2026-08-01 15:29:19 [05-find-image] FindImage: found at 1363,999 (C:\Users\link\Documents\GitHub\osrs-automation\v8\micro\..\..\Images\deposit-bank.png, 15 ms)
2026-08-01 15:29:19 [05-find-image] FindImage: found at 1363,999 (C:\Users\link\Documents\GitHub\osrs-automation\v8\micro\..\..\Images\deposit-bank.png, 15 ms)
2026-08-01 15:29:19 [05-find-image] FindImage: found at 1363,999 (C:\Users\link\Documents\GitHub\osrs-automation\v8\micro\..\..\Images\deposit-bank.png, 15 ms)
2026-08-01 15:29:19 [05-find-image] FindImage: found at 1363,999 (C:\Users\link\Documents\GitHub\osrs-automation\v8\micro\..\..\Images\deposit-bank.png, 0 ms)
2026-08-01 15:29:19 [05-find-image] FindImage: found at 1363,999 (C:\Users\link\Documents\GitHub\osrs-automation\v8\micro\..\..\Images\deposit-bank.png, 0 ms)
2026-08-01 15:29:19 [05-find-image] FindImage: found at 1363,999 (C:\Users\link\Documents\GitHub\osrs-automation\v8\micro\..\..\Images\deposit-bank.png, 0 ms)
2026-08-01 15:29:19 [05-find-image] FindImage: found at 1363,999 (C:\Users\link\Documents\GitHub\osrs-automation\v8\micro\..\..\Images\deposit-bank.png, 0 ms)
2026-08-01 15:29:20 [05-find-image] FindImage: found at 1363,999 (C:\Users\link\Documents\GitHub\osrs-automation\v8\micro\..\..\Images\deposit-bank.png, 0 ms)
2026-08-01 15:29:20 [05-find-image] FindImage: found at 1363,999 (C:\Users\link\Documents\GitHub\osrs-automation\v8\micro\..\..\Images\deposit-bank.png, 0 ms)
2026-08-01 15:29:20 [05-find-image] FindImage: found at 1363,999 (C:\Users\link\Documents\GitHub\osrs-automation\v8\micro\..\..\Images\deposit-bank.png, 0 ms)
2026-08-01 15:29:20 [05-find-image] FindImage: found at 1363,999 (C:\Users\link\Documents\GitHub\osrs-automation\v8\micro\..\..\Images\deposit-bank.png, 0 ms)
2026-08-01 15:29:20 [05-find-image] FindImage: found at 1363,999 (C:\Users\link\Documents\GitHub\osrs-automation\v8\micro\..\..\Images\deposit-bank.png, 0 ms)
2026-08-01 15:29:20 [05-find-image] FindImage: found at 1363,999 (C:\Users\link\Documents\GitHub\osrs-automation\v8\micro\..\..\Images\deposit-bank.png, 0 ms)
2026-08-01 15:29:20 [05-find-image] FindImage: found at 1363,999 (C:\Users\link\Documents\GitHub\osrs-automation\v8\micro\..\..\Images\deposit-bank.png, 0 ms)
2026-08-01 15:29:20 [05-find-image] FindImage: found at 1363,999 (C:\Users\link\Documents\GitHub\osrs-automation\v8\micro\..\..\Images\deposit-bank.png, 15 ms)
2026-08-01 15:29:20 [05-find-image] FindImage: not found (C:\Users\link\Documents\GitHub\osrs-automation\v8\micro\..\..\Images\deposit-bank.png, 15 ms)
2026-08-01 15:29:20 [05-find-image] find-image: gone=1
2026-08-01 15:29:20 [05-find-image] micro05 probe: DONE
2026-08-01 15:29:22 [05-find-image] find-image: waiting for target to APPEAR (timeout 15000ms)
2026-08-01 15:29:22 [05-find-image] FindImage: not found (C:\Users\link\Documents\GitHub\osrs-automation\v8\micro\..\..\Images\deposit-bank.png, 16 ms)
2026-08-01 15:29:22 [05-find-image] FindImage: not found (C:\Users\link\Documents\GitHub\osrs-automation\v8\micro\..\..\Images\deposit-bank.png, 16 ms)
2026-08-01 15:29:22 [05-find-image] FindImage: not found (C:\Users\link\Documents\GitHub\osrs-automation\v8\micro\..\..\Images\deposit-bank.png, 16 ms)
2026-08-01 15:29:23 [05-find-image] FindImage: not found (C:\Users\link\Documents\GitHub\osrs-automation\v8\micro\..\..\Images\deposit-bank.png, 16 ms)
2026-08-01 15:29:23 [05-find-image] FindImage: not found (C:\Users\link\Documents\GitHub\osrs-automation\v8\micro\..\..\Images\deposit-bank.png, 0 ms)
2026-08-01 15:29:23 [05-find-image] FindImage: not found (C:\Users\link\Documents\GitHub\osrs-automation\v8\micro\..\..\Images\deposit-bank.png, 0 ms)
2026-08-01 15:29:23 [05-find-image] FindImage: not found (C:\Users\link\Documents\GitHub\osrs-automation\v8\micro\..\..\Images\deposit-bank.png, 0 ms)
2026-08-01 15:29:23 [05-find-image] FindImage: not found (C:\Users\link\Documents\GitHub\osrs-automation\v8\micro\..\..\Images\deposit-bank.png, 0 ms)
2026-08-01 15:29:23 [05-find-image] FindImage: found at 1363,999 (C:\Users\link\Documents\GitHub\osrs-automation\v8\micro\..\..\Images\deposit-bank.png, 0 ms)
2026-08-01 15:29:23 [05-find-image] find-image: appeared at 1363,999 - now waiting for it to be GONE
2026-08-01 15:29:23 [05-find-image] FindImage: found at 1363,999 (C:\Users\link\Documents\GitHub\osrs-automation\v8\micro\..\..\Images\deposit-bank.png, 0 ms)
2026-08-01 15:29:23 [05-find-image] FindImage: found at 1363,999 (C:\Users\link\Documents\GitHub\osrs-automation\v8\micro\..\..\Images\deposit-bank.png, 0 ms)
2026-08-01 15:29:23 [05-find-image] FindImage: found at 1363,999 (C:\Users\link\Documents\GitHub\osrs-automation\v8\micro\..\..\Images\deposit-bank.png, 15 ms)
2026-08-01 15:29:23 [05-find-image] FindImage: found at 1363,999 (C:\Users\link\Documents\GitHub\osrs-automation\v8\micro\..\..\Images\deposit-bank.png, 15 ms)
2026-08-01 15:29:24 [05-find-image] FindImage: found at 1363,999 (C:\Users\link\Documents\GitHub\osrs-automation\v8\micro\..\..\Images\deposit-bank.png, 15 ms)
2026-08-01 15:29:24 [05-find-image] FindImage: found at 1363,999 (C:\Users\link\Documents\GitHub\osrs-automation\v8\micro\..\..\Images\deposit-bank.png, 15 ms)
2026-08-01 15:29:24 [05-find-image] FindImage: found at 1363,999 (C:\Users\link\Documents\GitHub\osrs-automation\v8\micro\..\..\Images\deposit-bank.png, 15 ms)
2026-08-01 15:29:24 [05-find-image] FindImage: found at 1363,999 (C:\Users\link\Documents\GitHub\osrs-automation\v8\micro\..\..\Images\deposit-bank.png, 15 ms)
2026-08-01 15:29:24 [05-find-image] FindImage: found at 1363,999 (C:\Users\link\Documents\GitHub\osrs-automation\v8\micro\..\..\Images\deposit-bank.png, 15 ms)
2026-08-01 15:29:24 [05-find-image] FindImage: found at 1363,999 (C:\Users\link\Documents\GitHub\osrs-automation\v8\micro\..\..\Images\deposit-bank.png, 15 ms)
2026-08-01 15:29:24 [05-find-image] FindImage: found at 1363,999 (C:\Users\link\Documents\GitHub\osrs-automation\v8\micro\..\..\Images\deposit-bank.png, 0 ms)
2026-08-01 15:29:24 [05-find-image] FindImage: found at 1363,999 (C:\Users\link\Documents\GitHub\osrs-automation\v8\micro\..\..\Images\deposit-bank.png, 0 ms)
2026-08-01 15:29:25 [05-find-image] FindImage: found at 1363,999 (C:\Users\link\Documents\GitHub\osrs-automation\v8\micro\..\..\Images\deposit-bank.png, 0 ms)
2026-08-01 15:29:25 [05-find-image] FindImage: found at 1363,999 (C:\Users\link\Documents\GitHub\osrs-automation\v8\micro\..\..\Images\deposit-bank.png, 0 ms)
2026-08-01 15:29:25 [05-find-image] FindImage: not found (C:\Users\link\Documents\GitHub\osrs-automation\v8\micro\..\..\Images\deposit-bank.png, 16 ms)
2026-08-01 15:29:25 [05-find-image] find-image: gone=1
2026-08-01 15:29:25 [05-find-image] micro05 probe: DONE
2026-08-01 15:29:25 [05-find-image] find-image: waiting for target to APPEAR (timeout 15000ms)
2026-08-01 15:29:25 [05-find-image] FindImage: not found (C:\Users\link\Documents\GitHub\osrs-automation\v8\micro\..\..\Images\deposit-bank.png, 16 ms)
2026-08-01 15:29:25 [05-find-image] FindImage: not found (C:\Users\link\Documents\GitHub\osrs-automation\v8\micro\..\..\Images\deposit-bank.png, 0 ms)
2026-08-01 15:29:26 [05-find-image] FindImage: not found (C:\Users\link\Documents\GitHub\osrs-automation\v8\micro\..\..\Images\deposit-bank.png, 0 ms)
2026-08-01 15:29:26 [05-find-image] FindImage: not found (C:\Users\link\Documents\GitHub\osrs-automation\v8\micro\..\..\Images\deposit-bank.png, 0 ms)
2026-08-01 15:29:26 [05-find-image] FindImage: not found (C:\Users\link\Documents\GitHub\osrs-automation\v8\micro\..\..\Images\deposit-bank.png, 0 ms)
2026-08-01 15:29:26 [05-find-image] FindImage: not found (C:\Users\link\Documents\GitHub\osrs-automation\v8\micro\..\..\Images\deposit-bank.png, 0 ms)
2026-08-01 15:29:26 [05-find-image] FindImage: not found (C:\Users\link\Documents\GitHub\osrs-automation\v8\micro\..\..\Images\deposit-bank.png, 0 ms)
2026-08-01 15:29:26 [05-find-image] FindImage: not found (C:\Users\link\Documents\GitHub\osrs-automation\v8\micro\..\..\Images\deposit-bank.png, 0 ms)
2026-08-01 15:29:26 [05-find-image] FindImage: not found (C:\Users\link\Documents\GitHub\osrs-automation\v8\micro\..\..\Images\deposit-bank.png, 0 ms)
2026-08-01 15:29:26 [05-find-image] FindImage: not found (C:\Users\link\Documents\GitHub\osrs-automation\v8\micro\..\..\Images\deposit-bank.png, 15 ms)
2026-08-01 15:29:26 [05-find-image] FindImage: not found (C:\Users\link\Documents\GitHub\osrs-automation\v8\micro\..\..\Images\deposit-bank.png, 15 ms)
2026-08-01 15:29:27 [05-find-image] FindImage: not found (C:\Users\link\Documents\GitHub\osrs-automation\v8\micro\..\..\Images\deposit-bank.png, 15 ms)
2026-08-01 15:29:27 [05-find-image] FindImage: not found (C:\Users\link\Documents\GitHub\osrs-automation\v8\micro\..\..\Images\deposit-bank.png, 15 ms)
2026-08-01 15:29:27 [05-find-image] FindImage: not found (C:\Users\link\Documents\GitHub\osrs-automation\v8\micro\..\..\Images\deposit-bank.png, 15 ms)
2026-08-01 15:29:27 [05-find-image] FindImage: not found (C:\Users\link\Documents\GitHub\osrs-automation\v8\micro\..\..\Images\deposit-bank.png, 15 ms)
2026-08-01 15:29:27 [05-find-image] FindImage: not found (C:\Users\link\Documents\GitHub\osrs-automation\v8\micro\..\..\Images\deposit-bank.png, 15 ms)
2026-08-01 15:29:27 [05-find-image] FindImage: found at 1363,999 (C:\Users\link\Documents\GitHub\osrs-automation\v8\micro\..\..\Images\deposit-bank.png, 15 ms)
2026-08-01 15:29:27 [05-find-image] find-image: appeared at 1363,999 - now waiting for it to be GONE
2026-08-01 15:29:27 [05-find-image] FindImage: found at 1363,999 (C:\Users\link\Documents\GitHub\osrs-automation\v8\micro\..\..\Images\deposit-bank.png, 16 ms)
2026-08-01 15:29:27 [05-find-image] FindImage: found at 1363,999 (C:\Users\link\Documents\GitHub\osrs-automation\v8\micro\..\..\Images\deposit-bank.png, 16 ms)
2026-08-01 15:29:27 [05-find-image] FindImage: found at 1363,999 (C:\Users\link\Documents\GitHub\osrs-automation\v8\micro\..\..\Images\deposit-bank.png, 16 ms)
2026-08-01 15:29:28 [05-find-image] FindImage: found at 1363,999 (C:\Users\link\Documents\GitHub\osrs-automation\v8\micro\..\..\Images\deposit-bank.png, 0 ms)
2026-08-01 15:29:28 [05-find-image] FindImage: found at 1363,999 (C:\Users\link\Documents\GitHub\osrs-automation\v8\micro\..\..\Images\deposit-bank.png, 0 ms)
2026-08-01 15:29:28 [05-find-image] FindImage: found at 1363,999 (C:\Users\link\Documents\GitHub\osrs-automation\v8\micro\..\..\Images\deposit-bank.png, 0 ms)
2026-08-01 15:29:28 [05-find-image] FindImage: found at 1363,999 (C:\Users\link\Documents\GitHub\osrs-automation\v8\micro\..\..\Images\deposit-bank.png, 0 ms)
2026-08-01 15:29:28 [05-find-image] FindImage: found at 1363,999 (C:\Users\link\Documents\GitHub\osrs-automation\v8\micro\..\..\Images\deposit-bank.png, 0 ms)
2026-08-01 15:29:28 [05-find-image] FindImage: found at 1363,999 (C:\Users\link\Documents\GitHub\osrs-automation\v8\micro\..\..\Images\deposit-bank.png, 0 ms)
2026-08-01 15:29:28 [05-find-image] FindImage: found at 1363,999 (C:\Users\link\Documents\GitHub\osrs-automation\v8\micro\..\..\Images\deposit-bank.png, 0 ms)
2026-08-01 15:29:28 [05-find-image] FindImage: found at 1363,999 (C:\Users\link\Documents\GitHub\osrs-automation\v8\micro\..\..\Images\deposit-bank.png, 0 ms)
2026-08-01 15:29:28 [05-find-image] FindImage: found at 1363,999 (C:\Users\link\Documents\GitHub\osrs-automation\v8\micro\..\..\Images\deposit-bank.png, 0 ms)
2026-08-01 15:29:29 [05-find-image] FindImage: found at 1363,999 (C:\Users\link\Documents\GitHub\osrs-automation\v8\micro\..\..\Images\deposit-bank.png, 15 ms)
2026-08-01 15:29:29 [05-find-image] FindImage: found at 1363,999 (C:\Users\link\Documents\GitHub\osrs-automation\v8\micro\..\..\Images\deposit-bank.png, 15 ms)
2026-08-01 15:29:29 [05-find-image] FindImage: found at 1363,999 (C:\Users\link\Documents\GitHub\osrs-automation\v8\micro\..\..\Images\deposit-bank.png, 15 ms)
2026-08-01 15:29:29 [05-find-image] FindFilledBlock: found at 1497,1003 (20x20 0x00FF00 tol=5, 32 ms)
2026-08-01 15:29:29 [05-find-image] find-image: (block spec) found 0x00FF00 at 1497,1003
2026-08-01 15:29:29 [05-find-image] block-spec: DONE
2026-08-01 15:29:29 [05-find-image] FindImage: found at 1363,999 (C:\Users\link\Documents\GitHub\osrs-automation\v8\micro\..\..\Images\deposit-bank.png, 15 ms)
2026-08-01 15:29:29 [05-find-image] FindImage: found at 1363,999 (C:\Users\link\Documents\GitHub\osrs-automation\v8\micro\..\..\Images\deposit-bank.png, 15 ms)
2026-08-01 15:29:29 [05-find-image] FindImage: found at 1363,999 (C:\Users\link\Documents\GitHub\osrs-automation\v8\micro\..\..\Images\deposit-bank.png, 15 ms)
2026-08-01 15:29:29 [05-find-image] FindImage: found at 1363,999 (C:\Users\link\Documents\GitHub\osrs-automation\v8\micro\..\..\Images\deposit-bank.png, 15 ms)
2026-08-01 15:29:29 [05-find-image] FindImage: found at 1363,999 (C:\Users\link\Documents\GitHub\osrs-automation\v8\micro\..\..\Images\deposit-bank.png, 0 ms)
2026-08-01 15:29:30 [05-find-image] FindImage: found at 1363,999 (C:\Users\link\Documents\GitHub\osrs-automation\v8\micro\..\..\Images\deposit-bank.png, 0 ms)
2026-08-01 15:29:30 [05-find-image] FindImage: found at 1363,999 (C:\Users\link\Documents\GitHub\osrs-automation\v8\micro\..\..\Images\deposit-bank.png, 0 ms)
2026-08-01 15:29:30 [05-find-image] FindImage: found at 1363,999 (C:\Users\link\Documents\GitHub\osrs-automation\v8\micro\..\..\Images\deposit-bank.png, 15 ms)
2026-08-01 15:29:30 [05-find-image] FindImage: found at 1363,999 (C:\Users\link\Documents\GitHub\osrs-automation\v8\micro\..\..\Images\deposit-bank.png, 0 ms)
2026-08-01 15:29:30 [05-find-image] FindImage: found at 1363,999 (C:\Users\link\Documents\GitHub\osrs-automation\v8\micro\..\..\Images\deposit-bank.png, 0 ms)
2026-08-01 15:29:30 [05-find-image] FindImage: found at 1363,999 (C:\Users\link\Documents\GitHub\osrs-automation\v8\micro\..\..\Images\deposit-bank.png, 0 ms)
2026-08-01 15:29:30 [05-find-image] FindImage: found at 1363,999 (C:\Users\link\Documents\GitHub\osrs-automation\v8\micro\..\..\Images\deposit-bank.png, 0 ms)
2026-08-01 15:29:30 [05-find-image] FindFilledBlock: found at 1655,715 (20x20 0x00FF00 tol=5, 47 ms)
2026-08-01 15:29:30 [05-find-image] find-image: (block spec) found 0x00FF00 at 1655,715
2026-08-01 15:29:30 [05-find-image] block-spec: DONE
2026-08-01 15:29:30 [05-find-image] FindImage: found at 1363,999 (C:\Users\link\Documents\GitHub\osrs-automation\v8\micro\..\..\Images\deposit-bank.png, 16 ms)
2026-08-01 15:29:31 [05-find-image] FindImage: found at 1363,999 (C:\Users\link\Documents\GitHub\osrs-automation\v8\micro\..\..\Images\deposit-bank.png, 16 ms)
2026-08-01 15:29:31 [05-find-image] FindImage: found at 1363,999 (C:\Users\link\Documents\GitHub\osrs-automation\v8\micro\..\..\Images\deposit-bank.png, 16 ms)
2026-08-01 15:29:31 [05-find-image] FindImage: found at 1363,999 (C:\Users\link\Documents\GitHub\osrs-automation\v8\micro\..\..\Images\deposit-bank.png, 16 ms)
2026-08-01 15:29:31 [05-find-image] FindImage: found at 1363,999 (C:\Users\link\Documents\GitHub\osrs-automation\v8\micro\..\..\Images\deposit-bank.png, 16 ms)
2026-08-01 15:29:31 [05-find-image] FindImage: found at 1363,999 (C:\Users\link\Documents\GitHub\osrs-automation\v8\micro\..\..\Images\deposit-bank.png, 0 ms)
2026-08-01 15:29:31 [05-find-image] FindImage: found at 1363,999 (C:\Users\link\Documents\GitHub\osrs-automation\v8\micro\..\..\Images\deposit-bank.png, 0 ms)
2026-08-01 15:29:31 [05-find-image] FindFilledBlock: not found (20x20 0x00FF00 tol=5, 31 ms)
2026-08-01 15:29:31 [05-find-image] FindFilledBlock: not found (20x20 0xFF980A tol=5, 47 ms)
2026-08-01 15:29:31 [05-find-image] find-image: (block spec) not found
2026-08-01 15:29:31 [05-find-image] block-spec: DONE
2026-08-01 15:29:31 [05-find-image] FindImage: found at 1363,999 (C:\Users\link\Documents\GitHub\osrs-automation\v8\micro\..\..\Images\deposit-bank.png, 0 ms)
2026-08-01 15:29:31 [05-find-image] FindImage: found at 1363,999 (C:\Users\link\Documents\GitHub\osrs-automation\v8\micro\..\..\Images\deposit-bank.png, 0 ms)
2026-08-01 15:29:32 [05-find-image] FindImage: found at 1363,999 (C:\Users\link\Documents\GitHub\osrs-automation\v8\micro\..\..\Images\deposit-bank.png, 0 ms)
2026-08-01 15:29:32 [05-find-image] FindImage: found at 1363,999 (C:\Users\link\Documents\GitHub\osrs-automation\v8\micro\..\..\Images\deposit-bank.png, 0 ms)
2026-08-01 15:29:32 [05-find-image] FindImage: found at 1363,999 (C:\Users\link\Documents\GitHub\osrs-automation\v8\micro\..\..\Images\deposit-bank.png, 0 ms)
2026-08-01 15:29:32 [05-find-image] FindImage: found at 1363,999 (C:\Users\link\Documents\GitHub\osrs-automation\v8\micro\..\..\Images\deposit-bank.png, 16 ms)
2026-08-01 15:29:32 [05-find-image] FindFilledBlock: found at 1137,1075 (20x20 0x00FF00 tol=5, 32 ms)
2026-08-01 15:29:32 [05-find-image] find-image: (block spec) found 0x00FF00 at 1137,1075
2026-08-01 15:29:32 [05-find-image] block-spec: DONE
2026-08-01 15:29:32 [05-find-image] FindImage: found at 1363,999 (C:\Users\link\Documents\GitHub\osrs-automation\v8\micro\..\..\Images\deposit-bank.png, 16 ms)
2026-08-01 15:29:32 [05-find-image] FindImage: found at 1363,999 (C:\Users\link\Documents\GitHub\osrs-automation\v8\micro\..\..\Images\deposit-bank.png, 0 ms)
2026-08-01 15:29:32 [05-find-image] FindImage: found at 1363,999 (C:\Users\link\Documents\GitHub\osrs-automation\v8\micro\..\..\Images\deposit-bank.png, 0 ms)
2026-08-01 15:29:32 [05-find-image] FindImage: found at 1363,999 (C:\Users\link\Documents\GitHub\osrs-automation\v8\micro\..\..\Images\deposit-bank.png, 0 ms)
2026-08-01 15:29:33 [05-find-image] FindImage: found at 1363,999 (C:\Users\link\Documents\GitHub\osrs-automation\v8\micro\..\..\Images\deposit-bank.png, 0 ms)
2026-08-01 15:29:33 [05-find-image] FindImage: found at 1363,999 (C:\Users\link\Documents\GitHub\osrs-automation\v8\micro\..\..\Images\deposit-bank.png, 0 ms)
2026-08-01 15:29:33 [05-find-image] FindImage: found at 1363,999 (C:\Users\link\Documents\GitHub\osrs-automation\v8\micro\..\..\Images\deposit-bank.png, 0 ms)
2026-08-01 15:29:33 [05-find-image] FindImage: found at 1363,999 (C:\Users\link\Documents\GitHub\osrs-automation\v8\micro\..\..\Images\deposit-bank.png, 0 ms)
2026-08-01 15:29:33 [05-find-image] FindImage: found at 1363,999 (C:\Users\link\Documents\GitHub\osrs-automation\v8\micro\..\..\Images\deposit-bank.png, 0 ms)
2026-08-01 15:29:33 [05-find-image] FindImage: found at 1363,999 (C:\Users\link\Documents\GitHub\osrs-automation\v8\micro\..\..\Images\deposit-bank.png, 0 ms)
2026-08-01 15:29:33 [05-find-image] FindImage: found at 1363,999 (C:\Users\link\Documents\GitHub\osrs-automation\v8\micro\..\..\Images\deposit-bank.png, 0 ms)
2026-08-01 15:29:33 [05-find-image] FindImage: found at 1363,999 (C:\Users\link\Documents\GitHub\osrs-automation\v8\micro\..\..\Images\deposit-bank.png, 0 ms)
2026-08-01 15:29:33 [05-find-image] FindImage: not found (C:\Users\link\Documents\GitHub\osrs-automation\v8\micro\..\..\Images\deposit-bank.png, 0 ms)
2026-08-01 15:29:33 [05-find-image] find-image: gone=1
2026-08-01 15:29:33 [05-find-image] micro05 probe: DONE
2026-08-01 15:29:52 [05-find-image] FindFilledBlock: found at 1167,1079 (20x20 0x00FF00 tol=5, 31 ms)
2026-08-01 15:29:52 [05-find-image] find-image: (block spec) found 0x00FF00 at 1167,1079
2026-08-01 15:29:52 [05-find-image] block-spec: DONE
2026-08-01 15:29:53 [05-find-image] FindFilledBlock: found at 1249,1091 (20x20 0x00FF00 tol=5, 31 ms)
2026-08-01 15:29:53 [05-find-image] find-image: (block spec) found 0x00FF00 at 1249,1091
2026-08-01 15:29:53 [05-find-image] block-spec: DONE
2026-08-01 15:29:56 [05-find-image] FindFilledBlock: found at 1047,1059 (20x20 0x00FF00 tol=5, 31 ms)
2026-08-01 15:29:56 [05-find-image] find-image: (block spec) found 0x00FF00 at 1047,1059
2026-08-01 15:29:56 [05-find-image] block-spec: DONE
2026-08-01 15:29:57 [05-find-image] FindFilledBlock: found at 1047,1059 (20x20 0x00FF00 tol=5, 31 ms)
2026-08-01 15:29:57 [05-find-image] find-image: (block spec) found 0x00FF00 at 1047,1059
2026-08-01 15:29:57 [05-find-image] block-spec: DONE
2026-08-01 15:29:58 [05-find-image] FindFilledBlock: found at 1047,1059 (20x20 0x00FF00 tol=5, 31 ms)
2026-08-01 15:29:58 [05-find-image] find-image: (block spec) found 0x00FF00 at 1047,1059
2026-08-01 15:29:58 [05-find-image] block-spec: DONE
2026-08-01 15:30:00 [05-find-image] FindFilledBlock: not found (20x20 0x00FF00 tol=5, 31 ms)
2026-08-01 15:30:00 [05-find-image] FindFilledBlock: not found (20x20 0xFF980A tol=5, 47 ms)
2026-08-01 15:30:00 [05-find-image] find-image: (block spec) not found
2026-08-01 15:30:00 [05-find-image] block-spec: DONE
2026-08-01 15:30:00 [05-find-image] FindFilledBlock: not found (20x20 0x00FF00 tol=5, 47 ms)
2026-08-01 15:30:00 [05-find-image] FindFilledBlock: not found (20x20 0xFF980A tol=5, 32 ms)
2026-08-01 15:30:00 [05-find-image] find-image: (block spec) not found
2026-08-01 15:30:00 [05-find-image] block-spec: DONE
2026-08-01 15:30:01 [05-find-image] FindFilledBlock: not found (20x20 0x00FF00 tol=5, 31 ms)
2026-08-01 15:30:01 [05-find-image] FindFilledBlock: not found (20x20 0xFF980A tol=5, 47 ms)
2026-08-01 15:30:01 [05-find-image] find-image: (block spec) not found
2026-08-01 15:30:01 [05-find-image] block-spec: DONE
2026-08-01 15:30:06 [05-find-image] FindFilledBlock: not found (20x20 0x00FF00 tol=5, 31 ms)
2026-08-01 15:30:06 [05-find-image] FindFilledBlock: not found (20x20 0xFF980A tol=5, 47 ms)
2026-08-01 15:30:06 [05-find-image] find-image: (block spec) not found
2026-08-01 15:30:06 [05-find-image] block-spec: DONE
2026-08-01 15:30:07 [05-find-image] FindFilledBlock: not found (20x20 0x00FF00 tol=5, 31 ms)
2026-08-01 15:30:07 [05-find-image] FindFilledBlock: not found (20x20 0xFF980A tol=5, 47 ms)
2026-08-01 15:30:07 [05-find-image] find-image: (block spec) not found
2026-08-01 15:30:07 [05-find-image] block-spec: DONE
2026-08-01 15:30:22 [05-find-image] micro05: ready - F5 run, F6 stop, F12 exit, F8 probe
2026-08-01 15:30:26 [05-find-image] FindFilledBlock: found at 1353,1099 (20x20 0x00FF00 tol=5, 31 ms)
2026-08-01 15:30:26 [05-find-image] find-image: (block spec) found 0x00FF00 at 1353,1099
2026-08-01 15:30:26 [05-find-image] block-spec: DONE
2026-08-01 15:30:27 [05-find-image] FindFilledBlock: found at 923,1059 (20x20 0x00FF00 tol=5, 31 ms)
2026-08-01 15:30:27 [05-find-image] find-image: (block spec) found 0x00FF00 at 923,1059
2026-08-01 15:30:27 [05-find-image] block-spec: DONE
2026-08-01 15:30:29 [05-find-image] FindFilledBlock: not found (20x20 0x00FF00 tol=5, 47 ms)
2026-08-01 15:30:29 [05-find-image] FindFilledBlock: found at 987,1059 (20x20 0x00B809 tol=5, 31 ms)
2026-08-01 15:30:29 [05-find-image] find-image: (block spec) found 0x00B809 at 987,1059
2026-08-01 15:30:29 [05-find-image] block-spec: DONE
2026-08-01 15:30:29 [05-find-image] FindFilledBlock: not found (20x20 0x00FF00 tol=5, 47 ms)
2026-08-01 15:30:29 [05-find-image] FindFilledBlock: found at 1031,1059 (20x20 0x00B809 tol=5, 31 ms)
2026-08-01 15:30:29 [05-find-image] find-image: (block spec) found 0x00B809 at 1031,1059
2026-08-01 15:30:29 [05-find-image] block-spec: DONE
2026-08-01 15:30:29 [05-find-image] FindFilledBlock: not found (20x20 0x00FF00 tol=5, 31 ms)
2026-08-01 15:30:29 [05-find-image] FindFilledBlock: found at 1049,1067 (20x20 0x00B809 tol=5, 47 ms)
2026-08-01 15:30:29 [05-find-image] find-image: (block spec) found 0x00B809 at 1049,1067
2026-08-01 15:30:29 [05-find-image] block-spec: DONE
2026-08-01 15:30:30 [05-find-image] FindFilledBlock: not found (20x20 0x00FF00 tol=5, 31 ms)
2026-08-01 15:30:30 [05-find-image] FindFilledBlock: found at 1001,1063 (20x20 0x00B809 tol=5, 47 ms)
2026-08-01 15:30:30 [05-find-image] find-image: (block spec) found 0x00B809 at 1001,1063
2026-08-01 15:30:30 [05-find-image] block-spec: DONE
2026-08-01 15:30:31 [05-find-image] FindFilledBlock: not found (20x20 0x00FF00 tol=5, 46 ms)
2026-08-01 15:30:31 [05-find-image] FindFilledBlock: found at 1049,1067 (20x20 0x00B809 tol=5, 47 ms)
2026-08-01 15:30:31 [05-find-image] find-image: (block spec) found 0x00B809 at 1049,1067
2026-08-01 15:30:31 [05-find-image] block-spec: DONE
2026-08-01 15:30:31 [05-find-image] FindFilledBlock: not found (20x20 0x00FF00 tol=5, 47 ms)
2026-08-01 15:30:31 [05-find-image] FindFilledBlock: found at 1001,1063 (20x20 0x00B809 tol=5, 31 ms)
2026-08-01 15:30:31 [05-find-image] find-image: (block spec) found 0x00B809 at 1001,1063
2026-08-01 15:30:31 [05-find-image] block-spec: DONE
2026-08-01 15:30:31 [05-find-image] FindFilledBlock: not found (20x20 0x00FF00 tol=5, 47 ms)
2026-08-01 15:30:31 [05-find-image] FindFilledBlock: found at 1049,1067 (20x20 0x00B809 tol=5, 47 ms)
2026-08-01 15:30:31 [05-find-image] find-image: (block spec) found 0x00B809 at 1049,1067
2026-08-01 15:30:31 [05-find-image] block-spec: DONE
2026-08-01 15:30:31 [05-find-image] FindFilledBlock: not found (20x20 0x00FF00 tol=5, 47 ms)
2026-08-01 15:30:31 [05-find-image] FindFilledBlock: found at 1001,1063 (20x20 0x00B809 tol=5, 31 ms)
2026-08-01 15:30:31 [05-find-image] find-image: (block spec) found 0x00B809 at 1001,1063
2026-08-01 15:30:31 [05-find-image] block-spec: DONE
2026-08-01 15:30:32 [05-find-image] FindFilledBlock: not found (20x20 0x00FF00 tol=5, 31 ms)
2026-08-01 15:30:32 [05-find-image] FindFilledBlock: found at 1049,1067 (20x20 0x00B809 tol=5, 47 ms)
2026-08-01 15:30:32 [05-find-image] find-image: (block spec) found 0x00B809 at 1049,1067
2026-08-01 15:30:32 [05-find-image] block-spec: DONE
2026-08-01 15:30:32 [05-find-image] FindFilledBlock: not found (20x20 0x00FF00 tol=5, 47 ms)
2026-08-01 15:30:32 [05-find-image] FindFilledBlock: found at 1001,1063 (20x20 0x00B809 tol=5, 47 ms)
2026-08-01 15:30:32 [05-find-image] find-image: (block spec) found 0x00B809 at 1001,1063
2026-08-01 15:30:32 [05-find-image] block-spec: DONE
2026-08-01 15:30:33 [05-find-image] FindFilledBlock: not found (20x20 0x00FF00 tol=5, 31 ms)
2026-08-01 15:30:33 [05-find-image] FindFilledBlock: found at 1049,1067 (20x20 0x00B809 tol=5, 32 ms)
2026-08-01 15:30:33 [05-find-image] find-image: (block spec) found 0x00B809 at 1049,1067
2026-08-01 15:30:33 [05-find-image] block-spec: DONE
