2026-08-01 16:30:54 [08-menu-travel] micro08: ready - F5 run, F6 stop, F12 exit, F8 probe
2026-08-01 16:31:31 [08-menu-travel] micro08: ready - F5 run, F6 stop, F12 exit, F8 probe
2026-08-01 16:31:32 [08-menu-travel] FindImage: not found (C:\Users\link\Documents\GitHub\osrs-automation\v8\micro\..\Images\li_bank-deposit-box.png, 63 ms)
2026-08-01 16:31:32 [08-menu-travel] FindImage: not found (C:\Users\link\Documents\GitHub\osrs-automation\v8\micro\..\Images\li_bank-deposit-box.png, 47 ms)
2026-08-01 16:31:32 [08-menu-travel] FindImage: not found (C:\Users\link\Documents\GitHub\osrs-automation\v8\micro\..\Images\li_bank-deposit-box.png, 47 ms)
2026-08-01 16:31:33 [08-menu-travel] FindImage: not found (C:\Users\link\Documents\GitHub\osrs-automation\v8\micro\..\Images\li_bank-deposit-box.png, 47 ms)
2026-08-01 16:31:33 [08-menu-travel] FindImage: not found (C:\Users\link\Documents\GitHub\osrs-automation\v8\micro\..\Images\li_bank-deposit-box.png, 47 ms)
2026-08-01 16:31:33 [08-menu-travel] FindImage: not found (C:\Users\link\Documents\GitHub\osrs-automation\v8\micro\..\Images\li_bank-deposit-box.png, 47 ms)
2026-08-01 16:31:33 [08-menu-travel] FindImage: not found (C:\Users\link\Documents\GitHub\osrs-automation\v8\micro\..\Images\li_bank-deposit-box.png, 47 ms)
2026-08-01 16:31:33 [08-menu-travel] FindImage: not found (C:\Users\link\Documents\GitHub\osrs-automation\v8\micro\..\Images\li_bank-deposit-box.png, 47 ms)
2026-08-01 16:31:34 [08-menu-travel] FindImage: not found (C:\Users\link\Documents\GitHub\osrs-automation\v8\micro\..\Images\li_bank-deposit-box.png, 47 ms)
2026-08-01 16:31:34 [08-menu-travel] FindImage: not found (C:\Users\link\Documents\GitHub\osrs-automation\v8\micro\..\Images\li_bank-deposit-box.png, 47 ms)
2026-08-01 16:31:34 [08-menu-travel] FindImage: not found (C:\Users\link\Documents\GitHub\osrs-automation\v8\micro\..\Images\li_bank-deposit-box.png, 63 ms)
2026-08-01 16:31:34 [08-menu-travel] FindImage: not found (C:\Users\link\Documents\GitHub\osrs-automation\v8\micro\..\Images\li_bank-deposit-box.png, 47 ms)
2026-08-01 16:31:35 [08-menu-travel] FindImage: not found (C:\Users\link\Documents\GitHub\osrs-automation\v8\micro\..\Images\li_bank-deposit-box.png, 46 ms)
2026-08-01 16:31:35 [08-menu-travel] FindImage: not found (C:\Users\link\Documents\GitHub\osrs-automation\v8\micro\..\Images\li_bank-deposit-box.png, 47 ms)
2026-08-01 16:31:35 [08-menu-travel] FindImage: not found (C:\Users\link\Documents\GitHub\osrs-automation\v8\micro\..\Images\li_bank-deposit-box.png, 47 ms)
2026-08-01 16:31:35 [08-menu-travel] FindImage: not found (C:\Users\link\Documents\GitHub\osrs-automation\v8\micro\..\Images\li_bank-deposit-box.png, 47 ms)
2026-08-01 16:31:35 [08-menu-travel] FindImage: not found (C:\Users\link\Documents\GitHub\osrs-automation\v8\micro\..\Images\li_bank-deposit-box.png, 46 ms)
2026-08-01 16:31:36 [08-menu-travel] FindImage: not found (C:\Users\link\Documents\GitHub\osrs-automation\v8\micro\..\Images\li_bank-deposit-box.png, 47 ms)
2026-08-01 16:31:36 [08-menu-travel] FindImage: not found (C:\Users\link\Documents\GitHub\osrs-automation\v8\micro\..\Images\li_bank-deposit-box.png, 47 ms)
2026-08-01 16:31:36 [08-menu-travel] FindImage: not found (C:\Users\link\Documents\GitHub\osrs-automation\v8\micro\..\Images\li_bank-deposit-box.png, 47 ms)
2026-08-01 16:31:36 [08-menu-travel] FindImage: not found (C:\Users\link\Documents\GitHub\osrs-automation\v8\micro\..\Images\li_bank-deposit-box.png, 46 ms)
2026-08-01 16:31:37 [08-menu-travel] FindImage: not found (C:\Users\link\Documents\GitHub\osrs-automation\v8\micro\..\Images\li_bank-deposit-box.png, 47 ms)
2026-08-01 16:31:37 [08-menu-travel] FindImage: not found (C:\Users\link\Documents\GitHub\osrs-automation\v8\micro\..\Images\li_bank-deposit-box.png, 47 ms)
2026-08-01 16:31:37 [08-menu-travel] FindImage: not found (C:\Users\link\Documents\GitHub\osrs-automation\v8\micro\..\Images\li_bank-deposit-box.png, 47 ms)
2026-08-01 16:31:37 [08-menu-travel] micro08-menu: item not found in menu, closing menu with Esc
2026-08-01 16:31:37 [08-menu-travel] micro08: FAILED - still loaded, F5 to restart
2026-08-01 16:33:22 [08-menu-travel] micro08: ready - F5 run, F6 stop, F12 exit, F8 probe
2026-08-01 16:33:23 [08-menu-travel] FindImage: not found (C:\Users\link\Documents\GitHub\osrs-automation\v8\micro\..\Images\li_bank-deposit-box.png, 47 ms)
2026-08-01 16:33:24 [08-menu-travel] FindImage: not found (C:\Users\link\Documents\GitHub\osrs-automation\v8\micro\..\Images\li_bank-deposit-box.png, 47 ms)
2026-08-01 16:33:24 [08-menu-travel] FindImage: not found (C:\Users\link\Documents\GitHub\osrs-automation\v8\micro\..\Images\li_bank-deposit-box.png, 46 ms)
2026-08-01 16:33:24 [08-menu-travel] FindImage: not found (C:\Users\link\Documents\GitHub\osrs-automation\v8\micro\..\Images\li_bank-deposit-box.png, 47 ms)
2026-08-01 16:33:24 [08-menu-travel] FindImage: not found (C:\Users\link\Documents\GitHub\osrs-automation\v8\micro\..\Images\li_bank-deposit-box.png, 47 ms)
2026-08-01 16:33:24 [08-menu-travel] FindImage: not found (C:\Users\link\Documents\GitHub\osrs-automation\v8\micro\..\Images\li_bank-deposit-box.png, 47 ms)
2026-08-01 16:33:25 [08-menu-travel] FindImage: not found (C:\Users\link\Documents\GitHub\osrs-automation\v8\micro\..\Images\li_bank-deposit-box.png, 46 ms)
2026-08-01 16:33:25 [08-menu-travel] FindImage: not found (C:\Users\link\Documents\GitHub\osrs-automation\v8\micro\..\Images\li_bank-deposit-box.png, 47 ms)
2026-08-01 16:33:25 [08-menu-travel] FindImage: not found (C:\Users\link\Documents\GitHub\osrs-automation\v8\micro\..\Images\li_bank-deposit-box.png, 47 ms)
2026-08-01 16:33:25 [08-menu-travel] FindImage: not found (C:\Users\link\Documents\GitHub\osrs-automation\v8\micro\..\Images\li_bank-deposit-box.png, 47 ms)
2026-08-01 16:33:26 [08-menu-travel] FindImage: not found (C:\Users\link\Documents\GitHub\osrs-automation\v8\micro\..\Images\li_bank-deposit-box.png, 46 ms)
2026-08-01 16:33:26 [08-menu-travel] FindImage: not found (C:\Users\link\Documents\GitHub\osrs-automation\v8\micro\..\Images\li_bank-deposit-box.png, 47 ms)
2026-08-01 16:33:26 [08-menu-travel] FindImage: not found (C:\Users\link\Documents\GitHub\osrs-automation\v8\micro\..\Images\li_bank-deposit-box.png, 47 ms)
2026-08-01 16:33:26 [08-menu-travel] FindImage: not found (C:\Users\link\Documents\GitHub\osrs-automation\v8\micro\..\Images\li_bank-deposit-box.png, 47 ms)
2026-08-01 16:33:26 [08-menu-travel] FindImage: not found (C:\Users\link\Documents\GitHub\osrs-automation\v8\micro\..\Images\li_bank-deposit-box.png, 46 ms)
2026-08-01 16:33:27 [08-menu-travel] FindImage: not found (C:\Users\link\Documents\GitHub\osrs-automation\v8\micro\..\Images\li_bank-deposit-box.png, 47 ms)
2026-08-01 16:33:27 [08-menu-travel] FindImage: not found (C:\Users\link\Documents\GitHub\osrs-automation\v8\micro\..\Images\li_bank-deposit-box.png, 47 ms)
2026-08-01 16:33:27 [08-menu-travel] FindImage: not found (C:\Users\link\Documents\GitHub\osrs-automation\v8\micro\..\Images\li_bank-deposit-box.png, 47 ms)
2026-08-01 16:33:27 [08-menu-travel] FindImage: not found (C:\Users\link\Documents\GitHub\osrs-automation\v8\micro\..\Images\li_bank-deposit-box.png, 46 ms)
2026-08-01 16:33:28 [08-menu-travel] FindImage: not found (C:\Users\link\Documents\GitHub\osrs-automation\v8\micro\..\Images\li_bank-deposit-box.png, 47 ms)
2026-08-01 16:33:28 [08-menu-travel] FindImage: not found (C:\Users\link\Documents\GitHub\osrs-automation\v8\micro\..\Images\li_bank-deposit-box.png, 47 ms)
2026-08-01 16:33:28 [08-menu-travel] FindImage: not found (C:\Users\link\Documents\GitHub\osrs-automation\v8\micro\..\Images\li_bank-deposit-box.png, 47 ms)
2026-08-01 16:33:28 [08-menu-travel] FindImage: not found (C:\Users\link\Documents\GitHub\osrs-automation\v8\micro\..\Images\li_bank-deposit-box.png, 62 ms)
2026-08-01 16:33:28 [08-menu-travel] FindImage: not found (C:\Users\link\Documents\GitHub\osrs-automation\v8\micro\..\Images\li_bank-deposit-box.png, 47 ms)
2026-08-01 16:33:28 [08-menu-travel] micro08-menu: item not found in menu, closing menu with Esc
2026-08-01 16:33:28 [08-menu-travel] micro08: FAILED - still loaded, F5 to restart
2026-08-01 16:33:33 [08-menu-travel] FindImage: not found (C:\Users\link\Documents\GitHub\osrs-automation\v8\micro\..\Images\li_bank-deposit-box.png, 47 ms)
2026-08-01 16:33:33 [08-menu-travel] FindImage: not found (C:\Users\link\Documents\GitHub\osrs-automation\v8\micro\..\Images\li_bank-deposit-box.png, 31 ms)
2026-08-01 16:33:34 [08-menu-travel] FindImage: not found (C:\Users\link\Documents\GitHub\osrs-automation\v8\micro\..\Images\li_bank-deposit-box.png, 47 ms)
2026-08-01 16:33:34 [08-menu-travel] FindImage: not found (C:\Users\link\Documents\GitHub\osrs-automation\v8\micro\..\Images\li_bank-deposit-box.png, 62 ms)
2026-08-01 16:33:34 [08-menu-travel] FindImage: not found (C:\Users\link\Documents\GitHub\osrs-automation\v8\micro\..\Images\li_bank-deposit-box.png, 47 ms)
2026-08-01 16:33:34 [08-menu-travel] FindImage: not found (C:\Users\link\Documents\GitHub\osrs-automation\v8\micro\..\Images\li_bank-deposit-box.png, 47 ms)
2026-08-01 16:33:34 [08-menu-travel] FindImage: not found (C:\Users\link\Documents\GitHub\osrs-automation\v8\micro\..\Images\li_bank-deposit-box.png, 47 ms)
2026-08-01 16:33:35 [08-menu-travel] FindImage: not found (C:\Users\link\Documents\GitHub\osrs-automation\v8\micro\..\Images\li_bank-deposit-box.png, 46 ms)
2026-08-01 16:33:35 [08-menu-travel] FindImage: not found (C:\Users\link\Documents\GitHub\osrs-automation\v8\micro\..\Images\li_bank-deposit-box.png, 47 ms)
2026-08-01 16:33:35 [08-menu-travel] FindImage: not found (C:\Users\link\Documents\GitHub\osrs-automation\v8\micro\..\Images\li_bank-deposit-box.png, 47 ms)
2026-08-01 16:33:35 [08-menu-travel] FindImage: not found (C:\Users\link\Documents\GitHub\osrs-automation\v8\micro\..\Images\li_bank-deposit-box.png, 47 ms)
2026-08-01 16:33:36 [08-menu-travel] FindImage: not found (C:\Users\link\Documents\GitHub\osrs-automation\v8\micro\..\Images\li_bank-deposit-box.png, 46 ms)
2026-08-01 16:33:36 [08-menu-travel] FindImage: not found (C:\Users\link\Documents\GitHub\osrs-automation\v8\micro\..\Images\li_bank-deposit-box.png, 47 ms)
2026-08-01 16:33:36 [08-menu-travel] FindImage: not found (C:\Users\link\Documents\GitHub\osrs-automation\v8\micro\..\Images\li_bank-deposit-box.png, 47 ms)
2026-08-01 16:33:36 [08-menu-travel] FindImage: not found (C:\Users\link\Documents\GitHub\osrs-automation\v8\micro\..\Images\li_bank-deposit-box.png, 47 ms)
2026-08-01 16:33:36 [08-menu-travel] FindImage: not found (C:\Users\link\Documents\GitHub\osrs-automation\v8\micro\..\Images\li_bank-deposit-box.png, 46 ms)
2026-08-01 16:33:37 [08-menu-travel] FindImage: not found (C:\Users\link\Documents\GitHub\osrs-automation\v8\micro\..\Images\li_bank-deposit-box.png, 47 ms)
2026-08-01 16:33:37 [08-menu-travel] FindImage: not found (C:\Users\link\Documents\GitHub\osrs-automation\v8\micro\..\Images\li_bank-deposit-box.png, 47 ms)
2026-08-01 16:33:37 [08-menu-travel] FindImage: not found (C:\Users\link\Documents\GitHub\osrs-automation\v8\micro\..\Images\li_bank-deposit-box.png, 47 ms)
2026-08-01 16:33:37 [08-menu-travel] FindImage: not found (C:\Users\link\Documents\GitHub\osrs-automation\v8\micro\..\Images\li_bank-deposit-box.png, 46 ms)
2026-08-01 16:33:38 [08-menu-travel] FindImage: not found (C:\Users\link\Documents\GitHub\osrs-automation\v8\micro\..\Images\li_bank-deposit-box.png, 47 ms)
2026-08-01 16:33:38 [08-menu-travel] stop requested
2026-08-01 16:33:38 [08-menu-travel] micro08: STOPPED by F6
2026-08-01 16:33:38 [08-menu-travel] FindImage: not found (C:\Users\link\Documents\GitHub\osrs-automation\v8\micro\..\Images\li_bank-deposit-box.png, 46 ms)
2026-08-01 16:33:38 [08-menu-travel] FindImage: not found (C:\Users\link\Documents\GitHub\osrs-automation\v8\micro\..\Images\li_bank-deposit-box.png, 47 ms)
2026-08-01 16:33:38 [08-menu-travel] FindImage: not found (C:\Users\link\Documents\GitHub\osrs-automation\v8\micro\..\Images\li_bank-deposit-box.png, 47 ms)
2026-08-01 16:33:39 [08-menu-travel] FindImage: not found (C:\Users\link\Documents\GitHub\osrs-automation\v8\micro\..\Images\li_bank-deposit-box.png, 47 ms)
2026-08-01 16:33:39 [08-menu-travel] FindImage: not found (C:\Users\link\Documents\GitHub\osrs-automation\v8\micro\..\Images\li_bank-deposit-box.png, 46 ms)
2026-08-01 16:33:39 [08-menu-travel] FindImage: not found (C:\Users\link\Documents\GitHub\osrs-automation\v8\micro\..\Images\li_bank-deposit-box.png, 47 ms)
2026-08-01 16:33:39 [08-menu-travel] FindImage: not found (C:\Users\link\Documents\GitHub\osrs-automation\v8\micro\..\Images\li_bank-deposit-box.png, 47 ms)
2026-08-01 16:33:40 [08-menu-travel] FindImage: not found (C:\Users\link\Documents\GitHub\osrs-automation\v8\micro\..\Images\li_bank-deposit-box.png, 47 ms)
2026-08-01 16:33:40 [08-menu-travel] FindImage: not found (C:\Users\link\Documents\GitHub\osrs-automation\v8\micro\..\Images\li_bank-deposit-box.png, 46 ms)
2026-08-01 16:33:40 [08-menu-travel] stop requested
2026-08-01 16:33:40 [08-menu-travel] micro08: STOPPED by F6
2026-08-01 16:33:41 [08-menu-travel] FindImage: not found (C:\Users\link\Documents\GitHub\osrs-automation\v8\micro\..\Images\li_bank-deposit-box.png, 46 ms)
2026-08-01 16:33:42 [08-menu-travel] FindImage: not found (C:\Users\link\Documents\GitHub\osrs-automation\v8\micro\..\Images\li_bank-deposit-box.png, 63 ms)
2026-08-01 16:33:42 [08-menu-travel] FindImage: not found (C:\Users\link\Documents\GitHub\osrs-automation\v8\micro\..\Images\li_bank-deposit-box.png, 47 ms)
2026-08-01 16:33:42 [08-menu-travel] FindImage: not found (C:\Users\link\Documents\GitHub\osrs-automation\v8\micro\..\Images\li_bank-deposit-box.png, 47 ms)
2026-08-01 16:33:42 [08-menu-travel] FindImage: not found (C:\Users\link\Documents\GitHub\osrs-automation\v8\micro\..\Images\li_bank-deposit-box.png, 47 ms)
2026-08-01 16:33:42 [08-menu-travel] FindImage: not found (C:\Users\link\Documents\GitHub\osrs-automation\v8\micro\..\Images\li_bank-deposit-box.png, 47 ms)
2026-08-01 16:33:43 [08-menu-travel] FindImage: not found (C:\Users\link\Documents\GitHub\osrs-automation\v8\micro\..\Images\li_bank-deposit-box.png, 62 ms)
2026-08-01 16:33:43 [08-menu-travel] FindImage: not found (C:\Users\link\Documents\GitHub\osrs-automation\v8\micro\..\Images\li_bank-deposit-box.png, 47 ms)
2026-08-01 16:33:43 [08-menu-travel] FindImage: not found (C:\Users\link\Documents\GitHub\osrs-automation\v8\micro\..\Images\li_bank-deposit-box.png, 47 ms)
2026-08-01 16:33:43 [08-menu-travel] FindImage: not found (C:\Users\link\Documents\GitHub\osrs-automation\v8\micro\..\Images\li_bank-deposit-box.png, 46 ms)
2026-08-01 16:33:44 [08-menu-travel] FindImage: not found (C:\Users\link\Documents\GitHub\osrs-automation\v8\micro\..\Images\li_bank-deposit-box.png, 47 ms)
2026-08-01 16:33:44 [08-menu-travel] FindImage: not found (C:\Users\link\Documents\GitHub\osrs-automation\v8\micro\..\Images\li_bank-deposit-box.png, 47 ms)
2026-08-01 16:33:44 [08-menu-travel] FindImage: not found (C:\Users\link\Documents\GitHub\osrs-automation\v8\micro\..\Images\li_bank-deposit-box.png, 47 ms)
2026-08-01 16:33:44 [08-menu-travel] FindImage: not found (C:\Users\link\Documents\GitHub\osrs-automation\v8\micro\..\Images\li_bank-deposit-box.png, 46 ms)
2026-08-01 16:33:44 [08-menu-travel] FindImage: not found (C:\Users\link\Documents\GitHub\osrs-automation\v8\micro\..\Images\li_bank-deposit-box.png, 47 ms)
2026-08-01 16:33:45 [08-menu-travel] FindImage: not found (C:\Users\link\Documents\GitHub\osrs-automation\v8\micro\..\Images\li_bank-deposit-box.png, 47 ms)
2026-08-01 16:33:45 [08-menu-travel] FindImage: not found (C:\Users\link\Documents\GitHub\osrs-automation\v8\micro\..\Images\li_bank-deposit-box.png, 47 ms)
2026-08-01 16:33:45 [08-menu-travel] FindImage: not found (C:\Users\link\Documents\GitHub\osrs-automation\v8\micro\..\Images\li_bank-deposit-box.png, 31 ms)
2026-08-01 16:33:45 [08-menu-travel] FindImage: not found (C:\Users\link\Documents\GitHub\osrs-automation\v8\micro\..\Images\li_bank-deposit-box.png, 47 ms)
2026-08-01 16:33:45 [08-menu-travel] FindImage: not found (C:\Users\link\Documents\GitHub\osrs-automation\v8\micro\..\Images\li_bank-deposit-box.png, 47 ms)
2026-08-01 16:33:46 [08-menu-travel] FindImage: not found (C:\Users\link\Documents\GitHub\osrs-automation\v8\micro\..\Images\li_bank-deposit-box.png, 47 ms)
2026-08-01 16:33:46 [08-menu-travel] FindImage: not found (C:\Users\link\Documents\GitHub\osrs-automation\v8\micro\..\Images\li_bank-deposit-box.png, 46 ms)
2026-08-01 16:33:46 [08-menu-travel] FindImage: not found (C:\Users\link\Documents\GitHub\osrs-automation\v8\micro\..\Images\li_bank-deposit-box.png, 63 ms)
2026-08-01 16:33:46 [08-menu-travel] FindImage: not found (C:\Users\link\Documents\GitHub\osrs-automation\v8\micro\..\Images\li_bank-deposit-box.png, 62 ms)
2026-08-01 16:33:46 [08-menu-travel] micro08-menu: item not found in menu, closing menu with Esc
2026-08-01 16:33:46 [08-menu-travel] micro08: FAILED - still loaded, F5 to restart
2026-08-01 16:34:46 [08-menu-travel] micro08-travel-pin: clicking pinned marker point 1249,712
2026-08-01 16:34:46 [08-menu-travel] micro08-travel-pin: waiting for arrival
2026-08-01 16:34:46 [08-menu-travel] FindFilledBlock: not found (20x20 0x00FF00 tol=5, 16 ms)
2026-08-01 16:34:46 [08-menu-travel] FindFilledBlock: not found (20x20 0x00FF00 tol=5, 16 ms)
2026-08-01 16:34:46 [08-menu-travel] FindFilledBlock: not found (20x20 0x00FF00 tol=5, 16 ms)
2026-08-01 16:34:46 [08-menu-travel] FindFilledBlock: not found (20x20 0x00FF00 tol=5, 0 ms)
2026-08-01 16:34:47 [08-menu-travel] FindFilledBlock: not found (20x20 0x00FF00 tol=5, 0 ms)
2026-08-01 16:34:47 [08-menu-travel] FindFilledBlock: not found (20x20 0x00FF00 tol=5, 0 ms)
2026-08-01 16:34:47 [08-menu-travel] FindFilledBlock: not found (20x20 0x00FF00 tol=5, 0 ms)
2026-08-01 16:34:47 [08-menu-travel] FindFilledBlock: not found (20x20 0x00FF00 tol=5, 0 ms)
2026-08-01 16:34:47 [08-menu-travel] FindFilledBlock: not found (20x20 0x00FF00 tol=5, 0 ms)
2026-08-01 16:34:47 [08-menu-travel] FindFilledBlock: not found (20x20 0x00FF00 tol=5, 0 ms)
2026-08-01 16:34:47 [08-menu-travel] FindFilledBlock: not found (20x20 0x00FF00 tol=5, 0 ms)
2026-08-01 16:34:47 [08-menu-travel] FindFilledBlock: not found (20x20 0x00FF00 tol=5, 0 ms)
2026-08-01 16:34:47 [08-menu-travel] FindFilledBlock: not found (20x20 0x00FF00 tol=5, 0 ms)
2026-08-01 16:34:47 [08-menu-travel] FindFilledBlock: not found (20x20 0x00FF00 tol=5, 0 ms)
2026-08-01 16:34:48 [08-menu-travel] FindFilledBlock: not found (20x20 0x00FF00 tol=5, 0 ms)
2026-08-01 16:34:48 [08-menu-travel] FindFilledBlock: not found (20x20 0x00FF00 tol=5, 0 ms)
2026-08-01 16:34:48 [08-menu-travel] FindFilledBlock: not found (20x20 0x00FF00 tol=5, 0 ms)
2026-08-01 16:34:48 [08-menu-travel] FindFilledBlock: not found (20x20 0x00FF00 tol=5, 0 ms)
2026-08-01 16:34:48 [08-menu-travel] FindFilledBlock: not found (20x20 0x00FF00 tol=5, 15 ms)
2026-08-01 16:34:48 [08-menu-travel] FindFilledBlock: not found (20x20 0x00FF00 tol=5, 15 ms)
2026-08-01 16:34:48 [08-menu-travel] FindFilledBlock: not found (20x20 0x00FF00 tol=5, 15 ms)
2026-08-01 16:34:48 [08-menu-travel] FindFilledBlock: not found (20x20 0x00FF00 tol=5, 15 ms)
2026-08-01 16:34:49 [08-menu-travel] FindFilledBlock: not found (20x20 0x00FF00 tol=5, 15 ms)
2026-08-01 16:34:49 [08-menu-travel] FindFilledBlock: not found (20x20 0x00FF00 tol=5, 15 ms)
2026-08-01 16:34:49 [08-menu-travel] FindFilledBlock: not found (20x20 0x00FF00 tol=5, 15 ms)
2026-08-01 16:34:49 [08-menu-travel] FindFilledBlock: not found (20x20 0x00FF00 tol=5, 15 ms)
2026-08-01 16:34:49 [08-menu-travel] FindFilledBlock: not found (20x20 0x00FF00 tol=5, 15 ms)
2026-08-01 16:34:49 [08-menu-travel] FindFilledBlock: not found (20x20 0x00FF00 tol=5, 15 ms)
2026-08-01 16:34:49 [08-menu-travel] FindFilledBlock: not found (20x20 0x00FF00 tol=5, 0 ms)
2026-08-01 16:34:49 [08-menu-travel] FindFilledBlock: not found (20x20 0x00FF00 tol=5, 16 ms)
2026-08-01 16:34:50 [08-menu-travel] FindFilledBlock: not found (20x20 0x00FF00 tol=5, 16 ms)
2026-08-01 16:34:50 [08-menu-travel] FindFilledBlock: not found (20x20 0x00FF00 tol=5, 0 ms)
2026-08-01 16:34:50 [08-menu-travel] FindFilledBlock: not found (20x20 0x00FF00 tol=5, 0 ms)
2026-08-01 16:34:50 [08-menu-travel] FindFilledBlock: not found (20x20 0x00FF00 tol=5, 0 ms)
2026-08-01 16:34:50 [08-menu-travel] FindFilledBlock: not found (20x20 0x00FF00 tol=5, 16 ms)
2026-08-01 16:34:50 [08-menu-travel] FindFilledBlock: not found (20x20 0x00FF00 tol=5, 16 ms)
2026-08-01 16:34:50 [08-menu-travel] FindFilledBlock: not found (20x20 0x00FF00 tol=5, 16 ms)
2026-08-01 16:34:50 [08-menu-travel] FindFilledBlock: not found (20x20 0x00FF00 tol=5, 16 ms)
2026-08-01 16:34:50 [08-menu-travel] FindFilledBlock: not found (20x20 0x00FF00 tol=5, 16 ms)
2026-08-01 16:34:51 [08-menu-travel] FindFilledBlock: not found (20x20 0x00FF00 tol=5, 16 ms)
2026-08-01 16:34:51 [08-menu-travel] FindFilledBlock: not found (20x20 0x00FF00 tol=5, 0 ms)
2026-08-01 16:34:51 [08-menu-travel] FindFilledBlock: not found (20x20 0x00FF00 tol=5, 16 ms)
2026-08-01 16:34:51 [08-menu-travel] FindFilledBlock: not found (20x20 0x00FF00 tol=5, 16 ms)
2026-08-01 16:34:51 [08-menu-travel] FindFilledBlock: not found (20x20 0x00FF00 tol=5, 16 ms)
2026-08-01 16:34:51 [08-menu-travel] FindFilledBlock: not found (20x20 0x00FF00 tol=5, 0 ms)
2026-08-01 16:34:51 [08-menu-travel] FindFilledBlock: not found (20x20 0x00FF00 tol=5, 0 ms)
2026-08-01 16:34:51 [08-menu-travel] FindFilledBlock: not found (20x20 0x00FF00 tol=5, 0 ms)
2026-08-01 16:34:52 [08-menu-travel] FindFilledBlock: not found (20x20 0x00FF00 tol=5, 0 ms)
2026-08-01 16:34:52 [08-menu-travel] FindFilledBlock: not found (20x20 0x00FF00 tol=5, 0 ms)
2026-08-01 16:34:52 [08-menu-travel] FindFilledBlock: not found (20x20 0x00FF00 tol=5, 0 ms)
2026-08-01 16:34:52 [08-menu-travel] FindFilledBlock: not found (20x20 0x00FF00 tol=5, 0 ms)
2026-08-01 16:34:52 [08-menu-travel] FindFilledBlock: not found (20x20 0x00FF00 tol=5, 0 ms)
2026-08-01 16:34:52 [08-menu-travel] FindFilledBlock: not found (20x20 0x00FF00 tol=5, 0 ms)
2026-08-01 16:34:52 [08-menu-travel] FindFilledBlock: not found (20x20 0x00FF00 tol=5, 0 ms)
2026-08-01 16:34:52 [08-menu-travel] FindFilledBlock: not found (20x20 0x00FF00 tol=5, 0 ms)
2026-08-01 16:34:52 [08-menu-travel] FindFilledBlock: not found (20x20 0x00FF00 tol=5, 0 ms)
2026-08-01 16:34:53 [08-menu-travel] FindFilledBlock: not found (20x20 0x00FF00 tol=5, 0 ms)
2026-08-01 16:34:53 [08-menu-travel] FindFilledBlock: not found (20x20 0x00FF00 tol=5, 0 ms)
2026-08-01 16:34:53 [08-menu-travel] FindFilledBlock: not found (20x20 0x00FF00 tol=5, 0 ms)
2026-08-01 16:34:53 [08-menu-travel] FindFilledBlock: not found (20x20 0x00FF00 tol=5, 0 ms)
2026-08-01 16:34:53 [08-menu-travel] FindFilledBlock: not found (20x20 0x00FF00 tol=5, 16 ms)
2026-08-01 16:34:53 [08-menu-travel] FindFilledBlock: not found (20x20 0x00FF00 tol=5, 16 ms)
2026-08-01 16:34:53 [08-menu-travel] FindFilledBlock: not found (20x20 0x00FF00 tol=5, 0 ms)
2026-08-01 16:34:53 [08-menu-travel] FindFilledBlock: not found (20x20 0x00FF00 tol=5, 16 ms)
2026-08-01 16:34:53 [08-menu-travel] FindFilledBlock: not found (20x20 0x00FF00 tol=5, 0 ms)
2026-08-01 16:34:54 [08-menu-travel] FindFilledBlock: not found (20x20 0x00FF00 tol=5, 0 ms)
2026-08-01 16:34:54 [08-menu-travel] FindFilledBlock: not found (20x20 0x00FF00 tol=5, 0 ms)
2026-08-01 16:34:54 [08-menu-travel] FindFilledBlock: not found (20x20 0x00FF00 tol=5, 0 ms)
2026-08-01 16:34:54 [08-menu-travel] FindFilledBlock: not found (20x20 0x00FF00 tol=5, 0 ms)
2026-08-01 16:34:54 [08-menu-travel] FindFilledBlock: not found (20x20 0x00FF00 tol=5, 0 ms)
2026-08-01 16:34:54 [08-menu-travel] FindFilledBlock: not found (20x20 0x00FF00 tol=5, 0 ms)
2026-08-01 16:34:54 [08-menu-travel] FindFilledBlock: not found (20x20 0x00FF00 tol=5, 0 ms)
2026-08-01 16:34:54 [08-menu-travel] FindFilledBlock: not found (20x20 0x00FF00 tol=5, 0 ms)
2026-08-01 16:34:54 [08-menu-travel] FindFilledBlock: not found (20x20 0x00FF00 tol=5, 0 ms)
2026-08-01 16:34:55 [08-menu-travel] FindFilledBlock: not found (20x20 0x00FF00 tol=5, 0 ms)
2026-08-01 16:34:55 [08-menu-travel] FindFilledBlock: not found (20x20 0x00FF00 tol=5, 0 ms)
2026-08-01 16:34:55 [08-menu-travel] FindFilledBlock: not found (20x20 0x00FF00 tol=5, 0 ms)
2026-08-01 16:34:55 [08-menu-travel] FindFilledBlock: not found (20x20 0x00FF00 tol=5, 0 ms)
2026-08-01 16:34:55 [08-menu-travel] FindFilledBlock: not found (20x20 0x00FF00 tol=5, 0 ms)
2026-08-01 16:34:55 [08-menu-travel] FindFilledBlock: not found (20x20 0x00FF00 tol=5, 0 ms)
2026-08-01 16:34:55 [08-menu-travel] FindFilledBlock: not found (20x20 0x00FF00 tol=5, 0 ms)
2026-08-01 16:34:55 [08-menu-travel] FindFilledBlock: not found (20x20 0x00FF00 tol=5, 0 ms)
2026-08-01 16:34:55 [08-menu-travel] FindFilledBlock: not found (20x20 0x00FF00 tol=5, 0 ms)
2026-08-01 16:34:56 [08-menu-travel] FindFilledBlock: not found (20x20 0x00FF00 tol=5, 0 ms)
2026-08-01 16:34:56 [08-menu-travel] FindFilledBlock: not found (20x20 0x00FF00 tol=5, 0 ms)
2026-08-01 16:34:56 [08-menu-travel] FindFilledBlock: not found (20x20 0x00FF00 tol=5, 0 ms)
2026-08-01 16:34:56 [08-menu-travel] FindFilledBlock: not found (20x20 0x00FF00 tol=5, 0 ms)
2026-08-01 16:34:56 [08-menu-travel] FindFilledBlock: not found (20x20 0x00FF00 tol=5, 0 ms)
2026-08-01 16:34:56 [08-menu-travel] FindFilledBlock: not found (20x20 0x00FF00 tol=5, 0 ms)
2026-08-01 16:34:56 [08-menu-travel] FindFilledBlock: found at 1763,599 (20x20 0x00FF00 tol=5, 47 ms)
2026-08-01 16:34:56 [08-menu-travel] micro08-travel-pin: never arrived within 10000ms - but marker WAS found elsewhere on screen at 1763,599 (expected near 1249,712) - stopping
2026-08-01 16:34:56 [08-menu-travel] micro08 probe: FAILED - still loaded, F5 to restart
2026-08-01 16:34:58 [08-menu-travel] stop requested
2026-08-01 16:34:59 [08-menu-travel] micro08-travel-pin: clicking pinned marker point 1249,712
2026-08-01 16:34:59 [08-menu-travel] micro08-travel-pin: waiting for arrival
2026-08-01 16:34:59 [08-menu-travel] FindFilledBlock: not found (20x20 0x00FF00 tol=5, 0 ms)
2026-08-01 16:34:59 [08-menu-travel] FindFilledBlock: not found (20x20 0x00FF00 tol=5, 15 ms)
2026-08-01 16:34:59 [08-menu-travel] FindFilledBlock: not found (20x20 0x00FF00 tol=5, 15 ms)
2026-08-01 16:35:00 [08-menu-travel] FindFilledBlock: not found (20x20 0x00FF00 tol=5, 0 ms)
2026-08-01 16:35:00 [08-menu-travel] FindFilledBlock: not found (20x20 0x00FF00 tol=5, 0 ms)
2026-08-01 16:35:00 [08-menu-travel] FindFilledBlock: not found (20x20 0x00FF00 tol=5, 0 ms)
2026-08-01 16:35:00 [08-menu-travel] FindFilledBlock: not found (20x20 0x00FF00 tol=5, 0 ms)
2026-08-01 16:35:00 [08-menu-travel] FindFilledBlock: not found (20x20 0x00FF00 tol=5, 0 ms)
2026-08-01 16:35:00 [08-menu-travel] FindFilledBlock: not found (20x20 0x00FF00 tol=5, 0 ms)
2026-08-01 16:35:00 [08-menu-travel] FindFilledBlock: not found (20x20 0x00FF00 tol=5, 0 ms)
2026-08-01 16:35:00 [08-menu-travel] FindFilledBlock: not found (20x20 0x00FF00 tol=5, 16 ms)
2026-08-01 16:35:00 [08-menu-travel] FindFilledBlock: not found (20x20 0x00FF00 tol=5, 16 ms)
2026-08-01 16:35:01 [08-menu-travel] FindFilledBlock: not found (20x20 0x00FF00 tol=5, 16 ms)
2026-08-01 16:35:01 [08-menu-travel] FindFilledBlock: not found (20x20 0x00FF00 tol=5, 0 ms)
2026-08-01 16:35:01 [08-menu-travel] FindFilledBlock: not found (20x20 0x00FF00 tol=5, 0 ms)
2026-08-01 16:35:01 [08-menu-travel] FindFilledBlock: not found (20x20 0x00FF00 tol=5, 0 ms)
2026-08-01 16:35:01 [08-menu-travel] FindFilledBlock: not found (20x20 0x00FF00 tol=5, 0 ms)
2026-08-01 16:35:01 [08-menu-travel] FindFilledBlock: not found (20x20 0x00FF00 tol=5, 15 ms)
2026-08-01 16:35:01 [08-menu-travel] FindFilledBlock: not found (20x20 0x00FF00 tol=5, 0 ms)
2026-08-01 16:35:01 [08-menu-travel] FindFilledBlock: not found (20x20 0x00FF00 tol=5, 15 ms)
2026-08-01 16:35:02 [08-menu-travel] FindFilledBlock: not found (20x20 0x00FF00 tol=5, 15 ms)
2026-08-01 16:35:02 [08-menu-travel] FindFilledBlock: not found (20x20 0x00FF00 tol=5, 15 ms)
2026-08-01 16:35:02 [08-menu-travel] FindFilledBlock: not found (20x20 0x00FF00 tol=5, 15 ms)
2026-08-01 16:35:02 [08-menu-travel] FindFilledBlock: not found (20x20 0x00FF00 tol=5, 15 ms)
2026-08-01 16:35:02 [08-menu-travel] FindFilledBlock: not found (20x20 0x00FF00 tol=5, 0 ms)
2026-08-01 16:35:02 [08-menu-travel] FindFilledBlock: not found (20x20 0x00FF00 tol=5, 0 ms)
2026-08-01 16:35:02 [08-menu-travel] FindFilledBlock: not found (20x20 0x00FF00 tol=5, 0 ms)
2026-08-01 16:35:02 [08-menu-travel] FindFilledBlock: not found (20x20 0x00FF00 tol=5, 0 ms)
2026-08-01 16:35:02 [08-menu-travel] FindFilledBlock: not found (20x20 0x00FF00 tol=5, 0 ms)
2026-08-01 16:35:03 [08-menu-travel] FindFilledBlock: not found (20x20 0x00FF00 tol=5, 0 ms)
2026-08-01 16:35:03 [08-menu-travel] FindFilledBlock: not found (20x20 0x00FF00 tol=5, 0 ms)
2026-08-01 16:35:03 [08-menu-travel] FindFilledBlock: not found (20x20 0x00FF00 tol=5, 0 ms)
2026-08-01 16:35:03 [08-menu-travel] FindFilledBlock: not found (20x20 0x00FF00 tol=5, 0 ms)
2026-08-01 16:35:03 [08-menu-travel] FindFilledBlock: not found (20x20 0x00FF00 tol=5, 0 ms)
2026-08-01 16:35:03 [08-menu-travel] FindFilledBlock: not found (20x20 0x00FF00 tol=5, 0 ms)
2026-08-01 16:35:03 [08-menu-travel] FindFilledBlock: not found (20x20 0x00FF00 tol=5, 0 ms)
2026-08-01 16:35:03 [08-menu-travel] FindFilledBlock: not found (20x20 0x00FF00 tol=5, 0 ms)
2026-08-01 16:35:03 [08-menu-travel] FindFilledBlock: not found (20x20 0x00FF00 tol=5, 0 ms)
2026-08-01 16:35:04 [08-menu-travel] FindFilledBlock: not found (20x20 0x00FF00 tol=5, 0 ms)
2026-08-01 16:35:04 [08-menu-travel] FindFilledBlock: not found (20x20 0x00FF00 tol=5, 0 ms)
2026-08-01 16:35:04 [08-menu-travel] FindFilledBlock: not found (20x20 0x00FF00 tol=5, 0 ms)
2026-08-01 16:35:04 [08-menu-travel] FindFilledBlock: not found (20x20 0x00FF00 tol=5, 15 ms)
2026-08-01 16:35:04 [08-menu-travel] FindFilledBlock: not found (20x20 0x00FF00 tol=5, 15 ms)
2026-08-01 16:35:04 [08-menu-travel] FindFilledBlock: not found (20x20 0x00FF00 tol=5, 15 ms)
2026-08-01 16:35:04 [08-menu-travel] FindFilledBlock: not found (20x20 0x00FF00 tol=5, 0 ms)
2026-08-01 16:35:04 [08-menu-travel] FindFilledBlock: not found (20x20 0x00FF00 tol=5, 0 ms)
2026-08-01 16:35:05 [08-menu-travel] FindFilledBlock: not found (20x20 0x00FF00 tol=5, 0 ms)
2026-08-01 16:35:05 [08-menu-travel] FindFilledBlock: not found (20x20 0x00FF00 tol=5, 0 ms)
2026-08-01 16:35:05 [08-menu-travel] FindFilledBlock: not found (20x20 0x00FF00 tol=5, 0 ms)
2026-08-01 16:35:05 [08-menu-travel] FindFilledBlock: not found (20x20 0x00FF00 tol=5, 0 ms)
2026-08-01 16:35:05 [08-menu-travel] FindFilledBlock: not found (20x20 0x00FF00 tol=5, 0 ms)
2026-08-01 16:35:05 [08-menu-travel] FindFilledBlock: not found (20x20 0x00FF00 tol=5, 0 ms)
2026-08-01 16:35:05 [08-menu-travel] FindFilledBlock: not found (20x20 0x00FF00 tol=5, 0 ms)
2026-08-01 16:35:05 [08-menu-travel] FindFilledBlock: not found (20x20 0x00FF00 tol=5, 0 ms)
2026-08-01 16:35:05 [08-menu-travel] FindFilledBlock: not found (20x20 0x00FF00 tol=5, 0 ms)
2026-08-01 16:35:05 [08-menu-travel] FindFilledBlock: not found (20x20 0x00FF00 tol=5, 0 ms)
2026-08-01 16:35:06 [08-menu-travel] FindFilledBlock: not found (20x20 0x00FF00 tol=5, 0 ms)
2026-08-01 16:35:06 [08-menu-travel] FindFilledBlock: not found (20x20 0x00FF00 tol=5, 0 ms)
2026-08-01 16:35:06 [08-menu-travel] FindFilledBlock: not found (20x20 0x00FF00 tol=5, 0 ms)
2026-08-01 16:35:06 [08-menu-travel] FindFilledBlock: not found (20x20 0x00FF00 tol=5, 0 ms)
2026-08-01 16:35:06 [08-menu-travel] FindFilledBlock: not found (20x20 0x00FF00 tol=5, 0 ms)
2026-08-01 16:35:06 [08-menu-travel] FindFilledBlock: not found (20x20 0x00FF00 tol=5, 0 ms)
2026-08-01 16:35:06 [08-menu-travel] FindFilledBlock: not found (20x20 0x00FF00 tol=5, 0 ms)
2026-08-01 16:35:06 [08-menu-travel] FindFilledBlock: not found (20x20 0x00FF00 tol=5, 0 ms)
2026-08-01 16:35:06 [08-menu-travel] FindFilledBlock: not found (20x20 0x00FF00 tol=5, 0 ms)
2026-08-01 16:35:07 [08-menu-travel] FindFilledBlock: not found (20x20 0x00FF00 tol=5, 0 ms)
2026-08-01 16:35:07 [08-menu-travel] FindFilledBlock: not found (20x20 0x00FF00 tol=5, 0 ms)
2026-08-01 16:35:07 [08-menu-travel] FindFilledBlock: not found (20x20 0x00FF00 tol=5, 0 ms)
2026-08-01 16:35:07 [08-menu-travel] FindFilledBlock: not found (20x20 0x00FF00 tol=5, 0 ms)
2026-08-01 16:35:07 [08-menu-travel] FindFilledBlock: not found (20x20 0x00FF00 tol=5, 0 ms)
2026-08-01 16:35:07 [08-menu-travel] FindFilledBlock: not found (20x20 0x00FF00 tol=5, 0 ms)
2026-08-01 16:35:07 [08-menu-travel] FindFilledBlock: not found (20x20 0x00FF00 tol=5, 0 ms)
2026-08-01 16:35:07 [08-menu-travel] FindFilledBlock: not found (20x20 0x00FF00 tol=5, 0 ms)
2026-08-01 16:35:07 [08-menu-travel] FindFilledBlock: not found (20x20 0x00FF00 tol=5, 0 ms)
2026-08-01 16:35:08 [08-menu-travel] FindFilledBlock: not found (20x20 0x00FF00 tol=5, 0 ms)
2026-08-01 16:35:08 [08-menu-travel] FindFilledBlock: not found (20x20 0x00FF00 tol=5, 0 ms)
2026-08-01 16:35:08 [08-menu-travel] FindFilledBlock: not found (20x20 0x00FF00 tol=5, 0 ms)
2026-08-01 16:35:08 [08-menu-travel] FindFilledBlock: not found (20x20 0x00FF00 tol=5, 0 ms)
2026-08-01 16:35:08 [08-menu-travel] FindFilledBlock: not found (20x20 0x00FF00 tol=5, 0 ms)
2026-08-01 16:35:08 [08-menu-travel] FindFilledBlock: not found (20x20 0x00FF00 tol=5, 0 ms)
2026-08-01 16:35:08 [08-menu-travel] FindFilledBlock: not found (20x20 0x00FF00 tol=5, 0 ms)
2026-08-01 16:35:08 [08-menu-travel] FindFilledBlock: not found (20x20 0x00FF00 tol=5, 0 ms)
2026-08-01 16:35:08 [08-menu-travel] FindFilledBlock: not found (20x20 0x00FF00 tol=5, 0 ms)
2026-08-01 16:35:09 [08-menu-travel] FindFilledBlock: not found (20x20 0x00FF00 tol=5, 0 ms)
2026-08-01 16:35:09 [08-menu-travel] FindFilledBlock: not found (20x20 0x00FF00 tol=5, 0 ms)
2026-08-01 16:35:09 [08-menu-travel] FindFilledBlock: not found (20x20 0x00FF00 tol=5, 0 ms)
2026-08-01 16:35:09 [08-menu-travel] FindFilledBlock: not found (20x20 0x00FF00 tol=5, 0 ms)
2026-08-01 16:35:09 [08-menu-travel] FindFilledBlock: not found (20x20 0x00FF00 tol=5, 0 ms)
2026-08-01 16:35:09 [08-menu-travel] FindFilledBlock: not found (20x20 0x00FF00 tol=5, 0 ms)
2026-08-01 16:35:09 [08-menu-travel] FindFilledBlock: not found (20x20 0x00FF00 tol=5, 0 ms)
2026-08-01 16:35:09 [08-menu-travel] FindFilledBlock: not found (20x20 0x00FF00 tol=5, 0 ms)
2026-08-01 16:35:09 [08-menu-travel] FindFilledBlock: not found (20x20 0x00FF00 tol=5, 47 ms)
2026-08-01 16:35:09 [08-menu-travel] micro08-travel-pin: never arrived within 10000ms - marker not found ANYWHERE on screen, not just near the expected point - stopping
2026-08-01 16:35:09 [08-menu-travel] micro08 probe: FAILED - still loaded, F5 to restart
2026-08-01 16:35:38 [08-menu-travel] micro08-travel-search: waiting for travel marker
2026-08-01 16:35:38 [08-menu-travel] FindFilledBlock: found at 1375,767 (13x13 0xFF980A tol=5, 47 ms)
2026-08-01 16:35:38 [08-menu-travel] micro08-travel-search: clicking travel marker at 1375,767
2026-08-01 16:35:38 [08-menu-travel] micro08-travel-search: waiting for arrival
2026-08-01 16:35:38 [08-menu-travel] FindFilledBlock: not found (20x20 0x00FF00 tol=5, 0 ms)
2026-08-01 16:35:38 [08-menu-travel] FindFilledBlock: not found (20x20 0x00FF00 tol=5, 0 ms)
2026-08-01 16:35:39 [08-menu-travel] FindFilledBlock: not found (20x20 0x00FF00 tol=5, 0 ms)
2026-08-01 16:35:39 [08-menu-travel] FindFilledBlock: not found (20x20 0x00FF00 tol=5, 15 ms)
2026-08-01 16:35:39 [08-menu-travel] FindFilledBlock: not found (20x20 0x00FF00 tol=5, 0 ms)
2026-08-01 16:35:39 [08-menu-travel] FindFilledBlock: not found (20x20 0x00FF00 tol=5, 0 ms)
2026-08-01 16:35:39 [08-menu-travel] FindFilledBlock: not found (20x20 0x00FF00 tol=5, 0 ms)
2026-08-01 16:35:39 [08-menu-travel] FindFilledBlock: not found (20x20 0x00FF00 tol=5, 0 ms)
2026-08-01 16:35:39 [08-menu-travel] FindFilledBlock: not found (20x20 0x00FF00 tol=5, 0 ms)
2026-08-01 16:35:39 [08-menu-travel] FindFilledBlock: not found (20x20 0x00FF00 tol=5, 0 ms)
2026-08-01 16:35:39 [08-menu-travel] FindFilledBlock: not found (20x20 0x00FF00 tol=5, 0 ms)
2026-08-01 16:35:40 [08-menu-travel] FindFilledBlock: not found (20x20 0x00FF00 tol=5, 0 ms)
2026-08-01 16:35:40 [08-menu-travel] FindFilledBlock: not found (20x20 0x00FF00 tol=5, 0 ms)
2026-08-01 16:35:40 [08-menu-travel] FindFilledBlock: not found (20x20 0x00FF00 tol=5, 0 ms)
2026-08-01 16:35:40 [08-menu-travel] FindFilledBlock: not found (20x20 0x00FF00 tol=5, 0 ms)
2026-08-01 16:35:40 [08-menu-travel] FindFilledBlock: not found (20x20 0x00FF00 tol=5, 0 ms)
2026-08-01 16:35:40 [08-menu-travel] FindFilledBlock: not found (20x20 0x00FF00 tol=5, 0 ms)
2026-08-01 16:35:40 [08-menu-travel] FindFilledBlock: not found (20x20 0x00FF00 tol=5, 0 ms)
2026-08-01 16:35:40 [08-menu-travel] FindFilledBlock: not found (20x20 0x00FF00 tol=5, 0 ms)
2026-08-01 16:35:40 [08-menu-travel] FindFilledBlock: not found (20x20 0x00FF00 tol=5, 0 ms)
2026-08-01 16:35:41 [08-menu-travel] FindFilledBlock: not found (20x20 0x00FF00 tol=5, 0 ms)
2026-08-01 16:35:41 [08-menu-travel] FindFilledBlock: not found (20x20 0x00FF00 tol=5, 0 ms)
2026-08-01 16:35:41 [08-menu-travel] FindFilledBlock: not found (20x20 0x00FF00 tol=5, 0 ms)
2026-08-01 16:35:41 [08-menu-travel] FindFilledBlock: not found (20x20 0x00FF00 tol=5, 0 ms)
2026-08-01 16:35:41 [08-menu-travel] FindFilledBlock: not found (20x20 0x00FF00 tol=5, 0 ms)
2026-08-01 16:35:41 [08-menu-travel] FindFilledBlock: not found (20x20 0x00FF00 tol=5, 0 ms)
2026-08-01 16:35:41 [08-menu-travel] FindFilledBlock: not found (20x20 0x00FF00 tol=5, 0 ms)
2026-08-01 16:35:41 [08-menu-travel] FindFilledBlock: not found (20x20 0x00FF00 tol=5, 0 ms)
2026-08-01 16:35:41 [08-menu-travel] FindFilledBlock: not found (20x20 0x00FF00 tol=5, 0 ms)
2026-08-01 16:35:42 [08-menu-travel] FindFilledBlock: not found (20x20 0x00FF00 tol=5, 0 ms)
2026-08-01 16:35:42 [08-menu-travel] FindFilledBlock: not found (20x20 0x00FF00 tol=5, 0 ms)
2026-08-01 16:35:42 [08-menu-travel] FindFilledBlock: not found (20x20 0x00FF00 tol=5, 0 ms)
2026-08-01 16:35:42 [08-menu-travel] FindFilledBlock: not found (20x20 0x00FF00 tol=5, 0 ms)
2026-08-01 16:35:42 [08-menu-travel] FindFilledBlock: not found (20x20 0x00FF00 tol=5, 0 ms)
2026-08-01 16:35:42 [08-menu-travel] FindFilledBlock: not found (20x20 0x00FF00 tol=5, 0 ms)
2026-08-01 16:35:42 [08-menu-travel] FindFilledBlock: not found (20x20 0x00FF00 tol=5, 0 ms)
2026-08-01 16:35:42 [08-menu-travel] FindFilledBlock: not found (20x20 0x00FF00 tol=5, 0 ms)
2026-08-01 16:35:42 [08-menu-travel] FindFilledBlock: not found (20x20 0x00FF00 tol=5, 0 ms)
2026-08-01 16:35:42 [08-menu-travel] FindFilledBlock: not found (20x20 0x00FF00 tol=5, 0 ms)
2026-08-01 16:35:43 [08-menu-travel] FindFilledBlock: not found (20x20 0x00FF00 tol=5, 16 ms)
2026-08-01 16:35:43 [08-menu-travel] FindFilledBlock: not found (20x20 0x00FF00 tol=5, 16 ms)
2026-08-01 16:35:43 [08-menu-travel] FindFilledBlock: not found (20x20 0x00FF00 tol=5, 16 ms)
2026-08-01 16:35:43 [08-menu-travel] FindFilledBlock: not found (20x20 0x00FF00 tol=5, 16 ms)
2026-08-01 16:35:43 [08-menu-travel] FindFilledBlock: not found (20x20 0x00FF00 tol=5, 16 ms)
2026-08-01 16:35:43 [08-menu-travel] micro08-travel-pin: clicking pinned marker point 1249,712
2026-08-01 16:35:43 [08-menu-travel] micro08-travel-pin: waiting for arrival
2026-08-01 16:35:43 [08-menu-travel] FindFilledBlock: not found (20x20 0x00FF00 tol=5, 0 ms)
2026-08-01 16:35:43 [08-menu-travel] FindFilledBlock: not found (20x20 0x00FF00 tol=5, 16 ms)
2026-08-01 16:35:44 [08-menu-travel] FindFilledBlock: not found (20x20 0x00FF00 tol=5, 16 ms)
2026-08-01 16:35:44 [08-menu-travel] FindFilledBlock: not found (20x20 0x00FF00 tol=5, 16 ms)
2026-08-01 16:35:44 [08-menu-travel] FindFilledBlock: not found (20x20 0x00FF00 tol=5, 16 ms)
2026-08-01 16:35:44 [08-menu-travel] FindFilledBlock: not found (20x20 0x00FF00 tol=5, 16 ms)
2026-08-01 16:35:44 [08-menu-travel] FindFilledBlock: not found (20x20 0x00FF00 tol=5, 16 ms)
2026-08-01 16:35:44 [08-menu-travel] FindFilledBlock: not found (20x20 0x00FF00 tol=5, 16 ms)
2026-08-01 16:35:44 [08-menu-travel] FindFilledBlock: not found (20x20 0x00FF00 tol=5, 16 ms)
2026-08-01 16:35:44 [08-menu-travel] FindFilledBlock: not found (20x20 0x00FF00 tol=5, 16 ms)
2026-08-01 16:35:45 [08-menu-travel] FindFilledBlock: not found (20x20 0x00FF00 tol=5, 16 ms)
2026-08-01 16:35:45 [08-menu-travel] FindFilledBlock: not found (20x20 0x00FF00 tol=5, 16 ms)
2026-08-01 16:35:45 [08-menu-travel] FindFilledBlock: not found (20x20 0x00FF00 tol=5, 16 ms)
2026-08-01 16:35:45 [08-menu-travel] FindFilledBlock: not found (20x20 0x00FF00 tol=5, 16 ms)
2026-08-01 16:35:45 [08-menu-travel] FindFilledBlock: not found (20x20 0x00FF00 tol=5, 0 ms)
2026-08-01 16:35:45 [08-menu-travel] FindFilledBlock: not found (20x20 0x00FF00 tol=5, 0 ms)
2026-08-01 16:35:45 [08-menu-travel] FindFilledBlock: not found (20x20 0x00FF00 tol=5, 15 ms)
2026-08-01 16:35:45 [08-menu-travel] FindFilledBlock: not found (20x20 0x00FF00 tol=5, 0 ms)
2026-08-01 16:35:45 [08-menu-travel] stop requested
2026-08-01 16:35:45 [08-menu-travel] micro08 probe: STOPPED by F6
2026-08-01 16:35:45 [08-menu-travel] travel-search: STOPPED by F6
2026-08-01 16:35:46 [08-menu-travel] micro08-travel-search: waiting for travel marker
2026-08-01 16:35:46 [08-menu-travel] FindFilledBlock: found at 1343,835 (13x13 0xFF980A tol=5, 31 ms)
2026-08-01 16:35:46 [08-menu-travel] micro08-travel-search: clicking travel marker at 1343,835
2026-08-01 16:35:46 [08-menu-travel] micro08-travel-search: waiting for arrival
2026-08-01 16:35:46 [08-menu-travel] FindFilledBlock: not found (20x20 0x00FF00 tol=5, 0 ms)
2026-08-01 16:35:46 [08-menu-travel] FindFilledBlock: not found (20x20 0x00FF00 tol=5, 15 ms)
2026-08-01 16:35:46 [08-menu-travel] FindFilledBlock: not found (20x20 0x00FF00 tol=5, 0 ms)
2026-08-01 16:35:46 [08-menu-travel] FindFilledBlock: not found (20x20 0x00FF00 tol=5, 0 ms)
2026-08-01 16:35:47 [08-menu-travel] FindFilledBlock: not found (20x20 0x00FF00 tol=5, 0 ms)
2026-08-01 16:35:47 [08-menu-travel] FindFilledBlock: not found (20x20 0x00FF00 tol=5, 0 ms)
2026-08-01 16:35:47 [08-menu-travel] FindFilledBlock: not found (20x20 0x00FF00 tol=5, 0 ms)
2026-08-01 16:35:47 [08-menu-travel] FindFilledBlock: not found (20x20 0x00FF00 tol=5, 0 ms)
2026-08-01 16:35:47 [08-menu-travel] FindFilledBlock: not found (20x20 0x00FF00 tol=5, 0 ms)
2026-08-01 16:35:47 [08-menu-travel] FindFilledBlock: not found (20x20 0x00FF00 tol=5, 0 ms)
2026-08-01 16:35:47 [08-menu-travel] FindFilledBlock: not found (20x20 0x00FF00 tol=5, 0 ms)
2026-08-01 16:35:47 [08-menu-travel] FindFilledBlock: not found (20x20 0x00FF00 tol=5, 0 ms)
2026-08-01 16:35:47 [08-menu-travel] FindFilledBlock: not found (20x20 0x00FF00 tol=5, 0 ms)
2026-08-01 16:35:48 [08-menu-travel] FindFilledBlock: not found (20x20 0x00FF00 tol=5, 0 ms)
2026-08-01 16:35:48 [08-menu-travel] FindFilledBlock: not found (20x20 0x00FF00 tol=5, 0 ms)
2026-08-01 16:35:48 [08-menu-travel] FindFilledBlock: not found (20x20 0x00FF00 tol=5, 0 ms)
2026-08-01 16:35:48 [08-menu-travel] FindFilledBlock: not found (20x20 0x00FF00 tol=5, 0 ms)
2026-08-01 16:35:48 [08-menu-travel] FindFilledBlock: not found (20x20 0x00FF00 tol=5, 0 ms)
2026-08-01 16:35:48 [08-menu-travel] FindFilledBlock: not found (20x20 0x00FF00 tol=5, 0 ms)
2026-08-01 16:35:48 [08-menu-travel] FindFilledBlock: not found (20x20 0x00FF00 tol=5, 0 ms)
2026-08-01 16:35:48 [08-menu-travel] FindFilledBlock: not found (20x20 0x00FF00 tol=5, 0 ms)
2026-08-01 16:35:48 [08-menu-travel] FindFilledBlock: not found (20x20 0x00FF00 tol=5, 0 ms)
2026-08-01 16:35:49 [08-menu-travel] FindFilledBlock: not found (20x20 0x00FF00 tol=5, 0 ms)
2026-08-01 16:35:49 [08-menu-travel] FindFilledBlock: not found (20x20 0x00FF00 tol=5, 0 ms)
2026-08-01 16:35:49 [08-menu-travel] FindFilledBlock: not found (20x20 0x00FF00 tol=5, 0 ms)
2026-08-01 16:35:49 [08-menu-travel] FindFilledBlock: not found (20x20 0x00FF00 tol=5, 0 ms)
2026-08-01 16:35:49 [08-menu-travel] FindFilledBlock: not found (20x20 0x00FF00 tol=5, 0 ms)
2026-08-01 16:35:49 [08-menu-travel] FindFilledBlock: not found (20x20 0x00FF00 tol=5, 0 ms)
2026-08-01 16:35:49 [08-menu-travel] FindFilledBlock: not found (20x20 0x00FF00 tol=5, 0 ms)
2026-08-01 16:35:49 [08-menu-travel] FindFilledBlock: not found (20x20 0x00FF00 tol=5, 15 ms)
2026-08-01 16:35:49 [08-menu-travel] FindFilledBlock: not found (20x20 0x00FF00 tol=5, 15 ms)
2026-08-01 16:35:50 [08-menu-travel] FindFilledBlock: not found (20x20 0x00FF00 tol=5, 15 ms)
2026-08-01 16:35:50 [08-menu-travel] FindFilledBlock: not found (20x20 0x00FF00 tol=5, 15 ms)
2026-08-01 16:35:50 [08-menu-travel] FindFilledBlock: not found (20x20 0x00FF00 tol=5, 15 ms)
2026-08-01 16:35:50 [08-menu-travel] FindFilledBlock: not found (20x20 0x00FF00 tol=5, 15 ms)
2026-08-01 16:35:50 [08-menu-travel] FindFilledBlock: not found (20x20 0x00FF00 tol=5, 15 ms)
2026-08-01 16:35:50 [08-menu-travel] FindFilledBlock: not found (20x20 0x00FF00 tol=5, 15 ms)
2026-08-01 16:35:50 [08-menu-travel] FindFilledBlock: not found (20x20 0x00FF00 tol=5, 15 ms)
2026-08-01 16:35:50 [08-menu-travel] FindFilledBlock: not found (20x20 0x00FF00 tol=5, 15 ms)
2026-08-01 16:35:51 [08-menu-travel] FindFilledBlock: not found (20x20 0x00FF00 tol=5, 15 ms)
2026-08-01 16:35:51 [08-menu-travel] FindFilledBlock: not found (20x20 0x00FF00 tol=5, 15 ms)
2026-08-01 16:35:51 [08-menu-travel] FindFilledBlock: not found (20x20 0x00FF00 tol=5, 15 ms)
2026-08-01 16:35:51 [08-menu-travel] FindFilledBlock: not found (20x20 0x00FF00 tol=5, 15 ms)
2026-08-01 16:35:51 [08-menu-travel] FindFilledBlock: not found (20x20 0x00FF00 tol=5, 15 ms)
2026-08-01 16:35:51 [08-menu-travel] FindFilledBlock: not found (20x20 0x00FF00 tol=5, 15 ms)
2026-08-01 16:35:51 [08-menu-travel] FindFilledBlock: not found (20x20 0x00FF00 tol=5, 0 ms)
2026-08-01 16:35:51 [08-menu-travel] FindFilledBlock: not found (20x20 0x00FF00 tol=5, 0 ms)
2026-08-01 16:35:52 [08-menu-travel] FindFilledBlock: not found (20x20 0x00FF00 tol=5, 0 ms)
2026-08-01 16:35:52 [08-menu-travel] FindFilledBlock: not found (20x20 0x00FF00 tol=5, 0 ms)
2026-08-01 16:35:52 [08-menu-travel] FindFilledBlock: not found (20x20 0x00FF00 tol=5, 15 ms)
2026-08-01 16:35:52 [08-menu-travel] FindFilledBlock: not found (20x20 0x00FF00 tol=5, 0 ms)
2026-08-01 16:35:52 [08-menu-travel] FindFilledBlock: not found (20x20 0x00FF00 tol=5, 0 ms)
2026-08-01 16:35:52 [08-menu-travel] FindFilledBlock: not found (20x20 0x00FF00 tol=5, 0 ms)
2026-08-01 16:35:52 [08-menu-travel] FindFilledBlock: not found (20x20 0x00FF00 tol=5, 0 ms)
2026-08-01 16:35:52 [08-menu-travel] FindFilledBlock: not found (20x20 0x00FF00 tol=5, 0 ms)
2026-08-01 16:35:52 [08-menu-travel] FindFilledBlock: not found (20x20 0x00FF00 tol=5, 0 ms)
2026-08-01 16:35:53 [08-menu-travel] FindFilledBlock: not found (20x20 0x00FF00 tol=5, 0 ms)
2026-08-01 16:35:53 [08-menu-travel] FindFilledBlock: not found (20x20 0x00FF00 tol=5, 0 ms)
2026-08-01 16:35:53 [08-menu-travel] FindFilledBlock: not found (20x20 0x00FF00 tol=5, 0 ms)
2026-08-01 16:35:53 [08-menu-travel] FindFilledBlock: not found (20x20 0x00FF00 tol=5, 0 ms)
2026-08-01 16:35:53 [08-menu-travel] FindFilledBlock: not found (20x20 0x00FF00 tol=5, 0 ms)
2026-08-01 16:35:53 [08-menu-travel] FindFilledBlock: not found (20x20 0x00FF00 tol=5, 0 ms)
2026-08-01 16:35:53 [08-menu-travel] FindFilledBlock: not found (20x20 0x00FF00 tol=5, 0 ms)
2026-08-01 16:35:53 [08-menu-travel] FindFilledBlock: not found (20x20 0x00FF00 tol=5, 0 ms)
2026-08-01 16:35:53 [08-menu-travel] FindFilledBlock: not found (20x20 0x00FF00 tol=5, 0 ms)
2026-08-01 16:35:54 [08-menu-travel] FindFilledBlock: not found (20x20 0x00FF00 tol=5, 0 ms)
2026-08-01 16:35:54 [08-menu-travel] FindFilledBlock: not found (20x20 0x00FF00 tol=5, 0 ms)
2026-08-01 16:35:54 [08-menu-travel] FindFilledBlock: not found (20x20 0x00FF00 tol=5, 0 ms)
2026-08-01 16:35:54 [08-menu-travel] FindFilledBlock: not found (20x20 0x00FF00 tol=5, 0 ms)
2026-08-01 16:35:54 [08-menu-travel] FindFilledBlock: not found (20x20 0x00FF00 tol=5, 0 ms)
2026-08-01 16:35:54 [08-menu-travel] FindFilledBlock: not found (20x20 0x00FF00 tol=5, 0 ms)
2026-08-01 16:35:54 [08-menu-travel] FindFilledBlock: not found (20x20 0x00FF00 tol=5, 0 ms)
2026-08-01 16:35:54 [08-menu-travel] FindFilledBlock: not found (20x20 0x00FF00 tol=5, 0 ms)
2026-08-01 16:35:54 [08-menu-travel] FindFilledBlock: not found (20x20 0x00FF00 tol=5, 0 ms)
2026-08-01 16:35:55 [08-menu-travel] FindFilledBlock: not found (20x20 0x00FF00 tol=5, 16 ms)
2026-08-01 16:35:55 [08-menu-travel] FindFilledBlock: not found (20x20 0x00FF00 tol=5, 16 ms)
2026-08-01 16:35:55 [08-menu-travel] FindFilledBlock: not found (20x20 0x00FF00 tol=5, 16 ms)
2026-08-01 16:35:55 [08-menu-travel] FindFilledBlock: not found (20x20 0x00FF00 tol=5, 16 ms)
2026-08-01 16:35:55 [08-menu-travel] FindFilledBlock: not found (20x20 0x00FF00 tol=5, 16 ms)
2026-08-01 16:35:55 [08-menu-travel] FindFilledBlock: not found (20x20 0x00FF00 tol=5, 16 ms)
2026-08-01 16:35:55 [08-menu-travel] FindFilledBlock: not found (20x20 0x00FF00 tol=5, 16 ms)
2026-08-01 16:35:55 [08-menu-travel] FindFilledBlock: not found (20x20 0x00FF00 tol=5, 0 ms)
2026-08-01 16:35:56 [08-menu-travel] FindFilledBlock: not found (20x20 0x00FF00 tol=5, 15 ms)
2026-08-01 16:35:56 [08-menu-travel] FindFilledBlock: not found (20x20 0x00FF00 tol=5, 15 ms)
2026-08-01 16:35:56 [08-menu-travel] FindFilledBlock: not found (20x20 0x00FF00 tol=5, 0 ms)
2026-08-01 16:35:56 [08-menu-travel] FindFilledBlock: not found (20x20 0x00FF00 tol=5, 15 ms)
2026-08-01 16:35:56 [08-menu-travel] FindFilledBlock: not found (20x20 0x00FF00 tol=5, 15 ms)
2026-08-01 16:35:56 [08-menu-travel] FindFilledBlock: not found (20x20 0x00FF00 tol=5, 15 ms)
2026-08-01 16:35:56 [08-menu-travel] FindFilledBlock: not found (20x20 0x00FF00 tol=5, 47 ms)
2026-08-01 16:35:56 [08-menu-travel] micro08-travel-search: never arrived within 10000ms - marker not found ANYWHERE on screen, not just near the expected point - stopping
2026-08-01 16:35:56 [08-menu-travel] travel-search: FAILED - still loaded, F5 to restart
2026-08-01 16:36:28 [08-menu-travel] micro08: ready - F5 run, F6 stop, F12 exit, F8 probe
2026-08-01 16:36:34 [08-menu-travel] FindImage: not found (C:\Users\link\Documents\GitHub\osrs-automation\v8\micro\..\Images\li_bank-deposit-box.png, 16 ms)
2026-08-01 16:36:35 [08-menu-travel] FindImage: not found (C:\Users\link\Documents\GitHub\osrs-automation\v8\micro\..\Images\li_bank-deposit-box.png, 15 ms)
2026-08-01 16:36:35 [08-menu-travel] FindImage: not found (C:\Users\link\Documents\GitHub\osrs-automation\v8\micro\..\Images\li_bank-deposit-box.png, 16 ms)
2026-08-01 16:36:35 [08-menu-travel] FindImage: not found (C:\Users\link\Documents\GitHub\osrs-automation\v8\micro\..\Images\li_bank-deposit-box.png, 15 ms)
2026-08-01 16:36:35 [08-menu-travel] FindImage: not found (C:\Users\link\Documents\GitHub\osrs-automation\v8\micro\..\Images\li_bank-deposit-box.png, 16 ms)
2026-08-01 16:36:35 [08-menu-travel] FindImage: not found (C:\Users\link\Documents\GitHub\osrs-automation\v8\micro\..\Images\li_bank-deposit-box.png, 15 ms)
2026-08-01 16:36:35 [08-menu-travel] FindImage: not found (C:\Users\link\Documents\GitHub\osrs-automation\v8\micro\..\Images\li_bank-deposit-box.png, 16 ms)
2026-08-01 16:36:36 [08-menu-travel] FindImage: not found (C:\Users\link\Documents\GitHub\osrs-automation\v8\micro\..\Images\li_bank-deposit-box.png, 15 ms)
2026-08-01 16:36:36 [08-menu-travel] FindImage: not found (C:\Users\link\Documents\GitHub\osrs-automation\v8\micro\..\Images\li_bank-deposit-box.png, 16 ms)
2026-08-01 16:36:36 [08-menu-travel] FindImage: not found (C:\Users\link\Documents\GitHub\osrs-automation\v8\micro\..\Images\li_bank-deposit-box.png, 15 ms)
2026-08-01 16:36:36 [08-menu-travel] FindImage: not found (C:\Users\link\Documents\GitHub\osrs-automation\v8\micro\..\Images\li_bank-deposit-box.png, 16 ms)
2026-08-01 16:36:36 [08-menu-travel] FindImage: not found (C:\Users\link\Documents\GitHub\osrs-automation\v8\micro\..\Images\li_bank-deposit-box.png, 15 ms)
2026-08-01 16:36:37 [08-menu-travel] FindImage: not found (C:\Users\link\Documents\GitHub\osrs-automation\v8\micro\..\Images\li_bank-deposit-box.png, 16 ms)
2026-08-01 16:36:37 [08-menu-travel] FindImage: not found (C:\Users\link\Documents\GitHub\osrs-automation\v8\micro\..\Images\li_bank-deposit-box.png, 15 ms)
2026-08-01 16:36:37 [08-menu-travel] FindImage: not found (C:\Users\link\Documents\GitHub\osrs-automation\v8\micro\..\Images\li_bank-deposit-box.png, 16 ms)
2026-08-01 16:36:37 [08-menu-travel] FindImage: not found (C:\Users\link\Documents\GitHub\osrs-automation\v8\micro\..\Images\li_bank-deposit-box.png, 15 ms)
2026-08-01 16:36:37 [08-menu-travel] FindImage: not found (C:\Users\link\Documents\GitHub\osrs-automation\v8\micro\..\Images\li_bank-deposit-box.png, 16 ms)
2026-08-01 16:36:38 [08-menu-travel] FindImage: not found (C:\Users\link\Documents\GitHub\osrs-automation\v8\micro\..\Images\li_bank-deposit-box.png, 15 ms)
2026-08-01 16:36:38 [08-menu-travel] FindImage: not found (C:\Users\link\Documents\GitHub\osrs-automation\v8\micro\..\Images\li_bank-deposit-box.png, 16 ms)
2026-08-01 16:36:38 [08-menu-travel] FindImage: not found (C:\Users\link\Documents\GitHub\osrs-automation\v8\micro\..\Images\li_bank-deposit-box.png, 15 ms)
2026-08-01 16:36:38 [08-menu-travel] FindImage: not found (C:\Users\link\Documents\GitHub\osrs-automation\v8\micro\..\Images\li_bank-deposit-box.png, 16 ms)
2026-08-01 16:36:38 [08-menu-travel] FindImage: not found (C:\Users\link\Documents\GitHub\osrs-automation\v8\micro\..\Images\li_bank-deposit-box.png, 15 ms)
2026-08-01 16:36:38 [08-menu-travel] FindImage: not found (C:\Users\link\Documents\GitHub\osrs-automation\v8\micro\..\Images\li_bank-deposit-box.png, 16 ms)
2026-08-01 16:36:39 [08-menu-travel] FindImage: not found (C:\Users\link\Documents\GitHub\osrs-automation\v8\micro\..\Images\li_bank-deposit-box.png, 15 ms)
2026-08-01 16:36:39 [08-menu-travel] FindImage: not found (C:\Users\link\Documents\GitHub\osrs-automation\v8\micro\..\Images\li_bank-deposit-box.png, 16 ms)
2026-08-01 16:36:39 [08-menu-travel] FindImage: not found (C:\Users\link\Documents\GitHub\osrs-automation\v8\micro\..\Images\li_bank-deposit-box.png, 15 ms)
2026-08-01 16:36:39 [08-menu-travel] FindImage: not found (C:\Users\link\Documents\GitHub\osrs-automation\v8\micro\..\Images\li_bank-deposit-box.png, 16 ms)
2026-08-01 16:36:39 [08-menu-travel] FindImage: not found (C:\Users\link\Documents\GitHub\osrs-automation\v8\micro\..\Images\li_bank-deposit-box.png, 15 ms)
2026-08-01 16:36:39 [08-menu-travel] micro08-menu: item not found in menu, closing menu with Esc
2026-08-01 16:36:39 [08-menu-travel] micro08: FAILED - still loaded, F5 to restart
