2026-08-01 16:37:45 [09-grid-inventory] micro09: ready - F5 run, F6 stop, F12 exit, F8 probe
2026-08-01 16:37:47 [09-grid-inventory] grid: slot 1 center=2135.0,833.0 corner=2099,801 region=[2099,801]-[2170,864]
2026-08-01 16:37:47 [09-grid-inventory] grid: slot 2 center=2219.0,833.0 corner=2183,801 region=[2183,801]-[2254,864]
2026-08-01 16:37:48 [09-grid-inventory] grid: slot 3 center=2303.0,833.0 corner=2267,801 region=[2267,801]-[2338,864]
2026-08-01 16:37:49 [09-grid-inventory] micro09: DONE
2026-08-01 16:37:49 [09-grid-inventory] grid: slot 1 center=2135.0,833.0 corner=2099,801 region=[2099,801]-[2170,864]
2026-08-01 16:37:50 [09-grid-inventory] grid: slot 2 center=2219.0,833.0 corner=2183,801 region=[2183,801]-[2254,864]
2026-08-01 16:37:51 [09-grid-inventory] grid: slot 3 center=2303.0,833.0 corner=2267,801 region=[2267,801]-[2338,864]
2026-08-01 16:37:51 [09-grid-inventory] micro09: DONE
2026-08-01 16:37:57 [09-grid-inventory] grid: slot 1 center=2135.0,833.0 corner=2099,801 region=[2099,801]-[2170,864]
2026-08-01 16:37:58 [09-grid-inventory] grid: slot 2 center=2219.0,833.0 corner=2183,801 region=[2183,801]-[2254,864]
2026-08-01 16:37:58 [09-grid-inventory] grid: slot 3 center=2303.0,833.0 corner=2267,801 region=[2267,801]-[2338,864]
2026-08-01 16:37:59 [09-grid-inventory] micro09: DONE
2026-08-01 16:38:03 [09-grid-inventory] slots: FFFF FFFF FFFF FFFF FFFF FFFF FFFF 
2026-08-01 16:38:03 [09-grid-inventory] slot-occupancy: DONE
2026-08-01 16:38:20 [09-grid-inventory] ReleasePendingModifiersNow: released Shift
2026-08-01 16:38:20 [09-grid-inventory] drop-slot 28: before=1 after=1
2026-08-01 16:38:20 [09-grid-inventory] micro09 probe: DONE
2026-08-01 16:38:25 [09-grid-inventory] ReleasePendingModifiersNow: released Shift
2026-08-01 16:38:25 [09-grid-inventory] drop-slot 28: before=0 after=0
2026-08-01 16:38:26 [09-grid-inventory] micro09 probe: DONE
2026-08-01 16:38:28 [09-grid-inventory] ReleasePendingModifiersNow: released Shift
2026-08-01 16:38:28 [09-grid-inventory] drop-slot 28: before=1 after=1
2026-08-01 16:38:28 [09-grid-inventory] micro09 probe: DONE
2026-08-01 16:38:30 [09-grid-inventory] ReleasePendingModifiersNow: released Shift
2026-08-01 16:38:30 [09-grid-inventory] drop-slot 28: before=1 after=0
2026-08-01 16:38:30 [09-grid-inventory] micro09 probe: DONE
2026-08-01 16:38:32 [09-grid-inventory] ReleasePendingModifiersNow: released Shift
2026-08-01 16:38:33 [09-grid-inventory] drop-slot 28: before=1 after=1
2026-08-01 16:38:33 [09-grid-inventory] micro09 probe: DONE
2026-08-01 16:38:35 [09-grid-inventory] ReleasePendingModifiersNow: released Shift
2026-08-01 16:38:35 [09-grid-inventory] drop-slot 28: before=1 after=0
2026-08-01 16:38:35 [09-grid-inventory] micro09 probe: DONE
2026-08-01 16:38:37 [09-grid-inventory] ReleasePendingModifiersNow: released Shift
2026-08-01 16:38:37 [09-grid-inventory] drop-slot 28: before=1 after=0
2026-08-01 16:38:37 [09-grid-inventory] micro09 probe: DONE
2026-08-01 16:38:40 [09-grid-inventory] ReleasePendingModifiersNow: released Shift
2026-08-01 16:38:40 [09-grid-inventory] drop-slot 28: before=1 after=1
2026-08-01 16:38:40 [09-grid-inventory] micro09 probe: DONE
2026-08-01 16:38:43 [09-grid-inventory] ReleasePendingModifiersNow: released Shift
2026-08-01 16:38:43 [09-grid-inventory] drop-slot 28: before=1 after=1
2026-08-01 16:38:43 [09-grid-inventory] micro09 probe: DONE
2026-08-01 16:38:53 [09-grid-inventory] FindImage: not found (C:\Users\link\Documents\GitHub\osrs-automation\v8\micro\..\Images\gold-bar.png, 0 ms)
2026-08-01 16:38:53 [09-grid-inventory] micro09-verify: slot 1 is NOT a match - dropping it
2026-08-01 16:38:53 [09-grid-inventory] ReleasePendingModifiersNow: released Shift
2026-08-01 16:38:54 [09-grid-inventory] FindImage: not found (C:\Users\link\Documents\GitHub\osrs-automation\v8\micro\..\Images\gold-bar.png, 16 ms)
2026-08-01 16:38:54 [09-grid-inventory] micro09-verify: slot 1 is NOT a match - dropping it
2026-08-01 16:38:54 [09-grid-inventory] ReleasePendingModifiersNow: released Shift
2026-08-01 16:38:57 [09-grid-inventory] FindImage: not found (C:\Users\link\Documents\GitHub\osrs-automation\v8\micro\..\Images\gold-bar.png, 0 ms)
2026-08-01 16:38:57 [09-grid-inventory] micro09-verify: slot 1 is NOT a match - dropping it
2026-08-01 16:38:57 [09-grid-inventory] ReleasePendingModifiersNow: released Shift
2026-08-01 16:38:59 [09-grid-inventory] FindImage: not found (C:\Users\link\Documents\GitHub\osrs-automation\v8\micro\..\Images\gold-bar.png, 16 ms)
2026-08-01 16:38:59 [09-grid-inventory] micro09-verify: slot 1 is NOT a match - dropping it
2026-08-01 16:38:59 [09-grid-inventory] ReleasePendingModifiersNow: released Shift
2026-08-01 16:39:02 [09-grid-inventory] FindImage: not found (C:\Users\link\Documents\GitHub\osrs-automation\v8\micro\..\Images\gold-bar.png, 0 ms)
2026-08-01 16:39:02 [09-grid-inventory] micro09-verify: slot 1 is NOT a match - dropping it
2026-08-01 16:39:02 [09-grid-inventory] ReleasePendingModifiersNow: released Shift
2026-08-01 16:39:03 [09-grid-inventory] FindImage: not found (C:\Users\link\Documents\GitHub\osrs-automation\v8\micro\..\Images\gold-bar.png, 15 ms)
2026-08-01 16:39:03 [09-grid-inventory] micro09-verify: slot 1 is NOT a match - dropping it
2026-08-01 16:39:03 [09-grid-inventory] ReleasePendingModifiersNow: released Shift
2026-08-01 16:39:06 [09-grid-inventory] FindImage: not found (C:\Users\link\Documents\GitHub\osrs-automation\v8\micro\..\Images\gold-bar.png, 16 ms)
2026-08-01 16:39:06 [09-grid-inventory] micro09-verify: slot 1 is NOT a match - dropping it
2026-08-01 16:39:06 [09-grid-inventory] ReleasePendingModifiersNow: released Shift
2026-08-01 16:39:08 [09-grid-inventory] FindImage: not found (C:\Users\link\Documents\GitHub\osrs-automation\v8\micro\..\Images\gold-bar.png, 0 ms)
2026-08-01 16:39:08 [09-grid-inventory] micro09-verify: slot 1 is NOT a match - dropping it
2026-08-01 16:39:08 [09-grid-inventory] ReleasePendingModifiersNow: released Shift
2026-08-01 16:39:10 [09-grid-inventory] FindImage: not found (C:\Users\link\Documents\GitHub\osrs-automation\v8\micro\..\Images\gold-bar.png, 16 ms)
2026-08-01 16:39:10 [09-grid-inventory] micro09-verify: slot 1 is NOT a match - dropping it
2026-08-01 16:39:11 [09-grid-inventory] ReleasePendingModifiersNow: released Shift
2026-08-01 16:39:21 [09-grid-inventory] micro09: ready - F5 run, F6 stop, F12 exit, F8 probe
2026-08-01 16:39:24 [09-grid-inventory] FindImage: found at 2135,833 (C:\Users\link\Documents\GitHub\osrs-automation\v8\micro\..\Images\gold-bar.png, 16 ms)
2026-08-01 16:39:24 [09-grid-inventory] micro09-verify: slot 1 confirmed match
2026-08-01 16:39:25 [09-grid-inventory] FindImage: found at 2219,833 (C:\Users\link\Documents\GitHub\osrs-automation\v8\micro\..\Images\gold-bar.png, 16 ms)
2026-08-01 16:39:25 [09-grid-inventory] micro09-verify: slot 2 confirmed match
2026-08-01 16:39:25 [09-grid-inventory] FindImage: found at 2303,833 (C:\Users\link\Documents\GitHub\osrs-automation\v8\micro\..\Images\gold-bar.png, 16 ms)
2026-08-01 16:39:25 [09-grid-inventory] micro09-verify: slot 3 confirmed match
2026-08-01 16:39:25 [09-grid-inventory] FindImage: found at 2387,833 (C:\Users\link\Documents\GitHub\osrs-automation\v8\micro\..\Images\gold-bar.png, 15 ms)
2026-08-01 16:39:25 [09-grid-inventory] micro09-verify: slot 4 confirmed match
2026-08-01 16:39:25 [09-grid-inventory] verify-walk: done=1
2026-08-01 16:39:25 [09-grid-inventory] verify-walk: DONE
2026-08-01 16:39:34 [09-grid-inventory] FindImage: found at 2135,833 (C:\Users\link\Documents\GitHub\osrs-automation\v8\micro\..\Images\gold-bar.png, 0 ms)
2026-08-01 16:39:34 [09-grid-inventory] micro09-verify: slot 1 confirmed match
2026-08-01 16:39:34 [09-grid-inventory] FindImage: found at 2219,833 (C:\Users\link\Documents\GitHub\osrs-automation\v8\micro\..\Images\gold-bar.png, 16 ms)
2026-08-01 16:39:34 [09-grid-inventory] micro09-verify: slot 2 confirmed match
2026-08-01 16:39:34 [09-grid-inventory] FindImage: found at 2303,833 (C:\Users\link\Documents\GitHub\osrs-automation\v8\micro\..\Images\gold-bar.png, 16 ms)
2026-08-01 16:39:34 [09-grid-inventory] micro09-verify: slot 3 confirmed match
2026-08-01 16:39:35 [09-grid-inventory] FindImage: found at 2387,833 (C:\Users\link\Documents\GitHub\osrs-automation\v8\micro\..\Images\gold-bar.png, 15 ms)
2026-08-01 16:39:35 [09-grid-inventory] micro09-verify: slot 4 confirmed match
2026-08-01 16:39:35 [09-grid-inventory] verify-walk: done=1
2026-08-01 16:39:35 [09-grid-inventory] verify-walk: DONE
2026-08-01 16:39:41 [09-grid-inventory] FindImage: not found (C:\Users\link\Documents\GitHub\osrs-automation\v8\micro\..\Images\gold-bar.png, 16 ms)
2026-08-01 16:39:41 [09-grid-inventory] micro09-verify: slot 1 is NOT a match - dropping it
2026-08-01 16:39:41 [09-grid-inventory] ReleasePendingModifiersNow: released Shift
2026-08-01 16:39:44 [09-grid-inventory] FindImage: not found (C:\Users\link\Documents\GitHub\osrs-automation\v8\micro\..\Images\gold-bar.png, 16 ms)
2026-08-01 16:39:44 [09-grid-inventory] micro09-verify: slot 1 is NOT a match - dropping it
2026-08-01 16:39:44 [09-grid-inventory] ReleasePendingModifiersNow: released Shift
2026-08-01 16:39:46 [09-grid-inventory] FindImage: not found (C:\Users\link\Documents\GitHub\osrs-automation\v8\micro\..\Images\gold-bar.png, 0 ms)
2026-08-01 16:39:46 [09-grid-inventory] micro09-verify: slot 1 is NOT a match - dropping it
2026-08-01 16:39:47 [09-grid-inventory] ReleasePendingModifiersNow: released Shift
2026-08-01 16:39:47 [09-grid-inventory] FindImage: not found (C:\Users\link\Documents\GitHub\osrs-automation\v8\micro\..\Images\gold-bar.png, 0 ms)
2026-08-01 16:39:47 [09-grid-inventory] micro09-verify: slot 1 is NOT a match - dropping it
2026-08-01 16:39:47 [09-grid-inventory] ReleasePendingModifiersNow: released Shift
2026-08-01 16:40:03 [09-grid-inventory] micro09: ready - F5 run, F6 stop, F12 exit, F8 probe
2026-08-01 16:40:06 [09-grid-inventory] restock-plan: DONE
2026-08-01 16:40:15 [09-grid-inventory] restock-plan: DONE
2026-08-01 16:40:16 [09-grid-inventory] restock-plan: DONE
2026-08-01 16:40:19 [09-grid-inventory] restock-plan: DONE
2026-08-01 16:40:22 [09-grid-inventory] restock-plan: DONE
2026-08-01 16:40:23 [09-grid-inventory] restock-plan: DONE
2026-08-01 16:40:24 [09-grid-inventory] restock-plan: DONE
2026-08-01 16:40:26 [09-grid-inventory] restock-plan: DONE
2026-08-01 16:40:27 [09-grid-inventory] restock-plan: DONE
2026-08-01 16:40:28 [09-grid-inventory] restock-plan: DONE
2026-08-01 16:40:29 [09-grid-inventory] restock-plan: DONE
2026-08-01 16:40:59 [09-grid-inventory] micro09: ready - F5 run, F6 stop, F12 exit, F8 probe
2026-08-01 16:41:02 [09-grid-inventory] grid: slot 1 center=2135.0,833.0 corner=2099,801 region=[2099,801]-[2170,864]
2026-08-01 16:41:02 [09-grid-inventory] grid: slot 2 center=2219.0,833.0 corner=2183,801 region=[2183,801]-[2254,864]
2026-08-01 16:41:03 [09-grid-inventory] grid: slot 3 center=2303.0,833.0 corner=2267,801 region=[2267,801]-[2338,864]
2026-08-01 16:41:04 [09-grid-inventory] micro09: DONE
2026-08-01 16:41:05 [09-grid-inventory] FindImage: not found (C:\Users\link\Documents\GitHub\osrs-automation\v8\micro\..\Images\gold-bar.png, 0 ms)
2026-08-01 16:41:05 [09-grid-inventory] micro09-verify: slot 1 is NOT a match - dropping it
2026-08-01 16:41:06 [09-grid-inventory] ReleasePendingModifiersNow: released Shift
2026-08-01 16:41:06 [09-grid-inventory] FindImage: not found (C:\Users\link\Documents\GitHub\osrs-automation\v8\micro\..\Images\gold-bar.png, 16 ms)
2026-08-01 16:41:06 [09-grid-inventory] micro09-verify: slot 1 is NOT a match - dropping it
2026-08-01 16:41:06 [09-grid-inventory] ReleasePendingModifiersNow: released Shift
2026-08-01 16:41:07 [09-grid-inventory] FindImage: not found (C:\Users\link\Documents\GitHub\osrs-automation\v8\micro\..\Images\gold-bar.png, 15 ms)
2026-08-01 16:41:07 [09-grid-inventory] micro09-verify: slot 1 is NOT a match - dropping it
2026-08-01 16:41:07 [09-grid-inventory] ReleasePendingModifiersNow: released Shift
2026-08-01 16:41:07 [09-grid-inventory] FindImage: not found (C:\Users\link\Documents\GitHub\osrs-automation\v8\micro\..\Images\gold-bar.png, 0 ms)
2026-08-01 16:41:07 [09-grid-inventory] micro09-verify: slot 1 is NOT a match - dropping it
2026-08-01 16:41:08 [09-grid-inventory] ReleasePendingModifiersNow: released Shift
2026-08-01 16:41:08 [09-grid-inventory] FindImage: not found (C:\Users\link\Documents\GitHub\osrs-automation\v8\micro\..\Images\gold-bar.png, 15 ms)
2026-08-01 16:41:08 [09-grid-inventory] micro09-verify: slot 1 is NOT a match - dropping it
2026-08-01 16:41:08 [09-grid-inventory] ReleasePendingModifiersNow: released Shift
2026-08-01 16:41:09 [09-grid-inventory] FindImage: not found (C:\Users\link\Documents\GitHub\osrs-automation\v8\micro\..\Images\gold-bar.png, 15 ms)
2026-08-01 16:41:09 [09-grid-inventory] micro09-verify: slot 1 is NOT a match - dropping it
2026-08-01 16:41:09 [09-grid-inventory] ReleasePendingModifiersNow: released Shift
2026-08-01 16:41:09 [09-grid-inventory] FindImage: not found (C:\Users\link\Documents\GitHub\osrs-automation\v8\micro\..\Images\gold-bar.png, 16 ms)
2026-08-01 16:41:09 [09-grid-inventory] micro09-verify: slot 1 is NOT a match - dropping it
2026-08-01 16:41:09 [09-grid-inventory] ReleasePendingModifiersNow: released Shift
2026-08-01 16:42:59 [09-grid-inventory] micro09: ready - F5 run, F6 stop, F12 exit, F8 probe
2026-08-01 16:43:22 [09-grid-inventory] restock-plan: DONE
