2026-08-01 16:43:46 [10-run-steps] micro10: ready - F5 run, F6 stop, F12 exit, F8 probe
2026-08-01 16:43:50 [10-run-steps] micro10: session length rolled at 0 min
2026-08-01 16:46:33 [10-run-steps] micro10: ready - F5 run, F6 stop, F12 exit, F8 probe
2026-08-01 16:46:34 [10-run-steps] micro10: session length rolled at 0 min
2026-08-01 16:46:34 [10-run-steps] micro10: gathering (dummy, 500ms)
2026-08-01 16:46:34 [10-run-steps] micro10: banking (dummy, 500ms)
2026-08-01 16:46:35 [10-run-steps] micro10: stepping away for a short break (4s)
2026-08-01 16:46:39 [10-run-steps] micro10: break over, resuming
2026-08-01 16:46:39 [10-run-steps] micro10: gathering (dummy, 500ms)
2026-08-01 16:46:40 [10-run-steps] micro10: banking (dummy, 500ms)
2026-08-01 16:46:40 [10-run-steps] micro10: stepping away for a short break (3s)
2026-08-01 16:46:44 [10-run-steps] micro10: break over, resuming
2026-08-01 16:46:44 [10-run-steps] micro10: gathering (dummy, 500ms)
2026-08-01 16:46:45 [10-run-steps] micro10: banking (dummy, 500ms)
2026-08-01 16:46:46 [10-run-steps] micro10: session length elapsed after cycle 3 - stopping cleanly
2026-08-01 16:46:46 [10-run-steps] micro10: DONE
2026-08-01 16:46:54 [10-run-steps] stop requested
2026-08-01 16:46:55 [10-run-steps] micro10: session length rolled at 0 min
2026-08-01 16:46:55 [10-run-steps] micro10: gathering (dummy, 500ms)
2026-08-01 16:46:56 [10-run-steps] micro10: banking (dummy, 500ms)
2026-08-01 16:46:56 [10-run-steps] stop requested
2026-08-01 16:46:56 [10-run-steps] micro10: STOPPED by F6
2026-08-01 16:47:03 [10-run-steps] micro10: gathering (dummy, 500ms)
2026-08-01 16:47:04 [10-run-steps] micro10: banking (dummy, 500ms)
2026-08-01 16:47:05 [10-run-steps] micro10: gathering (dummy, 500ms)
2026-08-01 16:47:05 [10-run-steps] micro10: banking (dummy, 500ms)
2026-08-01 16:47:06 [10-run-steps] micro10: gathering (dummy, 500ms)
2026-08-01 16:47:06 [10-run-steps] micro10: banking (dummy, 500ms)
2026-08-01 16:47:07 [10-run-steps] micro10-nopacing: reached maxCycles (3) - stopping
2026-08-01 16:47:07 [10-run-steps] regression: DONE
2026-08-01 16:47:11 [10-run-steps] micro10: FailOnceThenSucceed call 1 -> 0
2026-08-01 16:47:11 [10-run-steps] micro10-probe: step 'flaky' failed (attempt 1/2) - retrying fresh
2026-08-01 16:47:11 [10-run-steps] micro10: FailOnceThenSucceed call 2 -> 1
2026-08-01 16:47:11 [10-run-steps] micro10 probe: DONE
2026-08-01 16:47:16 [10-run-steps] micro10: FailOnceThenSucceed call 3 -> 1
2026-08-01 16:47:16 [10-run-steps] micro10 probe: DONE
2026-08-01 16:47:19 [10-run-steps] micro10: AlwaysFail called
2026-08-01 16:47:19 [10-run-steps] micro10-alwaysfail: step 'doomed' failed (attempt 1/2) - retrying fresh
2026-08-01 16:47:19 [10-run-steps] micro10: AlwaysFail called
2026-08-01 16:47:19 [10-run-steps] micro10-alwaysfail: step 'doomed' FAILED after 2 attempt(s) - stopping
2026-08-01 16:47:19 [10-run-steps] always-fail: FAILED - still loaded, F5 to restart
2026-08-01 16:47:27 [10-run-steps] micro10-neverdone: step 'unconfirmed' failed (attempt 1/2) - retrying fresh
2026-08-01 16:47:28 [10-run-steps] micro10-neverdone: step 'unconfirmed' FAILED after 2 attempt(s) - stopping
2026-08-01 16:47:28 [10-run-steps] never-done: FAILED - still loaded, F5 to restart
2026-08-01 16:47:29 [10-run-steps] micro10: session length rolled at 0 min
2026-08-01 16:47:29 [10-run-steps] micro10: gathering (dummy, 500ms)
2026-08-01 16:47:30 [10-run-steps] micro10: banking (dummy, 500ms)
2026-08-01 16:47:30 [10-run-steps] micro10: stepping away for a short break (2s)
2026-08-01 16:47:32 [10-run-steps] micro10-neverdone: step 'unconfirmed' failed (attempt 1/2) - retrying fresh
2026-08-01 16:47:32 [10-run-steps] stop requested
2026-08-01 16:47:32 [10-run-steps] never-done: STOPPED by F6
2026-08-01 16:47:32 [10-run-steps] micro10: STOPPED by F6
2026-08-01 16:47:34 [10-run-steps] micro10-neverdone: step 'unconfirmed' failed (attempt 1/2) - retrying fresh
2026-08-01 16:47:35 [10-run-steps] micro10-neverdone: step 'unconfirmed' FAILED after 2 attempt(s) - stopping
2026-08-01 16:47:35 [10-run-steps] never-done: FAILED - still loaded, F5 to restart
2026-08-01 16:47:42 [10-run-steps] micro10-neverdone: step 'unconfirmed' failed (attempt 1/2) - retrying fresh
2026-08-01 16:47:43 [10-run-steps] micro10-neverdone: step 'unconfirmed' FAILED after 2 attempt(s) - stopping
2026-08-01 16:47:43 [10-run-steps] never-done: FAILED - still loaded, F5 to restart
2026-08-01 16:47:47 [10-run-steps] micro10: AlwaysFail called
2026-08-01 16:47:47 [10-run-steps] micro10-alwaysfail: step 'doomed' failed (attempt 1/2) - retrying fresh
2026-08-01 16:47:47 [10-run-steps] micro10: AlwaysFail called
2026-08-01 16:47:47 [10-run-steps] micro10-alwaysfail: step 'doomed' FAILED after 2 attempt(s) - stopping
2026-08-01 16:47:47 [10-run-steps] always-fail: FAILED - still loaded, F5 to restart
2026-08-01 16:47:49 [10-run-steps] micro10-neverdone: step 'unconfirmed' failed (attempt 1/2) - retrying fresh
2026-08-01 16:47:50 [10-run-steps] micro10-neverdone: step 'unconfirmed' FAILED after 2 attempt(s) - stopping
2026-08-01 16:47:50 [10-run-steps] never-done: FAILED - still loaded, F5 to restart
2026-08-01 16:47:52 [10-run-steps] micro10-neverdone: step 'unconfirmed' failed (attempt 1/2) - retrying fresh
2026-08-01 16:47:53 [10-run-steps] micro10-neverdone: step 'unconfirmed' FAILED after 2 attempt(s) - stopping
2026-08-01 16:47:54 [10-run-steps] never-done: FAILED - still loaded, F5 to restart
2026-08-01 16:47:55 [10-run-steps] micro10-neverdone: step 'unconfirmed' failed (attempt 1/2) - retrying fresh
2026-08-01 16:47:56 [10-run-steps] micro10-neverdone: step 'unconfirmed' FAILED after 2 attempt(s) - stopping
2026-08-01 16:47:56 [10-run-steps] never-done: FAILED - still loaded, F5 to restart
2026-08-01 16:47:58 [10-run-steps] micro10-neverdone: step 'unconfirmed' failed (attempt 1/2) - retrying fresh
2026-08-01 16:47:59 [10-run-steps] micro10-neverdone: step 'unconfirmed' FAILED after 2 attempt(s) - stopping
2026-08-01 16:47:59 [10-run-steps] never-done: FAILED - still loaded, F5 to restart
2026-08-01 16:48:02 [10-run-steps] micro10-neverdone: step 'unconfirmed' failed (attempt 1/2) - retrying fresh
2026-08-01 16:48:03 [10-run-steps] micro10-neverdone: step 'unconfirmed' FAILED after 2 attempt(s) - stopping
2026-08-01 16:48:03 [10-run-steps] never-done: FAILED - still loaded, F5 to restart
2026-08-01 16:48:07 [10-run-steps] micro10: AlwaysFail called
2026-08-01 16:48:07 [10-run-steps] micro10-noretry: step 'no-retry' FAILED after 1 attempt(s) - stopping
2026-08-01 16:48:07 [10-run-steps] no-retry-override: FAILED - still loaded, F5 to restart
2026-08-01 16:48:10 [10-run-steps] micro10-neverdone: step 'unconfirmed' failed (attempt 1/2) - retrying fresh
2026-08-01 16:48:11 [10-run-steps] micro10-neverdone: step 'unconfirmed' FAILED after 2 attempt(s) - stopping
2026-08-01 16:48:11 [10-run-steps] never-done: FAILED - still loaded, F5 to restart
