2026-08-01 16:50:21 [11-track-and-click] micro11: ready - F5 run, F6 stop, F12 exit, F8 probe
2026-08-01 16:50:23 [11-track-and-click] FindFilledBlock: not found (45x45 0x00FF00 tol=5, 16 ms)
2026-08-01 16:50:23 [11-track-and-click] Acquire ring 160: not found (16 ms)
2026-08-01 16:50:23 [11-track-and-click] FindFilledBlock: not found (45x45 0x00FF00 tol=5, 15 ms)
2026-08-01 16:50:23 [11-track-and-click] Acquire ring 320: not found (15 ms)
2026-08-01 16:50:23 [11-track-and-click] FindFilledBlock: found at 1667,641 (45x45 0x00FF00 tol=5, 47 ms)
2026-08-01 16:50:23 [11-track-and-click] Acquired new target at 1667,641 (0x00FF00, region-wide, 78 ms)
2026-08-01 16:50:23 [11-track-and-click] FindFilledBlock: found at 1667,641 (45x45 0x00FF00 tol=5, 0 ms)
2026-08-01 16:50:23 [11-track-and-click] Clicked initial/re-click target at 1667,641 (search 0 ms)
2026-08-01 16:50:24 [11-track-and-click] FindFilledBlock: found at 1701,643 (45x45 0x00FF00 tol=5, 0 ms)
2026-08-01 16:50:24 [11-track-and-click] Tracking not-yet-stable target at 1701,643 (search 0 ms)
2026-08-01 16:50:24 [11-track-and-click] FindFilledBlock: found at 1667,641 (45x45 0x00FF00 tol=5, 0 ms)
2026-08-01 16:50:24 [11-track-and-click] Tracking not-yet-stable target at 1667,641 (search 0 ms)
2026-08-01 16:50:24 [11-track-and-click] FindFilledBlock: found at 1669,631 (45x45 0x00FF00 tol=5, 0 ms)
2026-08-01 16:50:24 [11-track-and-click] Tracking not-yet-stable target at 1669,631 (search 0 ms)
2026-08-01 16:50:25 [11-track-and-click] FindFilledBlock: found at 1673,617 (45x45 0x00FF00 tol=5, 0 ms)
2026-08-01 16:50:25 [11-track-and-click] Tracking not-yet-stable target at 1673,617 (search 0 ms)
2026-08-01 16:50:25 [11-track-and-click] FindFilledBlock: found at 1679,599 (45x45 0x00FF00 tol=5, 0 ms)
2026-08-01 16:50:25 [11-track-and-click] Tracking not-yet-stable target at 1679,599 (search 0 ms)
2026-08-01 16:50:25 [11-track-and-click] FindFilledBlock: found at 1685,577 (45x45 0x00FF00 tol=5, 0 ms)
2026-08-01 16:50:25 [11-track-and-click] Tracking not-yet-stable target at 1685,577 (search 0 ms)
2026-08-01 16:50:26 [11-track-and-click] FindFilledBlock: found at 1691,553 (45x45 0x00FF00 tol=5, 0 ms)
2026-08-01 16:50:26 [11-track-and-click] Tracking not-yet-stable target at 1691,553 (search 0 ms)
2026-08-01 16:50:26 [11-track-and-click] FindFilledBlock: found at 1691,535 (45x45 0x00FF00 tol=5, 0 ms)
2026-08-01 16:50:26 [11-track-and-click] Tracking not-yet-stable target at 1691,535 (search 0 ms)
2026-08-01 16:50:26 [11-track-and-click] FindFilledBlock: found at 1675,523 (45x45 0x00FF00 tol=5, 16 ms)
2026-08-01 16:50:26 [11-track-and-click] Tracking not-yet-stable target at 1675,523 (search 16 ms)
2026-08-01 16:50:26 [11-track-and-click] FindFilledBlock: found at 1655,513 (45x45 0x00FF00 tol=5, 16 ms)
2026-08-01 16:50:26 [11-track-and-click] Tracking not-yet-stable target at 1655,513 (search 16 ms)
2026-08-01 16:50:27 [11-track-and-click] FindFilledBlock: found at 1621,501 (45x45 0x00FF00 tol=5, 0 ms)
2026-08-01 16:50:27 [11-track-and-click] Clicked initial/re-click target at 1621,501 (search 0 ms)
2026-08-01 16:50:27 [11-track-and-click] FindFilledBlock: found at 1547,477 (45x45 0x00FF00 tol=5, 16 ms)
2026-08-01 16:50:27 [11-track-and-click] Track: found 0x00FF00 block at 1547,477 but 74px from last position 1621,501 (max drift 64) - likely a DIFFERENT block, rejecting
2026-08-01 16:50:27 [11-track-and-click] Target depleted or lost - re-acquiring (searched 16 ms)
2026-08-01 16:50:27 [11-track-and-click] FindFilledBlock: not found (45x45 0x00FF00 tol=5, 0 ms)
2026-08-01 16:50:27 [11-track-and-click] Acquire ring 160: not found (0 ms)
2026-08-01 16:50:28 [11-track-and-click] FindFilledBlock: found at 1525,477 (45x45 0x00FF00 tol=5, 16 ms)
2026-08-01 16:50:28 [11-track-and-click] Acquired new target at 1525,477 (0x00FF00, ring 320, 16 ms)
2026-08-01 16:50:28 [11-track-and-click] FindFilledBlock: found at 1515,489 (45x45 0x00FF00 tol=5, 15 ms)
2026-08-01 16:50:28 [11-track-and-click] Clicked initial/re-click target at 1515,489 (search 15 ms)
2026-08-01 16:50:28 [11-track-and-click] FindFilledBlock: found at 1493,525 (45x45 0x00FF00 tol=5, 15 ms)
2026-08-01 16:50:28 [11-track-and-click] Tracking not-yet-stable target at 1493,525 (search 15 ms)
2026-08-01 16:50:29 [11-track-and-click] FindFilledBlock: found at 1483,549 (45x45 0x00FF00 tol=5, 0 ms)
2026-08-01 16:50:29 [11-track-and-click] Tracking not-yet-stable target at 1483,549 (search 0 ms)
2026-08-01 16:50:29 [11-track-and-click] FindFilledBlock: found at 1473,573 (45x45 0x00FF00 tol=5, 16 ms)
2026-08-01 16:50:29 [11-track-and-click] Tracking not-yet-stable target at 1473,573 (search 16 ms)
2026-08-01 16:50:29 [11-track-and-click] FindFilledBlock: found at 1453,595 (45x45 0x00FF00 tol=5, 0 ms)
2026-08-01 16:50:29 [11-track-and-click] Tracking not-yet-stable target at 1453,595 (search 0 ms)
2026-08-01 16:50:29 [11-track-and-click] FindFilledBlock: found at 1397,619 (45x45 0x00FF00 tol=5, 15 ms)
2026-08-01 16:50:29 [11-track-and-click] Tracking not-yet-stable target at 1397,619 (search 15 ms)
2026-08-01 16:50:30 [11-track-and-click] FindFilledBlock: found at 1359,627 (45x45 0x00FF00 tol=5, 0 ms)
2026-08-01 16:50:30 [11-track-and-click] Tracking not-yet-stable target at 1359,627 (search 0 ms)
2026-08-01 16:50:30 [11-track-and-click] FindFilledBlock: found at 1327,633 (45x45 0x00FF00 tol=5, 0 ms)
2026-08-01 16:50:30 [11-track-and-click] Tracking not-yet-stable target at 1327,633 (search 0 ms)
2026-08-01 16:50:30 [11-track-and-click] FindFilledBlock: found at 1299,629 (45x45 0x00FF00 tol=5, 0 ms)
2026-08-01 16:50:30 [11-track-and-click] Tracking not-yet-stable target at 1299,629 (search 0 ms)
2026-08-01 16:50:31 [11-track-and-click] FindFilledBlock: found at 1285,633 (45x45 0x00FF00 tol=5, 0 ms)
2026-08-01 16:50:31 [11-track-and-click] Tracking not-yet-stable target at 1285,633 (search 0 ms)
2026-08-01 16:50:31 [11-track-and-click] FindFilledBlock: found at 1281,635 (45x45 0x00FF00 tol=5, 0 ms)
2026-08-01 16:50:31 [11-track-and-click] Tracking not-yet-stable target at 1281,635 (search 0 ms)
2026-08-01 16:50:31 [11-track-and-click] FindFilledBlock: found at 1277,635 (45x45 0x00FF00 tol=5, 16 ms)
2026-08-01 16:50:31 [11-track-and-click] Tracking stable target at 1277,635 (search 16 ms)
2026-08-01 16:50:31 [11-track-and-click] FindFilledBlock: found at 1277,635 (45x45 0x00FF00 tol=5, 15 ms)
2026-08-01 16:50:31 [11-track-and-click] Tracking stable target at 1277,635 (search 15 ms)
2026-08-01 16:50:32 [11-track-and-click] FindFilledBlock: found at 1277,635 (45x45 0x00FF00 tol=5, 16 ms)
2026-08-01 16:50:32 [11-track-and-click] Tracking stable target at 1277,635 (search 16 ms)
2026-08-01 16:50:32 [11-track-and-click] FindFilledBlock: found at 1277,635 (45x45 0x00FF00 tol=5, 16 ms)
2026-08-01 16:50:32 [11-track-and-click] Tracking stable target at 1277,635 (search 16 ms)
2026-08-01 16:50:32 [11-track-and-click] FindFilledBlock: found at 1277,635 (45x45 0x00FF00 tol=5, 16 ms)
2026-08-01 16:50:32 [11-track-and-click] Tracking stable target at 1277,635 (search 16 ms)
2026-08-01 16:50:32 [11-track-and-click] FindFilledBlock: found at 1277,635 (45x45 0x00FF00 tol=5, 15 ms)
2026-08-01 16:50:32 [11-track-and-click] Tracking stable target at 1277,635 (search 15 ms)
2026-08-01 16:50:33 [11-track-and-click] FindFilledBlock: found at 1277,635 (45x45 0x00FF00 tol=5, 0 ms)
2026-08-01 16:50:33 [11-track-and-click] Tracking stable target at 1277,635 (search 0 ms)
2026-08-01 16:50:33 [11-track-and-click] FindFilledBlock: found at 1277,635 (45x45 0x00FF00 tol=5, 16 ms)
2026-08-01 16:50:33 [11-track-and-click] Tracking stable target at 1277,635 (search 16 ms)
2026-08-01 16:50:33 [11-track-and-click] FindFilledBlock: found at 1277,635 (45x45 0x00FF00 tol=5, 15 ms)
2026-08-01 16:50:33 [11-track-and-click] Tracking stable target at 1277,635 (search 15 ms)
2026-08-01 16:50:33 [11-track-and-click] FindFilledBlock: found at 1277,635 (45x45 0x00FF00 tol=5, 16 ms)
2026-08-01 16:50:33 [11-track-and-click] Tracking stable target at 1277,635 (search 16 ms)
2026-08-01 16:50:34 [11-track-and-click] FindFilledBlock: found at 1277,635 (45x45 0x00FF00 tol=5, 15 ms)
2026-08-01 16:50:34 [11-track-and-click] Tracking stable target at 1277,635 (search 15 ms)
2026-08-01 16:50:34 [11-track-and-click] FindFilledBlock: found at 1277,635 (45x45 0x00FF00 tol=5, 15 ms)
2026-08-01 16:50:34 [11-track-and-click] Tracking stable target at 1277,635 (search 15 ms)
2026-08-01 16:50:34 [11-track-and-click] FindFilledBlock: found at 1277,635 (45x45 0x00FF00 tol=5, 0 ms)
2026-08-01 16:50:34 [11-track-and-click] Tracking stable target at 1277,635 (search 0 ms)
2026-08-01 16:50:35 [11-track-and-click] FindFilledBlock: found at 1277,635 (45x45 0x00FF00 tol=5, 16 ms)
2026-08-01 16:50:35 [11-track-and-click] Tracking stable target at 1277,635 (search 16 ms)
2026-08-01 16:50:35 [11-track-and-click] FindFilledBlock: found at 1277,635 (45x45 0x00FF00 tol=5, 0 ms)
2026-08-01 16:50:35 [11-track-and-click] Tracking stable target at 1277,635 (search 0 ms)
2026-08-01 16:50:35 [11-track-and-click] FindFilledBlock: found at 1277,635 (45x45 0x00FF00 tol=5, 0 ms)
2026-08-01 16:50:35 [11-track-and-click] Tracking stable target at 1277,635 (search 0 ms)
2026-08-01 16:50:35 [11-track-and-click] FindFilledBlock: found at 1277,635 (45x45 0x00FF00 tol=5, 0 ms)
2026-08-01 16:50:35 [11-track-and-click] Tracking stable target at 1277,635 (search 0 ms)
2026-08-01 16:50:36 [11-track-and-click] FindFilledBlock: found at 1277,635 (45x45 0x00FF00 tol=5, 0 ms)
2026-08-01 16:50:36 [11-track-and-click] Tracking stable target at 1277,635 (search 0 ms)
2026-08-01 16:50:36 [11-track-and-click] FindFilledBlock: found at 1277,635 (45x45 0x00FF00 tol=5, 0 ms)
2026-08-01 16:50:36 [11-track-and-click] Tracking stable target at 1277,635 (search 0 ms)
2026-08-01 16:50:36 [11-track-and-click] FindFilledBlock: found at 1277,635 (45x45 0x00FF00 tol=5, 16 ms)
2026-08-01 16:50:36 [11-track-and-click] Tracking stable target at 1277,635 (search 16 ms)
2026-08-01 16:50:37 [11-track-and-click] FindFilledBlock: found at 1277,635 (45x45 0x00FF00 tol=5, 15 ms)
2026-08-01 16:50:37 [11-track-and-click] Tracking stable target at 1277,635 (search 15 ms)
2026-08-01 16:50:37 [11-track-and-click] FindFilledBlock: found at 1277,635 (45x45 0x00FF00 tol=5, 16 ms)
2026-08-01 16:50:37 [11-track-and-click] Tracking stable target at 1277,635 (search 16 ms)
2026-08-01 16:50:37 [11-track-and-click] FindFilledBlock: found at 1277,635 (45x45 0x00FF00 tol=5, 0 ms)
2026-08-01 16:50:37 [11-track-and-click] Tracking stable target at 1277,635 (search 0 ms)
2026-08-01 16:50:37 [11-track-and-click] FindFilledBlock: found at 1277,635 (45x45 0x00FF00 tol=5, 0 ms)
2026-08-01 16:50:37 [11-track-and-click] Tracking stable target at 1277,635 (search 0 ms)
2026-08-01 16:50:38 [11-track-and-click] FindFilledBlock: found at 1277,635 (45x45 0x00FF00 tol=5, 16 ms)
2026-08-01 16:50:38 [11-track-and-click] Tracking stable target at 1277,635 (search 16 ms)
2026-08-01 16:50:38 [11-track-and-click] FindFilledBlock: found at 1277,635 (45x45 0x00FF00 tol=5, 0 ms)
2026-08-01 16:50:38 [11-track-and-click] Tracking stable target at 1277,635 (search 0 ms)
2026-08-01 16:50:38 [11-track-and-click] FindFilledBlock: found at 1277,635 (45x45 0x00FF00 tol=5, 15 ms)
2026-08-01 16:50:38 [11-track-and-click] Tracking stable target at 1277,635 (search 15 ms)
2026-08-01 16:50:38 [11-track-and-click] FindFilledBlock: found at 1277,635 (45x45 0x00FF00 tol=5, 0 ms)
2026-08-01 16:50:38 [11-track-and-click] Tracking stable target at 1277,635 (search 0 ms)
2026-08-01 16:50:39 [11-track-and-click] FindFilledBlock: found at 1277,635 (45x45 0x00FF00 tol=5, 0 ms)
2026-08-01 16:50:39 [11-track-and-click] Tracking stable target at 1277,635 (search 0 ms)
2026-08-01 16:50:39 [11-track-and-click] FindFilledBlock: found at 1277,635 (45x45 0x00FF00 tol=5, 0 ms)
2026-08-01 16:50:39 [11-track-and-click] Tracking stable target at 1277,635 (search 0 ms)
2026-08-01 16:50:39 [11-track-and-click] FindFilledBlock: found at 1277,635 (45x45 0x00FF00 tol=5, 0 ms)
2026-08-01 16:50:39 [11-track-and-click] Tracking stable target at 1277,635 (search 0 ms)
2026-08-01 16:50:40 [11-track-and-click] FindFilledBlock: found at 1277,635 (45x45 0x00FF00 tol=5, 0 ms)
2026-08-01 16:50:40 [11-track-and-click] Tracking stable target at 1277,635 (search 0 ms)
2026-08-01 16:50:40 [11-track-and-click] FindFilledBlock: found at 1277,635 (45x45 0x00FF00 tol=5, 16 ms)
2026-08-01 16:50:40 [11-track-and-click] Tracking stable target at 1277,635 (search 16 ms)
2026-08-01 16:50:40 [11-track-and-click] FindFilledBlock: found at 1277,635 (45x45 0x00FF00 tol=5, 0 ms)
2026-08-01 16:50:40 [11-track-and-click] Tracking stable target at 1277,635 (search 0 ms)
2026-08-01 16:50:40 [11-track-and-click] FindFilledBlock: found at 1277,635 (45x45 0x00FF00 tol=5, 0 ms)
2026-08-01 16:50:40 [11-track-and-click] Tracking stable target at 1277,635 (search 0 ms)
2026-08-01 16:50:41 [11-track-and-click] FindFilledBlock: found at 1277,635 (45x45 0x00FF00 tol=5, 16 ms)
2026-08-01 16:50:41 [11-track-and-click] Tracking stable target at 1277,635 (search 16 ms)
2026-08-01 16:50:41 [11-track-and-click] FindFilledBlock: found at 1277,635 (45x45 0x00FF00 tol=5, 15 ms)
2026-08-01 16:50:41 [11-track-and-click] Tracking stable target at 1277,635 (search 15 ms)
2026-08-01 16:50:41 [11-track-and-click] FindFilledBlock: found at 1277,635 (45x45 0x00FF00 tol=5, 16 ms)
2026-08-01 16:50:41 [11-track-and-click] Tracking stable target at 1277,635 (search 16 ms)
2026-08-01 16:50:41 [11-track-and-click] FindFilledBlock: found at 1277,635 (45x45 0x00FF00 tol=5, 15 ms)
2026-08-01 16:50:41 [11-track-and-click] Tracking stable target at 1277,635 (search 15 ms)
2026-08-01 16:50:42 [11-track-and-click] FindFilledBlock: found at 1277,635 (45x45 0x00FF00 tol=5, 16 ms)
2026-08-01 16:50:42 [11-track-and-click] Tracking stable target at 1277,635 (search 16 ms)
2026-08-01 16:50:42 [11-track-and-click] FindFilledBlock: found at 1277,635 (45x45 0x00FF00 tol=5, 15 ms)
2026-08-01 16:50:42 [11-track-and-click] Tracking stable target at 1277,635 (search 15 ms)
2026-08-01 16:50:42 [11-track-and-click] FindFilledBlock: found at 1277,635 (45x45 0x00FF00 tol=5, 0 ms)
2026-08-01 16:50:42 [11-track-and-click] Tracking stable target at 1277,635 (search 0 ms)
2026-08-01 16:50:43 [11-track-and-click] FindFilledBlock: found at 1277,635 (45x45 0x00FF00 tol=5, 16 ms)
2026-08-01 16:50:43 [11-track-and-click] Tracking stable target at 1277,635 (search 16 ms)
2026-08-01 16:50:43 [11-track-and-click] FindFilledBlock: found at 1277,635 (45x45 0x00FF00 tol=5, 0 ms)
2026-08-01 16:50:43 [11-track-and-click] Tracking stable target at 1277,635 (search 0 ms)
2026-08-01 16:50:43 [11-track-and-click] FindFilledBlock: found at 1277,635 (45x45 0x00FF00 tol=5, 0 ms)
2026-08-01 16:50:43 [11-track-and-click] Tracking stable target at 1277,635 (search 0 ms)
2026-08-01 16:50:43 [11-track-and-click] FindFilledBlock: found at 1277,635 (45x45 0x00FF00 tol=5, 0 ms)
2026-08-01 16:50:43 [11-track-and-click] Tracking stable target at 1277,635 (search 0 ms)
2026-08-01 16:50:44 [11-track-and-click] FindFilledBlock: found at 1277,635 (45x45 0x00FF00 tol=5, 0 ms)
2026-08-01 16:50:44 [11-track-and-click] Tracking stable target at 1277,635 (search 0 ms)
2026-08-01 16:50:44 [11-track-and-click] FindFilledBlock: found at 1277,635 (45x45 0x00FF00 tol=5, 0 ms)
2026-08-01 16:50:44 [11-track-and-click] Tracking stable target at 1277,635 (search 0 ms)
2026-08-01 16:50:44 [11-track-and-click] FindFilledBlock: found at 1277,635 (45x45 0x00FF00 tol=5, 16 ms)
2026-08-01 16:50:44 [11-track-and-click] Tracking stable target at 1277,635 (search 16 ms)
2026-08-01 16:50:44 [11-track-and-click] FindFilledBlock: found at 1277,635 (45x45 0x00FF00 tol=5, 0 ms)
2026-08-01 16:50:44 [11-track-and-click] Tracking stable target at 1277,635 (search 0 ms)
2026-08-01 16:50:45 [11-track-and-click] FindFilledBlock: found at 1277,635 (45x45 0x00FF00 tol=5, 0 ms)
2026-08-01 16:50:45 [11-track-and-click] Tracking stable target at 1277,635 (search 0 ms)
2026-08-01 16:50:45 [11-track-and-click] FindFilledBlock: found at 1277,635 (45x45 0x00FF00 tol=5, 16 ms)
2026-08-01 16:50:45 [11-track-and-click] Tracking stable target at 1277,635 (search 16 ms)
2026-08-01 16:50:45 [11-track-and-click] FindFilledBlock: found at 1277,635 (45x45 0x00FF00 tol=5, 15 ms)
2026-08-01 16:50:45 [11-track-and-click] Tracking stable target at 1277,635 (search 15 ms)
2026-08-01 16:50:46 [11-track-and-click] FindFilledBlock: found at 1277,635 (45x45 0x00FF00 tol=5, 0 ms)
2026-08-01 16:50:46 [11-track-and-click] Tracking stable target at 1277,635 (search 0 ms)
2026-08-01 16:50:46 [11-track-and-click] FindFilledBlock: found at 1277,635 (45x45 0x00FF00 tol=5, 0 ms)
2026-08-01 16:50:46 [11-track-and-click] Tracking stable target at 1277,635 (search 0 ms)
2026-08-01 16:50:46 [11-track-and-click] FindFilledBlock: found at 1277,635 (45x45 0x00FF00 tol=5, 16 ms)
2026-08-01 16:50:46 [11-track-and-click] Tracking stable target at 1277,635 (search 16 ms)
2026-08-01 16:50:46 [11-track-and-click] FindFilledBlock: found at 1277,635 (45x45 0x00FF00 tol=5, 16 ms)
2026-08-01 16:50:46 [11-track-and-click] Tracking stable target at 1277,635 (search 16 ms)
2026-08-01 16:50:47 [11-track-and-click] FindFilledBlock: found at 1277,635 (45x45 0x00FF00 tol=5, 15 ms)
2026-08-01 16:50:47 [11-track-and-click] Tracking stable target at 1277,635 (search 15 ms)
2026-08-01 16:50:47 [11-track-and-click] FindFilledBlock: found at 1277,635 (45x45 0x00FF00 tol=5, 0 ms)
2026-08-01 16:50:47 [11-track-and-click] Tracking stable target at 1277,635 (search 0 ms)
2026-08-01 16:50:47 [11-track-and-click] FindFilledBlock: found at 1277,635 (45x45 0x00FF00 tol=5, 0 ms)
2026-08-01 16:50:47 [11-track-and-click] Tracking stable target at 1277,635 (search 0 ms)
2026-08-01 16:50:47 [11-track-and-click] FindFilledBlock: found at 1277,635 (45x45 0x00FF00 tol=5, 0 ms)
2026-08-01 16:50:47 [11-track-and-click] Tracking stable target at 1277,635 (search 0 ms)
2026-08-01 16:50:48 [11-track-and-click] FindFilledBlock: found at 1277,635 (45x45 0x00FF00 tol=5, 0 ms)
2026-08-01 16:50:48 [11-track-and-click] Tracking stable target at 1277,635 (search 0 ms)
2026-08-01 16:50:48 [11-track-and-click] FindFilledBlock: found at 1277,635 (45x45 0x00FF00 tol=5, 0 ms)
2026-08-01 16:50:48 [11-track-and-click] Tracking stable target at 1277,635 (search 0 ms)
2026-08-01 16:50:48 [11-track-and-click] FindFilledBlock: found at 1277,635 (45x45 0x00FF00 tol=5, 0 ms)
2026-08-01 16:50:48 [11-track-and-click] Tracking stable target at 1277,635 (search 0 ms)
2026-08-01 16:50:49 [11-track-and-click] FindFilledBlock: found at 1277,635 (45x45 0x00FF00 tol=5, 0 ms)
2026-08-01 16:50:49 [11-track-and-click] Tracking stable target at 1277,635 (search 0 ms)
2026-08-01 16:50:49 [11-track-and-click] FindFilledBlock: found at 1277,635 (45x45 0x00FF00 tol=5, 0 ms)
2026-08-01 16:50:49 [11-track-and-click] Tracking stable target at 1277,635 (search 0 ms)
2026-08-01 16:50:49 [11-track-and-click] FindFilledBlock: found at 1277,635 (45x45 0x00FF00 tol=5, 0 ms)
2026-08-01 16:50:49 [11-track-and-click] Tracking stable target at 1277,635 (search 0 ms)
2026-08-01 16:50:49 [11-track-and-click] FindFilledBlock: found at 1277,635 (45x45 0x00FF00 tol=5, 0 ms)
2026-08-01 16:50:49 [11-track-and-click] Tracking stable target at 1277,635 (search 0 ms)
2026-08-01 16:50:50 [11-track-and-click] FindFilledBlock: found at 1277,635 (45x45 0x00FF00 tol=5, 0 ms)
2026-08-01 16:50:50 [11-track-and-click] Tracking stable target at 1277,635 (search 0 ms)
2026-08-01 16:50:50 [11-track-and-click] FindFilledBlock: found at 1277,635 (45x45 0x00FF00 tol=5, 0 ms)
2026-08-01 16:50:50 [11-track-and-click] Tracking stable target at 1277,635 (search 0 ms)
2026-08-01 16:50:50 [11-track-and-click] FindFilledBlock: found at 1277,635 (45x45 0x00FF00 tol=5, 0 ms)
2026-08-01 16:50:50 [11-track-and-click] Tracking stable target at 1277,635 (search 0 ms)
2026-08-01 16:50:51 [11-track-and-click] FindFilledBlock: found at 1277,635 (45x45 0x00FF00 tol=5, 0 ms)
2026-08-01 16:50:51 [11-track-and-click] Tracking stable target at 1277,635 (search 0 ms)
2026-08-01 16:50:51 [11-track-and-click] FindFilledBlock: found at 1277,635 (45x45 0x00FF00 tol=5, 0 ms)
2026-08-01 16:50:51 [11-track-and-click] Tracking stable target at 1277,635 (search 0 ms)
2026-08-01 16:50:51 [11-track-and-click] FindFilledBlock: found at 1277,635 (45x45 0x00FF00 tol=5, 0 ms)
2026-08-01 16:50:51 [11-track-and-click] Tracking stable target at 1277,635 (search 0 ms)
2026-08-01 16:50:51 [11-track-and-click] FindFilledBlock: found at 1277,635 (45x45 0x00FF00 tol=5, 0 ms)
2026-08-01 16:50:51 [11-track-and-click] Tracking stable target at 1277,635 (search 0 ms)
2026-08-01 16:50:52 [11-track-and-click] FindFilledBlock: found at 1277,635 (45x45 0x00FF00 tol=5, 0 ms)
2026-08-01 16:50:52 [11-track-and-click] Tracking stable target at 1277,635 (search 0 ms)
2026-08-01 16:50:52 [11-track-and-click] FindFilledBlock: found at 1277,635 (45x45 0x00FF00 tol=5, 0 ms)
2026-08-01 16:50:52 [11-track-and-click] Tracking stable target at 1277,635 (search 0 ms)
2026-08-01 16:50:52 [11-track-and-click] FindFilledBlock: found at 1277,635 (45x45 0x00FF00 tol=5, 0 ms)
2026-08-01 16:50:52 [11-track-and-click] Tracking stable target at 1277,635 (search 0 ms)
2026-08-01 16:50:52 [11-track-and-click] FindFilledBlock: found at 1277,635 (45x45 0x00FF00 tol=5, 16 ms)
2026-08-01 16:50:52 [11-track-and-click] Tracking stable target at 1277,635 (search 16 ms)
2026-08-01 16:50:53 [11-track-and-click] FindFilledBlock: found at 1277,635 (45x45 0x00FF00 tol=5, 16 ms)
2026-08-01 16:50:53 [11-track-and-click] Tracking stable target at 1277,635 (search 16 ms)
2026-08-01 16:50:53 [11-track-and-click] FindFilledBlock: found at 1277,635 (45x45 0x00FF00 tol=5, 0 ms)
2026-08-01 16:50:53 [11-track-and-click] Tracking stable target at 1277,635 (search 0 ms)
2026-08-01 16:50:53 [11-track-and-click] FindFilledBlock: found at 1277,635 (45x45 0x00FF00 tol=5, 0 ms)
2026-08-01 16:50:53 [11-track-and-click] Tracking stable target at 1277,635 (search 0 ms)
2026-08-01 16:50:53 [11-track-and-click] FindFilledBlock: found at 1277,635 (45x45 0x00FF00 tol=5, 16 ms)
2026-08-01 16:50:54 [11-track-and-click] Tracking stable target at 1277,635 (search 16 ms)
2026-08-01 16:50:54 [11-track-and-click] FindFilledBlock: found at 1277,635 (45x45 0x00FF00 tol=5, 15 ms)
2026-08-01 16:50:54 [11-track-and-click] Tracking stable target at 1277,635 (search 15 ms)
2026-08-01 16:50:54 [11-track-and-click] FindFilledBlock: found at 1277,635 (45x45 0x00FF00 tol=5, 16 ms)
2026-08-01 16:50:54 [11-track-and-click] Tracking stable target at 1277,635 (search 16 ms)
2026-08-01 16:50:54 [11-track-and-click] FindFilledBlock: found at 1277,635 (45x45 0x00FF00 tol=5, 15 ms)
2026-08-01 16:50:54 [11-track-and-click] Tracking stable target at 1277,635 (search 15 ms)
2026-08-01 16:50:55 [11-track-and-click] FindFilledBlock: found at 1277,635 (45x45 0x00FF00 tol=5, 0 ms)
2026-08-01 16:50:55 [11-track-and-click] Tracking stable target at 1277,635 (search 0 ms)
2026-08-01 16:50:55 [11-track-and-click] FindFilledBlock: found at 1277,635 (45x45 0x00FF00 tol=5, 16 ms)
2026-08-01 16:50:55 [11-track-and-click] Tracking stable target at 1277,635 (search 16 ms)
2026-08-01 16:50:55 [11-track-and-click] FindFilledBlock: found at 1277,635 (45x45 0x00FF00 tol=5, 0 ms)
2026-08-01 16:50:55 [11-track-and-click] Tracking stable target at 1277,635 (search 0 ms)
2026-08-01 16:50:55 [11-track-and-click] FindFilledBlock: found at 1277,635 (45x45 0x00FF00 tol=5, 0 ms)
2026-08-01 16:50:55 [11-track-and-click] Tracking stable target at 1277,635 (search 0 ms)
2026-08-01 16:50:56 [11-track-and-click] FindFilledBlock: found at 1277,635 (45x45 0x00FF00 tol=5, 0 ms)
2026-08-01 16:50:56 [11-track-and-click] Tracking stable target at 1277,635 (search 0 ms)
2026-08-01 16:50:56 [11-track-and-click] FindFilledBlock: found at 1277,635 (45x45 0x00FF00 tol=5, 0 ms)
2026-08-01 16:50:56 [11-track-and-click] Tracking stable target at 1277,635 (search 0 ms)
2026-08-01 16:50:56 [11-track-and-click] FindFilledBlock: found at 1277,635 (45x45 0x00FF00 tol=5, 0 ms)
2026-08-01 16:50:56 [11-track-and-click] Tracking stable target at 1277,635 (search 0 ms)
2026-08-01 16:50:56 [11-track-and-click] FindFilledBlock: found at 1277,635 (45x45 0x00FF00 tol=5, 16 ms)
2026-08-01 16:50:57 [11-track-and-click] Tracking stable target at 1277,635 (search 16 ms)
2026-08-01 16:50:57 [11-track-and-click] FindFilledBlock: found at 1277,635 (45x45 0x00FF00 tol=5, 15 ms)
2026-08-01 16:50:57 [11-track-and-click] Tracking stable target at 1277,635 (search 15 ms)
2026-08-01 16:50:57 [11-track-and-click] FindFilledBlock: found at 1277,635 (45x45 0x00FF00 tol=5, 0 ms)
2026-08-01 16:50:57 [11-track-and-click] Tracking stable target at 1277,635 (search 0 ms)
2026-08-01 16:50:57 [11-track-and-click] FindFilledBlock: found at 1277,635 (45x45 0x00FF00 tol=5, 16 ms)
2026-08-01 16:50:57 [11-track-and-click] Tracking stable target at 1277,635 (search 16 ms)
2026-08-01 16:50:58 [11-track-and-click] FindFilledBlock: found at 1277,635 (45x45 0x00FF00 tol=5, 16 ms)
2026-08-01 16:50:58 [11-track-and-click] Tracking stable target at 1277,635 (search 16 ms)
2026-08-01 16:50:58 [11-track-and-click] FindFilledBlock: found at 1277,635 (45x45 0x00FF00 tol=5, 15 ms)
2026-08-01 16:50:58 [11-track-and-click] Tracking stable target at 1277,635 (search 15 ms)
2026-08-01 16:50:58 [11-track-and-click] FindFilledBlock: found at 1277,635 (45x45 0x00FF00 tol=5, 16 ms)
2026-08-01 16:50:58 [11-track-and-click] Tracking stable target at 1277,635 (search 16 ms)
2026-08-01 16:50:58 [11-track-and-click] FindFilledBlock: found at 1277,635 (45x45 0x00FF00 tol=5, 0 ms)
2026-08-01 16:50:58 [11-track-and-click] Tracking stable target at 1277,635 (search 0 ms)
2026-08-01 16:50:59 [11-track-and-click] FindFilledBlock: found at 1277,635 (45x45 0x00FF00 tol=5, 16 ms)
2026-08-01 16:50:59 [11-track-and-click] Tracking stable target at 1277,635 (search 16 ms)
2026-08-01 16:50:59 [11-track-and-click] FindFilledBlock: found at 1277,635 (45x45 0x00FF00 tol=5, 0 ms)
2026-08-01 16:50:59 [11-track-and-click] Tracking stable target at 1277,635 (search 0 ms)
2026-08-01 16:50:59 [11-track-and-click] FindFilledBlock: found at 1277,635 (45x45 0x00FF00 tol=5, 0 ms)
2026-08-01 16:50:59 [11-track-and-click] Tracking stable target at 1277,635 (search 0 ms)
2026-08-01 16:50:59 [11-track-and-click] FindFilledBlock: found at 1277,635 (45x45 0x00FF00 tol=5, 0 ms)
2026-08-01 16:50:59 [11-track-and-click] Tracking stable target at 1277,635 (search 0 ms)
2026-08-01 16:51:00 [11-track-and-click] FindFilledBlock: found at 1277,635 (45x45 0x00FF00 tol=5, 0 ms)
2026-08-01 16:51:00 [11-track-and-click] Tracking stable target at 1277,635 (search 0 ms)
2026-08-01 16:51:00 [11-track-and-click] FindFilledBlock: found at 1277,635 (45x45 0x00FF00 tol=5, 15 ms)
2026-08-01 16:51:00 [11-track-and-click] Tracking stable target at 1277,635 (search 15 ms)
2026-08-01 16:51:00 [11-track-and-click] FindFilledBlock: found at 1277,635 (45x45 0x00FF00 tol=5, 16 ms)
2026-08-01 16:51:00 [11-track-and-click] Tracking stable target at 1277,635 (search 16 ms)
2026-08-01 16:51:01 [11-track-and-click] FindFilledBlock: found at 1277,635 (45x45 0x00FF00 tol=5, 16 ms)
2026-08-01 16:51:01 [11-track-and-click] Tracking stable target at 1277,635 (search 16 ms)
2026-08-01 16:51:01 [11-track-and-click] FindFilledBlock: found at 1277,635 (45x45 0x00FF00 tol=5, 0 ms)
2026-08-01 16:51:01 [11-track-and-click] Tracking stable target at 1277,635 (search 0 ms)
2026-08-01 16:51:01 [11-track-and-click] FindFilledBlock: found at 1277,635 (45x45 0x00FF00 tol=5, 16 ms)
2026-08-01 16:51:01 [11-track-and-click] Tracking stable target at 1277,635 (search 16 ms)
2026-08-01 16:51:01 [11-track-and-click] FindFilledBlock: found at 1277,635 (45x45 0x00FF00 tol=5, 15 ms)
2026-08-01 16:51:01 [11-track-and-click] Tracking stable target at 1277,635 (search 15 ms)
2026-08-01 16:51:02 [11-track-and-click] FindFilledBlock: found at 1277,635 (45x45 0x00FF00 tol=5, 15 ms)
2026-08-01 16:51:02 [11-track-and-click] Tracking stable target at 1277,635 (search 15 ms)
2026-08-01 16:51:02 [11-track-and-click] FindFilledBlock: found at 1277,635 (45x45 0x00FF00 tol=5, 16 ms)
2026-08-01 16:51:02 [11-track-and-click] Tracking stable target at 1277,635 (search 16 ms)
2026-08-01 16:51:02 [11-track-and-click] FindFilledBlock: found at 1277,635 (45x45 0x00FF00 tol=5, 0 ms)
2026-08-01 16:51:02 [11-track-and-click] Tracking stable target at 1277,635 (search 0 ms)
2026-08-01 16:51:03 [11-track-and-click] FindFilledBlock: not found (45x45 0x00FF00 tol=5, 15 ms)
2026-08-01 16:51:03 [11-track-and-click] Target depleted or lost - re-acquiring (searched 15 ms)
2026-08-01 16:51:03 [11-track-and-click] FindFilledBlock: not found (45x45 0x00FF00 tol=5, 0 ms)
2026-08-01 16:51:03 [11-track-and-click] Acquire ring 160: not found (0 ms)
2026-08-01 16:51:03 [11-track-and-click] FindFilledBlock: not found (45x45 0x00FF00 tol=5, 0 ms)
2026-08-01 16:51:03 [11-track-and-click] Acquire ring 320: not found (0 ms)
2026-08-01 16:51:03 [11-track-and-click] FindFilledBlock: not found (45x45 0x00FF00 tol=5, 32 ms)
2026-08-01 16:51:03 [11-track-and-click] Acquire: not found (searched 63 ms)
2026-08-01 16:51:03 [11-track-and-click] FindFilledBlock: not found (45x45 0x00FF00 tol=5, 0 ms)
2026-08-01 16:51:03 [11-track-and-click] Acquire ring 160: not found (0 ms)
2026-08-01 16:51:03 [11-track-and-click] FindFilledBlock: not found (45x45 0x00FF00 tol=5, 0 ms)
2026-08-01 16:51:03 [11-track-and-click] Acquire ring 320: not found (0 ms)
2026-08-01 16:51:03 [11-track-and-click] FindFilledBlock: not found (45x45 0x00FF00 tol=5, 31 ms)
2026-08-01 16:51:03 [11-track-and-click] Acquire: not found (searched 62 ms)
2026-08-01 16:51:03 [11-track-and-click] FindFilledBlock: not found (45x45 0x00FF00 tol=5, 0 ms)
2026-08-01 16:51:03 [11-track-and-click] Acquire ring 160: not found (0 ms)
2026-08-01 16:51:04 [11-track-and-click] FindFilledBlock: not found (45x45 0x00FF00 tol=5, 16 ms)
2026-08-01 16:51:04 [11-track-and-click] Acquire ring 320: not found (16 ms)
2026-08-01 16:51:04 [11-track-and-click] FindFilledBlock: not found (45x45 0x00FF00 tol=5, 46 ms)
2026-08-01 16:51:04 [11-track-and-click] Acquire: not found (searched 62 ms)
2026-08-01 16:51:04 [11-track-and-click] FindFilledBlock: not found (45x45 0x00FF00 tol=5, 0 ms)
2026-08-01 16:51:04 [11-track-and-click] Acquire ring 160: not found (0 ms)
2026-08-01 16:51:04 [11-track-and-click] FindFilledBlock: not found (45x45 0x00FF00 tol=5, 0 ms)
2026-08-01 16:51:04 [11-track-and-click] Acquire ring 320: not found (0 ms)
2026-08-01 16:51:04 [11-track-and-click] FindFilledBlock: not found (45x45 0x00FF00 tol=5, 32 ms)
2026-08-01 16:51:04 [11-track-and-click] Acquire: not found (searched 63 ms)
2026-08-01 16:51:04 [11-track-and-click] FindFilledBlock: not found (45x45 0x00FF00 tol=5, 0 ms)
2026-08-01 16:51:04 [11-track-and-click] Acquire ring 160: not found (0 ms)
2026-08-01 16:51:04 [11-track-and-click] FindFilledBlock: not found (45x45 0x00FF00 tol=5, 0 ms)
2026-08-01 16:51:04 [11-track-and-click] Acquire ring 320: not found (0 ms)
2026-08-01 16:51:04 [11-track-and-click] FindFilledBlock: not found (45x45 0x00FF00 tol=5, 31 ms)
2026-08-01 16:51:04 [11-track-and-click] Acquire: not found (searched 62 ms)
2026-08-01 16:51:04 [11-track-and-click] FindFilledBlock: not found (45x45 0x00FF00 tol=5, 0 ms)
2026-08-01 16:51:04 [11-track-and-click] Acquire ring 160: not found (0 ms)
2026-08-01 16:51:05 [11-track-and-click] FindFilledBlock: not found (45x45 0x00FF00 tol=5, 16 ms)
2026-08-01 16:51:05 [11-track-and-click] Acquire ring 320: not found (16 ms)
2026-08-01 16:51:05 [11-track-and-click] FindFilledBlock: not found (45x45 0x00FF00 tol=5, 46 ms)
2026-08-01 16:51:05 [11-track-and-click] Acquire: not found (searched 62 ms)
2026-08-01 16:51:05 [11-track-and-click] FindFilledBlock: not found (45x45 0x00FF00 tol=5, 16 ms)
2026-08-01 16:51:05 [11-track-and-click] Acquire ring 160: not found (16 ms)
2026-08-01 16:51:05 [11-track-and-click] FindFilledBlock: not found (45x45 0x00FF00 tol=5, 16 ms)
2026-08-01 16:51:05 [11-track-and-click] Acquire ring 320: not found (16 ms)
2026-08-01 16:51:05 [11-track-and-click] FindFilledBlock: not found (45x45 0x00FF00 tol=5, 47 ms)
2026-08-01 16:51:05 [11-track-and-click] Acquire: not found (searched 79 ms)
2026-08-01 16:51:05 [11-track-and-click] FindFilledBlock: not found (45x45 0x00FF00 tol=5, 15 ms)
2026-08-01 16:51:05 [11-track-and-click] Acquire ring 160: not found (15 ms)
2026-08-01 16:51:05 [11-track-and-click] FindFilledBlock: not found (45x45 0x00FF00 tol=5, 16 ms)
2026-08-01 16:51:05 [11-track-and-click] Acquire ring 320: not found (16 ms)
2026-08-01 16:51:05 [11-track-and-click] FindFilledBlock: not found (45x45 0x00FF00 tol=5, 47 ms)
2026-08-01 16:51:05 [11-track-and-click] Acquire: not found (searched 78 ms)
2026-08-01 16:51:05 [11-track-and-click] FindFilledBlock: not found (45x45 0x00FF00 tol=5, 0 ms)
2026-08-01 16:51:05 [11-track-and-click] Acquire ring 160: not found (0 ms)
2026-08-01 16:51:05 [11-track-and-click] FindFilledBlock: not found (45x45 0x00FF00 tol=5, 0 ms)
2026-08-01 16:51:05 [11-track-and-click] Acquire ring 320: not found (0 ms)
2026-08-01 16:51:06 [11-track-and-click] FindFilledBlock: not found (45x45 0x00FF00 tol=5, 31 ms)
2026-08-01 16:51:06 [11-track-and-click] Acquire: not found (searched 63 ms)
2026-08-01 16:51:06 [11-track-and-click] FindFilledBlock: not found (45x45 0x00FF00 tol=5, 15 ms)
2026-08-01 16:51:06 [11-track-and-click] Acquire ring 160: not found (15 ms)
2026-08-01 16:51:06 [11-track-and-click] FindFilledBlock: not found (45x45 0x00FF00 tol=5, 16 ms)
2026-08-01 16:51:06 [11-track-and-click] Acquire ring 320: not found (16 ms)
2026-08-01 16:51:06 [11-track-and-click] FindFilledBlock: not found (45x45 0x00FF00 tol=5, 47 ms)
2026-08-01 16:51:06 [11-track-and-click] Acquire: not found (searched 78 ms)
2026-08-01 16:51:06 [11-track-and-click] FindFilledBlock: not found (45x45 0x00FF00 tol=5, 16 ms)
2026-08-01 16:51:06 [11-track-and-click] Acquire ring 160: not found (16 ms)
2026-08-01 16:51:06 [11-track-and-click] FindFilledBlock: not found (45x45 0x00FF00 tol=5, 15 ms)
2026-08-01 16:51:06 [11-track-and-click] Acquire ring 320: not found (15 ms)
2026-08-01 16:51:06 [11-track-and-click] FindFilledBlock: not found (45x45 0x00FF00 tol=5, 47 ms)
2026-08-01 16:51:06 [11-track-and-click] Acquire: not found (searched 78 ms)
2026-08-01 16:51:06 [11-track-and-click] FindFilledBlock: not found (45x45 0x00FF00 tol=5, 16 ms)
2026-08-01 16:51:06 [11-track-and-click] Acquire ring 160: not found (16 ms)
2026-08-01 16:51:06 [11-track-and-click] FindFilledBlock: not found (45x45 0x00FF00 tol=5, 15 ms)
2026-08-01 16:51:06 [11-track-and-click] Acquire ring 320: not found (15 ms)
2026-08-01 16:51:07 [11-track-and-click] FindFilledBlock: not found (45x45 0x00FF00 tol=5, 47 ms)
2026-08-01 16:51:07 [11-track-and-click] Acquire: not found (searched 78 ms)
2026-08-01 16:51:07 [11-track-and-click] FindFilledBlock: not found (45x45 0x00FF00 tol=5, 16 ms)
2026-08-01 16:51:07 [11-track-and-click] Acquire ring 160: not found (16 ms)
2026-08-01 16:51:07 [11-track-and-click] FindFilledBlock: not found (45x45 0x00FF00 tol=5, 15 ms)
2026-08-01 16:51:07 [11-track-and-click] Acquire ring 320: not found (15 ms)
2026-08-01 16:51:07 [11-track-and-click] FindFilledBlock: not found (45x45 0x00FF00 tol=5, 47 ms)
2026-08-01 16:51:07 [11-track-and-click] Acquire: not found (searched 78 ms)
2026-08-01 16:51:07 [11-track-and-click] FindFilledBlock: not found (45x45 0x00FF00 tol=5, 16 ms)
2026-08-01 16:51:07 [11-track-and-click] Acquire ring 160: not found (16 ms)
2026-08-01 16:51:07 [11-track-and-click] FindFilledBlock: not found (45x45 0x00FF00 tol=5, 16 ms)
2026-08-01 16:51:07 [11-track-and-click] Acquire ring 320: not found (16 ms)
2026-08-01 16:51:07 [11-track-and-click] FindFilledBlock: not found (45x45 0x00FF00 tol=5, 31 ms)
2026-08-01 16:51:07 [11-track-and-click] Acquire: not found (searched 63 ms)
2026-08-01 16:51:07 [11-track-and-click] FindFilledBlock: not found (45x45 0x00FF00 tol=5, 0 ms)
2026-08-01 16:51:07 [11-track-and-click] Acquire ring 160: not found (0 ms)
2026-08-01 16:51:07 [11-track-and-click] FindFilledBlock: not found (45x45 0x00FF00 tol=5, 0 ms)
2026-08-01 16:51:07 [11-track-and-click] Acquire ring 320: not found (0 ms)
2026-08-01 16:51:08 [11-track-and-click] FindFilledBlock: not found (45x45 0x00FF00 tol=5, 32 ms)
2026-08-01 16:51:08 [11-track-and-click] Acquire: not found (searched 63 ms)
2026-08-01 16:51:08 [11-track-and-click] FindFilledBlock: not found (45x45 0x00FF00 tol=5, 0 ms)
2026-08-01 16:51:08 [11-track-and-click] Acquire ring 160: not found (0 ms)
2026-08-01 16:51:08 [11-track-and-click] FindFilledBlock: not found (45x45 0x00FF00 tol=5, 0 ms)
2026-08-01 16:51:08 [11-track-and-click] Acquire ring 320: not found (0 ms)
2026-08-01 16:51:08 [11-track-and-click] FindFilledBlock: not found (45x45 0x00FF00 tol=5, 31 ms)
2026-08-01 16:51:08 [11-track-and-click] Acquire: not found (searched 62 ms)
2026-08-01 16:51:08 [11-track-and-click] FindFilledBlock: not found (45x45 0x00FF00 tol=5, 0 ms)
2026-08-01 16:51:08 [11-track-and-click] Acquire ring 160: not found (0 ms)
2026-08-01 16:51:08 [11-track-and-click] FindFilledBlock: not found (45x45 0x00FF00 tol=5, 15 ms)
2026-08-01 16:51:08 [11-track-and-click] Acquire ring 320: not found (15 ms)
2026-08-01 16:51:08 [11-track-and-click] FindFilledBlock: not found (45x45 0x00FF00 tol=5, 31 ms)
2026-08-01 16:51:08 [11-track-and-click] Acquire: not found (searched 62 ms)
2026-08-01 16:51:08 [11-track-and-click] FindFilledBlock: not found (45x45 0x00FF00 tol=5, 0 ms)
2026-08-01 16:51:08 [11-track-and-click] Acquire ring 160: not found (0 ms)
2026-08-01 16:51:08 [11-track-and-click] FindFilledBlock: not found (45x45 0x00FF00 tol=5, 16 ms)
2026-08-01 16:51:08 [11-track-and-click] Acquire ring 320: not found (16 ms)
2026-08-01 16:51:09 [11-track-and-click] FindFilledBlock: not found (45x45 0x00FF00 tol=5, 47 ms)
2026-08-01 16:51:09 [11-track-and-click] Acquire: not found (searched 78 ms)
2026-08-01 16:51:09 [11-track-and-click] FindFilledBlock: not found (45x45 0x00FF00 tol=5, 0 ms)
2026-08-01 16:51:09 [11-track-and-click] Acquire ring 160: not found (0 ms)
2026-08-01 16:51:09 [11-track-and-click] FindFilledBlock: not found (45x45 0x00FF00 tol=5, 16 ms)
2026-08-01 16:51:09 [11-track-and-click] Acquire ring 320: not found (16 ms)
2026-08-01 16:51:09 [11-track-and-click] FindFilledBlock: not found (45x45 0x00FF00 tol=5, 47 ms)
2026-08-01 16:51:09 [11-track-and-click] Acquire: not found (searched 63 ms)
2026-08-01 16:51:09 [11-track-and-click] FindFilledBlock: not found (45x45 0x00FF00 tol=5, 0 ms)
2026-08-01 16:51:09 [11-track-and-click] Acquire ring 160: not found (0 ms)
2026-08-01 16:51:09 [11-track-and-click] FindFilledBlock: not found (45x45 0x00FF00 tol=5, 0 ms)
2026-08-01 16:51:09 [11-track-and-click] Acquire ring 320: not found (16 ms)
2026-08-01 16:51:09 [11-track-and-click] FindFilledBlock: not found (45x45 0x00FF00 tol=5, 31 ms)
2026-08-01 16:51:09 [11-track-and-click] Acquire: not found (searched 62 ms)
2026-08-01 16:51:09 [11-track-and-click] FindFilledBlock: not found (45x45 0x00FF00 tol=5, 0 ms)
2026-08-01 16:51:09 [11-track-and-click] Acquire ring 160: not found (0 ms)
2026-08-01 16:51:09 [11-track-and-click] FindFilledBlock: not found (45x45 0x00FF00 tol=5, 16 ms)
2026-08-01 16:51:09 [11-track-and-click] Acquire ring 320: not found (16 ms)
2026-08-01 16:51:10 [11-track-and-click] FindFilledBlock: not found (45x45 0x00FF00 tol=5, 31 ms)
2026-08-01 16:51:10 [11-track-and-click] Acquire: not found (searched 63 ms)
2026-08-01 16:51:10 [11-track-and-click] FindFilledBlock: not found (45x45 0x00FF00 tol=5, 15 ms)
2026-08-01 16:51:10 [11-track-and-click] Acquire ring 160: not found (15 ms)
2026-08-01 16:51:10 [11-track-and-click] FindFilledBlock: not found (45x45 0x00FF00 tol=5, 16 ms)
2026-08-01 16:51:10 [11-track-and-click] Acquire ring 320: not found (16 ms)
2026-08-01 16:51:10 [11-track-and-click] FindFilledBlock: not found (45x45 0x00FF00 tol=5, 47 ms)
2026-08-01 16:51:10 [11-track-and-click] Acquire: not found (searched 78 ms)
2026-08-01 16:51:10 [11-track-and-click] FindFilledBlock: not found (45x45 0x00FF00 tol=5, 16 ms)
2026-08-01 16:51:10 [11-track-and-click] Acquire ring 160: not found (16 ms)
2026-08-01 16:51:10 [11-track-and-click] FindFilledBlock: not found (45x45 0x00FF00 tol=5, 15 ms)
2026-08-01 16:51:10 [11-track-and-click] Acquire ring 320: not found (15 ms)
2026-08-01 16:51:10 [11-track-and-click] FindFilledBlock: not found (45x45 0x00FF00 tol=5, 47 ms)
2026-08-01 16:51:10 [11-track-and-click] Acquire: not found (searched 78 ms)
2026-08-01 16:51:10 [11-track-and-click] FindFilledBlock: not found (45x45 0x00FF00 tol=5, 16 ms)
2026-08-01 16:51:10 [11-track-and-click] Acquire ring 160: not found (16 ms)
2026-08-01 16:51:10 [11-track-and-click] FindFilledBlock: not found (45x45 0x00FF00 tol=5, 15 ms)
2026-08-01 16:51:10 [11-track-and-click] Acquire ring 320: not found (15 ms)
2026-08-01 16:51:11 [11-track-and-click] FindFilledBlock: not found (45x45 0x00FF00 tol=5, 47 ms)
2026-08-01 16:51:11 [11-track-and-click] Acquire: not found (searched 78 ms)
2026-08-01 16:51:11 [11-track-and-click] FindFilledBlock: not found (45x45 0x00FF00 tol=5, 16 ms)
2026-08-01 16:51:11 [11-track-and-click] Acquire ring 160: not found (16 ms)
2026-08-01 16:51:11 [11-track-and-click] FindFilledBlock: not found (45x45 0x00FF00 tol=5, 15 ms)
2026-08-01 16:51:11 [11-track-and-click] Acquire ring 320: not found (15 ms)
2026-08-01 16:51:11 [11-track-and-click] FindFilledBlock: found at 1279,627 (45x45 0x00FF00 tol=5, 32 ms)
2026-08-01 16:51:11 [11-track-and-click] Acquired new target at 1279,627 (0x00FF00, region-wide, 63 ms)
2026-08-01 16:51:11 [11-track-and-click] FindFilledBlock: found at 1279,627 (45x45 0x00FF00 tol=5, 16 ms)
2026-08-01 16:51:11 [11-track-and-click] Clicked initial/re-click target at 1279,627 (search 16 ms)
2026-08-01 16:51:12 [11-track-and-click] FindFilledBlock: found at 1311,639 (45x45 0x00FF00 tol=5, 0 ms)
2026-08-01 16:51:12 [11-track-and-click] Tracking not-yet-stable target at 1311,639 (search 0 ms)
2026-08-01 16:51:12 [11-track-and-click] FindFilledBlock: found at 1279,627 (45x45 0x00FF00 tol=5, 16 ms)
2026-08-01 16:51:12 [11-track-and-click] Tracking not-yet-stable target at 1279,627 (search 16 ms)
2026-08-01 16:51:12 [11-track-and-click] FindFilledBlock: found at 1279,627 (45x45 0x00FF00 tol=5, 16 ms)
2026-08-01 16:51:12 [11-track-and-click] Tracking not-yet-stable target at 1279,627 (search 16 ms)
2026-08-01 16:51:13 [11-track-and-click] FindFilledBlock: found at 1279,627 (45x45 0x00FF00 tol=5, 15 ms)
2026-08-01 16:51:13 [11-track-and-click] Tracking stable target at 1279,627 (search 15 ms)
2026-08-01 16:51:13 [11-track-and-click] FindFilledBlock: found at 1279,627 (45x45 0x00FF00 tol=5, 16 ms)
2026-08-01 16:51:13 [11-track-and-click] Tracking stable target at 1279,627 (search 16 ms)
2026-08-01 16:51:13 [11-track-and-click] FindFilledBlock: found at 1279,627 (45x45 0x00FF00 tol=5, 0 ms)
2026-08-01 16:51:13 [11-track-and-click] Tracking stable target at 1279,627 (search 0 ms)
2026-08-01 16:51:13 [11-track-and-click] FindFilledBlock: found at 1279,627 (45x45 0x00FF00 tol=5, 0 ms)
2026-08-01 16:51:13 [11-track-and-click] Tracking stable target at 1279,627 (search 0 ms)
2026-08-01 16:51:14 [11-track-and-click] FindFilledBlock: found at 1279,627 (45x45 0x00FF00 tol=5, 0 ms)
2026-08-01 16:51:14 [11-track-and-click] Tracking stable target at 1279,627 (search 0 ms)
2026-08-01 16:51:14 [11-track-and-click] FindFilledBlock: found at 1279,627 (45x45 0x00FF00 tol=5, 0 ms)
2026-08-01 16:51:14 [11-track-and-click] Tracking stable target at 1279,627 (search 0 ms)
2026-08-01 16:51:14 [11-track-and-click] FindFilledBlock: found at 1279,627 (45x45 0x00FF00 tol=5, 0 ms)
2026-08-01 16:51:14 [11-track-and-click] Tracking stable target at 1279,627 (search 0 ms)
2026-08-01 16:51:14 [11-track-and-click] FindFilledBlock: found at 1279,627 (45x45 0x00FF00 tol=5, 0 ms)
2026-08-01 16:51:14 [11-track-and-click] Tracking stable target at 1279,627 (search 0 ms)
2026-08-01 16:51:15 [11-track-and-click] FindFilledBlock: found at 1279,627 (45x45 0x00FF00 tol=5, 16 ms)
2026-08-01 16:51:15 [11-track-and-click] Tracking stable target at 1279,627 (search 16 ms)
2026-08-01 16:51:15 [11-track-and-click] FindFilledBlock: found at 1279,627 (45x45 0x00FF00 tol=5, 16 ms)
2026-08-01 16:51:15 [11-track-and-click] Tracking stable target at 1279,627 (search 16 ms)
2026-08-01 16:51:15 [11-track-and-click] FindFilledBlock: found at 1279,627 (45x45 0x00FF00 tol=5, 15 ms)
2026-08-01 16:51:15 [11-track-and-click] Tracking stable target at 1279,627 (search 15 ms)
2026-08-01 16:51:16 [11-track-and-click] FindFilledBlock: found at 1279,627 (45x45 0x00FF00 tol=5, 0 ms)
2026-08-01 16:51:16 [11-track-and-click] Tracking stable target at 1279,627 (search 0 ms)
2026-08-01 16:51:16 [11-track-and-click] FindFilledBlock: found at 1279,627 (45x45 0x00FF00 tol=5, 16 ms)
2026-08-01 16:51:16 [11-track-and-click] Tracking stable target at 1279,627 (search 16 ms)
2026-08-01 16:51:16 [11-track-and-click] FindFilledBlock: found at 1279,627 (45x45 0x00FF00 tol=5, 16 ms)
2026-08-01 16:51:16 [11-track-and-click] Tracking stable target at 1279,627 (search 16 ms)
2026-08-01 16:51:16 [11-track-and-click] FindFilledBlock: found at 1279,627 (45x45 0x00FF00 tol=5, 0 ms)
2026-08-01 16:51:16 [11-track-and-click] Tracking stable target at 1279,627 (search 0 ms)
2026-08-01 16:51:17 [11-track-and-click] FindFilledBlock: found at 1279,627 (45x45 0x00FF00 tol=5, 16 ms)
2026-08-01 16:51:17 [11-track-and-click] Tracking stable target at 1279,627 (search 16 ms)
2026-08-01 16:51:17 [11-track-and-click] FindFilledBlock: found at 1279,627 (45x45 0x00FF00 tol=5, 0 ms)
2026-08-01 16:51:17 [11-track-and-click] Tracking stable target at 1279,627 (search 0 ms)
2026-08-01 16:51:17 [11-track-and-click] FindFilledBlock: found at 1279,627 (45x45 0x00FF00 tol=5, 16 ms)
2026-08-01 16:51:17 [11-track-and-click] Tracking stable target at 1279,627 (search 16 ms)
2026-08-01 16:51:17 [11-track-and-click] FindFilledBlock: found at 1279,627 (45x45 0x00FF00 tol=5, 0 ms)
2026-08-01 16:51:17 [11-track-and-click] Tracking stable target at 1279,627 (search 0 ms)
2026-08-01 16:51:18 [11-track-and-click] FindFilledBlock: found at 1279,627 (45x45 0x00FF00 tol=5, 0 ms)
2026-08-01 16:51:18 [11-track-and-click] Tracking stable target at 1279,627 (search 0 ms)
2026-08-01 16:51:18 [11-track-and-click] FindFilledBlock: found at 1279,627 (45x45 0x00FF00 tol=5, 0 ms)
2026-08-01 16:51:18 [11-track-and-click] Tracking stable target at 1279,627 (search 0 ms)
2026-08-01 16:51:18 [11-track-and-click] FindFilledBlock: found at 1279,627 (45x45 0x00FF00 tol=5, 0 ms)
2026-08-01 16:51:18 [11-track-and-click] Tracking stable target at 1279,627 (search 0 ms)
2026-08-01 16:51:19 [11-track-and-click] FindFilledBlock: found at 1279,627 (45x45 0x00FF00 tol=5, 0 ms)
2026-08-01 16:51:19 [11-track-and-click] Tracking stable target at 1279,627 (search 0 ms)
2026-08-01 16:51:19 [11-track-and-click] FindFilledBlock: found at 1279,627 (45x45 0x00FF00 tol=5, 0 ms)
2026-08-01 16:51:19 [11-track-and-click] Tracking stable target at 1279,627 (search 0 ms)
2026-08-01 16:51:19 [11-track-and-click] FindFilledBlock: found at 1279,627 (45x45 0x00FF00 tol=5, 0 ms)
2026-08-01 16:51:19 [11-track-and-click] Tracking stable target at 1279,627 (search 0 ms)
2026-08-01 16:51:19 [11-track-and-click] FindFilledBlock: found at 1279,627 (45x45 0x00FF00 tol=5, 0 ms)
2026-08-01 16:51:19 [11-track-and-click] Tracking stable target at 1279,627 (search 0 ms)
2026-08-01 16:51:20 [11-track-and-click] FindFilledBlock: found at 1279,627 (45x45 0x00FF00 tol=5, 0 ms)
2026-08-01 16:51:20 [11-track-and-click] Tracking stable target at 1279,627 (search 0 ms)
2026-08-01 16:51:20 [11-track-and-click] FindFilledBlock: found at 1279,627 (45x45 0x00FF00 tol=5, 0 ms)
2026-08-01 16:51:20 [11-track-and-click] Tracking stable target at 1279,627 (search 0 ms)
2026-08-01 16:51:20 [11-track-and-click] FindFilledBlock: found at 1279,627 (45x45 0x00FF00 tol=5, 0 ms)
2026-08-01 16:51:20 [11-track-and-click] Tracking stable target at 1279,627 (search 0 ms)
2026-08-01 16:51:21 [11-track-and-click] FindFilledBlock: found at 1279,627 (45x45 0x00FF00 tol=5, 0 ms)
2026-08-01 16:51:21 [11-track-and-click] Tracking stable target at 1279,627 (search 0 ms)
2026-08-01 16:51:21 [11-track-and-click] FindFilledBlock: found at 1279,627 (45x45 0x00FF00 tol=5, 0 ms)
2026-08-01 16:51:21 [11-track-and-click] Tracking stable target at 1279,627 (search 0 ms)
2026-08-01 16:51:21 [11-track-and-click] FindFilledBlock: found at 1279,627 (45x45 0x00FF00 tol=5, 0 ms)
2026-08-01 16:51:21 [11-track-and-click] Tracking stable target at 1279,627 (search 0 ms)
2026-08-01 16:51:21 [11-track-and-click] FindFilledBlock: found at 1279,627 (45x45 0x00FF00 tol=5, 16 ms)
2026-08-01 16:51:21 [11-track-and-click] Tracking stable target at 1279,627 (search 16 ms)
2026-08-01 16:51:35 [11-track-and-click] micro11: ready - F5 run, F6 stop, F12 exit, F8 probe
2026-08-01 16:51:36 [11-track-and-click] slot 28 (2387.0,1265.0): [0,0]=0x3E3529(empty) [-14,-12]=0x3E3529(empty) [14,-12]=0x3E3529(empty) [0,12]=0x3E3529(empty) 
2026-08-01 16:51:36 [11-track-and-click] micro11 probe: DONE
2026-08-01 16:51:40 [11-track-and-click] slot 28 (2387.0,1265.0): [0,0]=0x37300F(filled) [-14,-12]=0x3F3711(filled) [14,-12]=0x2A240B(filled) [0,12]=0x433A13(filled) 
2026-08-01 16:51:40 [11-track-and-click] micro11 probe: DONE
2026-08-01 16:51:54 [11-track-and-click] slot 28 (2387.0,1265.0): [0,0]=0x3E3529(empty) [-14,-12]=0x3E3529(empty) [14,-12]=0x3E3529(empty) [0,12]=0x3E3529(empty) 
2026-08-01 16:51:54 [11-track-and-click] micro11 probe: DONE
2026-08-01 16:51:58 [11-track-and-click] slot 28 (2387.0,1265.0): [0,0]=0x37300F(filled) [-14,-12]=0x3F3711(filled) [14,-12]=0x2A240B(filled) [0,12]=0x433A13(filled) 
2026-08-01 16:51:58 [11-track-and-click] micro11 probe: DONE
