2026-07-26 18:05:32 [humanized-mouse] Script loaded. F5=start  F6=stop  F12=exit.
2026-07-26 18:05:35 [humanized-mouse] HumanizedMouse: started
2026-07-26 18:05:35 [humanized-mouse] humanized-mouse: moving to 1024,1287
2026-07-26 18:05:38 [humanized-mouse] humanized-mouse: moving to 1498,1318
2026-07-26 18:05:40 [humanized-mouse] humanized-mouse: moving to 300,324
2026-07-26 18:05:43 [humanized-mouse] humanized-mouse: moving to 204,868
2026-07-26 18:05:45 [humanized-mouse] humanized-mouse: moving to 1366,123
2026-07-26 18:05:48 [humanized-mouse] humanized-mouse: moving to 1718,1221
2026-07-26 18:05:51 [humanized-mouse] humanized-mouse: moving to 1999,1042
2026-07-26 18:05:53 [humanized-mouse] humanized-mouse: moving to 158,772
2026-07-26 18:05:55 [humanized-mouse] humanized-mouse: moving to 2357,610
2026-07-26 18:05:58 [humanized-mouse] humanized-mouse: moving to 268,738
2026-07-26 18:06:01 [humanized-mouse] humanized-mouse: moving to 1660,1159
2026-07-26 18:06:03 [humanized-mouse] humanized-mouse: moving to 1112,1253
2026-07-26 18:06:06 [humanized-mouse] humanized-mouse: moving to 1118,159
2026-07-26 18:06:09 [humanized-mouse] humanized-mouse: moving to 90,1104
2026-07-26 18:06:11 [humanized-mouse] humanized-mouse: moving to 2379,34
2026-07-26 18:06:14 [humanized-mouse] humanized-mouse: moving to 1372,1355
2026-07-26 18:06:17 [humanized-mouse] humanized-mouse: moving to 445,344
2026-07-26 18:06:19 [humanized-mouse] humanized-mouse: moving to 1705,471
2026-07-26 18:06:21 [humanized-mouse] F12 pressed - exiting
2026-07-26 18:10:00 [humanized-mouse] Script loaded. F5=start  F6=stop  F12=exit.
2026-07-26 18:10:02 [humanized-mouse] HumanizedMouse: started
2026-07-26 18:10:02 [humanized-mouse] humanized-mouse: moving to 2309,1240
2026-07-26 18:10:03 [humanized-mouse] humanized-mouse: moving to 932,832
2026-07-26 18:10:05 [humanized-mouse] humanized-mouse: moving to 1641,313
2026-07-26 18:10:06 [humanized-mouse] humanized-mouse: moving to 1709,1319
2026-07-26 18:10:07 [humanized-mouse] humanized-mouse: moving to 118,921
2026-07-26 18:10:08 [humanized-mouse] humanized-mouse: moving to 1467,1169
2026-07-26 18:10:10 [humanized-mouse] humanized-mouse: moving to 2341,787
2026-07-26 18:10:11 [humanized-mouse] humanized-mouse: moving to 1512,534
2026-07-26 18:10:12 [humanized-mouse] humanized-mouse: moving to 142,266
2026-07-26 18:10:13 [humanized-mouse] humanized-mouse: moving to 776,882
2026-07-26 18:10:14 [humanized-mouse] humanized-mouse: moving to 45,797
2026-07-26 18:10:15 [humanized-mouse] humanized-mouse: moving to 2219,1123
2026-07-26 18:10:16 [humanized-mouse] humanized-mouse: moving to 1400,976
2026-07-26 18:10:17 [humanized-mouse] humanized-mouse: moving to 298,523
2026-07-26 18:10:18 [humanized-mouse] humanized-mouse: moving to 1903,110
2026-07-26 18:10:19 [humanized-mouse] F6 pressed - stop requested
2026-07-26 18:10:19 [humanized-mouse] Pause: stop flag seen at end of wait - throwing BotStopped
2026-07-26 18:10:19 [humanized-mouse] HumanizedMouse: STOPPED by F6
2026-07-26 18:13:16 [humanized-mouse] Script loaded. F5=start  F6=stop  F12=exit.
2026-07-26 18:13:18 [humanized-mouse] HumanizedMouse: started
2026-07-26 18:13:18 [humanized-mouse] humanized-mouse: moving to 840,202
2026-07-26 18:13:19 [humanized-mouse] humanized-mouse: moving to 1413,1153
2026-07-26 18:13:20 [humanized-mouse] humanized-mouse: moving to 509,324
2026-07-26 18:13:21 [humanized-mouse] humanized-mouse: moving to 737,1354
2026-07-26 18:13:23 [humanized-mouse] humanized-mouse: moving to 1105,539
2026-07-26 18:13:24 [humanized-mouse] humanized-mouse: moving to 1505,1046
2026-07-26 18:13:25 [humanized-mouse] humanized-mouse: moving to 245,1212
2026-07-26 18:13:26 [humanized-mouse] humanized-mouse: moving to 2420,1209
2026-07-26 18:13:27 [humanized-mouse] humanized-mouse: moving to 482,571
2026-07-26 18:13:28 [humanized-mouse] humanized-mouse: moving to 1574,1190
2026-07-26 18:13:29 [humanized-mouse] humanized-mouse: moving to 2315,230
2026-07-26 18:13:31 [humanized-mouse] humanized-mouse: moving to 753,45
2026-07-26 18:13:32 [humanized-mouse] humanized-mouse: moving to 1026,827
2026-07-26 18:13:33 [humanized-mouse] humanized-mouse: moving to 1378,1025
2026-07-26 18:13:34 [humanized-mouse] humanized-mouse: moving to 1717,207
2026-07-26 18:13:35 [humanized-mouse] humanized-mouse: moving to 1312,507
2026-07-26 18:13:36 [humanized-mouse] humanized-mouse: moving to 2535,382
2026-07-26 18:13:37 [humanized-mouse] humanized-mouse: moving to 1945,588
2026-07-26 18:13:39 [humanized-mouse] humanized-mouse: moving to 1667,1142
2026-07-26 18:13:40 [humanized-mouse] humanized-mouse: moving to 2105,159
2026-07-26 18:13:41 [humanized-mouse] humanized-mouse: moving to 266,551
2026-07-26 18:13:42 [humanized-mouse] humanized-mouse: moving to 1612,1000
2026-07-26 18:13:43 [humanized-mouse] humanized-mouse: moving to 1677,849
2026-07-26 18:13:44 [humanized-mouse] humanized-mouse: moving to 354,1225
2026-07-26 18:13:45 [humanized-mouse] humanized-mouse: moving to 455,154
2026-07-26 18:13:46 [humanized-mouse] F6 pressed - stop requested
2026-07-26 18:13:46 [humanized-mouse] Pause: stop flag seen at end of wait - throwing BotStopped
2026-07-26 18:13:46 [humanized-mouse] HumanizedMouse: STOPPED by F6
2026-07-26 18:18:29 [humanized-mouse] Script loaded. F5=start  F6=stop  F12=exit.
2026-07-26 18:18:29 [humanized-mouse] HumanizedMouse: started
2026-07-26 18:18:29 [humanized-mouse] humanized-mouse: moving to 1148,261
2026-07-26 18:18:31 [humanized-mouse] humanized-mouse: moving to 1613,1028
2026-07-26 18:18:32 [humanized-mouse] humanized-mouse: moving to 666,368
2026-07-26 18:18:34 [humanized-mouse] humanized-mouse: moving to 1385,1167
2026-07-26 18:18:36 [humanized-mouse] humanized-mouse: moving to 682,1250
2026-07-26 18:18:38 [humanized-mouse] humanized-mouse: moving to 1190,337
2026-07-26 18:18:39 [humanized-mouse] humanized-mouse: moving to 233,1317
2026-07-26 18:18:41 [humanized-mouse] humanized-mouse: moving to 327,1403
2026-07-26 18:18:42 [humanized-mouse] humanized-mouse: moving to 1090,244
2026-07-26 18:18:44 [humanized-mouse] humanized-mouse: moving to 2357,317
2026-07-26 18:18:46 [humanized-mouse] humanized-mouse: moving to 2038,736
2026-07-26 18:18:47 [humanized-mouse] F6 pressed - stop requested
2026-07-26 18:18:47 [humanized-mouse] Pause: stop flag seen at end of wait - throwing BotStopped
2026-07-26 18:18:47 [humanized-mouse] HumanizedMouse: STOPPED by F6
2026-07-26 18:20:55 [humanized-mouse] F6 pressed - stop requested
