2026-07-26 23:46:13 [windmouse] Script loaded. F5=start  F6=stop  F12=exit.
2026-07-26 23:46:15 [windmouse] WindMouse: started
2026-07-26 23:46:15 [windmouse] windmouse: moving to 778,678
2026-07-26 23:46:16 [windmouse] windmouse: moving to 2283,423
2026-07-26 23:46:19 [windmouse] windmouse: moving to 1760,644
2026-07-26 23:46:20 [windmouse] windmouse: moving to 948,1407
2026-07-26 23:46:22 [windmouse] windmouse: moving to 1998,1072
2026-07-26 23:46:24 [windmouse] windmouse: moving to 1326,1110
2026-07-26 23:46:26 [windmouse] windmouse: moving to 1951,1233
2026-07-26 23:46:27 [windmouse] windmouse: moving to 1134,1146
2026-07-26 23:46:29 [windmouse] windmouse: moving to 2095,1402
2026-07-26 23:46:31 [windmouse] windmouse: moving to 859,246
2026-07-26 23:46:33 [windmouse] windmouse: moving to 195,1323
2026-07-26 23:46:35 [windmouse] windmouse: moving to 119,312
2026-07-26 23:46:37 [windmouse] windmouse: moving to 423,486
2026-07-26 23:46:38 [windmouse] windmouse: moving to 382,293
2026-07-26 23:46:39 [windmouse] windmouse: moving to 1850,145
2026-07-26 23:46:41 [windmouse] windmouse: moving to 2224,989
2026-07-26 23:46:43 [windmouse] F6 pressed - stop requested
2026-07-26 23:46:43 [windmouse] Pause: stop flag seen - throwing BotStopped
2026-07-26 23:46:43 [windmouse] WindMouse: STOPPED by F6
2026-07-26 23:47:50 [windmouse] Script loaded. F5=start  F6=stop  F12=exit.
2026-07-26 23:47:51 [windmouse] WindMouse: started
2026-07-26 23:47:51 [windmouse] windmouse: moving to 81,1115
2026-07-26 23:47:53 [windmouse] windmouse: moving to 1367,1132
2026-07-26 23:47:54 [windmouse] windmouse: moving to 1187,1242
2026-07-26 23:47:55 [windmouse] windmouse: moving to 411,632
2026-07-26 23:47:56 [windmouse] windmouse: moving to 889,355
2026-07-26 23:47:57 [windmouse] windmouse: moving to 361,1292
2026-07-26 23:47:58 [windmouse] windmouse: moving to 2078,33
2026-07-26 23:48:00 [windmouse] F6 pressed - stop requested
2026-07-26 23:48:00 [windmouse] Pause: stop flag seen at end of wait - throwing BotStopped
2026-07-26 23:48:00 [windmouse] WindMouse: STOPPED by F6
2026-07-26 23:48:35 [windmouse] F12 pressed - exiting
2026-07-26 23:50:38 [windmouse] Script loaded. F5=start  F6=stop  F12=exit.
2026-07-26 23:50:39 [windmouse] WindMouse: started
2026-07-26 23:50:39 [windmouse] windmouse: moving to 914,366
2026-07-26 23:50:39 [windmouse] windmouse: moving to 1539,740
2026-07-26 23:50:40 [windmouse] windmouse: moving to 1052,136
2026-07-26 23:50:40 [windmouse] windmouse: moving to 657,1039
2026-07-26 23:50:41 [windmouse] windmouse: moving to 1503,114
2026-07-26 23:50:42 [windmouse] windmouse: moving to 1993,308
2026-07-26 23:50:42 [windmouse] windmouse: moving to 1024,1106
2026-07-26 23:50:43 [windmouse] windmouse: moving to 1223,240
2026-07-26 23:50:43 [windmouse] windmouse: moving to 1049,786
2026-07-26 23:50:44 [windmouse] windmouse: moving to 414,925
2026-07-26 23:50:44 [windmouse] windmouse: moving to 1023,59
2026-07-26 23:50:45 [windmouse] windmouse: moving to 631,676
2026-07-26 23:50:45 [windmouse] windmouse: moving to 1202,908
2026-07-26 23:50:46 [windmouse] windmouse: moving to 1502,170
2026-07-26 23:50:46 [windmouse] windmouse: moving to 446,469
2026-07-26 23:50:47 [windmouse] windmouse: moving to 763,927
2026-07-26 23:50:47 [windmouse] windmouse: moving to 974,720
2026-07-26 23:50:48 [windmouse] windmouse: moving to 831,275
2026-07-26 23:50:48 [windmouse] windmouse: moving to 1694,775
2026-07-26 23:50:49 [windmouse] windmouse: moving to 1514,24
2026-07-26 23:50:49 [windmouse] windmouse: moving to 939,1097
2026-07-26 23:50:50 [windmouse] windmouse: moving to 694,184
2026-07-26 23:50:50 [windmouse] windmouse: moving to 1014,764
2026-07-26 23:50:51 [windmouse] windmouse: moving to 2398,289
2026-07-26 23:50:52 [windmouse] windmouse: moving to 392,457
2026-07-26 23:50:52 [windmouse] windmouse: moving to 1082,1262
2026-07-26 23:50:53 [windmouse] windmouse: moving to 1728,1317
2026-07-26 23:50:54 [windmouse] windmouse: moving to 819,768
2026-07-26 23:50:54 [windmouse] windmouse: moving to 180,478
2026-07-26 23:50:55 [windmouse] windmouse: moving to 2485,413
2026-07-26 23:50:56 [windmouse] windmouse: moving to 1574,1313
2026-07-26 23:50:56 [windmouse] windmouse: moving to 835,1326
2026-07-26 23:50:57 [windmouse] windmouse: moving to 643,676
2026-07-26 23:50:57 [windmouse] windmouse: moving to 1940,187
2026-07-26 23:50:58 [windmouse] windmouse: moving to 178,892
2026-07-26 23:50:59 [windmouse] F12 pressed - exiting
2026-07-26 23:51:45 [windmouse] Script loaded. F5=start  F6=stop  F12=exit.
2026-07-26 23:51:46 [windmouse] WindMouse: started
2026-07-26 23:51:46 [windmouse] windmouse: moving to 1309,315
2026-07-26 23:51:46 [windmouse] windmouse: moving to 139,269
2026-07-26 23:51:47 [windmouse] windmouse: moving to 463,645
2026-07-26 23:51:47 [windmouse] windmouse: moving to 476,131
2026-07-26 23:51:48 [windmouse] windmouse: moving to 915,136
2026-07-26 23:51:48 [windmouse] windmouse: moving to 1933,326
2026-07-26 23:51:49 [windmouse] windmouse: moving to 1342,1313
2026-07-26 23:51:49 [windmouse] windmouse: moving to 814,564
2026-07-26 23:51:50 [windmouse] windmouse: moving to 2407,311
2026-07-26 23:51:51 [windmouse] windmouse: moving to 1994,758
2026-07-26 23:51:51 [windmouse] windmouse: moving to 365,687
2026-07-26 23:51:52 [windmouse] windmouse: moving to 944,1371
2026-07-26 23:51:52 [windmouse] windmouse: moving to 1097,184
2026-07-26 23:51:53 [windmouse] windmouse: moving to 267,1225
2026-07-26 23:51:54 [windmouse] windmouse: moving to 776,173
2026-07-26 23:51:54 [windmouse] windmouse: moving to 2528,885
2026-07-26 23:51:55 [windmouse] windmouse: moving to 955,938
2026-07-26 23:51:56 [windmouse] windmouse: moving to 1756,1009
2026-07-26 23:51:56 [windmouse] windmouse: moving to 404,576
2026-07-26 23:51:57 [windmouse] windmouse: moving to 2030,78
2026-07-26 23:51:57 [windmouse] windmouse: moving to 2229,1409
2026-07-26 23:51:58 [windmouse] windmouse: moving to 566,1330
2026-07-26 23:51:59 [windmouse] windmouse: moving to 1526,1159
2026-07-26 23:51:59 [windmouse] windmouse: moving to 741,1188
2026-07-26 23:52:00 [windmouse] windmouse: moving to 855,1072
2026-07-26 23:52:00 [windmouse] windmouse: moving to 1275,1110
2026-07-26 23:52:00 [windmouse] windmouse: moving to 1710,312
2026-07-26 23:52:01 [windmouse] windmouse: moving to 1241,1406
2026-07-26 23:52:02 [windmouse] windmouse: moving to 1471,224
2026-07-26 23:52:02 [windmouse] windmouse: moving to 170,305
2026-07-26 23:52:03 [windmouse] windmouse: moving to 2033,480
2026-07-26 23:52:04 [windmouse] windmouse: moving to 1832,1420
2026-07-26 23:52:04 [windmouse] F12 pressed - exiting
