2026-08-03 17:00:40 [woodcutting-flow] woodcutting-flow: ready - F5 run, F6 stop, F12 exit
2026-08-03 17:01:07 [woodcutting-flow] woodcutting-flow: session length rolled at 10800000ms / 180.0 min
2026-08-03 17:01:08 [woodcutting-flow] FindFilledBlock: not found (69x69 0x00FF00 tol=5, 16 ms)
2026-08-03 17:01:08 [woodcutting-flow] FindFilledBlock: not found (69x69 0x00B809 tol=5, 15 ms)
2026-08-03 17:01:08 [woodcutting-flow] Acquire ring 160: not found (31 ms)
2026-08-03 17:01:08 [woodcutting-flow] FindFilledBlock: found at 1397,867 (69x69 0x00FF00 tol=5, 16 ms)
2026-08-03 17:01:08 [woodcutting-flow] FindFilledBlock: found at 1487,771 (69x69 0x00B809 tol=5, 16 ms)
2026-08-03 17:01:08 [woodcutting-flow] Acquired new target at 1397,867 (0x00FF00, ring 320, 63 ms)
2026-08-03 17:01:08 [woodcutting-flow] FindFilledBlock: found at 1397,867 (69x69 0x00FF00 tol=5, 0 ms)
2026-08-03 17:01:08 [woodcutting-flow] Clicked initial/re-click target at 1397,867 (search 0 ms)
2026-08-03 17:01:08 [woodcutting-flow] ReleasePendingModifiersNow: released Ctrl
2026-08-03 17:01:08 [woodcutting-flow] FindFilledBlock: found at 1373,901 (69x69 0x00FF00 tol=5, 0 ms)
2026-08-03 17:01:08 [woodcutting-flow] Tracking not-yet-stable target at 1373,901 (search 0 ms)
2026-08-03 17:01:08 [woodcutting-flow] FindFilledBlock: found at 1373,901 (69x69 0x00FF00 tol=5, 0 ms)
2026-08-03 17:01:08 [woodcutting-flow] Tracking not-yet-stable target at 1373,901 (search 0 ms)
2026-08-03 17:01:08 [woodcutting-flow] FindFilledBlock: found at 1397,867 (69x69 0x00FF00 tol=5, 0 ms)
2026-08-03 17:01:08 [woodcutting-flow] Tracking not-yet-stable target at 1397,867 (search 0 ms)
2026-08-03 17:01:08 [woodcutting-flow] FindFilledBlock: found at 1397,867 (69x69 0x00FF00 tol=5, 16 ms)
2026-08-03 17:01:08 [woodcutting-flow] Tracking not-yet-stable target at 1397,867 (search 16 ms)
2026-08-03 17:01:09 [woodcutting-flow] FindFilledBlock: found at 1397,867 (69x69 0x00FF00 tol=5, 15 ms)
2026-08-03 17:01:09 [woodcutting-flow] Tracking stable target at 1397,867 (search 15 ms)
2026-08-03 17:01:09 [woodcutting-flow] FindFilledBlock: found at 1395,865 (69x69 0x00FF00 tol=5, 0 ms)
2026-08-03 17:01:09 [woodcutting-flow] Tracking stable target at 1395,865 (search 0 ms)
2026-08-03 17:01:09 [woodcutting-flow] FindFilledBlock: found at 1383,853 (69x69 0x00FF00 tol=5, 16 ms)
2026-08-03 17:01:09 [woodcutting-flow] Tracking not-yet-stable target at 1383,853 (search 16 ms)
2026-08-03 17:01:09 [woodcutting-flow] FindFilledBlock: found at 1369,837 (69x69 0x00FF00 tol=5, 0 ms)
2026-08-03 17:01:09 [woodcutting-flow] Tracking not-yet-stable target at 1369,837 (search 0 ms)
2026-08-03 17:01:09 [woodcutting-flow] FindFilledBlock: found at 1351,821 (69x69 0x00FF00 tol=5, 16 ms)
2026-08-03 17:01:09 [woodcutting-flow] Tracking not-yet-stable target at 1351,821 (search 16 ms)
2026-08-03 17:01:09 [woodcutting-flow] FindFilledBlock: found at 1333,801 (69x69 0x00FF00 tol=5, 15 ms)
2026-08-03 17:01:09 [woodcutting-flow] Tracking not-yet-stable target at 1333,801 (search 15 ms)
2026-08-03 17:01:10 [woodcutting-flow] FindFilledBlock: found at 1317,787 (69x69 0x00FF00 tol=5, 0 ms)
2026-08-03 17:01:10 [woodcutting-flow] Tracking not-yet-stable target at 1317,787 (search 0 ms)
2026-08-03 17:01:10 [woodcutting-flow] FindFilledBlock: found at 1307,777 (69x69 0x00FF00 tol=5, 16 ms)
2026-08-03 17:01:10 [woodcutting-flow] Tracking not-yet-stable target at 1307,777 (search 16 ms)
2026-08-03 17:01:10 [woodcutting-flow] FindFilledBlock: found at 1301,771 (69x69 0x00FF00 tol=5, 16 ms)
2026-08-03 17:01:10 [woodcutting-flow] Tracking not-yet-stable target at 1301,771 (search 16 ms)
2026-08-03 17:01:10 [woodcutting-flow] FindFilledBlock: found at 1297,767 (69x69 0x00FF00 tol=5, 15 ms)
2026-08-03 17:01:10 [woodcutting-flow] Tracking not-yet-stable target at 1297,767 (search 15 ms)
2026-08-03 17:01:10 [woodcutting-flow] FindFilledBlock: found at 1295,765 (69x69 0x00FF00 tol=5, 0 ms)
2026-08-03 17:01:10 [woodcutting-flow] Tracking stable target at 1295,765 (search 0 ms)
2026-08-03 17:01:10 [woodcutting-flow] FindFilledBlock: found at 1295,763 (69x69 0x00FF00 tol=5, 16 ms)
2026-08-03 17:01:10 [woodcutting-flow] Tracking stable target at 1295,763 (search 16 ms)
2026-08-03 17:01:10 [woodcutting-flow] FindFilledBlock: found at 1293,763 (69x69 0x00FF00 tol=5, 16 ms)
2026-08-03 17:01:10 [woodcutting-flow] Tracking stable target at 1293,763 (search 16 ms)
2026-08-03 17:01:11 [woodcutting-flow] FindFilledBlock: found at 1293,763 (69x69 0x00FF00 tol=5, 15 ms)
2026-08-03 17:01:11 [woodcutting-flow] Tracking stable target at 1293,763 (search 15 ms)
2026-08-03 17:01:11 [woodcutting-flow] FindFilledBlock: found at 1293,763 (69x69 0x00FF00 tol=5, 0 ms)
2026-08-03 17:01:11 [woodcutting-flow] Tracking stable target at 1293,763 (search 0 ms)
2026-08-03 17:01:11 [woodcutting-flow] FindFilledBlock: found at 1293,761 (69x69 0x00FF00 tol=5, 16 ms)
2026-08-03 17:01:11 [woodcutting-flow] Tracking stable target at 1293,761 (search 16 ms)
2026-08-03 17:01:11 [woodcutting-flow] FindFilledBlock: found at 1293,761 (69x69 0x00FF00 tol=5, 0 ms)
2026-08-03 17:01:11 [woodcutting-flow] Tracking stable target at 1293,761 (search 0 ms)
2026-08-03 17:01:11 [woodcutting-flow] FindFilledBlock: found at 1293,761 (69x69 0x00FF00 tol=5, 16 ms)
2026-08-03 17:01:11 [woodcutting-flow] Tracking stable target at 1293,761 (search 16 ms)
2026-08-03 17:01:11 [woodcutting-flow] FindFilledBlock: found at 1293,761 (69x69 0x00FF00 tol=5, 15 ms)
2026-08-03 17:01:11 [woodcutting-flow] Tracking stable target at 1293,761 (search 15 ms)
2026-08-03 17:01:12 [woodcutting-flow] FindFilledBlock: found at 1293,761 (69x69 0x00FF00 tol=5, 16 ms)
2026-08-03 17:01:12 [woodcutting-flow] Tracking stable target at 1293,761 (search 16 ms)
2026-08-03 17:01:12 [woodcutting-flow] FindFilledBlock: found at 1293,761 (69x69 0x00FF00 tol=5, 15 ms)
2026-08-03 17:01:12 [woodcutting-flow] Tracking stable target at 1293,761 (search 15 ms)
2026-08-03 17:01:12 [woodcutting-flow] FindFilledBlock: found at 1293,761 (69x69 0x00FF00 tol=5, 0 ms)
2026-08-03 17:01:12 [woodcutting-flow] Tracking stable target at 1293,761 (search 0 ms)
2026-08-03 17:01:12 [woodcutting-flow] FindFilledBlock: found at 1293,761 (69x69 0x00FF00 tol=5, 0 ms)
2026-08-03 17:01:12 [woodcutting-flow] Tracking stable target at 1293,761 (search 0 ms)
2026-08-03 17:01:12 [woodcutting-flow] FindFilledBlock: found at 1293,761 (69x69 0x00FF00 tol=5, 16 ms)
2026-08-03 17:01:12 [woodcutting-flow] Tracking stable target at 1293,761 (search 16 ms)
2026-08-03 17:01:12 [woodcutting-flow] MaybeWander: idle-wandering while waiting
2026-08-03 17:01:16 [woodcutting-flow] FindFilledBlock: found at 1293,761 (69x69 0x00FF00 tol=5, 15 ms)
2026-08-03 17:01:16 [woodcutting-flow] Tracking stable target at 1293,761 (search 15 ms)
2026-08-03 17:01:17 [woodcutting-flow] FindFilledBlock: found at 1293,761 (69x69 0x00FF00 tol=5, 0 ms)
2026-08-03 17:01:17 [woodcutting-flow] Tracking stable target at 1293,761 (search 0 ms)
2026-08-03 17:01:17 [woodcutting-flow] FindFilledBlock: found at 1293,761 (69x69 0x00FF00 tol=5, 16 ms)
2026-08-03 17:01:17 [woodcutting-flow] Tracking stable target at 1293,761 (search 16 ms)
2026-08-03 17:01:17 [woodcutting-flow] FindFilledBlock: found at 1293,761 (69x69 0x00FF00 tol=5, 16 ms)
2026-08-03 17:01:17 [woodcutting-flow] Tracking stable target at 1293,761 (search 16 ms)
2026-08-03 17:01:17 [woodcutting-flow] FindFilledBlock: found at 1293,761 (69x69 0x00FF00 tol=5, 15 ms)
2026-08-03 17:01:17 [woodcutting-flow] Tracking stable target at 1293,761 (search 15 ms)
2026-08-03 17:01:17 [woodcutting-flow] FindFilledBlock: found at 1293,761 (69x69 0x00FF00 tol=5, 0 ms)
2026-08-03 17:01:17 [woodcutting-flow] Tracking stable target at 1293,761 (search 0 ms)
2026-08-03 17:01:17 [woodcutting-flow] FindFilledBlock: found at 1293,761 (69x69 0x00FF00 tol=5, 16 ms)
2026-08-03 17:01:17 [woodcutting-flow] Tracking stable target at 1293,761 (search 16 ms)
2026-08-03 17:01:17 [woodcutting-flow] FindFilledBlock: found at 1293,761 (69x69 0x00FF00 tol=5, 16 ms)
2026-08-03 17:01:17 [woodcutting-flow] Tracking stable target at 1293,761 (search 16 ms)
2026-08-03 17:01:18 [woodcutting-flow] FindFilledBlock: found at 1293,761 (69x69 0x00FF00 tol=5, 0 ms)
2026-08-03 17:01:18 [woodcutting-flow] Tracking stable target at 1293,761 (search 0 ms)
2026-08-03 17:01:18 [woodcutting-flow] FindFilledBlock: found at 1293,761 (69x69 0x00FF00 tol=5, 0 ms)
2026-08-03 17:01:18 [woodcutting-flow] Tracking stable target at 1293,761 (search 0 ms)
2026-08-03 17:01:18 [woodcutting-flow] FindFilledBlock: found at 1293,761 (69x69 0x00FF00 tol=5, 0 ms)
2026-08-03 17:01:18 [woodcutting-flow] Tracking stable target at 1293,761 (search 0 ms)
2026-08-03 17:01:18 [woodcutting-flow] FindFilledBlock: found at 1293,761 (69x69 0x00FF00 tol=5, 0 ms)
2026-08-03 17:01:18 [woodcutting-flow] Tracking stable target at 1293,761 (search 0 ms)
2026-08-03 17:01:18 [woodcutting-flow] FindFilledBlock: found at 1293,761 (69x69 0x00FF00 tol=5, 15 ms)
2026-08-03 17:01:18 [woodcutting-flow] Tracking stable target at 1293,761 (search 15 ms)
2026-08-03 17:01:18 [woodcutting-flow] FindFilledBlock: found at 1293,761 (69x69 0x00FF00 tol=5, 0 ms)
2026-08-03 17:01:18 [woodcutting-flow] Tracking stable target at 1293,761 (search 0 ms)
2026-08-03 17:01:18 [woodcutting-flow] MaybeWander: idle-wandering while waiting
2026-08-03 17:01:21 [woodcutting-flow] FindFilledBlock: found at 1293,761 (69x69 0x00FF00 tol=5, 16 ms)
2026-08-03 17:01:21 [woodcutting-flow] Tracking stable target at 1293,761 (search 16 ms)
2026-08-03 17:01:21 [woodcutting-flow] MaybeWander: idle-wandering while waiting
2026-08-03 17:01:25 [woodcutting-flow] FindFilledBlock: found at 1293,761 (69x69 0x00FF00 tol=5, 0 ms)
2026-08-03 17:01:25 [woodcutting-flow] Tracking stable target at 1293,761 (search 0 ms)
2026-08-03 17:01:25 [woodcutting-flow] MaybeWander: idle-wandering while waiting
2026-08-03 17:01:28 [woodcutting-flow] FindFilledBlock: found at 1293,761 (69x69 0x00FF00 tol=5, 0 ms)
2026-08-03 17:01:28 [woodcutting-flow] Tracking stable target at 1293,761 (search 0 ms)
2026-08-03 17:01:28 [woodcutting-flow] FindFilledBlock: found at 1293,761 (69x69 0x00FF00 tol=5, 16 ms)
2026-08-03 17:01:28 [woodcutting-flow] Tracking stable target at 1293,761 (search 16 ms)
2026-08-03 17:01:28 [woodcutting-flow] FindFilledBlock: found at 1293,761 (69x69 0x00FF00 tol=5, 16 ms)
2026-08-03 17:01:28 [woodcutting-flow] Tracking stable target at 1293,761 (search 16 ms)
2026-08-03 17:01:28 [woodcutting-flow] FindFilledBlock: found at 1293,761 (69x69 0x00FF00 tol=5, 0 ms)
2026-08-03 17:01:28 [woodcutting-flow] Tracking stable target at 1293,761 (search 0 ms)
2026-08-03 17:01:28 [woodcutting-flow] FindFilledBlock: found at 1293,761 (69x69 0x00FF00 tol=5, 15 ms)
2026-08-03 17:01:28 [woodcutting-flow] Tracking stable target at 1293,761 (search 15 ms)
2026-08-03 17:01:29 [woodcutting-flow] FindFilledBlock: found at 1293,761 (69x69 0x00FF00 tol=5, 15 ms)
2026-08-03 17:01:29 [woodcutting-flow] Tracking stable target at 1293,761 (search 15 ms)
2026-08-03 17:01:29 [woodcutting-flow] FindFilledBlock: found at 1293,761 (69x69 0x00FF00 tol=5, 16 ms)
2026-08-03 17:01:29 [woodcutting-flow] Tracking stable target at 1293,761 (search 16 ms)
2026-08-03 17:01:29 [woodcutting-flow] FindFilledBlock: found at 1293,761 (69x69 0x00FF00 tol=5, 16 ms)
2026-08-03 17:01:29 [woodcutting-flow] Tracking stable target at 1293,761 (search 16 ms)
2026-08-03 17:01:29 [woodcutting-flow] FindFilledBlock: found at 1293,761 (69x69 0x00FF00 tol=5, 15 ms)
2026-08-03 17:01:29 [woodcutting-flow] Tracking stable target at 1293,761 (search 15 ms)
2026-08-03 17:01:29 [woodcutting-flow] FindFilledBlock: found at 1293,761 (69x69 0x00FF00 tol=5, 16 ms)
2026-08-03 17:01:29 [woodcutting-flow] Tracking stable target at 1293,761 (search 16 ms)
2026-08-03 17:01:29 [woodcutting-flow] FindFilledBlock: found at 1293,761 (69x69 0x00FF00 tol=5, 16 ms)
2026-08-03 17:01:29 [woodcutting-flow] Tracking stable target at 1293,761 (search 16 ms)
2026-08-03 17:01:30 [woodcutting-flow] FindFilledBlock: found at 1293,761 (69x69 0x00FF00 tol=5, 16 ms)
2026-08-03 17:01:30 [woodcutting-flow] Tracking stable target at 1293,761 (search 16 ms)
2026-08-03 17:01:30 [woodcutting-flow] FindFilledBlock: found at 1293,761 (69x69 0x00FF00 tol=5, 15 ms)
2026-08-03 17:01:30 [woodcutting-flow] Tracking stable target at 1293,761 (search 15 ms)
2026-08-03 17:01:30 [woodcutting-flow] FindFilledBlock: found at 1293,761 (69x69 0x00FF00 tol=5, 15 ms)
2026-08-03 17:01:30 [woodcutting-flow] Tracking stable target at 1293,761 (search 15 ms)
2026-08-03 17:01:30 [woodcutting-flow] FindFilledBlock: found at 1293,761 (69x69 0x00FF00 tol=5, 16 ms)
2026-08-03 17:01:30 [woodcutting-flow] Tracking stable target at 1293,761 (search 16 ms)
2026-08-03 17:01:30 [woodcutting-flow] FindFilledBlock: found at 1293,761 (69x69 0x00FF00 tol=5, 16 ms)
2026-08-03 17:01:30 [woodcutting-flow] Tracking stable target at 1293,761 (search 16 ms)
2026-08-03 17:01:30 [woodcutting-flow] FindFilledBlock: found at 1293,761 (69x69 0x00FF00 tol=5, 16 ms)
2026-08-03 17:01:30 [woodcutting-flow] Tracking stable target at 1293,761 (search 16 ms)
2026-08-03 17:01:31 [woodcutting-flow] FindFilledBlock: found at 1293,761 (69x69 0x00FF00 tol=5, 15 ms)
2026-08-03 17:01:31 [woodcutting-flow] Tracking stable target at 1293,761 (search 15 ms)
2026-08-03 17:01:31 [woodcutting-flow] FindFilledBlock: found at 1293,761 (69x69 0x00FF00 tol=5, 0 ms)
2026-08-03 17:01:31 [woodcutting-flow] Tracking stable target at 1293,761 (search 0 ms)
2026-08-03 17:01:31 [woodcutting-flow] FindFilledBlock: found at 1293,761 (69x69 0x00FF00 tol=5, 15 ms)
2026-08-03 17:01:31 [woodcutting-flow] Tracking stable target at 1293,761 (search 15 ms)
2026-08-03 17:01:31 [woodcutting-flow] FindFilledBlock: found at 1293,761 (69x69 0x00FF00 tol=5, 16 ms)
2026-08-03 17:01:31 [woodcutting-flow] Tracking stable target at 1293,761 (search 16 ms)
2026-08-03 17:01:31 [woodcutting-flow] FindFilledBlock: found at 1293,761 (69x69 0x00FF00 tol=5, 0 ms)
2026-08-03 17:01:31 [woodcutting-flow] Tracking stable target at 1293,761 (search 15 ms)
2026-08-03 17:01:31 [woodcutting-flow] FindFilledBlock: found at 1293,761 (69x69 0x00FF00 tol=5, 16 ms)
2026-08-03 17:01:31 [woodcutting-flow] Tracking stable target at 1293,761 (search 16 ms)
2026-08-03 17:01:31 [woodcutting-flow] FindFilledBlock: found at 1293,761 (69x69 0x00FF00 tol=5, 15 ms)
2026-08-03 17:01:31 [woodcutting-flow] Tracking stable target at 1293,761 (search 15 ms)
2026-08-03 17:01:32 [woodcutting-flow] FindFilledBlock: found at 1293,761 (69x69 0x00FF00 tol=5, 0 ms)
2026-08-03 17:01:32 [woodcutting-flow] Tracking stable target at 1293,761 (search 16 ms)
2026-08-03 17:01:32 [woodcutting-flow] FindFilledBlock: found at 1293,761 (69x69 0x00FF00 tol=5, 16 ms)
2026-08-03 17:01:32 [woodcutting-flow] Tracking stable target at 1293,761 (search 16 ms)
2026-08-03 17:01:32 [woodcutting-flow] FindFilledBlock: found at 1293,761 (69x69 0x00FF00 tol=5, 16 ms)
2026-08-03 17:01:32 [woodcutting-flow] Tracking stable target at 1293,761 (search 16 ms)
2026-08-03 17:01:32 [woodcutting-flow] FindFilledBlock: found at 1293,761 (69x69 0x00FF00 tol=5, 0 ms)
2026-08-03 17:01:32 [woodcutting-flow] Tracking stable target at 1293,761 (search 15 ms)
2026-08-03 17:01:32 [woodcutting-flow] FindFilledBlock: found at 1293,761 (69x69 0x00FF00 tol=5, 16 ms)
2026-08-03 17:01:32 [woodcutting-flow] Tracking stable target at 1293,761 (search 16 ms)
2026-08-03 17:01:32 [woodcutting-flow] FindFilledBlock: found at 1293,761 (69x69 0x00FF00 tol=5, 16 ms)
2026-08-03 17:01:32 [woodcutting-flow] Tracking stable target at 1293,761 (search 16 ms)
2026-08-03 17:01:32 [woodcutting-flow] FindFilledBlock: found at 1293,761 (69x69 0x00FF00 tol=5, 0 ms)
2026-08-03 17:01:32 [woodcutting-flow] Tracking stable target at 1293,761 (search 0 ms)
2026-08-03 17:01:33 [woodcutting-flow] FindFilledBlock: found at 1293,761 (69x69 0x00FF00 tol=5, 15 ms)
2026-08-03 17:01:33 [woodcutting-flow] Tracking stable target at 1293,761 (search 15 ms)
2026-08-03 17:01:33 [woodcutting-flow] FindFilledBlock: found at 1293,761 (69x69 0x00FF00 tol=5, 16 ms)
2026-08-03 17:01:33 [woodcutting-flow] Tracking stable target at 1293,761 (search 16 ms)
2026-08-03 17:01:33 [woodcutting-flow] FindFilledBlock: found at 1293,761 (69x69 0x00FF00 tol=5, 16 ms)
2026-08-03 17:01:33 [woodcutting-flow] Tracking stable target at 1293,761 (search 16 ms)
2026-08-03 17:01:33 [woodcutting-flow] FindFilledBlock: found at 1293,761 (69x69 0x00FF00 tol=5, 15 ms)
2026-08-03 17:01:33 [woodcutting-flow] Tracking stable target at 1293,761 (search 15 ms)
2026-08-03 17:01:33 [woodcutting-flow] FindFilledBlock: found at 1293,761 (69x69 0x00FF00 tol=5, 15 ms)
2026-08-03 17:01:33 [woodcutting-flow] Tracking stable target at 1293,761 (search 15 ms)
2026-08-03 17:01:33 [woodcutting-flow] FindFilledBlock: found at 1293,761 (69x69 0x00FF00 tol=5, 16 ms)
2026-08-03 17:01:33 [woodcutting-flow] Tracking stable target at 1293,761 (search 16 ms)
2026-08-03 17:01:34 [woodcutting-flow] FindFilledBlock: found at 1293,761 (69x69 0x00FF00 tol=5, 16 ms)
2026-08-03 17:01:34 [woodcutting-flow] Tracking stable target at 1293,761 (search 16 ms)
2026-08-03 17:01:34 [woodcutting-flow] FindFilledBlock: found at 1293,761 (69x69 0x00FF00 tol=5, 0 ms)
2026-08-03 17:01:34 [woodcutting-flow] Tracking stable target at 1293,761 (search 0 ms)
2026-08-03 17:01:34 [woodcutting-flow] FindFilledBlock: found at 1293,761 (69x69 0x00FF00 tol=5, 15 ms)
2026-08-03 17:01:34 [woodcutting-flow] Tracking stable target at 1293,761 (search 15 ms)
2026-08-03 17:01:34 [woodcutting-flow] FindFilledBlock: found at 1293,761 (69x69 0x00FF00 tol=5, 0 ms)
2026-08-03 17:01:34 [woodcutting-flow] Tracking stable target at 1293,761 (search 0 ms)
2026-08-03 17:01:34 [woodcutting-flow] FindFilledBlock: found at 1293,761 (69x69 0x00FF00 tol=5, 16 ms)
2026-08-03 17:01:34 [woodcutting-flow] Tracking stable target at 1293,761 (search 16 ms)
2026-08-03 17:01:34 [woodcutting-flow] FindFilledBlock: found at 1293,761 (69x69 0x00FF00 tol=5, 0 ms)
2026-08-03 17:01:34 [woodcutting-flow] Tracking stable target at 1293,761 (search 0 ms)
2026-08-03 17:01:34 [woodcutting-flow] FindFilledBlock: found at 1293,761 (69x69 0x00FF00 tol=5, 0 ms)
2026-08-03 17:01:34 [woodcutting-flow] Tracking stable target at 1293,761 (search 15 ms)
2026-08-03 17:01:35 [woodcutting-flow] FindFilledBlock: found at 1293,761 (69x69 0x00FF00 tol=5, 0 ms)
2026-08-03 17:01:35 [woodcutting-flow] Tracking stable target at 1293,761 (search 0 ms)
2026-08-03 17:01:35 [woodcutting-flow] FindFilledBlock: found at 1293,761 (69x69 0x00FF00 tol=5, 16 ms)
2026-08-03 17:01:35 [woodcutting-flow] Tracking stable target at 1293,761 (search 16 ms)
2026-08-03 17:01:35 [woodcutting-flow] FindFilledBlock: found at 1293,761 (69x69 0x00FF00 tol=5, 0 ms)
2026-08-03 17:01:35 [woodcutting-flow] Tracking stable target at 1293,761 (search 0 ms)
2026-08-03 17:01:35 [woodcutting-flow] FindFilledBlock: found at 1293,761 (69x69 0x00FF00 tol=5, 15 ms)
2026-08-03 17:01:35 [woodcutting-flow] Tracking stable target at 1293,761 (search 15 ms)
2026-08-03 17:01:35 [woodcutting-flow] FindFilledBlock: found at 1293,761 (69x69 0x00FF00 tol=5, 0 ms)
2026-08-03 17:01:35 [woodcutting-flow] Tracking stable target at 1293,761 (search 0 ms)
2026-08-03 17:01:35 [woodcutting-flow] FindFilledBlock: found at 1293,761 (69x69 0x00FF00 tol=5, 16 ms)
2026-08-03 17:01:35 [woodcutting-flow] Tracking stable target at 1293,761 (search 16 ms)
2026-08-03 17:01:36 [woodcutting-flow] FindFilledBlock: found at 1293,761 (69x69 0x00FF00 tol=5, 0 ms)
2026-08-03 17:01:36 [woodcutting-flow] Tracking stable target at 1293,761 (search 0 ms)
2026-08-03 17:01:36 [woodcutting-flow] FindFilledBlock: found at 1293,761 (69x69 0x00FF00 tol=5, 15 ms)
2026-08-03 17:01:36 [woodcutting-flow] Tracking stable target at 1293,761 (search 15 ms)
2026-08-03 17:01:36 [woodcutting-flow] FindFilledBlock: found at 1293,761 (69x69 0x00FF00 tol=5, 0 ms)
2026-08-03 17:01:36 [woodcutting-flow] Tracking stable target at 1293,761 (search 0 ms)
2026-08-03 17:01:36 [woodcutting-flow] FindFilledBlock: found at 1293,761 (69x69 0x00FF00 tol=5, 16 ms)
2026-08-03 17:01:36 [woodcutting-flow] Tracking stable target at 1293,761 (search 16 ms)
2026-08-03 17:01:36 [woodcutting-flow] FindFilledBlock: found at 1293,761 (69x69 0x00FF00 tol=5, 15 ms)
2026-08-03 17:01:36 [woodcutting-flow] Tracking stable target at 1293,761 (search 15 ms)
2026-08-03 17:01:36 [woodcutting-flow] FindFilledBlock: found at 1293,761 (69x69 0x00FF00 tol=5, 0 ms)
2026-08-03 17:01:36 [woodcutting-flow] Tracking stable target at 1293,761 (search 0 ms)
2026-08-03 17:01:37 [woodcutting-flow] FindFilledBlock: found at 1293,761 (69x69 0x00FF00 tol=5, 15 ms)
2026-08-03 17:01:37 [woodcutting-flow] Tracking stable target at 1293,761 (search 15 ms)
2026-08-03 17:01:37 [woodcutting-flow] FindFilledBlock: found at 1293,761 (69x69 0x00FF00 tol=5, 0 ms)
2026-08-03 17:01:37 [woodcutting-flow] Tracking stable target at 1293,761 (search 0 ms)
2026-08-03 17:01:37 [woodcutting-flow] FindFilledBlock: found at 1293,761 (69x69 0x00FF00 tol=5, 0 ms)
2026-08-03 17:01:37 [woodcutting-flow] Tracking stable target at 1293,761 (search 0 ms)
2026-08-03 17:01:37 [woodcutting-flow] FindFilledBlock: found at 1293,761 (69x69 0x00FF00 tol=5, 16 ms)
2026-08-03 17:01:37 [woodcutting-flow] Tracking stable target at 1293,761 (search 16 ms)
2026-08-03 17:01:37 [woodcutting-flow] FindFilledBlock: found at 1293,761 (69x69 0x00FF00 tol=5, 0 ms)
2026-08-03 17:01:37 [woodcutting-flow] Tracking stable target at 1293,761 (search 0 ms)
2026-08-03 17:01:37 [woodcutting-flow] FindFilledBlock: found at 1293,761 (69x69 0x00FF00 tol=5, 0 ms)
2026-08-03 17:01:37 [woodcutting-flow] Tracking stable target at 1293,761 (search 0 ms)
2026-08-03 17:01:37 [woodcutting-flow] FindFilledBlock: found at 1293,761 (69x69 0x00FF00 tol=5, 0 ms)
2026-08-03 17:01:37 [woodcutting-flow] Tracking stable target at 1293,761 (search 0 ms)
2026-08-03 17:01:38 [woodcutting-flow] FindFilledBlock: found at 1293,761 (69x69 0x00FF00 tol=5, 0 ms)
2026-08-03 17:01:38 [woodcutting-flow] Tracking stable target at 1293,761 (search 0 ms)
2026-08-03 17:01:38 [woodcutting-flow] FindFilledBlock: found at 1293,761 (69x69 0x00FF00 tol=5, 0 ms)
2026-08-03 17:01:38 [woodcutting-flow] Tracking stable target at 1293,761 (search 0 ms)
2026-08-03 17:01:38 [woodcutting-flow] FindFilledBlock: found at 1293,761 (69x69 0x00FF00 tol=5, 16 ms)
2026-08-03 17:01:38 [woodcutting-flow] Tracking stable target at 1293,761 (search 16 ms)
2026-08-03 17:01:38 [woodcutting-flow] FindFilledBlock: found at 1293,761 (69x69 0x00FF00 tol=5, 0 ms)
2026-08-03 17:01:38 [woodcutting-flow] Tracking stable target at 1293,761 (search 0 ms)
2026-08-03 17:01:38 [woodcutting-flow] FindFilledBlock: found at 1293,761 (69x69 0x00FF00 tol=5, 15 ms)
2026-08-03 17:01:38 [woodcutting-flow] Tracking stable target at 1293,761 (search 15 ms)
2026-08-03 17:01:38 [woodcutting-flow] FindFilledBlock: found at 1293,761 (69x69 0x00FF00 tol=5, 0 ms)
2026-08-03 17:01:38 [woodcutting-flow] Tracking stable target at 1293,761 (search 0 ms)
2026-08-03 17:01:39 [woodcutting-flow] FindFilledBlock: found at 1293,761 (69x69 0x00FF00 tol=5, 16 ms)
2026-08-03 17:01:39 [woodcutting-flow] Tracking stable target at 1293,761 (search 16 ms)
2026-08-03 17:01:39 [woodcutting-flow] FindFilledBlock: found at 1293,761 (69x69 0x00FF00 tol=5, 0 ms)
2026-08-03 17:01:39 [woodcutting-flow] Tracking stable target at 1293,761 (search 0 ms)
2026-08-03 17:01:39 [woodcutting-flow] FindFilledBlock: found at 1293,761 (69x69 0x00FF00 tol=5, 16 ms)
2026-08-03 17:01:39 [woodcutting-flow] Tracking stable target at 1293,761 (search 16 ms)
2026-08-03 17:01:39 [woodcutting-flow] FindFilledBlock: found at 1293,761 (69x69 0x00FF00 tol=5, 0 ms)
2026-08-03 17:01:39 [woodcutting-flow] Tracking stable target at 1293,761 (search 0 ms)
2026-08-03 17:01:39 [woodcutting-flow] FindFilledBlock: found at 1293,761 (69x69 0x00FF00 tol=5, 16 ms)
2026-08-03 17:01:39 [woodcutting-flow] Tracking stable target at 1293,761 (search 16 ms)
2026-08-03 17:01:39 [woodcutting-flow] FindFilledBlock: found at 1293,761 (69x69 0x00FF00 tol=5, 0 ms)
2026-08-03 17:01:39 [woodcutting-flow] Tracking stable target at 1293,761 (search 0 ms)
2026-08-03 17:01:39 [woodcutting-flow] FindFilledBlock: found at 1293,761 (69x69 0x00FF00 tol=5, 16 ms)
2026-08-03 17:01:39 [woodcutting-flow] Tracking stable target at 1293,761 (search 16 ms)
2026-08-03 17:01:40 [woodcutting-flow] FindFilledBlock: found at 1293,761 (69x69 0x00FF00 tol=5, 16 ms)
2026-08-03 17:01:40 [woodcutting-flow] Tracking stable target at 1293,761 (search 16 ms)
2026-08-03 17:01:40 [woodcutting-flow] FindFilledBlock: found at 1293,761 (69x69 0x00FF00 tol=5, 0 ms)
2026-08-03 17:01:40 [woodcutting-flow] Tracking stable target at 1293,761 (search 0 ms)
2026-08-03 17:01:40 [woodcutting-flow] FindFilledBlock: found at 1293,761 (69x69 0x00FF00 tol=5, 0 ms)
2026-08-03 17:01:40 [woodcutting-flow] Tracking stable target at 1293,761 (search 0 ms)
2026-08-03 17:01:40 [woodcutting-flow] FindFilledBlock: found at 1293,761 (69x69 0x00FF00 tol=5, 0 ms)
2026-08-03 17:01:40 [woodcutting-flow] Tracking stable target at 1293,761 (search 0 ms)
2026-08-03 17:01:40 [woodcutting-flow] FindFilledBlock: found at 1293,761 (69x69 0x00FF00 tol=5, 16 ms)
2026-08-03 17:01:40 [woodcutting-flow] Tracking stable target at 1293,761 (search 16 ms)
2026-08-03 17:01:40 [woodcutting-flow] FindFilledBlock: found at 1293,761 (69x69 0x00FF00 tol=5, 0 ms)
2026-08-03 17:01:40 [woodcutting-flow] Tracking stable target at 1293,761 (search 0 ms)
2026-08-03 17:01:41 [woodcutting-flow] FindFilledBlock: found at 1293,761 (69x69 0x00FF00 tol=5, 15 ms)
2026-08-03 17:01:41 [woodcutting-flow] Tracking stable target at 1293,761 (search 15 ms)
2026-08-03 17:01:41 [woodcutting-flow] FindFilledBlock: found at 1293,761 (69x69 0x00FF00 tol=5, 0 ms)
2026-08-03 17:01:41 [woodcutting-flow] Tracking stable target at 1293,761 (search 0 ms)
2026-08-03 17:01:41 [woodcutting-flow] FindFilledBlock: found at 1293,761 (69x69 0x00FF00 tol=5, 16 ms)
2026-08-03 17:01:41 [woodcutting-flow] Tracking stable target at 1293,761 (search 16 ms)
2026-08-03 17:01:41 [woodcutting-flow] FindFilledBlock: found at 1293,761 (69x69 0x00FF00 tol=5, 0 ms)
2026-08-03 17:01:41 [woodcutting-flow] Tracking stable target at 1293,761 (search 0 ms)
2026-08-03 17:01:41 [woodcutting-flow] FindFilledBlock: found at 1293,761 (69x69 0x00FF00 tol=5, 0 ms)
2026-08-03 17:01:41 [woodcutting-flow] Tracking stable target at 1293,761 (search 0 ms)
2026-08-03 17:01:41 [woodcutting-flow] FindFilledBlock: found at 1293,761 (69x69 0x00FF00 tol=5, 0 ms)
2026-08-03 17:01:41 [woodcutting-flow] Tracking stable target at 1293,761 (search 0 ms)
2026-08-03 17:01:42 [woodcutting-flow] FindFilledBlock: found at 1293,761 (69x69 0x00FF00 tol=5, 0 ms)
2026-08-03 17:01:42 [woodcutting-flow] Tracking stable target at 1293,761 (search 0 ms)
2026-08-03 17:01:42 [woodcutting-flow] FindFilledBlock: found at 1293,761 (69x69 0x00FF00 tol=5, 0 ms)
2026-08-03 17:01:42 [woodcutting-flow] Tracking stable target at 1293,761 (search 0 ms)
2026-08-03 17:01:42 [woodcutting-flow] FindFilledBlock: found at 1293,761 (69x69 0x00FF00 tol=5, 0 ms)
2026-08-03 17:01:42 [woodcutting-flow] Tracking stable target at 1293,761 (search 0 ms)
2026-08-03 17:01:42 [woodcutting-flow] FindFilledBlock: found at 1293,761 (69x69 0x00FF00 tol=5, 0 ms)
2026-08-03 17:01:42 [woodcutting-flow] Tracking stable target at 1293,761 (search 0 ms)
2026-08-03 17:01:42 [woodcutting-flow] FindFilledBlock: found at 1293,761 (69x69 0x00FF00 tol=5, 16 ms)
2026-08-03 17:01:42 [woodcutting-flow] Tracking stable target at 1293,761 (search 16 ms)
2026-08-03 17:01:42 [woodcutting-flow] FindFilledBlock: found at 1293,761 (69x69 0x00FF00 tol=5, 0 ms)
2026-08-03 17:01:42 [woodcutting-flow] Tracking stable target at 1293,761 (search 0 ms)
2026-08-03 17:01:42 [woodcutting-flow] FindFilledBlock: found at 1293,761 (69x69 0x00FF00 tol=5, 0 ms)
2026-08-03 17:01:42 [woodcutting-flow] Tracking stable target at 1293,761 (search 0 ms)
2026-08-03 17:01:43 [woodcutting-flow] FindFilledBlock: found at 1293,761 (69x69 0x00FF00 tol=5, 0 ms)
2026-08-03 17:01:43 [woodcutting-flow] Tracking stable target at 1293,761 (search 0 ms)
2026-08-03 17:01:43 [woodcutting-flow] FindFilledBlock: found at 1293,761 (69x69 0x00FF00 tol=5, 0 ms)
2026-08-03 17:01:43 [woodcutting-flow] Tracking stable target at 1293,761 (search 0 ms)
2026-08-03 17:01:43 [woodcutting-flow] FindFilledBlock: found at 1293,761 (69x69 0x00FF00 tol=5, 0 ms)
2026-08-03 17:01:43 [woodcutting-flow] Tracking stable target at 1293,761 (search 0 ms)
2026-08-03 17:01:43 [woodcutting-flow] FindFilledBlock: found at 1293,761 (69x69 0x00FF00 tol=5, 0 ms)
2026-08-03 17:01:43 [woodcutting-flow] Tracking stable target at 1293,761 (search 0 ms)
2026-08-03 17:01:43 [woodcutting-flow] FindFilledBlock: found at 1293,761 (69x69 0x00FF00 tol=5, 0 ms)
2026-08-03 17:01:43 [woodcutting-flow] Tracking stable target at 1293,761 (search 0 ms)
2026-08-03 17:01:43 [woodcutting-flow] FindFilledBlock: found at 1293,761 (69x69 0x00FF00 tol=5, 0 ms)
2026-08-03 17:01:43 [woodcutting-flow] Tracking stable target at 1293,761 (search 0 ms)
2026-08-03 17:01:44 [woodcutting-flow] FindFilledBlock: not found (69x69 0x00FF00 tol=5, 0 ms)
2026-08-03 17:01:44 [woodcutting-flow] Target depleted or lost - re-acquiring (searched 0 ms)
2026-08-03 17:01:44 [woodcutting-flow] FindFilledBlock: not found (69x69 0x00FF00 tol=5, 15 ms)
2026-08-03 17:01:44 [woodcutting-flow] FindFilledBlock: found at 1373,665 (69x69 0x00B809 tol=5, 0 ms)
2026-08-03 17:01:44 [woodcutting-flow] Acquired new target at 1373,665 (0x00B809, ring 160, 15 ms)
2026-08-03 17:01:44 [woodcutting-flow] FindFilledBlock: found at 1385,661 (69x69 0x00B809 tol=5, 0 ms)
2026-08-03 17:01:44 [woodcutting-flow] Clicked initial/re-click target at 1385,661 (search 0 ms)
2026-08-03 17:01:44 [woodcutting-flow] ReleasePendingModifiersNow: released Ctrl
2026-08-03 17:01:44 [woodcutting-flow] FindFilledBlock: found at 1373,703 (69x69 0x00B809 tol=5, 15 ms)
2026-08-03 17:01:44 [woodcutting-flow] Tracking not-yet-stable target at 1373,703 (search 15 ms)
2026-08-03 17:01:44 [woodcutting-flow] FindFilledBlock: found at 1373,703 (69x69 0x00B809 tol=5, 15 ms)
2026-08-03 17:01:44 [woodcutting-flow] Tracking not-yet-stable target at 1373,703 (search 15 ms)
2026-08-03 17:01:45 [woodcutting-flow] FindFilledBlock: found at 1385,661 (69x69 0x00B809 tol=5, 15 ms)
2026-08-03 17:01:45 [woodcutting-flow] Tracking not-yet-stable target at 1385,661 (search 15 ms)
2026-08-03 17:01:45 [woodcutting-flow] FindFilledBlock: found at 1385,661 (69x69 0x00B809 tol=5, 0 ms)
2026-08-03 17:01:45 [woodcutting-flow] Tracking not-yet-stable target at 1385,661 (search 16 ms)
2026-08-03 17:01:45 [woodcutting-flow] FindFilledBlock: found at 1383,661 (69x69 0x00B809 tol=5, 16 ms)
2026-08-03 17:01:45 [woodcutting-flow] Tracking stable target at 1383,661 (search 16 ms)
2026-08-03 17:01:45 [woodcutting-flow] FindFilledBlock: found at 1379,661 (69x69 0x00B809 tol=5, 16 ms)
2026-08-03 17:01:45 [woodcutting-flow] Tracking stable target at 1379,661 (search 16 ms)
2026-08-03 17:01:45 [woodcutting-flow] FindFilledBlock: found at 1373,659 (69x69 0x00B809 tol=5, 15 ms)
2026-08-03 17:01:45 [woodcutting-flow] Tracking not-yet-stable target at 1373,659 (search 15 ms)
2026-08-03 17:01:45 [woodcutting-flow] FindFilledBlock: found at 1363,659 (69x69 0x00B809 tol=5, 16 ms)
2026-08-03 17:01:45 [woodcutting-flow] Tracking not-yet-stable target at 1363,659 (search 16 ms)
2026-08-03 17:01:45 [woodcutting-flow] FindFilledBlock: found at 1353,659 (69x69 0x00B809 tol=5, 0 ms)
2026-08-03 17:01:45 [woodcutting-flow] Tracking not-yet-stable target at 1353,659 (search 0 ms)
2026-08-03 17:01:46 [woodcutting-flow] FindFilledBlock: found at 1343,659 (69x69 0x00B809 tol=5, 0 ms)
2026-08-03 17:01:46 [woodcutting-flow] Tracking not-yet-stable target at 1343,659 (search 0 ms)
2026-08-03 17:01:46 [woodcutting-flow] FindFilledBlock: found at 1339,659 (69x69 0x00B809 tol=5, 0 ms)
2026-08-03 17:01:46 [woodcutting-flow] Tracking not-yet-stable target at 1339,659 (search 0 ms)
2026-08-03 17:01:46 [woodcutting-flow] FindFilledBlock: found at 1335,659 (69x69 0x00B809 tol=5, 0 ms)
2026-08-03 17:01:46 [woodcutting-flow] Tracking stable target at 1335,659 (search 0 ms)
2026-08-03 17:01:46 [woodcutting-flow] FindFilledBlock: found at 1335,659 (69x69 0x00B809 tol=5, 0 ms)
2026-08-03 17:01:46 [woodcutting-flow] Tracking stable target at 1335,659 (search 0 ms)
2026-08-03 17:01:46 [woodcutting-flow] FindFilledBlock: found at 1333,659 (69x69 0x00B809 tol=5, 15 ms)
2026-08-03 17:01:46 [woodcutting-flow] Tracking stable target at 1333,659 (search 15 ms)
2026-08-03 17:01:46 [woodcutting-flow] FindFilledBlock: found at 1333,659 (69x69 0x00B809 tol=5, 16 ms)
2026-08-03 17:01:46 [woodcutting-flow] Tracking stable target at 1333,659 (search 16 ms)
2026-08-03 17:01:47 [woodcutting-flow] FindFilledBlock: found at 1331,659 (69x69 0x00B809 tol=5, 0 ms)
2026-08-03 17:01:47 [woodcutting-flow] Tracking stable target at 1331,659 (search 0 ms)
2026-08-03 17:01:47 [woodcutting-flow] FindFilledBlock: found at 1331,659 (69x69 0x00B809 tol=5, 16 ms)
2026-08-03 17:01:47 [woodcutting-flow] Tracking stable target at 1331,659 (search 16 ms)
2026-08-03 17:01:47 [woodcutting-flow] FindFilledBlock: found at 1331,659 (69x69 0x00B809 tol=5, 15 ms)
2026-08-03 17:01:47 [woodcutting-flow] Tracking stable target at 1331,659 (search 15 ms)
2026-08-03 17:01:47 [woodcutting-flow] FindFilledBlock: found at 1331,659 (69x69 0x00B809 tol=5, 0 ms)
2026-08-03 17:01:47 [woodcutting-flow] Tracking stable target at 1331,659 (search 0 ms)
2026-08-03 17:01:47 [woodcutting-flow] FindFilledBlock: found at 1331,659 (69x69 0x00B809 tol=5, 16 ms)
2026-08-03 17:01:47 [woodcutting-flow] Tracking stable target at 1331,659 (search 16 ms)
2026-08-03 17:01:47 [woodcutting-flow] FindFilledBlock: found at 1331,659 (69x69 0x00B809 tol=5, 0 ms)
2026-08-03 17:01:47 [woodcutting-flow] Tracking stable target at 1331,659 (search 0 ms)
2026-08-03 17:01:47 [woodcutting-flow] FindFilledBlock: found at 1331,659 (69x69 0x00B809 tol=5, 16 ms)
2026-08-03 17:01:47 [woodcutting-flow] Tracking stable target at 1331,659 (search 16 ms)
2026-08-03 17:01:48 [woodcutting-flow] FindFilledBlock: found at 1331,659 (69x69 0x00B809 tol=5, 0 ms)
2026-08-03 17:01:48 [woodcutting-flow] Tracking stable target at 1331,659 (search 0 ms)
2026-08-03 17:01:48 [woodcutting-flow] FindFilledBlock: found at 1331,659 (69x69 0x00B809 tol=5, 16 ms)
2026-08-03 17:01:48 [woodcutting-flow] Tracking stable target at 1331,659 (search 16 ms)
2026-08-03 17:01:48 [woodcutting-flow] FindFilledBlock: found at 1331,659 (69x69 0x00B809 tol=5, 0 ms)
2026-08-03 17:01:48 [woodcutting-flow] Tracking stable target at 1331,659 (search 0 ms)
2026-08-03 17:01:48 [woodcutting-flow] FindFilledBlock: found at 1331,659 (69x69 0x00B809 tol=5, 0 ms)
2026-08-03 17:01:48 [woodcutting-flow] Tracking stable target at 1331,659 (search 0 ms)
2026-08-03 17:01:48 [woodcutting-flow] FindFilledBlock: found at 1331,659 (69x69 0x00B809 tol=5, 0 ms)
2026-08-03 17:01:48 [woodcutting-flow] Tracking stable target at 1331,659 (search 0 ms)
2026-08-03 17:01:48 [woodcutting-flow] FindFilledBlock: found at 1331,659 (69x69 0x00B809 tol=5, 16 ms)
2026-08-03 17:01:48 [woodcutting-flow] Tracking stable target at 1331,659 (search 16 ms)
2026-08-03 17:01:49 [woodcutting-flow] FindFilledBlock: found at 1331,659 (69x69 0x00B809 tol=5, 16 ms)
2026-08-03 17:01:49 [woodcutting-flow] Tracking stable target at 1331,659 (search 16 ms)
2026-08-03 17:01:49 [woodcutting-flow] FindFilledBlock: found at 1331,659 (69x69 0x00B809 tol=5, 15 ms)
2026-08-03 17:01:49 [woodcutting-flow] Tracking stable target at 1331,659 (search 15 ms)
2026-08-03 17:01:49 [woodcutting-flow] FindFilledBlock: found at 1331,659 (69x69 0x00B809 tol=5, 16 ms)
2026-08-03 17:01:49 [woodcutting-flow] Tracking stable target at 1331,659 (search 16 ms)
2026-08-03 17:01:49 [woodcutting-flow] FindFilledBlock: found at 1331,659 (69x69 0x00B809 tol=5, 15 ms)
2026-08-03 17:01:49 [woodcutting-flow] Tracking stable target at 1331,659 (search 15 ms)
2026-08-03 17:01:49 [woodcutting-flow] FindFilledBlock: found at 1331,659 (69x69 0x00B809 tol=5, 0 ms)
2026-08-03 17:01:49 [woodcutting-flow] Tracking stable target at 1331,659 (search 0 ms)
2026-08-03 17:01:49 [woodcutting-flow] FindFilledBlock: found at 1331,659 (69x69 0x00B809 tol=5, 16 ms)
2026-08-03 17:01:49 [woodcutting-flow] Tracking stable target at 1331,659 (search 16 ms)
2026-08-03 17:01:49 [woodcutting-flow] FindFilledBlock: found at 1331,659 (69x69 0x00B809 tol=5, 16 ms)
2026-08-03 17:01:49 [woodcutting-flow] Tracking stable target at 1331,659 (search 16 ms)
2026-08-03 17:01:50 [woodcutting-flow] FindFilledBlock: found at 1331,659 (69x69 0x00B809 tol=5, 16 ms)
2026-08-03 17:01:50 [woodcutting-flow] Tracking stable target at 1331,659 (search 16 ms)
2026-08-03 17:01:50 [woodcutting-flow] FindFilledBlock: found at 1331,659 (69x69 0x00B809 tol=5, 15 ms)
2026-08-03 17:01:50 [woodcutting-flow] Tracking stable target at 1331,659 (search 15 ms)
2026-08-03 17:01:50 [woodcutting-flow] FindFilledBlock: found at 1331,659 (69x69 0x00B809 tol=5, 16 ms)
2026-08-03 17:01:50 [woodcutting-flow] Tracking stable target at 1331,659 (search 16 ms)
2026-08-03 17:01:50 [woodcutting-flow] FindFilledBlock: found at 1331,659 (69x69 0x00B809 tol=5, 15 ms)
2026-08-03 17:01:50 [woodcutting-flow] Tracking stable target at 1331,659 (search 15 ms)
2026-08-03 17:01:50 [woodcutting-flow] FindFilledBlock: found at 1331,659 (69x69 0x00B809 tol=5, 16 ms)
2026-08-03 17:01:50 [woodcutting-flow] Tracking stable target at 1331,659 (search 16 ms)
2026-08-03 17:01:50 [woodcutting-flow] FindFilledBlock: found at 1331,659 (69x69 0x00B809 tol=5, 16 ms)
2026-08-03 17:01:50 [woodcutting-flow] Tracking stable target at 1331,659 (search 16 ms)
2026-08-03 17:01:50 [woodcutting-flow] FindFilledBlock: found at 1331,659 (69x69 0x00B809 tol=5, 15 ms)
2026-08-03 17:01:50 [woodcutting-flow] Tracking stable target at 1331,659 (search 15 ms)
2026-08-03 17:01:51 [woodcutting-flow] FindFilledBlock: found at 1331,659 (69x69 0x00B809 tol=5, 16 ms)
2026-08-03 17:01:51 [woodcutting-flow] Tracking stable target at 1331,659 (search 16 ms)
2026-08-03 17:01:51 [woodcutting-flow] FindFilledBlock: found at 1331,659 (69x69 0x00B809 tol=5, 15 ms)
2026-08-03 17:01:51 [woodcutting-flow] Tracking stable target at 1331,659 (search 15 ms)
2026-08-03 17:01:51 [woodcutting-flow] FindFilledBlock: found at 1331,659 (69x69 0x00B809 tol=5, 16 ms)
2026-08-03 17:01:51 [woodcutting-flow] Tracking stable target at 1331,659 (search 16 ms)
2026-08-03 17:01:51 [woodcutting-flow] FindFilledBlock: found at 1331,659 (69x69 0x00B809 tol=5, 15 ms)
2026-08-03 17:01:51 [woodcutting-flow] Tracking stable target at 1331,659 (search 15 ms)
2026-08-03 17:01:51 [woodcutting-flow] FindFilledBlock: found at 1331,659 (69x69 0x00B809 tol=5, 16 ms)
2026-08-03 17:01:51 [woodcutting-flow] Tracking stable target at 1331,659 (search 16 ms)
2026-08-03 17:01:51 [woodcutting-flow] FindFilledBlock: found at 1331,659 (69x69 0x00B809 tol=5, 15 ms)
2026-08-03 17:01:51 [woodcutting-flow] Tracking stable target at 1331,659 (search 15 ms)
2026-08-03 17:01:51 [woodcutting-flow] FindFilledBlock: found at 1331,659 (69x69 0x00B809 tol=5, 16 ms)
2026-08-03 17:01:51 [woodcutting-flow] Tracking stable target at 1331,659 (search 16 ms)
2026-08-03 17:01:52 [woodcutting-flow] FindFilledBlock: found at 1331,659 (69x69 0x00B809 tol=5, 15 ms)
2026-08-03 17:01:52 [woodcutting-flow] Tracking stable target at 1331,659 (search 15 ms)
2026-08-03 17:01:52 [woodcutting-flow] FindFilledBlock: found at 1331,659 (69x69 0x00B809 tol=5, 0 ms)
2026-08-03 17:01:52 [woodcutting-flow] Tracking stable target at 1331,659 (search 16 ms)
2026-08-03 17:01:52 [woodcutting-flow] FindFilledBlock: found at 1331,659 (69x69 0x00B809 tol=5, 16 ms)
2026-08-03 17:01:52 [woodcutting-flow] Tracking stable target at 1331,659 (search 16 ms)
2026-08-03 17:01:52 [woodcutting-flow] FindFilledBlock: found at 1331,659 (69x69 0x00B809 tol=5, 16 ms)
2026-08-03 17:01:52 [woodcutting-flow] Tracking stable target at 1331,659 (search 16 ms)
2026-08-03 17:01:52 [woodcutting-flow] FindFilledBlock: found at 1331,659 (69x69 0x00B809 tol=5, 15 ms)
2026-08-03 17:01:52 [woodcutting-flow] Tracking stable target at 1331,659 (search 15 ms)
2026-08-03 17:01:52 [woodcutting-flow] FindFilledBlock: found at 1331,659 (69x69 0x00B809 tol=5, 16 ms)
2026-08-03 17:01:52 [woodcutting-flow] Tracking stable target at 1331,659 (search 16 ms)
2026-08-03 17:01:53 [woodcutting-flow] FindFilledBlock: found at 1331,659 (69x69 0x00B809 tol=5, 0 ms)
2026-08-03 17:01:53 [woodcutting-flow] Tracking stable target at 1331,659 (search 0 ms)
2026-08-03 17:01:53 [woodcutting-flow] FindFilledBlock: found at 1331,659 (69x69 0x00B809 tol=5, 16 ms)
2026-08-03 17:01:53 [woodcutting-flow] Tracking stable target at 1331,659 (search 16 ms)
2026-08-03 17:01:53 [woodcutting-flow] FindFilledBlock: found at 1331,659 (69x69 0x00B809 tol=5, 0 ms)
2026-08-03 17:01:53 [woodcutting-flow] Tracking stable target at 1331,659 (search 0 ms)
2026-08-03 17:01:53 [woodcutting-flow] FindFilledBlock: found at 1331,659 (69x69 0x00B809 tol=5, 0 ms)
2026-08-03 17:01:53 [woodcutting-flow] Tracking stable target at 1331,659 (search 0 ms)
2026-08-03 17:01:53 [woodcutting-flow] FindFilledBlock: found at 1331,659 (69x69 0x00B809 tol=5, 16 ms)
2026-08-03 17:01:53 [woodcutting-flow] Tracking stable target at 1331,659 (search 16 ms)
2026-08-03 17:01:53 [woodcutting-flow] FindFilledBlock: found at 1331,659 (69x69 0x00B809 tol=5, 16 ms)
2026-08-03 17:01:53 [woodcutting-flow] Tracking stable target at 1331,659 (search 16 ms)
2026-08-03 17:01:53 [woodcutting-flow] FindFilledBlock: found at 1331,659 (69x69 0x00B809 tol=5, 0 ms)
2026-08-03 17:01:53 [woodcutting-flow] Tracking stable target at 1331,659 (search 0 ms)
2026-08-03 17:01:54 [woodcutting-flow] FindFilledBlock: found at 1331,659 (69x69 0x00B809 tol=5, 16 ms)
2026-08-03 17:01:54 [woodcutting-flow] Tracking stable target at 1331,659 (search 16 ms)
2026-08-03 17:01:54 [woodcutting-flow] FindFilledBlock: found at 1331,659 (69x69 0x00B809 tol=5, 0 ms)
2026-08-03 17:01:54 [woodcutting-flow] Tracking stable target at 1331,659 (search 0 ms)
2026-08-03 17:01:54 [woodcutting-flow] FindFilledBlock: found at 1331,659 (69x69 0x00B809 tol=5, 16 ms)
2026-08-03 17:01:54 [woodcutting-flow] Tracking stable target at 1331,659 (search 16 ms)
2026-08-03 17:01:54 [woodcutting-flow] FindFilledBlock: found at 1331,659 (69x69 0x00B809 tol=5, 0 ms)
2026-08-03 17:01:54 [woodcutting-flow] Tracking stable target at 1331,659 (search 0 ms)
2026-08-03 17:01:54 [woodcutting-flow] FindFilledBlock: found at 1331,659 (69x69 0x00B809 tol=5, 16 ms)
2026-08-03 17:01:54 [woodcutting-flow] Tracking stable target at 1331,659 (search 16 ms)
2026-08-03 17:01:54 [woodcutting-flow] FindFilledBlock: found at 1331,659 (69x69 0x00B809 tol=5, 0 ms)
2026-08-03 17:01:54 [woodcutting-flow] Tracking stable target at 1331,659 (search 0 ms)
2026-08-03 17:01:55 [woodcutting-flow] FindFilledBlock: found at 1331,659 (69x69 0x00B809 tol=5, 16 ms)
2026-08-03 17:01:55 [woodcutting-flow] Tracking stable target at 1331,659 (search 16 ms)
2026-08-03 17:01:55 [woodcutting-flow] FindFilledBlock: found at 1331,659 (69x69 0x00B809 tol=5, 0 ms)
2026-08-03 17:01:55 [woodcutting-flow] Tracking stable target at 1331,659 (search 0 ms)
2026-08-03 17:01:55 [woodcutting-flow] FindFilledBlock: found at 1331,659 (69x69 0x00B809 tol=5, 16 ms)
2026-08-03 17:01:55 [woodcutting-flow] Tracking stable target at 1331,659 (search 16 ms)
2026-08-03 17:01:55 [woodcutting-flow] FindFilledBlock: found at 1331,659 (69x69 0x00B809 tol=5, 15 ms)
2026-08-03 17:01:55 [woodcutting-flow] Tracking stable target at 1331,659 (search 15 ms)
2026-08-03 17:01:55 [woodcutting-flow] FindFilledBlock: found at 1331,659 (69x69 0x00B809 tol=5, 16 ms)
2026-08-03 17:01:55 [woodcutting-flow] Tracking stable target at 1331,659 (search 16 ms)
2026-08-03 17:01:55 [woodcutting-flow] FindFilledBlock: found at 1331,659 (69x69 0x00B809 tol=5, 15 ms)
2026-08-03 17:01:55 [woodcutting-flow] Tracking stable target at 1331,659 (search 15 ms)
2026-08-03 17:01:55 [woodcutting-flow] FindFilledBlock: found at 1331,659 (69x69 0x00B809 tol=5, 0 ms)
2026-08-03 17:01:55 [woodcutting-flow] Tracking stable target at 1331,659 (search 15 ms)
2026-08-03 17:01:56 [woodcutting-flow] FindFilledBlock: found at 1331,659 (69x69 0x00B809 tol=5, 16 ms)
2026-08-03 17:01:56 [woodcutting-flow] Tracking stable target at 1331,659 (search 16 ms)
2026-08-03 17:01:56 [woodcutting-flow] FindFilledBlock: found at 1331,659 (69x69 0x00B809 tol=5, 16 ms)
2026-08-03 17:01:56 [woodcutting-flow] Tracking stable target at 1331,659 (search 16 ms)
2026-08-03 17:01:56 [woodcutting-flow] FindFilledBlock: found at 1331,659 (69x69 0x00B809 tol=5, 16 ms)
2026-08-03 17:01:56 [woodcutting-flow] Tracking stable target at 1331,659 (search 16 ms)
2026-08-03 17:01:56 [woodcutting-flow] FindFilledBlock: found at 1331,659 (69x69 0x00B809 tol=5, 16 ms)
2026-08-03 17:01:56 [woodcutting-flow] Tracking stable target at 1331,659 (search 16 ms)
2026-08-03 17:01:56 [woodcutting-flow] FindFilledBlock: found at 1331,659 (69x69 0x00B809 tol=5, 15 ms)
2026-08-03 17:01:56 [woodcutting-flow] Tracking stable target at 1331,659 (search 15 ms)
2026-08-03 17:01:56 [woodcutting-flow] FindFilledBlock: found at 1331,659 (69x69 0x00B809 tol=5, 16 ms)
2026-08-03 17:01:56 [woodcutting-flow] Tracking stable target at 1331,659 (search 16 ms)
2026-08-03 17:01:57 [woodcutting-flow] FindFilledBlock: found at 1331,659 (69x69 0x00B809 tol=5, 15 ms)
2026-08-03 17:01:57 [woodcutting-flow] Tracking stable target at 1331,659 (search 15 ms)
2026-08-03 17:01:57 [woodcutting-flow] FindFilledBlock: found at 1331,659 (69x69 0x00B809 tol=5, 16 ms)
2026-08-03 17:01:57 [woodcutting-flow] Tracking stable target at 1331,659 (search 16 ms)
2026-08-03 17:01:57 [woodcutting-flow] FindFilledBlock: found at 1331,659 (69x69 0x00B809 tol=5, 15 ms)
2026-08-03 17:01:57 [woodcutting-flow] Tracking stable target at 1331,659 (search 15 ms)
2026-08-03 17:01:57 [woodcutting-flow] FindFilledBlock: found at 1331,659 (69x69 0x00B809 tol=5, 0 ms)
2026-08-03 17:01:57 [woodcutting-flow] Tracking stable target at 1331,659 (search 0 ms)
2026-08-03 17:01:57 [woodcutting-flow] FindFilledBlock: found at 1331,659 (69x69 0x00B809 tol=5, 16 ms)
2026-08-03 17:01:57 [woodcutting-flow] Tracking stable target at 1331,659 (search 16 ms)
2026-08-03 17:01:57 [woodcutting-flow] FindFilledBlock: found at 1331,659 (69x69 0x00B809 tol=5, 16 ms)
2026-08-03 17:01:57 [woodcutting-flow] Tracking stable target at 1331,659 (search 16 ms)
2026-08-03 17:01:57 [woodcutting-flow] FindFilledBlock: found at 1331,659 (69x69 0x00B809 tol=5, 0 ms)
2026-08-03 17:01:57 [woodcutting-flow] Tracking stable target at 1331,659 (search 0 ms)
2026-08-03 17:01:58 [woodcutting-flow] FindFilledBlock: found at 1331,659 (69x69 0x00B809 tol=5, 16 ms)
2026-08-03 17:01:58 [woodcutting-flow] Tracking stable target at 1331,659 (search 16 ms)
2026-08-03 17:01:58 [woodcutting-flow] FindFilledBlock: found at 1331,659 (69x69 0x00B809 tol=5, 15 ms)
2026-08-03 17:01:58 [woodcutting-flow] Tracking stable target at 1331,659 (search 15 ms)
2026-08-03 17:01:58 [woodcutting-flow] FindFilledBlock: found at 1331,659 (69x69 0x00B809 tol=5, 16 ms)
2026-08-03 17:01:58 [woodcutting-flow] Tracking stable target at 1331,659 (search 16 ms)
2026-08-03 17:01:58 [woodcutting-flow] FindFilledBlock: found at 1331,659 (69x69 0x00B809 tol=5, 15 ms)
2026-08-03 17:01:58 [woodcutting-flow] Tracking stable target at 1331,659 (search 15 ms)
2026-08-03 17:01:58 [woodcutting-flow] FindFilledBlock: found at 1331,659 (69x69 0x00B809 tol=5, 16 ms)
2026-08-03 17:01:58 [woodcutting-flow] Tracking stable target at 1331,659 (search 16 ms)
2026-08-03 17:01:58 [woodcutting-flow] FindFilledBlock: found at 1331,659 (69x69 0x00B809 tol=5, 15 ms)
2026-08-03 17:01:58 [woodcutting-flow] Tracking stable target at 1331,659 (search 15 ms)
2026-08-03 17:01:58 [woodcutting-flow] FindFilledBlock: found at 1331,659 (69x69 0x00B809 tol=5, 16 ms)
2026-08-03 17:01:58 [woodcutting-flow] Tracking stable target at 1331,659 (search 16 ms)
2026-08-03 17:01:59 [woodcutting-flow] FindFilledBlock: found at 1331,659 (69x69 0x00B809 tol=5, 15 ms)
2026-08-03 17:01:59 [woodcutting-flow] Tracking stable target at 1331,659 (search 15 ms)
2026-08-03 17:01:59 [woodcutting-flow] FindFilledBlock: found at 1331,659 (69x69 0x00B809 tol=5, 16 ms)
2026-08-03 17:01:59 [woodcutting-flow] Tracking stable target at 1331,659 (search 16 ms)
2026-08-03 17:01:59 [woodcutting-flow] FindFilledBlock: found at 1331,659 (69x69 0x00B809 tol=5, 0 ms)
2026-08-03 17:01:59 [woodcutting-flow] Tracking stable target at 1331,659 (search 0 ms)
2026-08-03 17:01:59 [woodcutting-flow] FindFilledBlock: found at 1331,659 (69x69 0x00B809 tol=5, 16 ms)
2026-08-03 17:01:59 [woodcutting-flow] Tracking stable target at 1331,659 (search 16 ms)
2026-08-03 17:01:59 [woodcutting-flow] FindFilledBlock: found at 1331,659 (69x69 0x00B809 tol=5, 15 ms)
2026-08-03 17:01:59 [woodcutting-flow] Tracking stable target at 1331,659 (search 15 ms)
2026-08-03 17:01:59 [woodcutting-flow] FindFilledBlock: found at 1331,659 (69x69 0x00B809 tol=5, 0 ms)
2026-08-03 17:01:59 [woodcutting-flow] Tracking stable target at 1331,659 (search 0 ms)
2026-08-03 17:01:59 [woodcutting-flow] FindFilledBlock: found at 1331,659 (69x69 0x00B809 tol=5, 16 ms)
2026-08-03 17:01:59 [woodcutting-flow] Tracking stable target at 1331,659 (search 16 ms)
2026-08-03 17:02:00 [woodcutting-flow] FindFilledBlock: found at 1331,659 (69x69 0x00B809 tol=5, 16 ms)
2026-08-03 17:02:00 [woodcutting-flow] Tracking stable target at 1331,659 (search 16 ms)
2026-08-03 17:02:00 [woodcutting-flow] FindFilledBlock: found at 1331,659 (69x69 0x00B809 tol=5, 15 ms)
2026-08-03 17:02:00 [woodcutting-flow] Tracking stable target at 1331,659 (search 15 ms)
2026-08-03 17:02:00 [woodcutting-flow] FindFilledBlock: found at 1331,659 (69x69 0x00B809 tol=5, 16 ms)
2026-08-03 17:02:00 [woodcutting-flow] Tracking stable target at 1331,659 (search 16 ms)
2026-08-03 17:02:00 [woodcutting-flow] FindFilledBlock: found at 1331,659 (69x69 0x00B809 tol=5, 16 ms)
2026-08-03 17:02:00 [woodcutting-flow] Tracking stable target at 1331,659 (search 16 ms)
2026-08-03 17:02:00 [woodcutting-flow] FindFilledBlock: found at 1331,659 (69x69 0x00B809 tol=5, 0 ms)
2026-08-03 17:02:00 [woodcutting-flow] Tracking stable target at 1331,659 (search 0 ms)
2026-08-03 17:02:00 [woodcutting-flow] FindFilledBlock: found at 1331,659 (69x69 0x00B809 tol=5, 16 ms)
2026-08-03 17:02:00 [woodcutting-flow] Tracking stable target at 1331,659 (search 16 ms)
2026-08-03 17:02:00 [woodcutting-flow] FindFilledBlock: found at 1331,659 (69x69 0x00B809 tol=5, 0 ms)
2026-08-03 17:02:00 [woodcutting-flow] Tracking stable target at 1331,659 (search 0 ms)
2026-08-03 17:02:01 [woodcutting-flow] FindFilledBlock: found at 1331,659 (69x69 0x00B809 tol=5, 15 ms)
2026-08-03 17:02:01 [woodcutting-flow] Tracking stable target at 1331,659 (search 15 ms)
2026-08-03 17:02:01 [woodcutting-flow] FindFilledBlock: found at 1331,659 (69x69 0x00B809 tol=5, 16 ms)
2026-08-03 17:02:01 [woodcutting-flow] Tracking stable target at 1331,659 (search 16 ms)
2026-08-03 17:02:01 [woodcutting-flow] FindFilledBlock: found at 1331,659 (69x69 0x00B809 tol=5, 16 ms)
2026-08-03 17:02:01 [woodcutting-flow] Tracking stable target at 1331,659 (search 16 ms)
2026-08-03 17:02:01 [woodcutting-flow] FindFilledBlock: found at 1331,659 (69x69 0x00B809 tol=5, 16 ms)
2026-08-03 17:02:01 [woodcutting-flow] Tracking stable target at 1331,659 (search 16 ms)
2026-08-03 17:02:01 [woodcutting-flow] FindFilledBlock: found at 1331,659 (69x69 0x00B809 tol=5, 16 ms)
2026-08-03 17:02:01 [woodcutting-flow] Tracking stable target at 1331,659 (search 16 ms)
2026-08-03 17:02:01 [woodcutting-flow] FindFilledBlock: found at 1331,659 (69x69 0x00B809 tol=5, 15 ms)
2026-08-03 17:02:01 [woodcutting-flow] Tracking stable target at 1331,659 (search 15 ms)
2026-08-03 17:02:01 [woodcutting-flow] MaybeWander: idle-wandering while waiting
2026-08-03 17:02:05 [woodcutting-flow] FindFilledBlock: found at 1331,659 (69x69 0x00B809 tol=5, 16 ms)
2026-08-03 17:02:05 [woodcutting-flow] Tracking stable target at 1331,659 (search 16 ms)
2026-08-03 17:02:06 [woodcutting-flow] FindFilledBlock: found at 1331,659 (69x69 0x00B809 tol=5, 15 ms)
2026-08-03 17:02:06 [woodcutting-flow] Tracking stable target at 1331,659 (search 15 ms)
2026-08-03 17:02:06 [woodcutting-flow] FindFilledBlock: found at 1331,659 (69x69 0x00B809 tol=5, 0 ms)
2026-08-03 17:02:06 [woodcutting-flow] Tracking stable target at 1331,659 (search 0 ms)
2026-08-03 17:02:06 [woodcutting-flow] FindFilledBlock: found at 1331,659 (69x69 0x00B809 tol=5, 16 ms)
2026-08-03 17:02:06 [woodcutting-flow] Tracking stable target at 1331,659 (search 16 ms)
2026-08-03 17:02:06 [woodcutting-flow] FindFilledBlock: found at 1331,659 (69x69 0x00B809 tol=5, 0 ms)
2026-08-03 17:02:06 [woodcutting-flow] Tracking stable target at 1331,659 (search 0 ms)
2026-08-03 17:02:06 [woodcutting-flow] FindFilledBlock: found at 1331,659 (69x69 0x00B809 tol=5, 15 ms)
2026-08-03 17:02:06 [woodcutting-flow] Tracking stable target at 1331,659 (search 15 ms)
2026-08-03 17:02:06 [woodcutting-flow] FindFilledBlock: found at 1331,659 (69x69 0x00B809 tol=5, 0 ms)
2026-08-03 17:02:06 [woodcutting-flow] Tracking stable target at 1331,659 (search 0 ms)
2026-08-03 17:02:07 [woodcutting-flow] FindFilledBlock: found at 1331,659 (69x69 0x00B809 tol=5, 16 ms)
2026-08-03 17:02:07 [woodcutting-flow] Tracking stable target at 1331,659 (search 16 ms)
2026-08-03 17:02:07 [woodcutting-flow] FindFilledBlock: found at 1331,659 (69x69 0x00B809 tol=5, 0 ms)
2026-08-03 17:02:07 [woodcutting-flow] Tracking stable target at 1331,659 (search 0 ms)
2026-08-03 17:02:07 [woodcutting-flow] FindFilledBlock: found at 1331,659 (69x69 0x00B809 tol=5, 0 ms)
2026-08-03 17:02:07 [woodcutting-flow] Tracking stable target at 1331,659 (search 0 ms)
2026-08-03 17:02:07 [woodcutting-flow] FindFilledBlock: found at 1331,659 (69x69 0x00B809 tol=5, 0 ms)
2026-08-03 17:02:07 [woodcutting-flow] Tracking stable target at 1331,659 (search 0 ms)
2026-08-03 17:02:07 [woodcutting-flow] FindFilledBlock: found at 1331,659 (69x69 0x00B809 tol=5, 0 ms)
2026-08-03 17:02:07 [woodcutting-flow] Tracking stable target at 1331,659 (search 0 ms)
2026-08-03 17:02:07 [woodcutting-flow] FindFilledBlock: found at 1331,659 (69x69 0x00B809 tol=5, 0 ms)
2026-08-03 17:02:07 [woodcutting-flow] Tracking stable target at 1331,659 (search 0 ms)
2026-08-03 17:02:08 [woodcutting-flow] FindFilledBlock: not found (69x69 0x00B809 tol=5, 15 ms)
2026-08-03 17:02:08 [woodcutting-flow] Target depleted or lost - re-acquiring (searched 15 ms)
2026-08-03 17:02:08 [woodcutting-flow] FindFilledBlock: found at 1235,763 (69x69 0x00FF00 tol=5, 0 ms)
2026-08-03 17:02:08 [woodcutting-flow] FindFilledBlock: not found (69x69 0x00B809 tol=5, 16 ms)
2026-08-03 17:02:08 [woodcutting-flow] Acquired new target at 1235,763 (0x00FF00, ring 160, 16 ms)
2026-08-03 17:02:08 [woodcutting-flow] FindFilledBlock: found at 1235,763 (69x69 0x00FF00 tol=5, 15 ms)
2026-08-03 17:02:08 [woodcutting-flow] Clicked initial/re-click target at 1235,763 (search 15 ms)
2026-08-03 17:02:08 [woodcutting-flow] ReleasePendingModifiersNow: released Ctrl
2026-08-03 17:02:08 [woodcutting-flow] FindFilledBlock: not found (69x69 0x00FF00 tol=5, 16 ms)
2026-08-03 17:02:08 [woodcutting-flow] Track: search missed this tick, but anchor point 1235,763 is still 0x00FF00 - holding current target, not switching
2026-08-03 17:02:08 [woodcutting-flow] Tracking not-yet-stable target at 1235,763 (search 16 ms)
2026-08-03 17:02:08 [woodcutting-flow] FindFilledBlock: not found (69x69 0x00FF00 tol=5, 15 ms)
2026-08-03 17:02:08 [woodcutting-flow] Track: search missed this tick, but anchor point 1235,763 is still 0x00FF00 - holding current target, not switching
2026-08-03 17:02:08 [woodcutting-flow] Tracking stable target at 1235,763 (search 15 ms)
2026-08-03 17:02:09 [woodcutting-flow] FindFilledBlock: found at 1235,763 (69x69 0x00FF00 tol=5, 0 ms)
2026-08-03 17:02:09 [woodcutting-flow] Tracking stable target at 1235,763 (search 0 ms)
2026-08-03 17:02:09 [woodcutting-flow] FindFilledBlock: found at 1235,763 (69x69 0x00FF00 tol=5, 0 ms)
2026-08-03 17:02:09 [woodcutting-flow] Tracking stable target at 1235,763 (search 0 ms)
2026-08-03 17:02:09 [woodcutting-flow] FindFilledBlock: found at 1235,763 (69x69 0x00FF00 tol=5, 0 ms)
2026-08-03 17:02:09 [woodcutting-flow] Tracking stable target at 1235,763 (search 0 ms)
2026-08-03 17:02:09 [woodcutting-flow] FindFilledBlock: found at 1235,763 (69x69 0x00FF00 tol=5, 16 ms)
2026-08-03 17:02:09 [woodcutting-flow] Tracking stable target at 1235,763 (search 16 ms)
2026-08-03 17:02:09 [woodcutting-flow] FindFilledBlock: found at 1235,763 (69x69 0x00FF00 tol=5, 0 ms)
2026-08-03 17:02:09 [woodcutting-flow] Tracking stable target at 1235,763 (search 0 ms)
2026-08-03 17:02:09 [woodcutting-flow] FindFilledBlock: found at 1235,763 (69x69 0x00FF00 tol=5, 0 ms)
2026-08-03 17:02:09 [woodcutting-flow] Tracking stable target at 1235,763 (search 0 ms)
2026-08-03 17:02:09 [woodcutting-flow] FindFilledBlock: found at 1235,763 (69x69 0x00FF00 tol=5, 0 ms)
2026-08-03 17:02:09 [woodcutting-flow] Tracking stable target at 1235,763 (search 0 ms)
2026-08-03 17:02:10 [woodcutting-flow] FindFilledBlock: found at 1235,763 (69x69 0x00FF00 tol=5, 0 ms)
2026-08-03 17:02:10 [woodcutting-flow] Tracking stable target at 1235,763 (search 0 ms)
2026-08-03 17:02:10 [woodcutting-flow] FindFilledBlock: found at 1235,763 (69x69 0x00FF00 tol=5, 0 ms)
2026-08-03 17:02:10 [woodcutting-flow] Tracking stable target at 1235,763 (search 0 ms)
2026-08-03 17:02:10 [woodcutting-flow] FindFilledBlock: found at 1235,763 (69x69 0x00FF00 tol=5, 0 ms)
2026-08-03 17:02:10 [woodcutting-flow] Tracking stable target at 1235,763 (search 0 ms)
2026-08-03 17:02:10 [woodcutting-flow] FindFilledBlock: found at 1235,763 (69x69 0x00FF00 tol=5, 16 ms)
2026-08-03 17:02:10 [woodcutting-flow] Tracking stable target at 1235,763 (search 16 ms)
2026-08-03 17:02:10 [woodcutting-flow] FindFilledBlock: found at 1235,763 (69x69 0x00FF00 tol=5, 0 ms)
2026-08-03 17:02:10 [woodcutting-flow] Tracking stable target at 1235,763 (search 0 ms)
2026-08-03 17:02:10 [woodcutting-flow] FindFilledBlock: found at 1235,763 (69x69 0x00FF00 tol=5, 15 ms)
2026-08-03 17:02:10 [woodcutting-flow] Tracking stable target at 1235,763 (search 15 ms)
2026-08-03 17:02:11 [woodcutting-flow] FindFilledBlock: found at 1235,763 (69x69 0x00FF00 tol=5, 0 ms)
2026-08-03 17:02:11 [woodcutting-flow] Tracking stable target at 1235,763 (search 0 ms)
2026-08-03 17:02:11 [woodcutting-flow] FindFilledBlock: found at 1235,763 (69x69 0x00FF00 tol=5, 0 ms)
2026-08-03 17:02:11 [woodcutting-flow] Tracking stable target at 1235,763 (search 0 ms)
2026-08-03 17:02:11 [woodcutting-flow] FindFilledBlock: found at 1235,763 (69x69 0x00FF00 tol=5, 16 ms)
2026-08-03 17:02:11 [woodcutting-flow] Tracking stable target at 1235,763 (search 16 ms)
2026-08-03 17:02:11 [woodcutting-flow] FindFilledBlock: found at 1235,763 (69x69 0x00FF00 tol=5, 15 ms)
2026-08-03 17:02:11 [woodcutting-flow] Tracking stable target at 1235,763 (search 15 ms)
2026-08-03 17:02:11 [woodcutting-flow] FindFilledBlock: found at 1235,763 (69x69 0x00FF00 tol=5, 0 ms)
2026-08-03 17:02:11 [woodcutting-flow] Tracking stable target at 1235,763 (search 0 ms)
2026-08-03 17:02:11 [woodcutting-flow] FindFilledBlock: found at 1235,763 (69x69 0x00FF00 tol=5, 0 ms)
2026-08-03 17:02:11 [woodcutting-flow] Tracking stable target at 1235,763 (search 0 ms)
2026-08-03 17:02:11 [woodcutting-flow] FindFilledBlock: found at 1235,763 (69x69 0x00FF00 tol=5, 0 ms)
2026-08-03 17:02:11 [woodcutting-flow] Tracking stable target at 1235,763 (search 0 ms)
2026-08-03 17:02:12 [woodcutting-flow] FindFilledBlock: found at 1235,763 (69x69 0x00FF00 tol=5, 0 ms)
2026-08-03 17:02:12 [woodcutting-flow] Tracking stable target at 1235,763 (search 0 ms)
2026-08-03 17:02:12 [woodcutting-flow] FindFilledBlock: found at 1235,763 (69x69 0x00FF00 tol=5, 0 ms)
2026-08-03 17:02:12 [woodcutting-flow] Tracking stable target at 1235,763 (search 0 ms)
2026-08-03 17:02:12 [woodcutting-flow] FindFilledBlock: found at 1235,763 (69x69 0x00FF00 tol=5, 0 ms)
2026-08-03 17:02:12 [woodcutting-flow] Tracking stable target at 1235,763 (search 0 ms)
2026-08-03 17:02:12 [woodcutting-flow] FindFilledBlock: found at 1235,763 (69x69 0x00FF00 tol=5, 0 ms)
2026-08-03 17:02:12 [woodcutting-flow] Tracking stable target at 1235,763 (search 0 ms)
2026-08-03 17:02:12 [woodcutting-flow] FindFilledBlock: found at 1235,763 (69x69 0x00FF00 tol=5, 15 ms)
2026-08-03 17:02:12 [woodcutting-flow] Tracking stable target at 1235,763 (search 15 ms)
2026-08-03 17:02:12 [woodcutting-flow] FindFilledBlock: found at 1235,763 (69x69 0x00FF00 tol=5, 0 ms)
2026-08-03 17:02:12 [woodcutting-flow] Tracking stable target at 1235,763 (search 0 ms)
2026-08-03 17:02:13 [woodcutting-flow] FindFilledBlock: found at 1235,763 (69x69 0x00FF00 tol=5, 0 ms)
2026-08-03 17:02:13 [woodcutting-flow] Tracking stable target at 1235,763 (search 0 ms)
2026-08-03 17:02:13 [woodcutting-flow] FindFilledBlock: found at 1235,763 (69x69 0x00FF00 tol=5, 0 ms)
2026-08-03 17:02:13 [woodcutting-flow] Tracking stable target at 1235,763 (search 0 ms)
2026-08-03 17:02:13 [woodcutting-flow] FindFilledBlock: found at 1235,763 (69x69 0x00FF00 tol=5, 0 ms)
2026-08-03 17:02:13 [woodcutting-flow] Tracking stable target at 1235,763 (search 0 ms)
2026-08-03 17:02:13 [woodcutting-flow] FindFilledBlock: found at 1235,763 (69x69 0x00FF00 tol=5, 0 ms)
2026-08-03 17:02:13 [woodcutting-flow] Tracking stable target at 1235,763 (search 0 ms)
2026-08-03 17:02:13 [woodcutting-flow] FindFilledBlock: found at 1235,763 (69x69 0x00FF00 tol=5, 16 ms)
2026-08-03 17:02:13 [woodcutting-flow] Tracking stable target at 1235,763 (search 16 ms)
2026-08-03 17:02:13 [woodcutting-flow] FindFilledBlock: found at 1235,763 (69x69 0x00FF00 tol=5, 0 ms)
2026-08-03 17:02:13 [woodcutting-flow] Tracking stable target at 1235,763 (search 0 ms)
2026-08-03 17:02:14 [woodcutting-flow] FindFilledBlock: found at 1235,763 (69x69 0x00FF00 tol=5, 0 ms)
2026-08-03 17:02:14 [woodcutting-flow] Tracking stable target at 1235,763 (search 0 ms)
2026-08-03 17:02:14 [woodcutting-flow] FindFilledBlock: found at 1235,763 (69x69 0x00FF00 tol=5, 0 ms)
2026-08-03 17:02:14 [woodcutting-flow] Tracking stable target at 1235,763 (search 0 ms)
2026-08-03 17:02:14 [woodcutting-flow] FindFilledBlock: found at 1235,763 (69x69 0x00FF00 tol=5, 0 ms)
2026-08-03 17:02:14 [woodcutting-flow] Tracking stable target at 1235,763 (search 0 ms)
2026-08-03 17:02:14 [woodcutting-flow] FindFilledBlock: found at 1235,763 (69x69 0x00FF00 tol=5, 16 ms)
2026-08-03 17:02:14 [woodcutting-flow] Tracking stable target at 1235,763 (search 16 ms)
2026-08-03 17:02:14 [woodcutting-flow] FindFilledBlock: found at 1235,763 (69x69 0x00FF00 tol=5, 16 ms)
2026-08-03 17:02:14 [woodcutting-flow] Tracking stable target at 1235,763 (search 16 ms)
2026-08-03 17:02:14 [woodcutting-flow] FindFilledBlock: found at 1235,763 (69x69 0x00FF00 tol=5, 0 ms)
2026-08-03 17:02:14 [woodcutting-flow] Tracking stable target at 1235,763 (search 0 ms)
2026-08-03 17:02:14 [woodcutting-flow] FindFilledBlock: found at 1235,763 (69x69 0x00FF00 tol=5, 0 ms)
2026-08-03 17:02:14 [woodcutting-flow] Tracking stable target at 1235,763 (search 0 ms)
2026-08-03 17:02:15 [woodcutting-flow] FindFilledBlock: found at 1235,763 (69x69 0x00FF00 tol=5, 0 ms)
2026-08-03 17:02:15 [woodcutting-flow] Tracking stable target at 1235,763 (search 0 ms)
2026-08-03 17:02:15 [woodcutting-flow] FindFilledBlock: found at 1235,763 (69x69 0x00FF00 tol=5, 0 ms)
2026-08-03 17:02:15 [woodcutting-flow] Tracking stable target at 1235,763 (search 16 ms)
2026-08-03 17:02:15 [woodcutting-flow] FindFilledBlock: found at 1235,763 (69x69 0x00FF00 tol=5, 0 ms)
2026-08-03 17:02:15 [woodcutting-flow] Tracking stable target at 1235,763 (search 0 ms)
2026-08-03 17:02:15 [woodcutting-flow] FindFilledBlock: found at 1235,763 (69x69 0x00FF00 tol=5, 0 ms)
2026-08-03 17:02:15 [woodcutting-flow] Tracking stable target at 1235,763 (search 15 ms)
2026-08-03 17:02:15 [woodcutting-flow] FindFilledBlock: found at 1235,763 (69x69 0x00FF00 tol=5, 0 ms)
2026-08-03 17:02:15 [woodcutting-flow] Tracking stable target at 1235,763 (search 0 ms)
2026-08-03 17:02:15 [woodcutting-flow] FindFilledBlock: found at 1235,763 (69x69 0x00FF00 tol=5, 0 ms)
2026-08-03 17:02:15 [woodcutting-flow] Tracking stable target at 1235,763 (search 0 ms)
2026-08-03 17:02:16 [woodcutting-flow] FindFilledBlock: found at 1235,763 (69x69 0x00FF00 tol=5, 0 ms)
2026-08-03 17:02:16 [woodcutting-flow] Tracking stable target at 1235,763 (search 0 ms)
2026-08-03 17:02:16 [woodcutting-flow] FindFilledBlock: found at 1235,763 (69x69 0x00FF00 tol=5, 0 ms)
2026-08-03 17:02:16 [woodcutting-flow] Tracking stable target at 1235,763 (search 0 ms)
2026-08-03 17:02:16 [woodcutting-flow] FindFilledBlock: found at 1235,763 (69x69 0x00FF00 tol=5, 0 ms)
2026-08-03 17:02:16 [woodcutting-flow] Tracking stable target at 1235,763 (search 0 ms)
2026-08-03 17:02:16 [woodcutting-flow] FindFilledBlock: found at 1235,763 (69x69 0x00FF00 tol=5, 0 ms)
2026-08-03 17:02:16 [woodcutting-flow] Tracking stable target at 1235,763 (search 0 ms)
2026-08-03 17:02:16 [woodcutting-flow] FindFilledBlock: found at 1235,763 (69x69 0x00FF00 tol=5, 16 ms)
2026-08-03 17:02:16 [woodcutting-flow] Tracking stable target at 1235,763 (search 16 ms)
2026-08-03 17:02:16 [woodcutting-flow] FindFilledBlock: found at 1235,763 (69x69 0x00FF00 tol=5, 0 ms)
2026-08-03 17:02:16 [woodcutting-flow] Tracking stable target at 1235,763 (search 0 ms)
2026-08-03 17:02:16 [woodcutting-flow] FindFilledBlock: found at 1235,763 (69x69 0x00FF00 tol=5, 0 ms)
2026-08-03 17:02:16 [woodcutting-flow] Tracking stable target at 1235,763 (search 0 ms)
2026-08-03 17:02:16 [woodcutting-flow] MaybeWander: idle-wandering while waiting
