2026-07-21 20:27:36 [woodcutting] Script loaded. F5=start chop/bank loop  F6=stop  Esc=exit. Trees=0x00FF00/0x00B809
2026-07-21 20:27:37 [woodcutting] Woodcutting started: trees=0x00FF00/0x00B809 indicatorSlot=28
2026-07-21 20:27:37 [woodcutting] FindFilledBlock: found at 1026,734 (51x51 0x00FF00 tol=5, 15 ms)
2026-07-21 20:27:37 [woodcutting] FindFilledBlock: found at 1144,514 (51x51 0x00B809 tol=5, 16 ms)
2026-07-21 20:27:37 [woodcutting] Acquired new target at 1144,514 (0x00B809, ring 250, 31 ms)
2026-07-21 20:27:37 [woodcutting] FindFilledBlock: found at 1142,514 (51x51 0x00B809 tol=5, 15 ms)
2026-07-21 20:27:37 [woodcutting] Clicked initial/re-click target at 1142,514 (search 15 ms)
2026-07-21 20:27:38 [woodcutting] FindFilledBlock: found at 1180,518 (51x51 0x00B809 tol=5, 15 ms)
2026-07-21 20:27:38 [woodcutting] Tracking not-yet-stable target at 1180,518 (search 15 ms)
2026-07-21 20:27:38 [woodcutting] FindFilledBlock: found at 1180,520 (51x51 0x00B809 tol=5, 0 ms)
2026-07-21 20:27:38 [woodcutting] Tracking not-yet-stable target at 1180,520 (search 0 ms)
2026-07-21 20:27:38 [woodcutting] FindFilledBlock: found at 1144,516 (51x51 0x00B809 tol=5, 16 ms)
2026-07-21 20:27:38 [woodcutting] Tracking not-yet-stable target at 1144,516 (search 16 ms)
2026-07-21 20:27:38 [woodcutting] FindFilledBlock: found at 1148,520 (51x51 0x00B809 tol=5, 15 ms)
2026-07-21 20:27:38 [woodcutting] Tracking not-yet-stable target at 1148,520 (search 15 ms)
2026-07-21 20:27:38 [woodcutting] FindFilledBlock: found at 1156,526 (51x51 0x00B809 tol=5, 15 ms)
2026-07-21 20:27:38 [woodcutting] Tracking not-yet-stable target at 1156,526 (search 15 ms)
2026-07-21 20:27:38 [woodcutting] FindFilledBlock: found at 1164,534 (51x51 0x00B809 tol=5, 16 ms)
2026-07-21 20:27:38 [woodcutting] Tracking not-yet-stable target at 1164,534 (search 16 ms)
2026-07-21 20:27:39 [woodcutting] FindFilledBlock: found at 1172,540 (51x51 0x00B809 tol=5, 16 ms)
2026-07-21 20:27:39 [woodcutting] Tracking not-yet-stable target at 1172,540 (search 16 ms)
2026-07-21 20:27:39 [woodcutting] FindFilledBlock: found at 1176,544 (51x51 0x00B809 tol=5, 15 ms)
2026-07-21 20:27:39 [woodcutting] Tracking not-yet-stable target at 1176,544 (search 15 ms)
2026-07-21 20:27:39 [woodcutting] FindFilledBlock: found at 1180,546 (51x51 0x00B809 tol=5, 15 ms)
2026-07-21 20:27:39 [woodcutting] Tracking stable target at 1180,546 (cooldown active, search 15 ms)
2026-07-21 20:27:39 [woodcutting] FindFilledBlock: found at 1182,548 (51x51 0x00B809 tol=5, 16 ms)
2026-07-21 20:27:39 [woodcutting] Clicked STABLE target at 1182,548 (search 16 ms)
2026-07-21 20:27:39 [woodcutting] FindFilledBlock: found at 1220,554 (51x51 0x00B809 tol=5, 16 ms)
2026-07-21 20:27:39 [woodcutting] Tracking not-yet-stable target at 1220,554 (search 16 ms)
2026-07-21 20:27:40 [woodcutting] FindFilledBlock: found at 1220,554 (51x51 0x00B809 tol=5, 0 ms)
2026-07-21 20:27:40 [woodcutting] Tracking not-yet-stable target at 1220,554 (search 0 ms)
2026-07-21 20:27:40 [woodcutting] FindFilledBlock: found at 1184,548 (51x51 0x00B809 tol=5, 16 ms)
2026-07-21 20:27:40 [woodcutting] Tracking not-yet-stable target at 1184,548 (search 16 ms)
2026-07-21 20:27:40 [woodcutting] FindFilledBlock: found at 1184,550 (51x51 0x00B809 tol=5, 0 ms)
2026-07-21 20:27:40 [woodcutting] Tracking not-yet-stable target at 1184,550 (search 0 ms)
2026-07-21 20:27:40 [woodcutting] FindFilledBlock: found at 1184,550 (51x51 0x00B809 tol=5, 16 ms)
2026-07-21 20:27:40 [woodcutting] Tracking stable target at 1184,550 (cooldown active, search 16 ms)
2026-07-21 20:27:40 [woodcutting] FindFilledBlock: found at 1184,550 (51x51 0x00B809 tol=5, 0 ms)
2026-07-21 20:27:40 [woodcutting] Tracking stable target at 1184,550 (cooldown active, search 0 ms)
2026-07-21 20:27:40 [woodcutting] FindFilledBlock: found at 1184,550 (51x51 0x00B809 tol=5, 16 ms)
2026-07-21 20:27:40 [woodcutting] Tracking stable target at 1184,550 (cooldown active, search 16 ms)
2026-07-21 20:27:40 [woodcutting] FindFilledBlock: found at 1184,550 (51x51 0x00B809 tol=5, 0 ms)
2026-07-21 20:27:40 [woodcutting] Tracking stable target at 1184,550 (cooldown active, search 0 ms)
2026-07-21 20:27:41 [woodcutting] FindFilledBlock: found at 1184,550 (51x51 0x00B809 tol=5, 16 ms)
2026-07-21 20:27:41 [woodcutting] Tracking stable target at 1184,550 (cooldown active, search 16 ms)
2026-07-21 20:27:41 [woodcutting] FindFilledBlock: found at 1184,550 (51x51 0x00B809 tol=5, 16 ms)
2026-07-21 20:27:41 [woodcutting] Clicked STABLE target at 1184,550 (search 16 ms)
2026-07-21 20:27:41 [woodcutting] FindFilledBlock: found at 1222,554 (51x51 0x00B809 tol=5, 0 ms)
2026-07-21 20:27:41 [woodcutting] Tracking not-yet-stable target at 1222,554 (search 0 ms)
2026-07-21 20:27:41 [woodcutting] FindFilledBlock: found at 1222,554 (51x51 0x00B809 tol=5, 15 ms)
2026-07-21 20:27:41 [woodcutting] Tracking not-yet-stable target at 1222,554 (search 15 ms)
2026-07-21 20:27:41 [woodcutting] FindFilledBlock: found at 1184,550 (51x51 0x00B809 tol=5, 0 ms)
2026-07-21 20:27:41 [woodcutting] Tracking not-yet-stable target at 1184,550 (search 0 ms)
2026-07-21 20:27:42 [woodcutting] FindFilledBlock: found at 1184,550 (51x51 0x00B809 tol=5, 16 ms)
2026-07-21 20:27:42 [woodcutting] Tracking not-yet-stable target at 1184,550 (search 16 ms)
2026-07-21 20:27:42 [woodcutting] FindFilledBlock: found at 1184,550 (51x51 0x00B809 tol=5, 16 ms)
2026-07-21 20:27:42 [woodcutting] Tracking stable target at 1184,550 (cooldown active, search 16 ms)
2026-07-21 20:27:42 [woodcutting] FindFilledBlock: found at 1184,550 (51x51 0x00B809 tol=5, 16 ms)
2026-07-21 20:27:42 [woodcutting] Tracking stable target at 1184,550 (cooldown active, search 16 ms)
2026-07-21 20:27:42 [woodcutting] FindFilledBlock: found at 1184,550 (51x51 0x00B809 tol=5, 16 ms)
2026-07-21 20:27:42 [woodcutting] Tracking stable target at 1184,550 (cooldown active, search 16 ms)
2026-07-21 20:27:42 [woodcutting] FindFilledBlock: found at 1184,550 (51x51 0x00B809 tol=5, 15 ms)
2026-07-21 20:27:42 [woodcutting] Tracking stable target at 1184,550 (cooldown active, search 15 ms)
2026-07-21 20:27:42 [woodcutting] FindFilledBlock: found at 1184,550 (51x51 0x00B809 tol=5, 16 ms)
2026-07-21 20:27:42 [woodcutting] Tracking stable target at 1184,550 (cooldown active, search 16 ms)
2026-07-21 20:27:43 [woodcutting] FindFilledBlock: found at 1184,550 (51x51 0x00B809 tol=5, 16 ms)
2026-07-21 20:27:43 [woodcutting] Clicked STABLE target at 1184,550 (search 16 ms)
2026-07-21 20:27:43 [woodcutting] FindFilledBlock: found at 1222,554 (51x51 0x00B809 tol=5, 0 ms)
2026-07-21 20:27:43 [woodcutting] Tracking not-yet-stable target at 1222,554 (search 0 ms)
2026-07-21 20:27:43 [woodcutting] FindFilledBlock: found at 1184,550 (51x51 0x00B809 tol=5, 15 ms)
2026-07-21 20:27:43 [woodcutting] Tracking not-yet-stable target at 1184,550 (search 15 ms)
2026-07-21 20:27:43 [woodcutting] FindFilledBlock: found at 1184,550 (51x51 0x00B809 tol=5, 0 ms)
2026-07-21 20:27:43 [woodcutting] Tracking not-yet-stable target at 1184,550 (search 0 ms)
2026-07-21 20:27:43 [woodcutting] FindFilledBlock: found at 1184,550 (51x51 0x00B809 tol=5, 16 ms)
2026-07-21 20:27:43 [woodcutting] Tracking stable target at 1184,550 (cooldown active, search 16 ms)
2026-07-21 20:27:44 [woodcutting] FindFilledBlock: found at 1184,550 (51x51 0x00B809 tol=5, 0 ms)
2026-07-21 20:27:44 [woodcutting] Tracking stable target at 1184,550 (cooldown active, search 0 ms)
2026-07-21 20:27:44 [woodcutting] FindFilledBlock: found at 1184,550 (51x51 0x00B809 tol=5, 16 ms)
2026-07-21 20:27:44 [woodcutting] Tracking stable target at 1184,550 (cooldown active, search 16 ms)
2026-07-21 20:27:44 [woodcutting] FindFilledBlock: found at 1184,550 (51x51 0x00B809 tol=5, 0 ms)
2026-07-21 20:27:44 [woodcutting] Tracking stable target at 1184,550 (cooldown active, search 0 ms)
2026-07-21 20:27:44 [woodcutting] FindFilledBlock: found at 1184,550 (51x51 0x00B809 tol=5, 16 ms)
2026-07-21 20:27:44 [woodcutting] Tracking stable target at 1184,550 (cooldown active, search 16 ms)
2026-07-21 20:27:44 [woodcutting] FindFilledBlock: found at 1184,550 (51x51 0x00B809 tol=5, 0 ms)
2026-07-21 20:27:44 [woodcutting] Tracking stable target at 1184,550 (cooldown active, search 0 ms)
2026-07-21 20:27:44 [woodcutting] FindFilledBlock: found at 1184,550 (51x51 0x00B809 tol=5, 16 ms)
2026-07-21 20:27:45 [woodcutting] Clicked STABLE target at 1184,550 (search 16 ms)
2026-07-21 20:27:45 [woodcutting] FindFilledBlock: found at 1222,554 (51x51 0x00B809 tol=5, 16 ms)
2026-07-21 20:27:45 [woodcutting] Tracking not-yet-stable target at 1222,554 (search 16 ms)
2026-07-21 20:27:45 [woodcutting] FindFilledBlock: found at 1222,554 (51x51 0x00B809 tol=5, 15 ms)
2026-07-21 20:27:45 [woodcutting] Tracking not-yet-stable target at 1222,554 (search 15 ms)
2026-07-21 20:27:45 [woodcutting] FindFilledBlock: found at 1184,550 (51x51 0x00B809 tol=5, 15 ms)
2026-07-21 20:27:45 [woodcutting] Tracking not-yet-stable target at 1184,550 (search 15 ms)
2026-07-21 20:27:45 [woodcutting] FindFilledBlock: found at 1184,550 (51x51 0x00B809 tol=5, 16 ms)
2026-07-21 20:27:45 [woodcutting] Tracking not-yet-stable target at 1184,550 (search 16 ms)
2026-07-21 20:27:45 [woodcutting] FindFilledBlock: found at 1184,550 (51x51 0x00B809 tol=5, 16 ms)
2026-07-21 20:27:45 [woodcutting] Tracking stable target at 1184,550 (cooldown active, search 16 ms)
2026-07-21 20:27:45 [woodcutting] FindFilledBlock: found at 1184,550 (51x51 0x00B809 tol=5, 15 ms)
2026-07-21 20:27:45 [woodcutting] Tracking stable target at 1184,550 (cooldown active, search 15 ms)
2026-07-21 20:27:46 [woodcutting] FindFilledBlock: found at 1184,550 (51x51 0x00B809 tol=5, 15 ms)
2026-07-21 20:27:46 [woodcutting] Tracking stable target at 1184,550 (cooldown active, search 15 ms)
2026-07-21 20:27:46 [woodcutting] FindFilledBlock: found at 1184,550 (51x51 0x00B809 tol=5, 16 ms)
2026-07-21 20:27:46 [woodcutting] Tracking stable target at 1184,550 (cooldown active, search 16 ms)
2026-07-21 20:27:46 [woodcutting] FindFilledBlock: found at 1184,550 (51x51 0x00B809 tol=5, 16 ms)
2026-07-21 20:27:46 [woodcutting] Tracking stable target at 1184,550 (cooldown active, search 16 ms)
2026-07-21 20:27:46 [woodcutting] FindFilledBlock: found at 1184,550 (51x51 0x00B809 tol=5, 15 ms)
2026-07-21 20:27:46 [woodcutting] Clicked STABLE target at 1184,550 (search 15 ms)
2026-07-21 20:27:46 [woodcutting] FindFilledBlock: found at 1222,554 (51x51 0x00B809 tol=5, 16 ms)
2026-07-21 20:27:46 [woodcutting] Tracking not-yet-stable target at 1222,554 (search 16 ms)
2026-07-21 20:27:47 [woodcutting] FindFilledBlock: found at 1222,554 (51x51 0x00B809 tol=5, 16 ms)
2026-07-21 20:27:47 [woodcutting] Tracking not-yet-stable target at 1222,554 (search 16 ms)
2026-07-21 20:27:47 [woodcutting] FindFilledBlock: found at 1184,550 (51x51 0x00B809 tol=5, 15 ms)
2026-07-21 20:27:47 [woodcutting] Tracking not-yet-stable target at 1184,550 (search 15 ms)
2026-07-21 20:27:47 [woodcutting] FindFilledBlock: found at 1184,550 (51x51 0x00B809 tol=5, 16 ms)
2026-07-21 20:27:47 [woodcutting] Tracking not-yet-stable target at 1184,550 (search 16 ms)
2026-07-21 20:27:47 [woodcutting] FindFilledBlock: found at 1184,550 (51x51 0x00B809 tol=5, 16 ms)
2026-07-21 20:27:47 [woodcutting] Tracking stable target at 1184,550 (cooldown active, search 16 ms)
2026-07-21 20:27:47 [woodcutting] FindFilledBlock: found at 1184,550 (51x51 0x00B809 tol=5, 15 ms)
2026-07-21 20:27:47 [woodcutting] Tracking stable target at 1184,550 (cooldown active, search 15 ms)
2026-07-21 20:27:47 [woodcutting] FindFilledBlock: found at 1184,550 (51x51 0x00B809 tol=5, 15 ms)
2026-07-21 20:27:47 [woodcutting] Tracking stable target at 1184,550 (cooldown active, search 15 ms)
2026-07-21 20:27:48 [woodcutting] FindFilledBlock: found at 1184,550 (51x51 0x00B809 tol=5, 16 ms)
2026-07-21 20:27:48 [woodcutting] Tracking stable target at 1184,550 (cooldown active, search 16 ms)
2026-07-21 20:27:48 [woodcutting] FindFilledBlock: found at 1184,550 (51x51 0x00B809 tol=5, 16 ms)
2026-07-21 20:27:48 [woodcutting] Tracking stable target at 1184,550 (cooldown active, search 16 ms)
2026-07-21 20:27:48 [woodcutting] FindFilledBlock: found at 1184,550 (51x51 0x00B809 tol=5, 0 ms)
2026-07-21 20:27:48 [woodcutting] Clicked STABLE target at 1184,550 (search 0 ms)
2026-07-21 20:27:48 [woodcutting] FindFilledBlock: found at 1222,554 (51x51 0x00B809 tol=5, 16 ms)
2026-07-21 20:27:48 [woodcutting] Tracking not-yet-stable target at 1222,554 (search 16 ms)
2026-07-21 20:27:48 [woodcutting] FindFilledBlock: found at 1222,554 (51x51 0x00B809 tol=5, 0 ms)
2026-07-21 20:27:48 [woodcutting] Tracking not-yet-stable target at 1222,554 (search 0 ms)
2026-07-21 20:27:49 [woodcutting] FindFilledBlock: found at 1184,550 (51x51 0x00B809 tol=5, 16 ms)
2026-07-21 20:27:49 [woodcutting] Tracking not-yet-stable target at 1184,550 (search 16 ms)
2026-07-21 20:27:49 [woodcutting] FindFilledBlock: found at 1184,550 (51x51 0x00B809 tol=5, 0 ms)
2026-07-21 20:27:49 [woodcutting] Tracking not-yet-stable target at 1184,550 (search 0 ms)
2026-07-21 20:27:49 [woodcutting] FindFilledBlock: found at 1184,550 (51x51 0x00B809 tol=5, 16 ms)
2026-07-21 20:27:49 [woodcutting] Tracking stable target at 1184,550 (cooldown active, search 16 ms)
2026-07-21 20:27:49 [woodcutting] FindFilledBlock: found at 1184,550 (51x51 0x00B809 tol=5, 0 ms)
2026-07-21 20:27:49 [woodcutting] Tracking stable target at 1184,550 (cooldown active, search 0 ms)
2026-07-21 20:27:49 [woodcutting] FindFilledBlock: found at 1184,550 (51x51 0x00B809 tol=5, 16 ms)
2026-07-21 20:27:49 [woodcutting] Tracking stable target at 1184,550 (cooldown active, search 16 ms)
2026-07-21 20:27:49 [woodcutting] FindFilledBlock: found at 1184,550 (51x51 0x00B809 tol=5, 16 ms)
2026-07-21 20:27:49 [woodcutting] Tracking stable target at 1184,550 (cooldown active, search 16 ms)
2026-07-21 20:27:49 [woodcutting] FindFilledBlock: found at 1184,550 (51x51 0x00B809 tol=5, 16 ms)
2026-07-21 20:27:49 [woodcutting] Tracking stable target at 1184,550 (cooldown active, search 16 ms)
2026-07-21 20:27:50 [woodcutting] FindFilledBlock: found at 1184,550 (51x51 0x00B809 tol=5, 16 ms)
2026-07-21 20:27:50 [woodcutting] Clicked STABLE target at 1184,550 (search 16 ms)
2026-07-21 20:27:50 [woodcutting] FindFilledBlock: found at 1222,554 (51x51 0x00B809 tol=5, 16 ms)
2026-07-21 20:27:50 [woodcutting] Tracking not-yet-stable target at 1222,554 (search 16 ms)
2026-07-21 20:27:50 [woodcutting] FindFilledBlock: found at 1184,550 (51x51 0x00B809 tol=5, 16 ms)
2026-07-21 20:27:50 [woodcutting] Tracking not-yet-stable target at 1184,550 (search 16 ms)
2026-07-21 20:27:50 [woodcutting] FindFilledBlock: found at 1184,550 (51x51 0x00B809 tol=5, 15 ms)
2026-07-21 20:27:50 [woodcutting] Tracking not-yet-stable target at 1184,550 (search 15 ms)
2026-07-21 20:27:51 [woodcutting] FindFilledBlock: found at 1184,550 (51x51 0x00B809 tol=5, 16 ms)
2026-07-21 20:27:51 [woodcutting] Tracking stable target at 1184,550 (cooldown active, search 16 ms)
2026-07-21 20:27:51 [woodcutting] FindFilledBlock: found at 1184,550 (51x51 0x00B809 tol=5, 15 ms)
2026-07-21 20:27:51 [woodcutting] Tracking stable target at 1184,550 (cooldown active, search 15 ms)
2026-07-21 20:27:51 [woodcutting] FindFilledBlock: found at 1184,550 (51x51 0x00B809 tol=5, 16 ms)
2026-07-21 20:27:51 [woodcutting] Tracking stable target at 1184,550 (cooldown active, search 16 ms)
2026-07-21 20:27:51 [woodcutting] FindFilledBlock: found at 1184,550 (51x51 0x00B809 tol=5, 16 ms)
2026-07-21 20:27:51 [woodcutting] Tracking stable target at 1184,550 (cooldown active, search 16 ms)
2026-07-21 20:27:51 [woodcutting] FindFilledBlock: found at 1184,550 (51x51 0x00B809 tol=5, 16 ms)
2026-07-21 20:27:51 [woodcutting] Tracking stable target at 1184,550 (cooldown active, search 16 ms)
2026-07-21 20:27:51 [woodcutting] FindFilledBlock: found at 1184,550 (51x51 0x00B809 tol=5, 16 ms)
2026-07-21 20:27:51 [woodcutting] Tracking stable target at 1184,550 (cooldown active, search 16 ms)
2026-07-21 20:27:51 [woodcutting] FindFilledBlock: found at 1184,550 (51x51 0x00B809 tol=5, 0 ms)
2026-07-21 20:27:52 [woodcutting] Clicked STABLE target at 1184,550 (search 0 ms)
2026-07-21 20:27:52 [woodcutting] FindFilledBlock: found at 1222,554 (51x51 0x00B809 tol=5, 15 ms)
2026-07-21 20:27:52 [woodcutting] Tracking not-yet-stable target at 1222,554 (search 15 ms)
2026-07-21 20:27:52 [woodcutting] FindFilledBlock: found at 1222,554 (51x51 0x00B809 tol=5, 15 ms)
2026-07-21 20:27:52 [woodcutting] Tracking not-yet-stable target at 1222,554 (search 15 ms)
2026-07-21 20:27:52 [woodcutting] FindFilledBlock: found at 1184,550 (51x51 0x00B809 tol=5, 15 ms)
2026-07-21 20:27:52 [woodcutting] Tracking not-yet-stable target at 1184,550 (search 15 ms)
2026-07-21 20:27:52 [woodcutting] FindFilledBlock: found at 1184,550 (51x51 0x00B809 tol=5, 16 ms)
2026-07-21 20:27:52 [woodcutting] Tracking not-yet-stable target at 1184,550 (search 16 ms)
2026-07-21 20:27:52 [woodcutting] FindFilledBlock: found at 1184,550 (51x51 0x00B809 tol=5, 0 ms)
2026-07-21 20:27:52 [woodcutting] Tracking stable target at 1184,550 (cooldown active, search 0 ms)
2026-07-21 20:27:53 [woodcutting] FindFilledBlock: found at 1184,550 (51x51 0x00B809 tol=5, 15 ms)
2026-07-21 20:27:53 [woodcutting] Tracking stable target at 1184,550 (cooldown active, search 15 ms)
2026-07-21 20:27:53 [woodcutting] FindFilledBlock: found at 1184,550 (51x51 0x00B809 tol=5, 0 ms)
2026-07-21 20:27:53 [woodcutting] Tracking stable target at 1184,550 (cooldown active, search 0 ms)
2026-07-21 20:27:53 [woodcutting] FindFilledBlock: found at 1184,550 (51x51 0x00B809 tol=5, 16 ms)
2026-07-21 20:27:53 [woodcutting] Tracking stable target at 1184,550 (cooldown active, search 16 ms)
2026-07-21 20:27:53 [woodcutting] FindFilledBlock: found at 1184,550 (51x51 0x00B809 tol=5, 0 ms)
2026-07-21 20:27:53 [woodcutting] Tracking stable target at 1184,550 (cooldown active, search 0 ms)
2026-07-21 20:27:53 [woodcutting] FindFilledBlock: found at 1184,550 (51x51 0x00B809 tol=5, 15 ms)
2026-07-21 20:27:53 [woodcutting] Clicked STABLE target at 1184,550 (search 15 ms)
2026-07-21 20:27:54 [woodcutting] FindFilledBlock: found at 1222,554 (51x51 0x00B809 tol=5, 0 ms)
2026-07-21 20:27:54 [woodcutting] Tracking not-yet-stable target at 1222,554 (search 0 ms)
2026-07-21 20:27:54 [woodcutting] FindFilledBlock: found at 1222,554 (51x51 0x00B809 tol=5, 16 ms)
2026-07-21 20:27:54 [woodcutting] Tracking not-yet-stable target at 1222,554 (search 16 ms)
2026-07-21 20:27:54 [woodcutting] FindFilledBlock: found at 1184,550 (51x51 0x00B809 tol=5, 0 ms)
2026-07-21 20:27:54 [woodcutting] Tracking not-yet-stable target at 1184,550 (search 0 ms)
2026-07-21 20:27:54 [woodcutting] FindFilledBlock: found at 1184,550 (51x51 0x00B809 tol=5, 16 ms)
2026-07-21 20:27:54 [woodcutting] Tracking not-yet-stable target at 1184,550 (search 16 ms)
2026-07-21 20:27:54 [woodcutting] FindFilledBlock: found at 1184,550 (51x51 0x00B809 tol=5, 0 ms)
2026-07-21 20:27:54 [woodcutting] Tracking stable target at 1184,550 (cooldown active, search 0 ms)
2026-07-21 20:27:54 [woodcutting] FindFilledBlock: found at 1184,550 (51x51 0x00B809 tol=5, 16 ms)
2026-07-21 20:27:54 [woodcutting] Tracking stable target at 1184,550 (cooldown active, search 16 ms)
2026-07-21 20:27:55 [woodcutting] FindFilledBlock: found at 1184,550 (51x51 0x00B809 tol=5, 15 ms)
2026-07-21 20:27:55 [woodcutting] Tracking stable target at 1184,550 (cooldown active, search 15 ms)
2026-07-21 20:27:55 [woodcutting] FindFilledBlock: found at 1184,550 (51x51 0x00B809 tol=5, 16 ms)
2026-07-21 20:27:55 [woodcutting] Tracking stable target at 1184,550 (cooldown active, search 16 ms)
2026-07-21 20:27:55 [woodcutting] FindFilledBlock: found at 1184,550 (51x51 0x00B809 tol=5, 15 ms)
2026-07-21 20:27:55 [woodcutting] Tracking stable target at 1184,550 (cooldown active, search 15 ms)
2026-07-21 20:27:55 [woodcutting] FindFilledBlock: found at 1184,550 (51x51 0x00B809 tol=5, 16 ms)
2026-07-21 20:27:55 [woodcutting] Clicked STABLE target at 1184,550 (search 16 ms)
2026-07-21 20:27:55 [woodcutting] FindFilledBlock: found at 1222,554 (51x51 0x00B809 tol=5, 15 ms)
2026-07-21 20:27:55 [woodcutting] Tracking not-yet-stable target at 1222,554 (search 15 ms)
2026-07-21 20:27:56 [woodcutting] FindFilledBlock: found at 1184,550 (51x51 0x00B809 tol=5, 16 ms)
2026-07-21 20:27:56 [woodcutting] Tracking not-yet-stable target at 1184,550 (search 16 ms)
2026-07-21 20:27:56 [woodcutting] FindFilledBlock: found at 1184,550 (51x51 0x00B809 tol=5, 16 ms)
2026-07-21 20:27:56 [woodcutting] Tracking not-yet-stable target at 1184,550 (search 16 ms)
2026-07-21 20:27:56 [woodcutting] FindFilledBlock: found at 1184,550 (51x51 0x00B809 tol=5, 16 ms)
2026-07-21 20:27:56 [woodcutting] Tracking stable target at 1184,550 (cooldown active, search 16 ms)
2026-07-21 20:27:56 [woodcutting] FindFilledBlock: found at 1184,550 (51x51 0x00B809 tol=5, 16 ms)
2026-07-21 20:27:56 [woodcutting] Tracking stable target at 1184,550 (cooldown active, search 16 ms)
2026-07-21 20:27:56 [woodcutting] FindFilledBlock: found at 1184,550 (51x51 0x00B809 tol=5, 15 ms)
2026-07-21 20:27:56 [woodcutting] Tracking stable target at 1184,550 (cooldown active, search 15 ms)
2026-07-21 20:27:56 [woodcutting] FindFilledBlock: found at 1184,550 (51x51 0x00B809 tol=5, 16 ms)
2026-07-21 20:27:56 [woodcutting] Tracking stable target at 1184,550 (cooldown active, search 16 ms)
2026-07-21 20:27:57 [woodcutting] FindFilledBlock: found at 1184,550 (51x51 0x00B809 tol=5, 16 ms)
2026-07-21 20:27:57 [woodcutting] Tracking stable target at 1184,550 (cooldown active, search 16 ms)
2026-07-21 20:27:57 [woodcutting] FindFilledBlock: found at 1184,550 (51x51 0x00B809 tol=5, 0 ms)
2026-07-21 20:27:57 [woodcutting] Tracking stable target at 1184,550 (cooldown active, search 0 ms)
2026-07-21 20:27:57 [woodcutting] FindFilledBlock: found at 1184,550 (51x51 0x00B809 tol=5, 16 ms)
2026-07-21 20:27:57 [woodcutting] Clicked STABLE target at 1184,550 (search 16 ms)
2026-07-21 20:27:57 [woodcutting] FindFilledBlock: found at 1222,554 (51x51 0x00B809 tol=5, 15 ms)
2026-07-21 20:27:57 [woodcutting] Tracking not-yet-stable target at 1222,554 (search 15 ms)
2026-07-21 20:27:57 [woodcutting] FindFilledBlock: found at 1184,550 (51x51 0x00B809 tol=5, 15 ms)
2026-07-21 20:27:57 [woodcutting] Tracking not-yet-stable target at 1184,550 (search 15 ms)
2026-07-21 20:27:58 [woodcutting] FindFilledBlock: found at 1184,550 (51x51 0x00B809 tol=5, 15 ms)
2026-07-21 20:27:58 [woodcutting] Tracking not-yet-stable target at 1184,550 (search 15 ms)
2026-07-21 20:27:58 [woodcutting] FindFilledBlock: found at 1184,550 (51x51 0x00B809 tol=5, 15 ms)
2026-07-21 20:27:58 [woodcutting] Tracking stable target at 1184,550 (cooldown active, search 15 ms)
2026-07-21 20:27:58 [woodcutting] FindFilledBlock: found at 1184,550 (51x51 0x00B809 tol=5, 16 ms)
2026-07-21 20:27:58 [woodcutting] Tracking stable target at 1184,550 (cooldown active, search 16 ms)
2026-07-21 20:27:58 [woodcutting] FindFilledBlock: found at 1184,550 (51x51 0x00B809 tol=5, 16 ms)
2026-07-21 20:27:58 [woodcutting] Tracking stable target at 1184,550 (cooldown active, search 16 ms)
2026-07-21 20:27:58 [woodcutting] FindFilledBlock: found at 1184,550 (51x51 0x00B809 tol=5, 0 ms)
2026-07-21 20:27:58 [woodcutting] Tracking stable target at 1184,550 (cooldown active, search 16 ms)
2026-07-21 20:27:58 [woodcutting] FindFilledBlock: found at 1184,550 (51x51 0x00B809 tol=5, 16 ms)
2026-07-21 20:27:58 [woodcutting] Tracking stable target at 1184,550 (cooldown active, search 16 ms)
2026-07-21 20:27:59 [woodcutting] FindFilledBlock: found at 1184,550 (51x51 0x00B809 tol=5, 15 ms)
2026-07-21 20:27:59 [woodcutting] Tracking stable target at 1184,550 (cooldown active, search 15 ms)
2026-07-21 20:27:59 [woodcutting] FindFilledBlock: found at 1184,550 (51x51 0x00B809 tol=5, 16 ms)
2026-07-21 20:27:59 [woodcutting] Clicked STABLE target at 1184,550 (search 16 ms)
2026-07-21 20:27:59 [woodcutting] FindFilledBlock: found at 1222,554 (51x51 0x00B809 tol=5, 15 ms)
2026-07-21 20:27:59 [woodcutting] Tracking not-yet-stable target at 1222,554 (search 15 ms)
2026-07-21 20:27:59 [woodcutting] FindFilledBlock: found at 1184,550 (51x51 0x00B809 tol=5, 15 ms)
2026-07-21 20:27:59 [woodcutting] Tracking not-yet-stable target at 1184,550 (search 15 ms)
2026-07-21 20:28:00 [woodcutting] FindFilledBlock: found at 1184,550 (51x51 0x00B809 tol=5, 16 ms)
2026-07-21 20:28:00 [woodcutting] Tracking not-yet-stable target at 1184,550 (search 16 ms)
2026-07-21 20:28:00 [woodcutting] FindFilledBlock: found at 1184,550 (51x51 0x00B809 tol=5, 16 ms)
2026-07-21 20:28:00 [woodcutting] Tracking stable target at 1184,550 (cooldown active, search 16 ms)
2026-07-21 20:28:00 [woodcutting] FindFilledBlock: found at 1184,550 (51x51 0x00B809 tol=5, 16 ms)
2026-07-21 20:28:00 [woodcutting] Tracking stable target at 1184,550 (cooldown active, search 16 ms)
2026-07-21 20:28:00 [woodcutting] FindFilledBlock: found at 1184,550 (51x51 0x00B809 tol=5, 16 ms)
2026-07-21 20:28:00 [woodcutting] Tracking stable target at 1184,550 (cooldown active, search 16 ms)
2026-07-21 20:28:00 [woodcutting] FindFilledBlock: found at 1184,550 (51x51 0x00B809 tol=5, 15 ms)
2026-07-21 20:28:00 [woodcutting] Tracking stable target at 1184,550 (cooldown active, search 15 ms)
2026-07-21 20:28:00 [woodcutting] FindFilledBlock: found at 1184,550 (51x51 0x00B809 tol=5, 15 ms)
2026-07-21 20:28:00 [woodcutting] Tracking stable target at 1184,550 (cooldown active, search 15 ms)
2026-07-21 20:28:01 [woodcutting] FindFilledBlock: found at 1184,550 (51x51 0x00B809 tol=5, 16 ms)
2026-07-21 20:28:01 [woodcutting] Clicked STABLE target at 1184,550 (search 16 ms)
2026-07-21 20:28:01 [woodcutting] FindFilledBlock: found at 1222,554 (51x51 0x00B809 tol=5, 16 ms)
2026-07-21 20:28:01 [woodcutting] Tracking not-yet-stable target at 1222,554 (search 16 ms)
2026-07-21 20:28:01 [woodcutting] FindFilledBlock: found at 1184,550 (51x51 0x00B809 tol=5, 16 ms)
2026-07-21 20:28:01 [woodcutting] Tracking not-yet-stable target at 1184,550 (search 16 ms)
2026-07-21 20:28:01 [woodcutting] FindFilledBlock: found at 1184,550 (51x51 0x00B809 tol=5, 15 ms)
2026-07-21 20:28:01 [woodcutting] Tracking not-yet-stable target at 1184,550 (search 15 ms)
2026-07-21 20:28:01 [woodcutting] FindFilledBlock: found at 1184,550 (51x51 0x00B809 tol=5, 15 ms)
2026-07-21 20:28:01 [woodcutting] Tracking stable target at 1184,550 (cooldown active, search 15 ms)
2026-07-21 20:28:02 [woodcutting] FindFilledBlock: found at 1184,550 (51x51 0x00B809 tol=5, 16 ms)
2026-07-21 20:28:02 [woodcutting] Tracking stable target at 1184,550 (cooldown active, search 16 ms)
2026-07-21 20:28:02 [woodcutting] FindFilledBlock: found at 1184,550 (51x51 0x00B809 tol=5, 16 ms)
2026-07-21 20:28:02 [woodcutting] Tracking stable target at 1184,550 (cooldown active, search 16 ms)
2026-07-21 20:28:02 [woodcutting] FindFilledBlock: found at 1184,550 (51x51 0x00B809 tol=5, 15 ms)
2026-07-21 20:28:02 [woodcutting] Tracking stable target at 1184,550 (cooldown active, search 15 ms)
2026-07-21 20:28:02 [woodcutting] FindFilledBlock: found at 1184,550 (51x51 0x00B809 tol=5, 16 ms)
2026-07-21 20:28:02 [woodcutting] Tracking stable target at 1184,550 (cooldown active, search 16 ms)
2026-07-21 20:28:02 [woodcutting] FindFilledBlock: found at 1184,550 (51x51 0x00B809 tol=5, 16 ms)
2026-07-21 20:28:02 [woodcutting] Tracking stable target at 1184,550 (cooldown active, search 16 ms)
2026-07-21 20:28:02 [woodcutting] FindFilledBlock: found at 1184,550 (51x51 0x00B809 tol=5, 16 ms)
2026-07-21 20:28:03 [woodcutting] Clicked STABLE target at 1184,550 (search 16 ms)
2026-07-21 20:28:03 [woodcutting] FindFilledBlock: found at 1222,554 (51x51 0x00B809 tol=5, 16 ms)
2026-07-21 20:28:03 [woodcutting] Tracking not-yet-stable target at 1222,554 (search 16 ms)
2026-07-21 20:28:03 [woodcutting] FindFilledBlock: found at 1222,554 (51x51 0x00B809 tol=5, 15 ms)
2026-07-21 20:28:03 [woodcutting] Tracking not-yet-stable target at 1222,554 (search 15 ms)
2026-07-21 20:28:03 [woodcutting] FindFilledBlock: found at 1184,550 (51x51 0x00B809 tol=5, 16 ms)
2026-07-21 20:28:03 [woodcutting] Tracking not-yet-stable target at 1184,550 (search 16 ms)
2026-07-21 20:28:03 [woodcutting] FindFilledBlock: found at 1184,550 (51x51 0x00B809 tol=5, 16 ms)
2026-07-21 20:28:03 [woodcutting] Tracking not-yet-stable target at 1184,550 (search 16 ms)
2026-07-21 20:28:03 [woodcutting] FindFilledBlock: found at 1184,550 (51x51 0x00B809 tol=5, 16 ms)
2026-07-21 20:28:03 [woodcutting] Tracking stable target at 1184,550 (cooldown active, search 16 ms)
2026-07-21 20:28:04 [woodcutting] FindFilledBlock: found at 1184,550 (51x51 0x00B809 tol=5, 16 ms)
2026-07-21 20:28:04 [woodcutting] Tracking stable target at 1184,550 (cooldown active, search 16 ms)
2026-07-21 20:28:04 [woodcutting] FindFilledBlock: found at 1184,550 (51x51 0x00B809 tol=5, 15 ms)
2026-07-21 20:28:04 [woodcutting] Tracking stable target at 1184,550 (cooldown active, search 15 ms)
2026-07-21 20:28:04 [woodcutting] FindFilledBlock: found at 1184,550 (51x51 0x00B809 tol=5, 16 ms)
2026-07-21 20:28:04 [woodcutting] Tracking stable target at 1184,550 (cooldown active, search 16 ms)
2026-07-21 20:28:04 [woodcutting] FindFilledBlock: found at 1184,550 (51x51 0x00B809 tol=5, 15 ms)
2026-07-21 20:28:04 [woodcutting] Tracking stable target at 1184,550 (cooldown active, search 15 ms)
2026-07-21 20:28:04 [woodcutting] FindFilledBlock: found at 1184,550 (51x51 0x00B809 tol=5, 15 ms)
2026-07-21 20:28:04 [woodcutting] Clicked STABLE target at 1184,550 (search 15 ms)
2026-07-21 20:28:04 [woodcutting] FindFilledBlock: found at 1222,554 (51x51 0x00B809 tol=5, 16 ms)
2026-07-21 20:28:04 [woodcutting] Tracking not-yet-stable target at 1222,554 (search 16 ms)
2026-07-21 20:28:05 [woodcutting] FindFilledBlock: found at 1222,554 (51x51 0x00B809 tol=5, 16 ms)
2026-07-21 20:28:05 [woodcutting] Tracking not-yet-stable target at 1222,554 (search 16 ms)
2026-07-21 20:28:05 [woodcutting] FindFilledBlock: not found (51x51 0x00B809 tol=5, 16 ms)
2026-07-21 20:28:05 [woodcutting] Target depleted or lost - re-acquiring (searched 16 ms)
2026-07-21 20:28:05 [woodcutting] FindFilledBlock: found at 1080,776 (51x51 0x00FF00 tol=5, 16 ms)
2026-07-21 20:28:05 [woodcutting] FindFilledBlock: not found (51x51 0x00B809 tol=5, 0 ms)
2026-07-21 20:28:05 [woodcutting] Acquired new target at 1080,776 (0x00FF00, ring 250, 31 ms)
2026-07-21 20:28:05 [woodcutting] FindFilledBlock: found at 1080,776 (51x51 0x00FF00 tol=5, 0 ms)
2026-07-21 20:28:05 [woodcutting] Clicked initial/re-click target at 1080,776 (search 0 ms)
2026-07-21 20:28:05 [woodcutting] FindFilledBlock: found at 1118,778 (51x51 0x00FF00 tol=5, 15 ms)
2026-07-21 20:28:05 [woodcutting] Tracking not-yet-stable target at 1118,778 (search 15 ms)
2026-07-21 20:28:06 [woodcutting] FindFilledBlock: found at 1118,778 (51x51 0x00FF00 tol=5, 15 ms)
2026-07-21 20:28:06 [woodcutting] Tracking not-yet-stable target at 1118,778 (search 15 ms)
2026-07-21 20:28:06 [woodcutting] FindFilledBlock: found at 1080,776 (51x51 0x00FF00 tol=5, 16 ms)
2026-07-21 20:28:06 [woodcutting] Tracking not-yet-stable target at 1080,776 (search 16 ms)
2026-07-21 20:28:06 [woodcutting] FindFilledBlock: found at 1080,776 (51x51 0x00FF00 tol=5, 16 ms)
2026-07-21 20:28:06 [woodcutting] Tracking not-yet-stable target at 1080,776 (search 16 ms)
2026-07-21 20:28:06 [woodcutting] FindFilledBlock: found at 1080,772 (51x51 0x00FF00 tol=5, 0 ms)
2026-07-21 20:28:06 [woodcutting] Tracking stable target at 1080,772 (cooldown active, search 0 ms)
2026-07-21 20:28:06 [woodcutting] FindFilledBlock: found at 1082,764 (51x51 0x00FF00 tol=5, 15 ms)
2026-07-21 20:28:06 [woodcutting] Tracking not-yet-stable target at 1082,764 (search 15 ms)
2026-07-21 20:28:06 [woodcutting] FindFilledBlock: found at 1072,756 (51x51 0x00FF00 tol=5, 0 ms)
2026-07-21 20:28:06 [woodcutting] Tracking not-yet-stable target at 1072,756 (search 0 ms)
2026-07-21 20:28:07 [woodcutting] FindFilledBlock: found at 1076,744 (51x51 0x00FF00 tol=5, 16 ms)
2026-07-21 20:28:07 [woodcutting] Tracking not-yet-stable target at 1076,744 (search 16 ms)
2026-07-21 20:28:07 [woodcutting] FindFilledBlock: found at 1088,730 (51x51 0x00FF00 tol=5, 0 ms)
2026-07-21 20:28:07 [woodcutting] Tracking not-yet-stable target at 1088,730 (search 0 ms)
2026-07-21 20:28:07 [woodcutting] FindFilledBlock: found at 1104,714 (51x51 0x00FF00 tol=5, 16 ms)
2026-07-21 20:28:07 [woodcutting] Tracking not-yet-stable target at 1104,714 (search 16 ms)
2026-07-21 20:28:07 [woodcutting] FindFilledBlock: found at 1116,702 (51x51 0x00FF00 tol=5, 0 ms)
2026-07-21 20:28:07 [woodcutting] Tracking not-yet-stable target at 1116,702 (search 0 ms)
2026-07-21 20:28:07 [woodcutting] FindFilledBlock: found at 1124,694 (51x51 0x00FF00 tol=5, 16 ms)
2026-07-21 20:28:07 [woodcutting] Tracking not-yet-stable target at 1124,694 (search 16 ms)
2026-07-21 20:28:07 [woodcutting] FindFilledBlock: found at 1128,690 (51x51 0x00FF00 tol=5, 0 ms)
2026-07-21 20:28:07 [woodcutting] Tracking not-yet-stable target at 1128,690 (search 0 ms)
2026-07-21 20:28:08 [woodcutting] FindFilledBlock: found at 1130,686 (51x51 0x00FF00 tol=5, 16 ms)
2026-07-21 20:28:08 [woodcutting] Clicked STABLE target at 1130,686 (search 16 ms)
2026-07-21 20:28:08 [woodcutting] FindFilledBlock: found at 1168,686 (51x51 0x00FF00 tol=5, 15 ms)
2026-07-21 20:28:08 [woodcutting] Tracking not-yet-stable target at 1168,686 (search 15 ms)
2026-07-21 20:28:08 [woodcutting] FindFilledBlock: found at 1134,684 (51x51 0x00FF00 tol=5, 16 ms)
2026-07-21 20:28:08 [woodcutting] Tracking not-yet-stable target at 1134,684 (search 16 ms)
2026-07-21 20:28:08 [woodcutting] FindFilledBlock: found at 1134,682 (51x51 0x00FF00 tol=5, 16 ms)
2026-07-21 20:28:08 [woodcutting] Tracking not-yet-stable target at 1134,682 (search 16 ms)
2026-07-21 20:28:08 [woodcutting] FindFilledBlock: found at 1134,682 (51x51 0x00FF00 tol=5, 16 ms)
2026-07-21 20:28:08 [woodcutting] Tracking stable target at 1134,682 (cooldown active, search 16 ms)
2026-07-21 20:28:09 [woodcutting] FindFilledBlock: found at 1134,682 (51x51 0x00FF00 tol=5, 15 ms)
2026-07-21 20:28:09 [woodcutting] Tracking stable target at 1134,682 (cooldown active, search 15 ms)
2026-07-21 20:28:09 [woodcutting] FindFilledBlock: found at 1134,682 (51x51 0x00FF00 tol=5, 0 ms)
2026-07-21 20:28:09 [woodcutting] Tracking stable target at 1134,682 (cooldown active, search 15 ms)
2026-07-21 20:28:09 [woodcutting] FindFilledBlock: found at 1134,682 (51x51 0x00FF00 tol=5, 15 ms)
2026-07-21 20:28:09 [woodcutting] Tracking stable target at 1134,682 (cooldown active, search 15 ms)
2026-07-21 20:28:09 [woodcutting] FindFilledBlock: found at 1134,684 (51x51 0x00FF00 tol=5, 16 ms)
2026-07-21 20:28:09 [woodcutting] Tracking stable target at 1134,684 (cooldown active, search 16 ms)
2026-07-21 20:28:09 [woodcutting] FindFilledBlock: found at 1134,682 (51x51 0x00FF00 tol=5, 16 ms)
2026-07-21 20:28:09 [woodcutting] Tracking stable target at 1134,682 (cooldown active, search 16 ms)
2026-07-21 20:28:09 [woodcutting] FindFilledBlock: found at 1134,682 (51x51 0x00FF00 tol=5, 16 ms)
2026-07-21 20:28:10 [woodcutting] Clicked STABLE target at 1134,682 (search 16 ms)
2026-07-21 20:28:10 [woodcutting] FindFilledBlock: found at 1172,684 (51x51 0x00FF00 tol=5, 16 ms)
2026-07-21 20:28:10 [woodcutting] Tracking not-yet-stable target at 1172,684 (search 16 ms)
2026-07-21 20:28:10 [woodcutting] FindFilledBlock: found at 1134,682 (51x51 0x00FF00 tol=5, 15 ms)
2026-07-21 20:28:10 [woodcutting] Tracking not-yet-stable target at 1134,682 (search 15 ms)
2026-07-21 20:28:10 [woodcutting] FindFilledBlock: found at 1134,682 (51x51 0x00FF00 tol=5, 15 ms)
2026-07-21 20:28:10 [woodcutting] Tracking not-yet-stable target at 1134,682 (search 15 ms)
2026-07-21 20:28:10 [woodcutting] FindFilledBlock: found at 1134,682 (51x51 0x00FF00 tol=5, 15 ms)
2026-07-21 20:28:10 [woodcutting] Tracking stable target at 1134,682 (cooldown active, search 15 ms)
2026-07-21 20:28:10 [woodcutting] FindFilledBlock: found at 1134,682 (51x51 0x00FF00 tol=5, 16 ms)
2026-07-21 20:28:10 [woodcutting] Tracking stable target at 1134,682 (cooldown active, search 16 ms)
2026-07-21 20:28:11 [woodcutting] FindFilledBlock: found at 1134,682 (51x51 0x00FF00 tol=5, 16 ms)
2026-07-21 20:28:11 [woodcutting] Tracking stable target at 1134,682 (cooldown active, search 16 ms)
2026-07-21 20:28:11 [woodcutting] FindFilledBlock: found at 1134,682 (51x51 0x00FF00 tol=5, 0 ms)
2026-07-21 20:28:11 [woodcutting] Tracking stable target at 1134,682 (cooldown active, search 0 ms)
2026-07-21 20:28:11 [woodcutting] FindFilledBlock: found at 1134,682 (51x51 0x00FF00 tol=5, 16 ms)
2026-07-21 20:28:11 [woodcutting] Tracking stable target at 1134,682 (cooldown active, search 16 ms)
2026-07-21 20:28:11 [woodcutting] FindFilledBlock: found at 1134,682 (51x51 0x00FF00 tol=5, 0 ms)
2026-07-21 20:28:11 [woodcutting] Tracking stable target at 1134,682 (cooldown active, search 0 ms)
2026-07-21 20:28:11 [woodcutting] FindFilledBlock: found at 1134,682 (51x51 0x00FF00 tol=5, 16 ms)
2026-07-21 20:28:11 [woodcutting] Clicked STABLE target at 1134,682 (search 16 ms)
2026-07-21 20:28:12 [woodcutting] FindFilledBlock: found at 1172,684 (51x51 0x00FF00 tol=5, 15 ms)
2026-07-21 20:28:12 [woodcutting] Tracking not-yet-stable target at 1172,684 (search 15 ms)
2026-07-21 20:28:12 [woodcutting] FindFilledBlock: found at 1172,684 (51x51 0x00FF00 tol=5, 15 ms)
2026-07-21 20:28:12 [woodcutting] Tracking not-yet-stable target at 1172,684 (search 15 ms)
2026-07-21 20:28:12 [woodcutting] FindFilledBlock: found at 1134,682 (51x51 0x00FF00 tol=5, 16 ms)
2026-07-21 20:28:12 [woodcutting] Tracking not-yet-stable target at 1134,682 (search 16 ms)
2026-07-21 20:28:12 [woodcutting] FindFilledBlock: found at 1134,682 (51x51 0x00FF00 tol=5, 16 ms)
2026-07-21 20:28:12 [woodcutting] Tracking not-yet-stable target at 1134,682 (search 16 ms)
2026-07-21 20:28:12 [woodcutting] FindFilledBlock: found at 1134,682 (51x51 0x00FF00 tol=5, 15 ms)
2026-07-21 20:28:12 [woodcutting] Tracking stable target at 1134,682 (cooldown active, search 15 ms)
2026-07-21 20:28:12 [woodcutting] FindFilledBlock: found at 1134,682 (51x51 0x00FF00 tol=5, 0 ms)
2026-07-21 20:28:12 [woodcutting] Tracking stable target at 1134,682 (cooldown active, search 0 ms)
2026-07-21 20:28:13 [woodcutting] FindFilledBlock: found at 1134,682 (51x51 0x00FF00 tol=5, 16 ms)
2026-07-21 20:28:13 [woodcutting] Tracking stable target at 1134,682 (cooldown active, search 16 ms)
2026-07-21 20:28:13 [woodcutting] FindFilledBlock: found at 1134,682 (51x51 0x00FF00 tol=5, 0 ms)
2026-07-21 20:28:13 [woodcutting] Tracking stable target at 1134,682 (cooldown active, search 0 ms)
2026-07-21 20:28:13 [woodcutting] FindFilledBlock: found at 1134,682 (51x51 0x00FF00 tol=5, 15 ms)
2026-07-21 20:28:13 [woodcutting] Tracking stable target at 1134,682 (cooldown active, search 15 ms)
2026-07-21 20:28:13 [woodcutting] FindFilledBlock: found at 1134,682 (51x51 0x00FF00 tol=5, 0 ms)
2026-07-21 20:28:13 [woodcutting] Clicked STABLE target at 1134,682 (search 0 ms)
2026-07-21 20:28:13 [woodcutting] FindFilledBlock: found at 1172,684 (51x51 0x00FF00 tol=5, 0 ms)
2026-07-21 20:28:13 [woodcutting] Tracking not-yet-stable target at 1172,684 (search 0 ms)
2026-07-21 20:28:14 [woodcutting] FindFilledBlock: found at 1172,684 (51x51 0x00FF00 tol=5, 15 ms)
2026-07-21 20:28:14 [woodcutting] Tracking not-yet-stable target at 1172,684 (search 15 ms)
2026-07-21 20:28:14 [woodcutting] FindFilledBlock: found at 1134,682 (51x51 0x00FF00 tol=5, 0 ms)
2026-07-21 20:28:14 [woodcutting] Tracking not-yet-stable target at 1134,682 (search 0 ms)
2026-07-21 20:28:14 [woodcutting] FindFilledBlock: found at 1134,682 (51x51 0x00FF00 tol=5, 16 ms)
2026-07-21 20:28:14 [woodcutting] Tracking not-yet-stable target at 1134,682 (search 16 ms)
2026-07-21 20:28:14 [woodcutting] FindFilledBlock: found at 1134,682 (51x51 0x00FF00 tol=5, 0 ms)
2026-07-21 20:28:14 [woodcutting] Tracking stable target at 1134,682 (cooldown active, search 0 ms)
2026-07-21 20:28:14 [woodcutting] FindFilledBlock: found at 1134,682 (51x51 0x00FF00 tol=5, 15 ms)
2026-07-21 20:28:14 [woodcutting] Tracking stable target at 1134,682 (cooldown active, search 15 ms)
2026-07-21 20:28:14 [woodcutting] FindFilledBlock: found at 1134,682 (51x51 0x00FF00 tol=5, 15 ms)
2026-07-21 20:28:14 [woodcutting] Tracking stable target at 1134,682 (cooldown active, search 15 ms)
2026-07-21 20:28:14 [woodcutting] FindFilledBlock: found at 1134,682 (51x51 0x00FF00 tol=5, 16 ms)
2026-07-21 20:28:14 [woodcutting] Tracking stable target at 1134,682 (cooldown active, search 16 ms)
2026-07-21 20:28:15 [woodcutting] FindFilledBlock: found at 1134,682 (51x51 0x00FF00 tol=5, 0 ms)
2026-07-21 20:28:15 [woodcutting] Tracking stable target at 1134,682 (cooldown active, search 0 ms)
2026-07-21 20:28:15 [woodcutting] FindFilledBlock: found at 1134,682 (51x51 0x00FF00 tol=5, 16 ms)
2026-07-21 20:28:15 [woodcutting] Clicked STABLE target at 1134,682 (search 16 ms)
2026-07-21 20:28:15 [woodcutting] FindFilledBlock: found at 1172,684 (51x51 0x00FF00 tol=5, 0 ms)
2026-07-21 20:28:15 [woodcutting] Tracking not-yet-stable target at 1172,684 (search 16 ms)
2026-07-21 20:28:15 [woodcutting] FindFilledBlock: found at 1134,682 (51x51 0x00FF00 tol=5, 16 ms)
2026-07-21 20:28:15 [woodcutting] Tracking not-yet-stable target at 1134,682 (search 16 ms)
2026-07-21 20:28:15 [woodcutting] FindFilledBlock: found at 1134,682 (51x51 0x00FF00 tol=5, 0 ms)
2026-07-21 20:28:15 [woodcutting] Tracking not-yet-stable target at 1134,682 (search 15 ms)
2026-07-21 20:28:16 [woodcutting] FindFilledBlock: found at 1134,682 (51x51 0x00FF00 tol=5, 15 ms)
2026-07-21 20:28:16 [woodcutting] Tracking stable target at 1134,682 (cooldown active, search 15 ms)
2026-07-21 20:28:16 [woodcutting] FindFilledBlock: found at 1134,682 (51x51 0x00FF00 tol=5, 15 ms)
2026-07-21 20:28:16 [woodcutting] Tracking stable target at 1134,682 (cooldown active, search 15 ms)
2026-07-21 20:28:16 [woodcutting] FindFilledBlock: found at 1134,682 (51x51 0x00FF00 tol=5, 15 ms)
2026-07-21 20:28:16 [woodcutting] Tracking stable target at 1134,682 (cooldown active, search 15 ms)
2026-07-21 20:28:16 [woodcutting] FindFilledBlock: found at 1134,682 (51x51 0x00FF00 tol=5, 15 ms)
2026-07-21 20:28:16 [woodcutting] Tracking stable target at 1134,682 (cooldown active, search 15 ms)
2026-07-21 20:28:16 [woodcutting] FindFilledBlock: found at 1134,682 (51x51 0x00FF00 tol=5, 15 ms)
2026-07-21 20:28:16 [woodcutting] Tracking stable target at 1134,682 (cooldown active, search 15 ms)
2026-07-21 20:28:16 [woodcutting] FindFilledBlock: found at 1134,682 (51x51 0x00FF00 tol=5, 15 ms)
2026-07-21 20:28:16 [woodcutting] Tracking stable target at 1134,682 (cooldown active, search 15 ms)
2026-07-21 20:28:17 [woodcutting] FindFilledBlock: found at 1134,682 (51x51 0x00FF00 tol=5, 15 ms)
2026-07-21 20:28:17 [woodcutting] Clicked STABLE target at 1134,682 (search 15 ms)
2026-07-21 20:28:17 [woodcutting] FindFilledBlock: found at 1172,684 (51x51 0x00FF00 tol=5, 16 ms)
2026-07-21 20:28:17 [woodcutting] Tracking not-yet-stable target at 1172,684 (search 16 ms)
2026-07-21 20:28:17 [woodcutting] FindFilledBlock: found at 1134,682 (51x51 0x00FF00 tol=5, 16 ms)
2026-07-21 20:28:17 [woodcutting] Tracking not-yet-stable target at 1134,682 (search 16 ms)
2026-07-21 20:28:17 [woodcutting] FindFilledBlock: found at 1134,682 (51x51 0x00FF00 tol=5, 15 ms)
2026-07-21 20:28:17 [woodcutting] Tracking not-yet-stable target at 1134,682 (search 15 ms)
2026-07-21 20:28:17 [woodcutting] FindFilledBlock: found at 1134,682 (51x51 0x00FF00 tol=5, 0 ms)
2026-07-21 20:28:17 [woodcutting] Tracking stable target at 1134,682 (cooldown active, search 0 ms)
2026-07-21 20:28:18 [woodcutting] FindFilledBlock: found at 1134,682 (51x51 0x00FF00 tol=5, 0 ms)
2026-07-21 20:28:18 [woodcutting] Tracking stable target at 1134,682 (cooldown active, search 16 ms)
2026-07-21 20:28:18 [woodcutting] FindFilledBlock: found at 1134,682 (51x51 0x00FF00 tol=5, 16 ms)
2026-07-21 20:28:18 [woodcutting] Tracking stable target at 1134,682 (cooldown active, search 16 ms)
2026-07-21 20:28:18 [woodcutting] FindFilledBlock: found at 1134,682 (51x51 0x00FF00 tol=5, 15 ms)
2026-07-21 20:28:18 [woodcutting] Tracking stable target at 1134,682 (cooldown active, search 15 ms)
2026-07-21 20:28:18 [woodcutting] FindFilledBlock: found at 1134,682 (51x51 0x00FF00 tol=5, 15 ms)
2026-07-21 20:28:18 [woodcutting] Tracking stable target at 1134,682 (cooldown active, search 15 ms)
2026-07-21 20:28:18 [woodcutting] FindFilledBlock: found at 1134,682 (51x51 0x00FF00 tol=5, 15 ms)
2026-07-21 20:28:18 [woodcutting] Tracking stable target at 1134,682 (cooldown active, search 15 ms)
2026-07-21 20:28:18 [woodcutting] FindFilledBlock: found at 1134,682 (51x51 0x00FF00 tol=5, 16 ms)
2026-07-21 20:28:19 [woodcutting] Clicked STABLE target at 1134,682 (search 16 ms)
2026-07-21 20:28:19 [woodcutting] FindFilledBlock: found at 1172,684 (51x51 0x00FF00 tol=5, 15 ms)
2026-07-21 20:28:19 [woodcutting] Tracking not-yet-stable target at 1172,684 (search 15 ms)
2026-07-21 20:28:19 [woodcutting] FindFilledBlock: found at 1134,682 (51x51 0x00FF00 tol=5, 15 ms)
2026-07-21 20:28:19 [woodcutting] Tracking not-yet-stable target at 1134,682 (search 15 ms)
2026-07-21 20:28:19 [woodcutting] FindFilledBlock: found at 1134,682 (51x51 0x00FF00 tol=5, 0 ms)
2026-07-21 20:28:19 [woodcutting] Tracking not-yet-stable target at 1134,682 (search 16 ms)
2026-07-21 20:28:19 [woodcutting] FindFilledBlock: found at 1134,682 (51x51 0x00FF00 tol=5, 16 ms)
2026-07-21 20:28:19 [woodcutting] Tracking stable target at 1134,682 (cooldown active, search 16 ms)
2026-07-21 20:28:19 [woodcutting] FindFilledBlock: found at 1134,682 (51x51 0x00FF00 tol=5, 15 ms)
2026-07-21 20:28:19 [woodcutting] Tracking stable target at 1134,682 (cooldown active, search 15 ms)
2026-07-21 20:28:20 [woodcutting] FindFilledBlock: found at 1134,682 (51x51 0x00FF00 tol=5, 15 ms)
2026-07-21 20:28:20 [woodcutting] Tracking stable target at 1134,682 (cooldown active, search 15 ms)
2026-07-21 20:28:20 [woodcutting] FindFilledBlock: found at 1134,682 (51x51 0x00FF00 tol=5, 15 ms)
2026-07-21 20:28:20 [woodcutting] Tracking stable target at 1134,682 (cooldown active, search 15 ms)
2026-07-21 20:28:20 [woodcutting] FindFilledBlock: found at 1134,682 (51x51 0x00FF00 tol=5, 16 ms)
2026-07-21 20:28:20 [woodcutting] Tracking stable target at 1134,682 (cooldown active, search 16 ms)
2026-07-21 20:28:20 [woodcutting] FindFilledBlock: found at 1134,682 (51x51 0x00FF00 tol=5, 0 ms)
2026-07-21 20:28:20 [woodcutting] Tracking stable target at 1134,682 (cooldown active, search 0 ms)
2026-07-21 20:28:20 [woodcutting] FindFilledBlock: found at 1134,682 (51x51 0x00FF00 tol=5, 16 ms)
2026-07-21 20:28:21 [woodcutting] Clicked STABLE target at 1134,682 (search 16 ms)
2026-07-21 20:28:21 [woodcutting] FindFilledBlock: found at 1172,684 (51x51 0x00FF00 tol=5, 15 ms)
2026-07-21 20:28:21 [woodcutting] Tracking not-yet-stable target at 1172,684 (search 15 ms)
2026-07-21 20:28:21 [woodcutting] FindFilledBlock: found at 1134,682 (51x51 0x00FF00 tol=5, 16 ms)
2026-07-21 20:28:21 [woodcutting] Tracking not-yet-stable target at 1134,682 (search 16 ms)
2026-07-21 20:28:21 [woodcutting] FindFilledBlock: found at 1134,682 (51x51 0x00FF00 tol=5, 16 ms)
2026-07-21 20:28:21 [woodcutting] Tracking not-yet-stable target at 1134,682 (search 16 ms)
2026-07-21 20:28:21 [woodcutting] FindFilledBlock: found at 1134,682 (51x51 0x00FF00 tol=5, 16 ms)
2026-07-21 20:28:21 [woodcutting] Tracking stable target at 1134,682 (cooldown active, search 16 ms)
2026-07-21 20:28:21 [woodcutting] FindFilledBlock: found at 1134,682 (51x51 0x00FF00 tol=5, 16 ms)
2026-07-21 20:28:21 [woodcutting] Tracking stable target at 1134,682 (cooldown active, search 16 ms)
2026-07-21 20:28:21 [woodcutting] FindFilledBlock: found at 1134,682 (51x51 0x00FF00 tol=5, 15 ms)
2026-07-21 20:28:21 [woodcutting] Tracking stable target at 1134,682 (cooldown active, search 15 ms)
2026-07-21 20:28:22 [woodcutting] FindFilledBlock: found at 1134,682 (51x51 0x00FF00 tol=5, 15 ms)
2026-07-21 20:28:22 [woodcutting] Tracking stable target at 1134,682 (cooldown active, search 15 ms)
2026-07-21 20:28:22 [woodcutting] FindFilledBlock: found at 1134,682 (51x51 0x00FF00 tol=5, 0 ms)
2026-07-21 20:28:22 [woodcutting] Tracking stable target at 1134,682 (cooldown active, search 0 ms)
2026-07-21 20:28:22 [woodcutting] FindFilledBlock: found at 1134,682 (51x51 0x00FF00 tol=5, 16 ms)
2026-07-21 20:28:22 [woodcutting] Tracking stable target at 1134,682 (cooldown active, search 16 ms)
2026-07-21 20:28:22 [woodcutting] FindFilledBlock: found at 1134,682 (51x51 0x00FF00 tol=5, 0 ms)
2026-07-21 20:28:22 [woodcutting] Clicked STABLE target at 1134,682 (search 0 ms)
2026-07-21 20:28:22 [woodcutting] FindFilledBlock: found at 1172,684 (51x51 0x00FF00 tol=5, 15 ms)
2026-07-21 20:28:22 [woodcutting] Tracking not-yet-stable target at 1172,684 (search 15 ms)
2026-07-21 20:28:23 [woodcutting] FindFilledBlock: found at 1172,684 (51x51 0x00FF00 tol=5, 15 ms)
2026-07-21 20:28:23 [woodcutting] Tracking not-yet-stable target at 1172,684 (search 15 ms)
2026-07-21 20:28:23 [woodcutting] FindFilledBlock: found at 1134,682 (51x51 0x00FF00 tol=5, 15 ms)
2026-07-21 20:28:23 [woodcutting] Tracking not-yet-stable target at 1134,682 (search 15 ms)
2026-07-21 20:28:23 [woodcutting] FindFilledBlock: found at 1134,682 (51x51 0x00FF00 tol=5, 16 ms)
2026-07-21 20:28:23 [woodcutting] Tracking not-yet-stable target at 1134,682 (search 16 ms)
2026-07-21 20:28:23 [woodcutting] FindFilledBlock: found at 1134,682 (51x51 0x00FF00 tol=5, 16 ms)
2026-07-21 20:28:23 [woodcutting] Tracking stable target at 1134,682 (cooldown active, search 16 ms)
2026-07-21 20:28:23 [woodcutting] FindFilledBlock: found at 1134,682 (51x51 0x00FF00 tol=5, 16 ms)
2026-07-21 20:28:23 [woodcutting] Tracking stable target at 1134,682 (cooldown active, search 16 ms)
2026-07-21 20:28:23 [woodcutting] FindFilledBlock: found at 1134,682 (51x51 0x00FF00 tol=5, 15 ms)
2026-07-21 20:28:23 [woodcutting] Tracking stable target at 1134,682 (cooldown active, search 15 ms)
2026-07-21 20:28:24 [woodcutting] FindFilledBlock: found at 1134,682 (51x51 0x00FF00 tol=5, 15 ms)
2026-07-21 20:28:24 [woodcutting] Tracking stable target at 1134,682 (cooldown active, search 15 ms)
2026-07-21 20:28:24 [woodcutting] FindFilledBlock: found at 1134,682 (51x51 0x00FF00 tol=5, 16 ms)
2026-07-21 20:28:24 [woodcutting] Tracking stable target at 1134,682 (cooldown active, search 16 ms)
2026-07-21 20:28:24 [woodcutting] FindFilledBlock: found at 1134,682 (51x51 0x00FF00 tol=5, 15 ms)
2026-07-21 20:28:24 [woodcutting] Clicked STABLE target at 1134,682 (search 15 ms)
2026-07-21 20:28:24 [woodcutting] FindFilledBlock: found at 1172,684 (51x51 0x00FF00 tol=5, 16 ms)
2026-07-21 20:28:24 [woodcutting] Tracking not-yet-stable target at 1172,684 (search 16 ms)
2026-07-21 20:28:24 [woodcutting] FindFilledBlock: found at 1172,684 (51x51 0x00FF00 tol=5, 15 ms)
2026-07-21 20:28:24 [woodcutting] Tracking not-yet-stable target at 1172,684 (search 15 ms)
2026-07-21 20:28:25 [woodcutting] FindFilledBlock: found at 1134,682 (51x51 0x00FF00 tol=5, 0 ms)
2026-07-21 20:28:25 [woodcutting] Tracking not-yet-stable target at 1134,682 (search 0 ms)
2026-07-21 20:28:25 [woodcutting] FindFilledBlock: found at 1134,682 (51x51 0x00FF00 tol=5, 16 ms)
2026-07-21 20:28:25 [woodcutting] Tracking not-yet-stable target at 1134,682 (search 16 ms)
2026-07-21 20:28:25 [woodcutting] FindFilledBlock: found at 1134,682 (51x51 0x00FF00 tol=5, 0 ms)
2026-07-21 20:28:25 [woodcutting] Tracking stable target at 1134,682 (cooldown active, search 0 ms)
2026-07-21 20:28:25 [woodcutting] FindFilledBlock: found at 1134,682 (51x51 0x00FF00 tol=5, 15 ms)
2026-07-21 20:28:25 [woodcutting] Tracking stable target at 1134,682 (cooldown active, search 15 ms)
2026-07-21 20:28:25 [woodcutting] FindFilledBlock: found at 1134,682 (51x51 0x00FF00 tol=5, 0 ms)
2026-07-21 20:28:25 [woodcutting] Tracking stable target at 1134,682 (cooldown active, search 0 ms)
2026-07-21 20:28:25 [woodcutting] FindFilledBlock: found at 1134,682 (51x51 0x00FF00 tol=5, 16 ms)
2026-07-21 20:28:25 [woodcutting] Tracking stable target at 1134,682 (cooldown active, search 16 ms)
2026-07-21 20:28:26 [woodcutting] FindFilledBlock: found at 1134,682 (51x51 0x00FF00 tol=5, 0 ms)
2026-07-21 20:28:26 [woodcutting] Tracking stable target at 1134,682 (cooldown active, search 0 ms)
2026-07-21 20:28:26 [woodcutting] FindFilledBlock: found at 1134,682 (51x51 0x00FF00 tol=5, 15 ms)
2026-07-21 20:28:26 [woodcutting] Clicked STABLE target at 1134,682 (search 15 ms)
2026-07-21 20:28:26 [woodcutting] FindFilledBlock: found at 1172,684 (51x51 0x00FF00 tol=5, 0 ms)
2026-07-21 20:28:26 [woodcutting] Tracking not-yet-stable target at 1172,684 (search 0 ms)
2026-07-21 20:28:26 [woodcutting] FindFilledBlock: found at 1172,684 (51x51 0x00FF00 tol=5, 16 ms)
2026-07-21 20:28:26 [woodcutting] Tracking not-yet-stable target at 1172,684 (search 16 ms)
2026-07-21 20:28:26 [woodcutting] FindFilledBlock: found at 1134,682 (51x51 0x00FF00 tol=5, 0 ms)
2026-07-21 20:28:26 [woodcutting] Tracking not-yet-stable target at 1134,682 (search 0 ms)
2026-07-21 20:28:27 [woodcutting] FindFilledBlock: found at 1134,682 (51x51 0x00FF00 tol=5, 16 ms)
2026-07-21 20:28:27 [woodcutting] Tracking not-yet-stable target at 1134,682 (search 16 ms)
2026-07-21 20:28:27 [woodcutting] FindFilledBlock: found at 1134,682 (51x51 0x00FF00 tol=5, 0 ms)
2026-07-21 20:28:27 [woodcutting] Tracking stable target at 1134,682 (cooldown active, search 0 ms)
2026-07-21 20:28:27 [woodcutting] FindFilledBlock: found at 1134,682 (51x51 0x00FF00 tol=5, 15 ms)
2026-07-21 20:28:27 [woodcutting] Tracking stable target at 1134,682 (cooldown active, search 15 ms)
2026-07-21 20:28:27 [woodcutting] FindFilledBlock: found at 1134,682 (51x51 0x00FF00 tol=5, 0 ms)
2026-07-21 20:28:27 [woodcutting] Tracking stable target at 1134,682 (cooldown active, search 0 ms)
2026-07-21 20:28:27 [woodcutting] FindFilledBlock: found at 1134,682 (51x51 0x00FF00 tol=5, 16 ms)
2026-07-21 20:28:27 [woodcutting] Tracking stable target at 1134,682 (cooldown active, search 16 ms)
2026-07-21 20:28:27 [woodcutting] FindFilledBlock: found at 1134,682 (51x51 0x00FF00 tol=5, 0 ms)
2026-07-21 20:28:27 [woodcutting] Tracking stable target at 1134,682 (cooldown active, search 0 ms)
2026-07-21 20:28:28 [woodcutting] FindFilledBlock: found at 1134,682 (51x51 0x00FF00 tol=5, 15 ms)
2026-07-21 20:28:28 [woodcutting] Clicked STABLE target at 1134,682 (search 15 ms)
2026-07-21 20:28:28 [woodcutting] FindFilledBlock: found at 1172,684 (51x51 0x00FF00 tol=5, 0 ms)
2026-07-21 20:28:28 [woodcutting] Tracking not-yet-stable target at 1172,684 (search 0 ms)
2026-07-21 20:28:28 [woodcutting] FindFilledBlock: found at 1172,684 (51x51 0x00FF00 tol=5, 16 ms)
2026-07-21 20:28:28 [woodcutting] Tracking not-yet-stable target at 1172,684 (search 16 ms)
2026-07-21 20:28:28 [woodcutting] FindFilledBlock: found at 1134,682 (51x51 0x00FF00 tol=5, 0 ms)
2026-07-21 20:28:28 [woodcutting] Tracking not-yet-stable target at 1134,682 (search 0 ms)
2026-07-21 20:28:28 [woodcutting] FindFilledBlock: found at 1134,682 (51x51 0x00FF00 tol=5, 16 ms)
2026-07-21 20:28:28 [woodcutting] Tracking not-yet-stable target at 1134,682 (search 16 ms)
2026-07-21 20:28:28 [woodcutting] FindFilledBlock: found at 1134,682 (51x51 0x00FF00 tol=5, 0 ms)
2026-07-21 20:28:28 [woodcutting] Tracking stable target at 1134,682 (cooldown active, search 0 ms)
2026-07-21 20:28:29 [woodcutting] FindFilledBlock: found at 1134,682 (51x51 0x00FF00 tol=5, 16 ms)
2026-07-21 20:28:29 [woodcutting] Tracking stable target at 1134,682 (cooldown active, search 16 ms)
2026-07-21 20:28:29 [woodcutting] FindFilledBlock: found at 1134,682 (51x51 0x00FF00 tol=5, 16 ms)
2026-07-21 20:28:29 [woodcutting] Tracking stable target at 1134,682 (cooldown active, search 16 ms)
2026-07-21 20:28:29 [woodcutting] FindFilledBlock: found at 1134,682 (51x51 0x00FF00 tol=5, 15 ms)
2026-07-21 20:28:29 [woodcutting] Tracking stable target at 1134,682 (cooldown active, search 15 ms)
2026-07-21 20:28:29 [woodcutting] FindFilledBlock: found at 1134,682 (51x51 0x00FF00 tol=5, 16 ms)
2026-07-21 20:28:29 [woodcutting] Tracking stable target at 1134,682 (cooldown active, search 16 ms)
2026-07-21 20:28:29 [woodcutting] FindFilledBlock: found at 1134,682 (51x51 0x00FF00 tol=5, 15 ms)
2026-07-21 20:28:30 [woodcutting] Clicked STABLE target at 1134,682 (search 15 ms)
2026-07-21 20:28:30 [woodcutting] FindFilledBlock: found at 1172,684 (51x51 0x00FF00 tol=5, 16 ms)
2026-07-21 20:28:30 [woodcutting] Tracking not-yet-stable target at 1172,684 (search 16 ms)
2026-07-21 20:28:30 [woodcutting] FindFilledBlock: found at 1134,682 (51x51 0x00FF00 tol=5, 0 ms)
2026-07-21 20:28:30 [woodcutting] Tracking not-yet-stable target at 1134,682 (search 0 ms)
2026-07-21 20:28:30 [woodcutting] FindFilledBlock: found at 1134,682 (51x51 0x00FF00 tol=5, 16 ms)
2026-07-21 20:28:30 [woodcutting] Tracking not-yet-stable target at 1134,682 (search 16 ms)
2026-07-21 20:28:30 [woodcutting] FindFilledBlock: found at 1134,682 (51x51 0x00FF00 tol=5, 15 ms)
2026-07-21 20:28:30 [woodcutting] Tracking stable target at 1134,682 (cooldown active, search 15 ms)
2026-07-21 20:28:30 [woodcutting] FindFilledBlock: found at 1134,682 (51x51 0x00FF00 tol=5, 16 ms)
2026-07-21 20:28:30 [woodcutting] Tracking stable target at 1134,682 (cooldown active, search 16 ms)
2026-07-21 20:28:30 [woodcutting] FindFilledBlock: found at 1134,682 (51x51 0x00FF00 tol=5, 0 ms)
2026-07-21 20:28:30 [woodcutting] Tracking stable target at 1134,682 (cooldown active, search 0 ms)
2026-07-21 20:28:31 [woodcutting] FindFilledBlock: found at 1134,682 (51x51 0x00FF00 tol=5, 16 ms)
2026-07-21 20:28:31 [woodcutting] Tracking stable target at 1134,682 (cooldown active, search 16 ms)
2026-07-21 20:28:31 [woodcutting] FindFilledBlock: found at 1134,682 (51x51 0x00FF00 tol=5, 0 ms)
2026-07-21 20:28:31 [woodcutting] Tracking stable target at 1134,682 (cooldown active, search 0 ms)
2026-07-21 20:28:31 [woodcutting] FindFilledBlock: found at 1134,682 (51x51 0x00FF00 tol=5, 16 ms)
2026-07-21 20:28:31 [woodcutting] Tracking stable target at 1134,682 (cooldown active, search 16 ms)
2026-07-21 20:28:31 [woodcutting] FindFilledBlock: found at 1134,682 (51x51 0x00FF00 tol=5, 0 ms)
2026-07-21 20:28:31 [woodcutting] Clicked STABLE target at 1134,682 (search 0 ms)
2026-07-21 20:28:31 [woodcutting] FindFilledBlock: found at 1172,684 (51x51 0x00FF00 tol=5, 15 ms)
2026-07-21 20:28:31 [woodcutting] Tracking not-yet-stable target at 1172,684 (search 15 ms)
2026-07-21 20:28:32 [woodcutting] FindFilledBlock: found at 1172,684 (51x51 0x00FF00 tol=5, 0 ms)
2026-07-21 20:28:32 [woodcutting] Tracking not-yet-stable target at 1172,684 (search 0 ms)
2026-07-21 20:28:32 [woodcutting] FindFilledBlock: found at 1134,682 (51x51 0x00FF00 tol=5, 16 ms)
2026-07-21 20:28:32 [woodcutting] Tracking not-yet-stable target at 1134,682 (search 16 ms)
2026-07-21 20:28:32 [woodcutting] FindFilledBlock: found at 1134,682 (51x51 0x00FF00 tol=5, 0 ms)
2026-07-21 20:28:32 [woodcutting] Tracking not-yet-stable target at 1134,682 (search 0 ms)
2026-07-21 20:28:32 [woodcutting] FindFilledBlock: found at 1134,682 (51x51 0x00FF00 tol=5, 0 ms)
2026-07-21 20:28:32 [woodcutting] Tracking stable target at 1134,682 (cooldown active, search 15 ms)
2026-07-21 20:28:32 [woodcutting] FindFilledBlock: found at 1134,682 (51x51 0x00FF00 tol=5, 0 ms)
2026-07-21 20:28:32 [woodcutting] Tracking stable target at 1134,682 (cooldown active, search 0 ms)
2026-07-21 20:28:32 [woodcutting] FindFilledBlock: found at 1134,682 (51x51 0x00FF00 tol=5, 16 ms)
2026-07-21 20:28:32 [woodcutting] Tracking stable target at 1134,682 (cooldown active, search 16 ms)
2026-07-21 20:28:33 [woodcutting] FindFilledBlock: found at 1134,682 (51x51 0x00FF00 tol=5, 0 ms)
2026-07-21 20:28:33 [woodcutting] Tracking stable target at 1134,682 (cooldown active, search 0 ms)
2026-07-21 20:28:33 [woodcutting] FindFilledBlock: found at 1134,682 (51x51 0x00FF00 tol=5, 16 ms)
2026-07-21 20:28:33 [woodcutting] Tracking stable target at 1134,682 (cooldown active, search 16 ms)
2026-07-21 20:28:33 [woodcutting] FindFilledBlock: found at 1134,682 (51x51 0x00FF00 tol=5, 16 ms)
2026-07-21 20:28:33 [woodcutting] Clicked STABLE target at 1134,682 (search 16 ms)
2026-07-21 20:28:33 [woodcutting] FindFilledBlock: found at 1172,684 (51x51 0x00FF00 tol=5, 15 ms)
2026-07-21 20:28:33 [woodcutting] Tracking not-yet-stable target at 1172,684 (search 15 ms)
2026-07-21 20:28:33 [woodcutting] FindFilledBlock: found at 1172,684 (51x51 0x00FF00 tol=5, 15 ms)
2026-07-21 20:28:33 [woodcutting] Tracking not-yet-stable target at 1172,684 (search 15 ms)
2026-07-21 20:28:34 [woodcutting] FindFilledBlock: found at 1134,682 (51x51 0x00FF00 tol=5, 16 ms)
2026-07-21 20:28:34 [woodcutting] Tracking not-yet-stable target at 1134,682 (search 16 ms)
2026-07-21 20:28:34 [woodcutting] FindFilledBlock: found at 1134,682 (51x51 0x00FF00 tol=5, 16 ms)
2026-07-21 20:28:34 [woodcutting] Tracking not-yet-stable target at 1134,682 (search 16 ms)
2026-07-21 20:28:34 [woodcutting] FindFilledBlock: found at 1134,682 (51x51 0x00FF00 tol=5, 15 ms)
2026-07-21 20:28:34 [woodcutting] Tracking stable target at 1134,682 (cooldown active, search 15 ms)
2026-07-21 20:28:34 [woodcutting] FindFilledBlock: found at 1134,682 (51x51 0x00FF00 tol=5, 0 ms)
2026-07-21 20:28:34 [woodcutting] Tracking stable target at 1134,682 (cooldown active, search 0 ms)
2026-07-21 20:28:34 [woodcutting] FindFilledBlock: found at 1134,682 (51x51 0x00FF00 tol=5, 16 ms)
2026-07-21 20:28:34 [woodcutting] Tracking stable target at 1134,682 (cooldown active, search 16 ms)
2026-07-21 20:28:34 [woodcutting] FindFilledBlock: found at 1134,682 (51x51 0x00FF00 tol=5, 16 ms)
2026-07-21 20:28:34 [woodcutting] Tracking stable target at 1134,682 (cooldown active, search 16 ms)
2026-07-21 20:28:34 [woodcutting] FindFilledBlock: found at 1134,682 (51x51 0x00FF00 tol=5, 16 ms)
2026-07-21 20:28:34 [woodcutting] Tracking stable target at 1134,682 (cooldown active, search 16 ms)
2026-07-21 20:28:35 [woodcutting] FindFilledBlock: found at 1134,682 (51x51 0x00FF00 tol=5, 0 ms)
2026-07-21 20:28:35 [woodcutting] Clicked STABLE target at 1134,682 (search 0 ms)
2026-07-21 20:28:35 [woodcutting] FindFilledBlock: found at 1172,684 (51x51 0x00FF00 tol=5, 15 ms)
2026-07-21 20:28:35 [woodcutting] Tracking not-yet-stable target at 1172,684 (search 15 ms)
2026-07-21 20:28:35 [woodcutting] FindFilledBlock: found at 1172,684 (51x51 0x00FF00 tol=5, 15 ms)
2026-07-21 20:28:35 [woodcutting] Tracking not-yet-stable target at 1172,684 (search 15 ms)
2026-07-21 20:28:35 [woodcutting] FindFilledBlock: found at 1134,682 (51x51 0x00FF00 tol=5, 16 ms)
2026-07-21 20:28:35 [woodcutting] Tracking not-yet-stable target at 1134,682 (search 16 ms)
2026-07-21 20:28:35 [woodcutting] FindFilledBlock: found at 1134,682 (51x51 0x00FF00 tol=5, 16 ms)
2026-07-21 20:28:35 [woodcutting] Tracking not-yet-stable target at 1134,682 (search 16 ms)
2026-07-21 20:28:36 [woodcutting] FindFilledBlock: found at 1134,682 (51x51 0x00FF00 tol=5, 15 ms)
2026-07-21 20:28:36 [woodcutting] Tracking stable target at 1134,682 (cooldown active, search 15 ms)
2026-07-21 20:28:36 [woodcutting] FindFilledBlock: found at 1134,682 (51x51 0x00FF00 tol=5, 15 ms)
2026-07-21 20:28:36 [woodcutting] Tracking stable target at 1134,682 (cooldown active, search 15 ms)
2026-07-21 20:28:36 [woodcutting] FindFilledBlock: found at 1134,682 (51x51 0x00FF00 tol=5, 16 ms)
2026-07-21 20:28:36 [woodcutting] Tracking stable target at 1134,682 (cooldown active, search 16 ms)
2026-07-21 20:28:36 [woodcutting] FindFilledBlock: found at 1134,682 (51x51 0x00FF00 tol=5, 16 ms)
2026-07-21 20:28:36 [woodcutting] Tracking stable target at 1134,682 (cooldown active, search 16 ms)
2026-07-21 20:28:36 [woodcutting] FindFilledBlock: found at 1134,682 (51x51 0x00FF00 tol=5, 15 ms)
2026-07-21 20:28:36 [woodcutting] Tracking stable target at 1134,682 (cooldown active, search 15 ms)
2026-07-21 20:28:36 [woodcutting] FindFilledBlock: found at 1134,682 (51x51 0x00FF00 tol=5, 0 ms)
2026-07-21 20:28:37 [woodcutting] Clicked STABLE target at 1134,682 (search 0 ms)
2026-07-21 20:28:37 [woodcutting] FindFilledBlock: found at 1172,684 (51x51 0x00FF00 tol=5, 15 ms)
2026-07-21 20:28:37 [woodcutting] Tracking not-yet-stable target at 1172,684 (search 15 ms)
2026-07-21 20:28:37 [woodcutting] FindFilledBlock: found at 1172,684 (51x51 0x00FF00 tol=5, 15 ms)
2026-07-21 20:28:37 [woodcutting] Tracking not-yet-stable target at 1172,684 (search 15 ms)
2026-07-21 20:28:37 [woodcutting] FindFilledBlock: found at 1134,682 (51x51 0x00FF00 tol=5, 16 ms)
2026-07-21 20:28:37 [woodcutting] Tracking not-yet-stable target at 1134,682 (search 16 ms)
2026-07-21 20:28:37 [woodcutting] FindFilledBlock: found at 1134,682 (51x51 0x00FF00 tol=5, 16 ms)
2026-07-21 20:28:37 [woodcutting] Tracking not-yet-stable target at 1134,682 (search 16 ms)
2026-07-21 20:28:37 [woodcutting] FindFilledBlock: found at 1134,682 (51x51 0x00FF00 tol=5, 15 ms)
2026-07-21 20:28:37 [woodcutting] Tracking stable target at 1134,682 (cooldown active, search 15 ms)
2026-07-21 20:28:38 [woodcutting] FindFilledBlock: found at 1134,682 (51x51 0x00FF00 tol=5, 15 ms)
2026-07-21 20:28:38 [woodcutting] Tracking stable target at 1134,682 (cooldown active, search 15 ms)
2026-07-21 20:28:38 [woodcutting] FindFilledBlock: found at 1134,682 (51x51 0x00FF00 tol=5, 16 ms)
2026-07-21 20:28:38 [woodcutting] Tracking stable target at 1134,682 (cooldown active, search 16 ms)
2026-07-21 20:28:38 [woodcutting] FindFilledBlock: found at 1134,682 (51x51 0x00FF00 tol=5, 16 ms)
2026-07-21 20:28:38 [woodcutting] Tracking stable target at 1134,682 (cooldown active, search 16 ms)
2026-07-21 20:28:38 [woodcutting] FindFilledBlock: found at 1134,682 (51x51 0x00FF00 tol=5, 15 ms)
2026-07-21 20:28:38 [woodcutting] Tracking stable target at 1134,682 (cooldown active, search 15 ms)
2026-07-21 20:28:38 [woodcutting] FindFilledBlock: found at 1134,682 (51x51 0x00FF00 tol=5, 15 ms)
2026-07-21 20:28:38 [woodcutting] Clicked STABLE target at 1134,682 (search 15 ms)
2026-07-21 20:28:38 [woodcutting] FindFilledBlock: found at 1172,684 (51x51 0x00FF00 tol=5, 0 ms)
2026-07-21 20:28:38 [woodcutting] Tracking not-yet-stable target at 1172,684 (search 0 ms)
2026-07-21 20:28:39 [woodcutting] FindFilledBlock: found at 1172,684 (51x51 0x00FF00 tol=5, 16 ms)
2026-07-21 20:28:39 [woodcutting] Tracking not-yet-stable target at 1172,684 (search 16 ms)
2026-07-21 20:28:39 [woodcutting] FindFilledBlock: found at 1134,682 (51x51 0x00FF00 tol=5, 16 ms)
2026-07-21 20:28:39 [woodcutting] Tracking not-yet-stable target at 1134,682 (search 16 ms)
2026-07-21 20:28:39 [woodcutting] FindFilledBlock: found at 1134,682 (51x51 0x00FF00 tol=5, 16 ms)
2026-07-21 20:28:39 [woodcutting] Tracking not-yet-stable target at 1134,682 (search 16 ms)
2026-07-21 20:28:39 [woodcutting] FindFilledBlock: found at 1134,682 (51x51 0x00FF00 tol=5, 0 ms)
2026-07-21 20:28:39 [woodcutting] Tracking stable target at 1134,682 (cooldown active, search 0 ms)
2026-07-21 20:28:39 [woodcutting] FindFilledBlock: found at 1134,682 (51x51 0x00FF00 tol=5, 16 ms)
2026-07-21 20:28:39 [woodcutting] Tracking stable target at 1134,682 (cooldown active, search 16 ms)
2026-07-21 20:28:39 [woodcutting] FindFilledBlock: found at 1134,682 (51x51 0x00FF00 tol=5, 0 ms)
2026-07-21 20:28:39 [woodcutting] Tracking stable target at 1134,682 (cooldown active, search 0 ms)
2026-07-21 20:28:40 [woodcutting] FindFilledBlock: found at 1134,682 (51x51 0x00FF00 tol=5, 16 ms)
2026-07-21 20:28:40 [woodcutting] Tracking stable target at 1134,682 (cooldown active, search 16 ms)
2026-07-21 20:28:40 [woodcutting] FindFilledBlock: found at 1134,682 (51x51 0x00FF00 tol=5, 0 ms)
2026-07-21 20:28:40 [woodcutting] Tracking stable target at 1134,682 (cooldown active, search 0 ms)
2026-07-21 20:28:40 [woodcutting] FindFilledBlock: found at 1134,682 (51x51 0x00FF00 tol=5, 16 ms)
2026-07-21 20:28:40 [woodcutting] Clicked STABLE target at 1134,682 (search 16 ms)
2026-07-21 20:28:40 [woodcutting] FindFilledBlock: found at 1172,684 (51x51 0x00FF00 tol=5, 15 ms)
2026-07-21 20:28:40 [woodcutting] Tracking not-yet-stable target at 1172,684 (search 15 ms)
2026-07-21 20:28:40 [woodcutting] FindFilledBlock: found at 1172,684 (51x51 0x00FF00 tol=5, 16 ms)
2026-07-21 20:28:40 [woodcutting] Tracking not-yet-stable target at 1172,684 (search 16 ms)
2026-07-21 20:28:41 [woodcutting] FindFilledBlock: found at 1134,682 (51x51 0x00FF00 tol=5, 16 ms)
2026-07-21 20:28:41 [woodcutting] Tracking not-yet-stable target at 1134,682 (search 16 ms)
2026-07-21 20:28:41 [woodcutting] FindFilledBlock: found at 1134,682 (51x51 0x00FF00 tol=5, 16 ms)
2026-07-21 20:28:41 [woodcutting] Tracking not-yet-stable target at 1134,682 (search 16 ms)
2026-07-21 20:28:41 [woodcutting] FindFilledBlock: found at 1134,682 (51x51 0x00FF00 tol=5, 16 ms)
2026-07-21 20:28:41 [woodcutting] Tracking stable target at 1134,682 (cooldown active, search 16 ms)
2026-07-21 20:28:41 [woodcutting] FindFilledBlock: found at 1134,682 (51x51 0x00FF00 tol=5, 15 ms)
2026-07-21 20:28:41 [woodcutting] Tracking stable target at 1134,682 (cooldown active, search 15 ms)
2026-07-21 20:28:41 [woodcutting] FindFilledBlock: found at 1134,682 (51x51 0x00FF00 tol=5, 16 ms)
2026-07-21 20:28:41 [woodcutting] Tracking stable target at 1134,682 (cooldown active, search 16 ms)
2026-07-21 20:28:41 [woodcutting] FindFilledBlock: found at 1134,682 (51x51 0x00FF00 tol=5, 16 ms)
2026-07-21 20:28:41 [woodcutting] Tracking stable target at 1134,682 (cooldown active, search 16 ms)
2026-07-21 20:28:41 [woodcutting] FindFilledBlock: found at 1134,682 (51x51 0x00FF00 tol=5, 15 ms)
2026-07-21 20:28:41 [woodcutting] Tracking stable target at 1134,682 (cooldown active, search 15 ms)
2026-07-21 20:28:42 [woodcutting] FindFilledBlock: found at 1134,682 (51x51 0x00FF00 tol=5, 16 ms)
2026-07-21 20:28:42 [woodcutting] Clicked STABLE target at 1134,682 (search 16 ms)
2026-07-21 20:28:42 [woodcutting] FindFilledBlock: found at 1172,684 (51x51 0x00FF00 tol=5, 15 ms)
2026-07-21 20:28:42 [woodcutting] Tracking not-yet-stable target at 1172,684 (search 15 ms)
2026-07-21 20:28:42 [woodcutting] FindFilledBlock: found at 1172,684 (51x51 0x00FF00 tol=5, 16 ms)
2026-07-21 20:28:42 [woodcutting] Tracking not-yet-stable target at 1172,684 (search 16 ms)
2026-07-21 20:28:42 [woodcutting] FindFilledBlock: found at 1134,682 (51x51 0x00FF00 tol=5, 15 ms)
2026-07-21 20:28:42 [woodcutting] Tracking not-yet-stable target at 1134,682 (search 15 ms)
2026-07-21 20:28:43 [woodcutting] FindFilledBlock: found at 1134,682 (51x51 0x00FF00 tol=5, 15 ms)
2026-07-21 20:28:43 [woodcutting] Tracking not-yet-stable target at 1134,682 (search 15 ms)
2026-07-21 20:28:43 [woodcutting] FindFilledBlock: found at 1134,682 (51x51 0x00FF00 tol=5, 15 ms)
2026-07-21 20:28:43 [woodcutting] Tracking stable target at 1134,682 (cooldown active, search 15 ms)
2026-07-21 20:28:43 [woodcutting] FindFilledBlock: found at 1134,682 (51x51 0x00FF00 tol=5, 15 ms)
2026-07-21 20:28:43 [woodcutting] Tracking stable target at 1134,682 (cooldown active, search 15 ms)
2026-07-21 20:28:43 [woodcutting] FindFilledBlock: found at 1134,682 (51x51 0x00FF00 tol=5, 16 ms)
2026-07-21 20:28:43 [woodcutting] Tracking stable target at 1134,682 (cooldown active, search 16 ms)
2026-07-21 20:28:43 [woodcutting] FindFilledBlock: found at 1134,682 (51x51 0x00FF00 tol=5, 15 ms)
2026-07-21 20:28:43 [woodcutting] Tracking stable target at 1134,682 (cooldown active, search 15 ms)
2026-07-21 20:28:43 [woodcutting] FindFilledBlock: found at 1134,682 (51x51 0x00FF00 tol=5, 16 ms)
2026-07-21 20:28:43 [woodcutting] Tracking stable target at 1134,682 (cooldown active, search 16 ms)
2026-07-21 20:28:43 [woodcutting] FindFilledBlock: found at 1134,682 (51x51 0x00FF00 tol=5, 15 ms)
2026-07-21 20:28:44 [woodcutting] Clicked STABLE target at 1134,682 (search 15 ms)
2026-07-21 20:28:44 [woodcutting] FindFilledBlock: found at 1172,684 (51x51 0x00FF00 tol=5, 15 ms)
2026-07-21 20:28:44 [woodcutting] Tracking not-yet-stable target at 1172,684 (search 15 ms)
2026-07-21 20:28:44 [woodcutting] FindFilledBlock: found at 1172,684 (51x51 0x00FF00 tol=5, 16 ms)
2026-07-21 20:28:44 [woodcutting] Tracking not-yet-stable target at 1172,684 (search 16 ms)
2026-07-21 20:28:44 [woodcutting] FindFilledBlock: found at 1134,682 (51x51 0x00FF00 tol=5, 16 ms)
2026-07-21 20:28:44 [woodcutting] Tracking not-yet-stable target at 1134,682 (search 16 ms)
2026-07-21 20:28:44 [woodcutting] TrackAndClick: until-condition met (67281 ms total)
2026-07-21 20:28:44 [woodcutting] Inventory full - banking
2026-07-21 20:28:44 [woodcutting] Bank: waiting for deposit-box marker
2026-07-21 20:28:44 [woodcutting] FindFilledBlock: found at 805,479 (21x21 0xFF00FF tol=0, 62 ms)
2026-07-21 20:28:44 [woodcutting] Bank: clicking deposit-box marker at 805,479
2026-07-21 20:28:45 [woodcutting] Bank: waiting for deposit box
2026-07-21 20:28:45 [woodcutting] FindImage: not found (C:\Users\link\Documents\GitHub\osrs-automation\Bots\..\Images\deposit-motherlode.png, 78 ms)
2026-07-21 20:28:45 [woodcutting] FindImage: not found (C:\Users\link\Documents\GitHub\osrs-automation\Bots\..\Images\deposit-motherlode.png, 79 ms)
2026-07-21 20:28:45 [woodcutting] FindImage: not found (C:\Users\link\Documents\GitHub\osrs-automation\Bots\..\Images\deposit-motherlode.png, 78 ms)
2026-07-21 20:28:45 [woodcutting] FindImage: not found (C:\Users\link\Documents\GitHub\osrs-automation\Bots\..\Images\deposit-motherlode.png, 78 ms)
2026-07-21 20:28:46 [woodcutting] FindImage: not found (C:\Users\link\Documents\GitHub\osrs-automation\Bots\..\Images\deposit-motherlode.png, 78 ms)
2026-07-21 20:28:46 [woodcutting] FindImage: not found (C:\Users\link\Documents\GitHub\osrs-automation\Bots\..\Images\deposit-motherlode.png, 78 ms)
2026-07-21 20:28:46 [woodcutting] FindImage: not found (C:\Users\link\Documents\GitHub\osrs-automation\Bots\..\Images\deposit-motherlode.png, 78 ms)
2026-07-21 20:28:46 [woodcutting] FindImage: not found (C:\Users\link\Documents\GitHub\osrs-automation\Bots\..\Images\deposit-motherlode.png, 78 ms)
2026-07-21 20:28:46 [woodcutting] FindImage: not found (C:\Users\link\Documents\GitHub\osrs-automation\Bots\..\Images\deposit-motherlode.png, 78 ms)
2026-07-21 20:28:46 [woodcutting] FindImage: not found (C:\Users\link\Documents\GitHub\osrs-automation\Bots\..\Images\deposit-motherlode.png, 78 ms)
2026-07-21 20:28:47 [woodcutting] FindImage: not found (C:\Users\link\Documents\GitHub\osrs-automation\Bots\..\Images\deposit-motherlode.png, 78 ms)
2026-07-21 20:28:47 [woodcutting] FindImage: not found (C:\Users\link\Documents\GitHub\osrs-automation\Bots\..\Images\deposit-motherlode.png, 78 ms)
2026-07-21 20:28:47 [woodcutting] FindImage: not found (C:\Users\link\Documents\GitHub\osrs-automation\Bots\..\Images\deposit-motherlode.png, 78 ms)
2026-07-21 20:28:47 [woodcutting] FindImage: not found (C:\Users\link\Documents\GitHub\osrs-automation\Bots\..\Images\deposit-motherlode.png, 78 ms)
2026-07-21 20:28:47 [woodcutting] FindImage: not found (C:\Users\link\Documents\GitHub\osrs-automation\Bots\..\Images\deposit-motherlode.png, 78 ms)
2026-07-21 20:28:48 [woodcutting] FindImage: not found (C:\Users\link\Documents\GitHub\osrs-automation\Bots\..\Images\deposit-motherlode.png, 78 ms)
2026-07-21 20:28:48 [woodcutting] FindImage: not found (C:\Users\link\Documents\GitHub\osrs-automation\Bots\..\Images\deposit-motherlode.png, 78 ms)
2026-07-21 20:28:48 [woodcutting] FindImage: not found (C:\Users\link\Documents\GitHub\osrs-automation\Bots\..\Images\deposit-motherlode.png, 78 ms)
2026-07-21 20:28:48 [woodcutting] FindImage: not found (C:\Users\link\Documents\GitHub\osrs-automation\Bots\..\Images\deposit-motherlode.png, 78 ms)
2026-07-21 20:28:48 [woodcutting] FindImage: not found (C:\Users\link\Documents\GitHub\osrs-automation\Bots\..\Images\deposit-motherlode.png, 78 ms)
2026-07-21 20:28:49 [woodcutting] FindImage: not found (C:\Users\link\Documents\GitHub\osrs-automation\Bots\..\Images\deposit-motherlode.png, 78 ms)
2026-07-21 20:28:49 [woodcutting] FindImage: not found (C:\Users\link\Documents\GitHub\osrs-automation\Bots\..\Images\deposit-motherlode.png, 78 ms)
2026-07-21 20:28:49 [woodcutting] FindImage: not found (C:\Users\link\Documents\GitHub\osrs-automation\Bots\..\Images\deposit-motherlode.png, 78 ms)
2026-07-21 20:28:49 [woodcutting] FindImage: not found (C:\Users\link\Documents\GitHub\osrs-automation\Bots\..\Images\deposit-motherlode.png, 78 ms)
2026-07-21 20:28:49 [woodcutting] FindImage: not found (C:\Users\link\Documents\GitHub\osrs-automation\Bots\..\Images\deposit-motherlode.png, 78 ms)
2026-07-21 20:28:49 [woodcutting] FindImage: not found (C:\Users\link\Documents\GitHub\osrs-automation\Bots\..\Images\deposit-motherlode.png, 78 ms)
2026-07-21 20:28:50 [woodcutting] FindImage: not found (C:\Users\link\Documents\GitHub\osrs-automation\Bots\..\Images\deposit-motherlode.png, 78 ms)
2026-07-21 20:28:50 [woodcutting] FindImage: found at 815,801 (C:\Users\link\Documents\GitHub\osrs-automation\Bots\..\Images\deposit-motherlode.png, 78 ms)
2026-07-21 20:28:50 [woodcutting] Bank: clicking deposit box at 815,801
2026-07-21 20:28:50 [woodcutting] Bank: waiting for inventory to confirm the deposit
2026-07-21 20:28:50 [woodcutting] Bank: deposit confirmed
2026-07-21 20:28:50 [woodcutting] FindFilledBlock: not found (51x51 0x00FF00 tol=5, 0 ms)
2026-07-21 20:28:50 [woodcutting] FindFilledBlock: not found (51x51 0x00B809 tol=5, 15 ms)
2026-07-21 20:28:50 [woodcutting] Acquire ring 250: not found (15 ms)
2026-07-21 20:28:50 [woodcutting] FindFilledBlock: found at 1718,916 (51x51 0x00FF00 tol=5, 31 ms)
2026-07-21 20:28:50 [woodcutting] FindFilledBlock: not found (51x51 0x00B809 tol=5, 16 ms)
2026-07-21 20:28:50 [woodcutting] Acquired new target at 1718,916 (0x00FF00, ring 600, 78 ms)
2026-07-21 20:28:51 [woodcutting] FindFilledBlock: found at 1722,922 (51x51 0x00FF00 tol=5, 16 ms)
2026-07-21 20:28:51 [woodcutting] Clicked initial/re-click target at 1722,922 (search 16 ms)
2026-07-21 20:28:51 [woodcutting] FindFilledBlock: found at 1760,928 (51x51 0x00FF00 tol=5, 16 ms)
2026-07-21 20:28:51 [woodcutting] Tracking not-yet-stable target at 1760,928 (search 16 ms)
2026-07-21 20:28:51 [woodcutting] FindFilledBlock: found at 1724,928 (51x51 0x00FF00 tol=5, 0 ms)
2026-07-21 20:28:51 [woodcutting] Tracking not-yet-stable target at 1724,928 (search 15 ms)
2026-07-21 20:28:51 [woodcutting] FindFilledBlock: found at 1724,928 (51x51 0x00FF00 tol=5, 15 ms)
2026-07-21 20:28:51 [woodcutting] Tracking not-yet-stable target at 1724,928 (search 15 ms)
2026-07-21 20:28:52 [woodcutting] FindFilledBlock: found at 1724,928 (51x51 0x00FF00 tol=5, 16 ms)
2026-07-21 20:28:52 [woodcutting] Tracking stable target at 1724,928 (cooldown active, search 16 ms)
2026-07-21 20:28:52 [woodcutting] FindFilledBlock: found at 1722,924 (51x51 0x00FF00 tol=5, 16 ms)
2026-07-21 20:28:52 [woodcutting] Tracking stable target at 1722,924 (cooldown active, search 16 ms)
2026-07-21 20:28:52 [woodcutting] FindFilledBlock: found at 1720,916 (51x51 0x00FF00 tol=5, 15 ms)
2026-07-21 20:28:52 [woodcutting] Tracking not-yet-stable target at 1720,916 (search 15 ms)
2026-07-21 20:28:52 [woodcutting] FindFilledBlock: found at 1718,906 (51x51 0x00FF00 tol=5, 0 ms)
2026-07-21 20:28:52 [woodcutting] Tracking not-yet-stable target at 1718,906 (search 0 ms)
2026-07-21 20:28:52 [woodcutting] FindFilledBlock: found at 1714,894 (51x51 0x00FF00 tol=5, 16 ms)
2026-07-21 20:28:52 [woodcutting] Tracking not-yet-stable target at 1714,894 (search 16 ms)
2026-07-21 20:28:52 [woodcutting] FindFilledBlock: found at 1706,888 (51x51 0x00FF00 tol=5, 16 ms)
2026-07-21 20:28:52 [woodcutting] Tracking not-yet-stable target at 1706,888 (search 16 ms)
2026-07-21 20:28:52 [woodcutting] FindFilledBlock: found at 1694,882 (51x51 0x00FF00 tol=5, 0 ms)
2026-07-21 20:28:52 [woodcutting] Tracking not-yet-stable target at 1694,882 (search 15 ms)
2026-07-21 20:28:53 [woodcutting] FindFilledBlock: found at 1678,880 (51x51 0x00FF00 tol=5, 16 ms)
2026-07-21 20:28:53 [woodcutting] Tracking not-yet-stable target at 1678,880 (search 16 ms)
2026-07-21 20:28:53 [woodcutting] FindFilledBlock: found at 1658,878 (51x51 0x00FF00 tol=5, 0 ms)
2026-07-21 20:28:53 [woodcutting] Tracking not-yet-stable target at 1658,878 (search 16 ms)
2026-07-21 20:28:53 [woodcutting] FindFilledBlock: found at 1632,878 (51x51 0x00FF00 tol=5, 15 ms)
2026-07-21 20:28:53 [woodcutting] Tracking not-yet-stable target at 1632,878 (search 15 ms)
2026-07-21 20:28:53 [woodcutting] FindFilledBlock: found at 1598,878 (51x51 0x00FF00 tol=5, 15 ms)
2026-07-21 20:28:53 [woodcutting] Tracking not-yet-stable target at 1598,878 (search 15 ms)
2026-07-21 20:28:53 [woodcutting] FindFilledBlock: found at 1574,884 (51x51 0x00FF00 tol=5, 16 ms)
2026-07-21 20:28:53 [woodcutting] Tracking not-yet-stable target at 1574,884 (search 16 ms)
2026-07-21 20:28:53 [woodcutting] FindFilledBlock: found at 1550,898 (51x51 0x00FF00 tol=5, 16 ms)
2026-07-21 20:28:53 [woodcutting] Tracking not-yet-stable target at 1550,898 (search 16 ms)
2026-07-21 20:28:54 [woodcutting] FindFilledBlock: found at 1528,910 (51x51 0x00FF00 tol=5, 0 ms)
2026-07-21 20:28:54 [woodcutting] Tracking not-yet-stable target at 1528,910 (search 0 ms)
2026-07-21 20:28:54 [woodcutting] FindFilledBlock: found at 1502,918 (51x51 0x00FF00 tol=5, 0 ms)
2026-07-21 20:28:54 [woodcutting] Tracking not-yet-stable target at 1502,918 (search 15 ms)
2026-07-21 20:28:54 [woodcutting] Esc pressed - exiting
