2026-07-22 23:36:02 [05-expanding-rings] Script loaded. F5=acquire (rings->whole region)  F6=clear tooltip  Esc=exit.
2026-07-22 23:36:03 [05-expanding-rings] Acquire started: colors=0xFFB232/0xCC5D02 ref=1249,712 radii=64/128 region=0,45 -> 2499,1380
2026-07-22 23:36:03 [05-expanding-rings] FindFilledBlock: not found (21x21 0xFFB232 tol=5, 0 ms)
2026-07-22 23:36:03 [05-expanding-rings] FindFilledBlock: not found (21x21 0xCC5D02 tol=5, 16 ms)
2026-07-22 23:36:03 [05-expanding-rings] ring 64: not found (16 ms)
2026-07-22 23:36:03 [05-expanding-rings] FindFilledBlock: not found (21x21 0xFFB232 tol=5, 15 ms)
2026-07-22 23:36:03 [05-expanding-rings] FindFilledBlock: not found (21x21 0xCC5D02 tol=5, 0 ms)
2026-07-22 23:36:03 [05-expanding-rings] ring 128: not found (15 ms)
2026-07-22 23:36:03 [05-expanding-rings] FindFilledBlock: found at 1399,779 (21x21 0xFFB232 tol=5, 62 ms)
2026-07-22 23:36:03 [05-expanding-rings] FindFilledBlock: found at 1361,879 (21x21 0xCC5D02 tol=5, 63 ms)
2026-07-22 23:36:03 [05-expanding-rings] FOUND via region-wide at 1399,779 color=0xFFB232 (172 ms total)
2026-07-22 23:36:04 [05-expanding-rings] Acquire started: colors=0xFFB232/0xCC5D02 ref=1249,712 radii=64/128 region=0,45 -> 2499,1380
2026-07-22 23:36:04 [05-expanding-rings] FindFilledBlock: not found (21x21 0xFFB232 tol=5, 0 ms)
2026-07-22 23:36:04 [05-expanding-rings] FindFilledBlock: not found (21x21 0xCC5D02 tol=5, 15 ms)
2026-07-22 23:36:04 [05-expanding-rings] ring 64: not found (15 ms)
2026-07-22 23:36:04 [05-expanding-rings] FindFilledBlock: found at 1327,805 (21x21 0xFFB232 tol=5, 16 ms)
2026-07-22 23:36:04 [05-expanding-rings] FindFilledBlock: not found (21x21 0xCC5D02 tol=5, 0 ms)
2026-07-22 23:36:04 [05-expanding-rings] FOUND via ring 128 at 1327,805 color=0xFFB232 (46 ms total)
2026-07-22 23:36:07 [05-expanding-rings] Acquire started: colors=0xFFB232/0xCC5D02 ref=1249,712 radii=64/128 region=0,45 -> 2499,1380
2026-07-22 23:36:07 [05-expanding-rings] FindFilledBlock: not found (21x21 0xFFB232 tol=5, 15 ms)
2026-07-22 23:36:07 [05-expanding-rings] FindFilledBlock: not found (21x21 0xCC5D02 tol=5, 16 ms)
2026-07-22 23:36:07 [05-expanding-rings] ring 64: not found (31 ms)
2026-07-22 23:36:07 [05-expanding-rings] FindFilledBlock: not found (21x21 0xFFB232 tol=5, 0 ms)
2026-07-22 23:36:07 [05-expanding-rings] FindFilledBlock: not found (21x21 0xCC5D02 tol=5, 0 ms)
2026-07-22 23:36:07 [05-expanding-rings] ring 128: not found (15 ms)
2026-07-22 23:36:08 [05-expanding-rings] FindFilledBlock: found at 1457,715 (21x21 0xFFB232 tol=5, 47 ms)
2026-07-22 23:36:08 [05-expanding-rings] FindFilledBlock: found at 1415,809 (21x21 0xCC5D02 tol=5, 62 ms)
2026-07-22 23:36:08 [05-expanding-rings] FOUND via region-wide at 1415,809 color=0xCC5D02 (171 ms total)
2026-07-22 23:36:10 [05-expanding-rings] Acquire started: colors=0xFFB232/0xCC5D02 ref=1249,712 radii=64/128 region=0,45 -> 2499,1380
2026-07-22 23:36:10 [05-expanding-rings] FindFilledBlock: not found (21x21 0xFFB232 tol=5, 15 ms)
2026-07-22 23:36:10 [05-expanding-rings] FindFilledBlock: not found (21x21 0xCC5D02 tol=5, 0 ms)
2026-07-22 23:36:10 [05-expanding-rings] ring 64: not found (31 ms)
2026-07-22 23:36:10 [05-expanding-rings] FindFilledBlock: not found (21x21 0xFFB232 tol=5, 0 ms)
2026-07-22 23:36:10 [05-expanding-rings] FindFilledBlock: found at 1307,675 (21x21 0xCC5D02 tol=5, 0 ms)
2026-07-22 23:36:10 [05-expanding-rings] FOUND via ring 128 at 1307,675 color=0xCC5D02 (47 ms total)
2026-07-22 23:36:14 [05-expanding-rings] Acquire started: colors=0xFFB232/0xCC5D02 ref=1249,712 radii=64/128 region=0,45 -> 2499,1380
2026-07-22 23:36:14 [05-expanding-rings] FindFilledBlock: found at 1283,658 (21x21 0xFFB232 tol=5, 0 ms)
2026-07-22 23:36:14 [05-expanding-rings] FindFilledBlock: found at 1249,759 (21x21 0xCC5D02 tol=5, 0 ms)
2026-07-22 23:36:14 [05-expanding-rings] FOUND via ring 64 at 1249,759 color=0xCC5D02 (15 ms total)
2026-07-22 23:36:15 [05-expanding-rings] Acquire started: colors=0xFFB232/0xCC5D02 ref=1249,712 radii=64/128 region=0,45 -> 2499,1380
2026-07-22 23:36:15 [05-expanding-rings] FindFilledBlock: not found (21x21 0xFFB232 tol=5, 16 ms)
2026-07-22 23:36:15 [05-expanding-rings] FindFilledBlock: found at 1247,745 (21x21 0xCC5D02 tol=5, 0 ms)
2026-07-22 23:36:15 [05-expanding-rings] FOUND via ring 64 at 1247,745 color=0xCC5D02 (16 ms total)
2026-07-22 23:36:16 [05-expanding-rings] Esc pressed - exiting
