2026-07-22 23:50:05 [09-press-key] Script loaded. F5=plain key  F7=chord  F8=click-then-Esc  F6=request stop  F12=exit. TestKeys={Space} ChordKeys=^a Target=1630,884
2026-07-22 23:50:08 [09-press-key] PressKey (plain) started: keys={Space}
2026-07-22 23:50:08 [09-press-key] PressKey: sent {Space}
2026-07-22 23:50:08 [09-press-key] Sent {Space} - check it registered in your focused field
2026-07-22 23:50:10 [09-press-key] PressKey (plain) started: keys={Space}
2026-07-22 23:50:10 [09-press-key] PressKey: sent {Space}
2026-07-22 23:50:10 [09-press-key] Sent {Space} - check it registered in your focused field
2026-07-22 23:50:10 [09-press-key] PressKey (plain) started: keys={Space}
2026-07-22 23:50:10 [09-press-key] PressKey: sent {Space}
2026-07-22 23:50:10 [09-press-key] Sent {Space} - check it registered in your focused field
2026-07-22 23:50:10 [09-press-key] PressKey (plain) started: keys={Space}
2026-07-22 23:50:10 [09-press-key] PressKey: sent {Space}
2026-07-22 23:50:10 [09-press-key] Sent {Space} - check it registered in your focused field
2026-07-22 23:50:10 [09-press-key] PressKey (plain) started: keys={Space}
2026-07-22 23:50:10 [09-press-key] PressKey: sent {Space}
2026-07-22 23:50:10 [09-press-key] Sent {Space} - check it registered in your focused field
2026-07-22 23:50:10 [09-press-key] PressKey (plain) started: keys={Space}
2026-07-22 23:50:10 [09-press-key] PressKey: sent {Space}
2026-07-22 23:50:10 [09-press-key] Sent {Space} - check it registered in your focused field
2026-07-22 23:50:11 [09-press-key] PressKey (plain) started: keys={Space}
2026-07-22 23:50:11 [09-press-key] PressKey: sent {Space}
2026-07-22 23:50:11 [09-press-key] Sent {Space} - check it registered in your focused field
2026-07-22 23:50:21 [09-press-key] PressKey (chord) started: keys=^a
2026-07-22 23:50:21 [09-press-key] PressKey: sent ^a
2026-07-22 23:50:21 [09-press-key] Sent ^a - check its effect registered
2026-07-22 23:50:23 [09-press-key] PressKey (chord) started: keys=^a
2026-07-22 23:50:23 [09-press-key] PressKey: sent ^a
2026-07-22 23:50:23 [09-press-key] Sent ^a - check its effect registered
2026-07-22 23:50:25 [09-press-key] PressKey (chord) started: keys=^a
2026-07-22 23:50:25 [09-press-key] PressKey: sent ^a
2026-07-22 23:50:25 [09-press-key] Sent ^a - check its effect registered
2026-07-22 23:50:32 [09-press-key] F12 pressed - exiting
2026-07-22 23:51:04 [09-press-key] Script loaded. F5=plain key  F7=chord  F8=click-then-Esc  F6=request stop  F12=exit. TestKeys={Space} ChordKeys=^a Target=1630,884
2026-07-22 23:51:08 [09-press-key] Click-then-Esc started: target=1630,884 (zero gap - postDelayMs=0/preDelayMs=0)
2026-07-22 23:51:08 [09-press-key] PressKey: sent {Esc}
2026-07-22 23:51:08 [09-press-key] Clicked 1630,884 then sent {Esc} immediately (109 ms total) - confirm it opened then closed
2026-07-22 23:51:18 [09-press-key] PressKey (chord) started: keys=^a
2026-07-22 23:51:18 [09-press-key] PressKey: sent ^a
2026-07-22 23:51:18 [09-press-key] Sent ^a - check its effect registered
2026-07-22 23:51:20 [09-press-key] PressKey (chord) started: keys=^a
2026-07-22 23:51:20 [09-press-key] PressKey: sent ^a
2026-07-22 23:51:20 [09-press-key] Sent ^a - check its effect registered
2026-07-22 23:51:20 [09-press-key] Click-then-Esc started: target=1630,884 (zero gap - postDelayMs=0/preDelayMs=0)
2026-07-22 23:51:20 [09-press-key] PressKey: sent {Esc}
2026-07-22 23:51:20 [09-press-key] Clicked 1630,884 then sent {Esc} immediately (110 ms total) - confirm it opened then closed
2026-07-22 23:51:32 [09-press-key] F12 pressed - exiting
2026-07-22 23:52:09 [09-press-key] Script loaded. F5=plain key  F7=chord  F8=click-then-Esc  F6=request stop  F12=exit. TestKeys={Space} ChordKeys=^a Target=1249,749
2026-07-22 23:52:10 [09-press-key] Click-then-Esc started: target=1249,749 (zero gap - postDelayMs=0/preDelayMs=0)
2026-07-22 23:52:10 [09-press-key] PressKey: sent {Esc}
2026-07-22 23:52:10 [09-press-key] Clicked 1249,749 then sent {Esc} immediately (110 ms total) - confirm it opened then closed
2026-07-22 23:52:16 [09-press-key] F12 pressed - exiting
2026-07-22 23:54:36 [09-press-key] Script loaded. F5=plain key  F7=chord  F8=confirm-then-Esc  F6=request stop  F12=exit. TestKeys={Space} ChordKeys=^a EscMarker=775,765
2026-07-22 23:54:40 [09-press-key] Confirm-then-Esc started: checking C:\Users\link\Documents\GitHub\osrs-automation\v7\micro\..\Images\deposit-motherlode.png at 775,765
2026-07-22 23:54:40 [09-press-key] FindImage: not found (C:\Users\link\Documents\GitHub\osrs-automation\v7\micro\..\Images\deposit-motherlode.png, 16 ms)
2026-07-22 23:54:40 [09-press-key] Marker not present - skipping Esc (nothing to close)
2026-07-22 23:54:44 [09-press-key] Confirm-then-Esc started: checking C:\Users\link\Documents\GitHub\osrs-automation\v7\micro\..\Images\deposit-motherlode.png at 775,765
2026-07-22 23:54:44 [09-press-key] FindImage: not found (C:\Users\link\Documents\GitHub\osrs-automation\v7\micro\..\Images\deposit-motherlode.png, 16 ms)
2026-07-22 23:54:44 [09-press-key] Marker not present - skipping Esc (nothing to close)
2026-07-22 23:54:48 [09-press-key] Confirm-then-Esc started: checking C:\Users\link\Documents\GitHub\osrs-automation\v7\micro\..\Images\deposit-motherlode.png at 775,765
2026-07-22 23:54:48 [09-press-key] FindImage: found at 815,801 (C:\Users\link\Documents\GitHub\osrs-automation\v7\micro\..\Images\deposit-motherlode.png, 0 ms)
2026-07-22 23:54:48 [09-press-key] Marker PRESENT at 815,801 - sending Esc immediately (zero gap)
2026-07-22 23:54:48 [09-press-key] PressKey: sent {Esc}
2026-07-22 23:54:48 [09-press-key] FindImage: found at 815,801 (C:\Users\link\Documents\GitHub\osrs-automation\v7\micro\..\Images\deposit-motherlode.png, 0 ms)
2026-07-22 23:54:48 [09-press-key] STILL PRESENT after Esc - did not close (31 ms)
2026-07-22 23:54:50 [09-press-key] PressKey (chord) started: keys=^a
2026-07-22 23:54:50 [09-press-key] PressKey: sent ^a
2026-07-22 23:54:50 [09-press-key] Sent ^a - check its effect registered
2026-07-22 23:54:54 [09-press-key] PressKey (chord) started: keys=^a
2026-07-22 23:54:54 [09-press-key] PressKey: sent ^a
2026-07-22 23:54:54 [09-press-key] Sent ^a - check its effect registered
2026-07-22 23:54:59 [09-press-key] Confirm-then-Esc started: checking C:\Users\link\Documents\GitHub\osrs-automation\v7\micro\..\Images\deposit-motherlode.png at 775,765
2026-07-22 23:54:59 [09-press-key] FindImage: not found (C:\Users\link\Documents\GitHub\osrs-automation\v7\micro\..\Images\deposit-motherlode.png, 16 ms)
2026-07-22 23:54:59 [09-press-key] Marker not present - skipping Esc (nothing to close)
2026-07-22 23:55:00 [09-press-key] Confirm-then-Esc started: checking C:\Users\link\Documents\GitHub\osrs-automation\v7\micro\..\Images\deposit-motherlode.png at 775,765
2026-07-22 23:55:00 [09-press-key] FindImage: not found (C:\Users\link\Documents\GitHub\osrs-automation\v7\micro\..\Images\deposit-motherlode.png, 0 ms)
2026-07-22 23:55:00 [09-press-key] Marker not present - skipping Esc (nothing to close)
2026-07-22 23:55:00 [09-press-key] Confirm-then-Esc started: checking C:\Users\link\Documents\GitHub\osrs-automation\v7\micro\..\Images\deposit-motherlode.png at 775,765
2026-07-22 23:55:00 [09-press-key] FindImage: found at 815,801 (C:\Users\link\Documents\GitHub\osrs-automation\v7\micro\..\Images\deposit-motherlode.png, 15 ms)
2026-07-22 23:55:00 [09-press-key] Marker PRESENT at 815,801 - sending Esc immediately (zero gap)
2026-07-22 23:55:00 [09-press-key] PressKey: sent {Esc}
2026-07-22 23:55:00 [09-press-key] FindImage: found at 815,801 (C:\Users\link\Documents\GitHub\osrs-automation\v7\micro\..\Images\deposit-motherlode.png, 0 ms)
2026-07-22 23:55:00 [09-press-key] STILL PRESENT after Esc - did not close (31 ms)
2026-07-22 23:55:00 [09-press-key] Confirm-then-Esc started: checking C:\Users\link\Documents\GitHub\osrs-automation\v7\micro\..\Images\deposit-motherlode.png at 775,765
2026-07-22 23:55:00 [09-press-key] FindImage: not found (C:\Users\link\Documents\GitHub\osrs-automation\v7\micro\..\Images\deposit-motherlode.png, 0 ms)
2026-07-22 23:55:00 [09-press-key] Marker not present - skipping Esc (nothing to close)
2026-07-22 23:55:01 [09-press-key] Confirm-then-Esc started: checking C:\Users\link\Documents\GitHub\osrs-automation\v7\micro\..\Images\deposit-motherlode.png at 775,765
2026-07-22 23:55:01 [09-press-key] FindImage: not found (C:\Users\link\Documents\GitHub\osrs-automation\v7\micro\..\Images\deposit-motherlode.png, 15 ms)
2026-07-22 23:55:01 [09-press-key] Marker not present - skipping Esc (nothing to close)
2026-07-22 23:55:02 [09-press-key] Confirm-then-Esc started: checking C:\Users\link\Documents\GitHub\osrs-automation\v7\micro\..\Images\deposit-motherlode.png at 775,765
2026-07-22 23:55:02 [09-press-key] FindImage: found at 815,801 (C:\Users\link\Documents\GitHub\osrs-automation\v7\micro\..\Images\deposit-motherlode.png, 16 ms)
2026-07-22 23:55:02 [09-press-key] Marker PRESENT at 815,801 - sending Esc immediately (zero gap)
2026-07-22 23:55:02 [09-press-key] PressKey: sent {Esc}
2026-07-22 23:55:02 [09-press-key] FindImage: found at 815,801 (C:\Users\link\Documents\GitHub\osrs-automation\v7\micro\..\Images\deposit-motherlode.png, 16 ms)
2026-07-22 23:55:02 [09-press-key] STILL PRESENT after Esc - did not close (47 ms)
2026-07-22 23:55:02 [09-press-key] Confirm-then-Esc started: checking C:\Users\link\Documents\GitHub\osrs-automation\v7\micro\..\Images\deposit-motherlode.png at 775,765
2026-07-22 23:55:02 [09-press-key] FindImage: not found (C:\Users\link\Documents\GitHub\osrs-automation\v7\micro\..\Images\deposit-motherlode.png, 0 ms)
2026-07-22 23:55:02 [09-press-key] Marker not present - skipping Esc (nothing to close)
2026-07-22 23:55:04 [09-press-key] Confirm-then-Esc started: checking C:\Users\link\Documents\GitHub\osrs-automation\v7\micro\..\Images\deposit-motherlode.png at 775,765
2026-07-22 23:55:04 [09-press-key] FindImage: not found (C:\Users\link\Documents\GitHub\osrs-automation\v7\micro\..\Images\deposit-motherlode.png, 15 ms)
2026-07-22 23:55:04 [09-press-key] Marker not present - skipping Esc (nothing to close)
2026-07-22 23:55:04 [09-press-key] Confirm-then-Esc started: checking C:\Users\link\Documents\GitHub\osrs-automation\v7\micro\..\Images\deposit-motherlode.png at 775,765
2026-07-22 23:55:04 [09-press-key] FindImage: not found (C:\Users\link\Documents\GitHub\osrs-automation\v7\micro\..\Images\deposit-motherlode.png, 16 ms)
2026-07-22 23:55:04 [09-press-key] Marker not present - skipping Esc (nothing to close)
2026-07-22 23:55:04 [09-press-key] Confirm-then-Esc started: checking C:\Users\link\Documents\GitHub\osrs-automation\v7\micro\..\Images\deposit-motherlode.png at 775,765
2026-07-22 23:55:04 [09-press-key] FindImage: not found (C:\Users\link\Documents\GitHub\osrs-automation\v7\micro\..\Images\deposit-motherlode.png, 16 ms)
2026-07-22 23:55:04 [09-press-key] Marker not present - skipping Esc (nothing to close)
2026-07-22 23:55:04 [09-press-key] Confirm-then-Esc started: checking C:\Users\link\Documents\GitHub\osrs-automation\v7\micro\..\Images\deposit-motherlode.png at 775,765
2026-07-22 23:55:04 [09-press-key] FindImage: not found (C:\Users\link\Documents\GitHub\osrs-automation\v7\micro\..\Images\deposit-motherlode.png, 16 ms)
2026-07-22 23:55:04 [09-press-key] Marker not present - skipping Esc (nothing to close)
2026-07-22 23:55:04 [09-press-key] Confirm-then-Esc started: checking C:\Users\link\Documents\GitHub\osrs-automation\v7\micro\..\Images\deposit-motherlode.png at 775,765
2026-07-22 23:55:04 [09-press-key] FindImage: not found (C:\Users\link\Documents\GitHub\osrs-automation\v7\micro\..\Images\deposit-motherlode.png, 15 ms)
2026-07-22 23:55:04 [09-press-key] Marker not present - skipping Esc (nothing to close)
2026-07-22 23:55:05 [09-press-key] Confirm-then-Esc started: checking C:\Users\link\Documents\GitHub\osrs-automation\v7\micro\..\Images\deposit-motherlode.png at 775,765
2026-07-22 23:55:05 [09-press-key] FindImage: not found (C:\Users\link\Documents\GitHub\osrs-automation\v7\micro\..\Images\deposit-motherlode.png, 15 ms)
2026-07-22 23:55:05 [09-press-key] Marker not present - skipping Esc (nothing to close)
2026-07-22 23:55:05 [09-press-key] Confirm-then-Esc started: checking C:\Users\link\Documents\GitHub\osrs-automation\v7\micro\..\Images\deposit-motherlode.png at 775,765
2026-07-22 23:55:05 [09-press-key] FindImage: not found (C:\Users\link\Documents\GitHub\osrs-automation\v7\micro\..\Images\deposit-motherlode.png, 15 ms)
2026-07-22 23:55:05 [09-press-key] Marker not present - skipping Esc (nothing to close)
2026-07-22 23:55:05 [09-press-key] Confirm-then-Esc started: checking C:\Users\link\Documents\GitHub\osrs-automation\v7\micro\..\Images\deposit-motherlode.png at 775,765
2026-07-22 23:55:05 [09-press-key] FindImage: not found (C:\Users\link\Documents\GitHub\osrs-automation\v7\micro\..\Images\deposit-motherlode.png, 16 ms)
2026-07-22 23:55:05 [09-press-key] Marker not present - skipping Esc (nothing to close)
2026-07-22 23:55:05 [09-press-key] Confirm-then-Esc started: checking C:\Users\link\Documents\GitHub\osrs-automation\v7\micro\..\Images\deposit-motherlode.png at 775,765
2026-07-22 23:55:05 [09-press-key] FindImage: not found (C:\Users\link\Documents\GitHub\osrs-automation\v7\micro\..\Images\deposit-motherlode.png, 0 ms)
2026-07-22 23:55:06 [09-press-key] Marker not present - skipping Esc (nothing to close)
2026-07-22 23:55:06 [09-press-key] Confirm-then-Esc started: checking C:\Users\link\Documents\GitHub\osrs-automation\v7\micro\..\Images\deposit-motherlode.png at 775,765
2026-07-22 23:55:06 [09-press-key] FindImage: not found (C:\Users\link\Documents\GitHub\osrs-automation\v7\micro\..\Images\deposit-motherlode.png, 16 ms)
2026-07-22 23:55:06 [09-press-key] Marker not present - skipping Esc (nothing to close)
2026-07-22 23:55:06 [09-press-key] Confirm-then-Esc started: checking C:\Users\link\Documents\GitHub\osrs-automation\v7\micro\..\Images\deposit-motherlode.png at 775,765
2026-07-22 23:55:06 [09-press-key] FindImage: not found (C:\Users\link\Documents\GitHub\osrs-automation\v7\micro\..\Images\deposit-motherlode.png, 0 ms)
2026-07-22 23:55:06 [09-press-key] Marker not present - skipping Esc (nothing to close)
2026-07-22 23:55:06 [09-press-key] Confirm-then-Esc started: checking C:\Users\link\Documents\GitHub\osrs-automation\v7\micro\..\Images\deposit-motherlode.png at 775,765
2026-07-22 23:55:06 [09-press-key] FindImage: not found (C:\Users\link\Documents\GitHub\osrs-automation\v7\micro\..\Images\deposit-motherlode.png, 16 ms)
2026-07-22 23:55:06 [09-press-key] Marker not present - skipping Esc (nothing to close)
2026-07-22 23:55:06 [09-press-key] Confirm-then-Esc started: checking C:\Users\link\Documents\GitHub\osrs-automation\v7\micro\..\Images\deposit-motherlode.png at 775,765
2026-07-22 23:55:06 [09-press-key] FindImage: not found (C:\Users\link\Documents\GitHub\osrs-automation\v7\micro\..\Images\deposit-motherlode.png, 15 ms)
2026-07-22 23:55:06 [09-press-key] Marker not present - skipping Esc (nothing to close)
2026-07-22 23:55:06 [09-press-key] Confirm-then-Esc started: checking C:\Users\link\Documents\GitHub\osrs-automation\v7\micro\..\Images\deposit-motherlode.png at 775,765
2026-07-22 23:55:06 [09-press-key] FindImage: not found (C:\Users\link\Documents\GitHub\osrs-automation\v7\micro\..\Images\deposit-motherlode.png, 16 ms)
2026-07-22 23:55:06 [09-press-key] Marker not present - skipping Esc (nothing to close)
2026-07-22 23:55:07 [09-press-key] Confirm-then-Esc started: checking C:\Users\link\Documents\GitHub\osrs-automation\v7\micro\..\Images\deposit-motherlode.png at 775,765
2026-07-22 23:55:07 [09-press-key] FindImage: found at 815,801 (C:\Users\link\Documents\GitHub\osrs-automation\v7\micro\..\Images\deposit-motherlode.png, 0 ms)
2026-07-22 23:55:07 [09-press-key] Marker PRESENT at 815,801 - sending Esc immediately (zero gap)
2026-07-22 23:55:07 [09-press-key] PressKey: sent {Esc}
2026-07-22 23:55:07 [09-press-key] FindImage: found at 815,801 (C:\Users\link\Documents\GitHub\osrs-automation\v7\micro\..\Images\deposit-motherlode.png, 0 ms)
2026-07-22 23:55:07 [09-press-key] STILL PRESENT after Esc - did not close (47 ms)
2026-07-22 23:56:07 [09-press-key] F12 pressed - exiting
