2026-07-23 00:20:03 [10-context-menu-click] Script loaded. F5=confirm block+right-click+find menu item  F6=request stop  F12=exit. Block=1638,892 Item=C:\Users\link\Documents\GitHub\osrs-automation\v7\micro\..\Images\li_bank-deposit-box.png
2026-07-23 00:20:05 [10-context-menu-click] Test started: confirming block at 1638,892 before right-clicking
2026-07-23 00:20:05 [10-context-menu-click] Block confirmed (0xCC5D02) - right-clicking 1638,892
2026-07-23 00:20:05 [10-context-menu-click] FindImage: found at 1633,948 (C:\Users\link\Documents\GitHub\osrs-automation\v7\micro\..\Images\li_bank-deposit-box.png, 16 ms)
2026-07-23 00:20:05 [10-context-menu-click] RightClickMenuItem: found menu item at 1633,948
2026-07-23 00:20:06 [10-context-menu-click] FOUND and clicked menu item (375 ms)
2026-07-23 00:20:10 [10-context-menu-click] F12 pressed - exiting
2026-07-23 00:22:23 [10-context-menu-click] Script loaded. F5=confirm block+right-click+find menu item  F6=request stop  F12=exit. Block=1638,892 Item=C:\Users\link\Documents\GitHub\osrs-automation\v7\micro\..\Images\li_bank-deposit-box.png
2026-07-23 00:22:24 [10-context-menu-click] Test started: confirming block at 1638,892 before right-clicking
2026-07-23 00:22:24 [10-context-menu-click] Block confirmed (0xCC5D02) - right-clicking 1638,892
2026-07-23 00:22:25 [10-context-menu-click] FindImage: found at 1633,948 (C:\Users\link\Documents\GitHub\osrs-automation\v7\micro\..\Images\li_bank-deposit-box.png, 16 ms)
2026-07-23 00:22:25 [10-context-menu-click] RightClickMenuItem: found menu item at 1633,948
2026-07-23 00:22:25 [10-context-menu-click] FOUND and clicked menu item (343 ms)
2026-07-23 00:22:35 [10-context-menu-click] F12 pressed - exiting
2026-07-23 00:25:28 [10-context-menu-click] Script loaded. F5=confirm block+right-click+find menu item  F6=request stop  F12=exit. Block=1638,892 Item=C:\Users\link\Documents\GitHub\osrs-automation\v7\micro\..\Images\li_bank-deposit-box.png
2026-07-23 00:25:29 [10-context-menu-click] Test started: confirming block at 1638,892 before right-clicking
2026-07-23 00:25:29 [10-context-menu-click] Block confirmed (0xCC5D02) - right-clicking 1638,892
2026-07-23 00:25:29 [10-context-menu-click] FindImage: found at 1633,948 (C:\Users\link\Documents\GitHub\osrs-automation\v7\micro\..\Images\li_bank-deposit-box.png, 15 ms)
2026-07-23 00:25:29 [10-context-menu-click] RightClickMenuItem: found menu item at 1633,948
2026-07-23 00:25:29 [10-context-menu-click] FOUND and clicked menu item (359 ms)
2026-07-23 00:25:30 [10-context-menu-click] ReleasePendingModifiersNow: released Ctrl
2026-07-23 00:25:38 [10-context-menu-click] Test started: confirming block at 1638,892 before right-clicking
2026-07-23 00:25:38 [10-context-menu-click] Block confirmed (0xCC5D02) - right-clicking 1638,892
2026-07-23 00:25:38 [10-context-menu-click] FindImage: found at 1633,948 (C:\Users\link\Documents\GitHub\osrs-automation\v7\micro\..\Images\li_bank-deposit-box.png, 0 ms)
2026-07-23 00:25:38 [10-context-menu-click] RightClickMenuItem: found menu item at 1633,948
2026-07-23 00:25:38 [10-context-menu-click] FOUND and clicked menu item (360 ms)
2026-07-23 00:25:38 [10-context-menu-click] ReleasePendingModifiersNow: released Ctrl
2026-07-23 00:25:41 [10-context-menu-click] F12 pressed - exiting
