2026-07-23 01:18:54 [14-watch-box] Script loaded. F5=snapshot+watch  F6=request stop  Esc=exit. Box=2101,801 52x16
2026-07-23 01:18:58 [14-watch-box] F7: tracing box outline 2101,801 52x16
2026-07-23 01:19:01 [14-watch-box] F7: tracing box outline 2101,801 52x16
2026-07-23 01:19:04 [14-watch-box] F7: tracing box outline 2101,801 52x16
2026-07-23 01:19:14 [14-watch-box] Script loaded. F5=snapshot+watch  F6=request stop  Esc=exit. Box=2269,801 52x16
2026-07-23 01:19:17 [14-watch-box] F7: tracing box outline 2269,801 52x16
2026-07-23 01:19:22 [14-watch-box] Script loaded. F5=snapshot+watch  F6=request stop  Esc=exit. Box=2101,1017 52x16
2026-07-23 01:19:23 [14-watch-box] F7: tracing box outline 2101,1017 52x16
2026-07-23 01:19:35 [14-watch-box] F7: tracing box outline 2101,1017 52x16
2026-07-23 01:19:37 [14-watch-box] Watch started: box=2101,1017 52x16 tol=10 timeout=15000ms
2026-07-23 01:19:38 [14-watch-box] Snapshot taken (52 samples, stride 4x4) in 359 ms
2026-07-23 01:19:38 [14-watch-box] BoxChanged: unchanged (359 ms)
2026-07-23 01:19:39 [14-watch-box] BoxChanged: unchanged (360 ms)
2026-07-23 01:19:40 [14-watch-box] BoxChanged: unchanged (360 ms)
2026-07-23 01:19:40 [14-watch-box] BoxChanged: unchanged (360 ms)
2026-07-23 01:19:41 [14-watch-box] BoxChanged: unchanged (359 ms)
2026-07-23 01:19:42 [14-watch-box] BoxChanged: unchanged (359 ms)
2026-07-23 01:19:42 [14-watch-box] BoxChanged: unchanged (359 ms)
2026-07-23 01:19:43 [14-watch-box] BoxChanged: unchanged (359 ms)
2026-07-23 01:19:43 [14-watch-box] BoxChanged: CHANGED (0 ms)
2026-07-23 01:19:43 [14-watch-box] CHANGED after 5625 ms
2026-07-23 01:19:48 [14-watch-box] Esc pressed - exiting
2026-07-23 01:19:59 [14-watch-box] Script loaded. F5=snapshot+watch  F6=request stop  Esc=exit. Box=2101,1017 52x16
2026-07-23 01:19:59 [14-watch-box] Watch started: box=2101,1017 52x16 tol=10 timeout=15000ms
2026-07-23 01:20:00 [14-watch-box] Snapshot taken (52 samples, stride 4x4) in 359 ms
2026-07-23 01:20:00 [14-watch-box] BoxChanged: unchanged (359 ms)
2026-07-23 01:20:01 [14-watch-box] BoxChanged: unchanged (359 ms)
2026-07-23 01:20:01 [14-watch-box] F7: tracing box outline 2101,1017 52x16
2026-07-23 01:20:03 [14-watch-box] BoxChanged: unchanged (360 ms)
2026-07-23 01:20:04 [14-watch-box] BoxChanged: unchanged (359 ms)
2026-07-23 01:20:05 [14-watch-box] BoxChanged: unchanged (359 ms)
2026-07-23 01:20:06 [14-watch-box] BoxChanged: unchanged (359 ms)
2026-07-23 01:20:06 [14-watch-box] BoxChanged: CHANGED (16 ms)
2026-07-23 01:20:06 [14-watch-box] CHANGED after 6297 ms
2026-07-23 01:20:14 [14-watch-box] Esc pressed - exiting
