2026-07-23 01:26:43 [15-state-indicator] Script loaded. F5=watch PRESENT  F7=watch ABSENT  F6=request stop  Esc=exit. Marker=1249,735 targets=0xCC5D02 tol=10
2026-07-23 01:26:44 [15-state-indicator] F5: watching for PRESENT at 1249,735 targets=0xCC5D02
2026-07-23 01:26:44 [15-state-indicator] WatchIndicator: already present at start (1249,735)
2026-07-23 01:26:44 [15-state-indicator] ALREADY PRESENT at start (0 ms)
2026-07-23 01:26:45 [15-state-indicator] F5: watching for PRESENT at 1249,735 targets=0xCC5D02
2026-07-23 01:26:45 [15-state-indicator] WatchIndicator: already present at start (1249,735)
2026-07-23 01:26:45 [15-state-indicator] ALREADY PRESENT at start (15 ms)
2026-07-23 01:26:46 [15-state-indicator] F5: watching for PRESENT at 1249,735 targets=0xCC5D02
2026-07-23 01:26:46 [15-state-indicator] WatchIndicator: already present at start (1249,735)
2026-07-23 01:26:46 [15-state-indicator] ALREADY PRESENT at start (0 ms)
2026-07-23 01:26:46 [15-state-indicator] F5: watching for PRESENT at 1249,735 targets=0xCC5D02
2026-07-23 01:26:46 [15-state-indicator] WatchIndicator: already present at start (1249,735)
2026-07-23 01:26:46 [15-state-indicator] ALREADY PRESENT at start (0 ms)
2026-07-23 01:26:48 [15-state-indicator] F5: watching for PRESENT at 1249,735 targets=0xCC5D02
2026-07-23 01:26:54 [15-state-indicator] BECAME PRESENT after 5969 ms (genuine transition)
2026-07-23 01:27:00 [15-state-indicator] F5: watching for PRESENT at 1249,735 targets=0xCC5D02
2026-07-23 01:27:06 [15-state-indicator] BECAME PRESENT after 6266 ms (genuine transition)
2026-07-23 01:27:11 [15-state-indicator] F6 pressed - stop requested
2026-07-23 01:27:14 [15-state-indicator] Script loaded. F5=watch PRESENT  F7=watch ABSENT  F6=request stop  Esc=exit. Marker=1249,735 targets=0xCC5D02 tol=10
2026-07-23 01:27:15 [15-state-indicator] F7: watching for ABSENT at 1249,735 targets=0xCC5D02
2026-07-23 01:27:15 [15-state-indicator] WatchIndicator: already absent at start (1249,735)
2026-07-23 01:27:15 [15-state-indicator] ALREADY ABSENT at start (15 ms)
2026-07-23 01:27:20 [15-state-indicator] F7: watching for ABSENT at 1249,735 targets=0xCC5D02
2026-07-23 01:27:20 [15-state-indicator] WatchIndicator: already absent at start (1249,735)
2026-07-23 01:27:20 [15-state-indicator] ALREADY ABSENT at start (15 ms)
2026-07-23 01:27:20 [15-state-indicator] F7: watching for ABSENT at 1249,735 targets=0xCC5D02
2026-07-23 01:27:23 [15-state-indicator] BECAME ABSENT after 2422 ms (genuine transition - e.g. target died)
2026-07-23 01:27:30 [15-state-indicator] F7: watching for ABSENT at 1249,735 targets=0xCC5D02
2026-07-23 01:27:30 [15-state-indicator] WatchIndicator: already absent at start (1249,735)
2026-07-23 01:27:30 [15-state-indicator] ALREADY ABSENT at start (15 ms)
2026-07-23 01:27:32 [15-state-indicator] F7: watching for ABSENT at 1249,735 targets=0xCC5D02
2026-07-23 01:27:35 [15-state-indicator] BECAME ABSENT after 2500 ms (genuine transition - e.g. target died)
2026-07-23 01:27:36 [15-state-indicator] Esc pressed - exiting
