2026-07-23 01:29:48 [16-wait-image] Script loaded. F5=wait for appear  F7=wait for gone  F6=request stop  Esc=exit. Image=C:\Users\link\Documents\GitHub\osrs-automation\v7\micro\..\Images\deposit-motherlode.png at 775,765
2026-07-23 01:29:54 [16-wait-image] F5: waiting for image to appear - C:\Users\link\Documents\GitHub\osrs-automation\v7\micro\..\Images\deposit-motherlode.png in 775,765 -> 855,837
2026-07-23 01:29:54 [16-wait-image] FindImage: not found (C:\Users\link\Documents\GitHub\osrs-automation\v7\micro\..\Images\deposit-motherlode.png, 0 ms)
2026-07-23 01:29:54 [16-wait-image] FindImage: not found (C:\Users\link\Documents\GitHub\osrs-automation\v7\micro\..\Images\deposit-motherlode.png, 16 ms)
2026-07-23 01:29:54 [16-wait-image] FindImage: not found (C:\Users\link\Documents\GitHub\osrs-automation\v7\micro\..\Images\deposit-motherlode.png, 16 ms)
2026-07-23 01:29:55 [16-wait-image] FindImage: not found (C:\Users\link\Documents\GitHub\osrs-automation\v7\micro\..\Images\deposit-motherlode.png, 15 ms)
2026-07-23 01:29:55 [16-wait-image] FindImage: not found (C:\Users\link\Documents\GitHub\osrs-automation\v7\micro\..\Images\deposit-motherlode.png, 16 ms)
2026-07-23 01:29:55 [16-wait-image] FindImage: not found (C:\Users\link\Documents\GitHub\osrs-automation\v7\micro\..\Images\deposit-motherlode.png, 16 ms)
2026-07-23 01:29:56 [16-wait-image] FindImage: not found (C:\Users\link\Documents\GitHub\osrs-automation\v7\micro\..\Images\deposit-motherlode.png, 15 ms)
2026-07-23 01:29:56 [16-wait-image] FindImage: not found (C:\Users\link\Documents\GitHub\osrs-automation\v7\micro\..\Images\deposit-motherlode.png, 16 ms)
2026-07-23 01:29:56 [16-wait-image] FindImage: not found (C:\Users\link\Documents\GitHub\osrs-automation\v7\micro\..\Images\deposit-motherlode.png, 16 ms)
2026-07-23 01:29:57 [16-wait-image] FindImage: not found (C:\Users\link\Documents\GitHub\osrs-automation\v7\micro\..\Images\deposit-motherlode.png, 15 ms)
2026-07-23 01:29:57 [16-wait-image] FindImage: found at 815,801 (C:\Users\link\Documents\GitHub\osrs-automation\v7\micro\..\Images\deposit-motherlode.png, 16 ms)
2026-07-23 01:29:57 [16-wait-image] FOUND at 815,801 after 3610 ms
2026-07-23 01:30:04 [16-wait-image] Esc pressed - exiting
2026-07-23 01:30:07 [16-wait-image] Script loaded. F5=wait for appear  F7=wait for gone  F6=request stop  Esc=exit. Image=C:\Users\link\Documents\GitHub\osrs-automation\v7\micro\..\Images\deposit-motherlode.png at 775,765
2026-07-23 01:30:08 [16-wait-image] F5: waiting for image to appear - C:\Users\link\Documents\GitHub\osrs-automation\v7\micro\..\Images\deposit-motherlode.png in 775,765 -> 855,837
2026-07-23 01:30:08 [16-wait-image] FindImage: not found (C:\Users\link\Documents\GitHub\osrs-automation\v7\micro\..\Images\deposit-motherlode.png, 0 ms)
2026-07-23 01:30:08 [16-wait-image] FindImage: not found (C:\Users\link\Documents\GitHub\osrs-automation\v7\micro\..\Images\deposit-motherlode.png, 16 ms)
2026-07-23 01:30:08 [16-wait-image] FindImage: not found (C:\Users\link\Documents\GitHub\osrs-automation\v7\micro\..\Images\deposit-motherlode.png, 16 ms)
2026-07-23 01:30:09 [16-wait-image] FindImage: not found (C:\Users\link\Documents\GitHub\osrs-automation\v7\micro\..\Images\deposit-motherlode.png, 15 ms)
2026-07-23 01:30:09 [16-wait-image] FindImage: not found (C:\Users\link\Documents\GitHub\osrs-automation\v7\micro\..\Images\deposit-motherlode.png, 16 ms)
2026-07-23 01:30:09 [16-wait-image] FindImage: not found (C:\Users\link\Documents\GitHub\osrs-automation\v7\micro\..\Images\deposit-motherlode.png, 16 ms)
2026-07-23 01:30:10 [16-wait-image] FindImage: found at 815,801 (C:\Users\link\Documents\GitHub\osrs-automation\v7\micro\..\Images\deposit-motherlode.png, 15 ms)
2026-07-23 01:30:10 [16-wait-image] FOUND at 815,801 after 2156 ms
2026-07-23 01:30:10 [16-wait-image] Esc pressed - exiting
2026-07-23 01:30:23 [16-wait-image] Script loaded. F5=wait for appear  F7=wait for gone  F6=request stop  Esc=exit. Image=C:\Users\link\Documents\GitHub\osrs-automation\v7\micro\..\Images\deposit-motherlode.png at 775,765
2026-07-23 01:30:24 [16-wait-image] F5: waiting for image to appear - C:\Users\link\Documents\GitHub\osrs-automation\v7\micro\..\Images\deposit-motherlode.png in 775,765 -> 855,837
2026-07-23 01:30:24 [16-wait-image] FindImage: not found (C:\Users\link\Documents\GitHub\osrs-automation\v7\micro\..\Images\deposit-motherlode.png, 16 ms)
2026-07-23 01:30:24 [16-wait-image] FindImage: not found (C:\Users\link\Documents\GitHub\osrs-automation\v7\micro\..\Images\deposit-motherlode.png, 0 ms)
2026-07-23 01:30:25 [16-wait-image] FindImage: not found (C:\Users\link\Documents\GitHub\osrs-automation\v7\micro\..\Images\deposit-motherlode.png, 0 ms)
2026-07-23 01:30:25 [16-wait-image] FindImage: not found (C:\Users\link\Documents\GitHub\osrs-automation\v7\micro\..\Images\deposit-motherlode.png, 16 ms)
2026-07-23 01:30:25 [16-wait-image] FindImage: not found (C:\Users\link\Documents\GitHub\osrs-automation\v7\micro\..\Images\deposit-motherlode.png, 0 ms)
2026-07-23 01:30:25 [16-wait-image] FindImage: not found (C:\Users\link\Documents\GitHub\osrs-automation\v7\micro\..\Images\deposit-motherlode.png, 0 ms)
2026-07-23 01:30:25 [16-wait-image] FindImage: not found (C:\Users\link\Documents\GitHub\osrs-automation\v7\micro\..\Images\deposit-motherlode.png, 0 ms)
2026-07-23 01:30:25 [16-wait-image] FindImage: not found (C:\Users\link\Documents\GitHub\osrs-automation\v7\micro\..\Images\deposit-motherlode.png, 0 ms)
2026-07-23 01:30:25 [16-wait-image] FindImage: not found (C:\Users\link\Documents\GitHub\osrs-automation\v7\micro\..\Images\deposit-motherlode.png, 0 ms)
2026-07-23 01:30:25 [16-wait-image] FindImage: not found (C:\Users\link\Documents\GitHub\osrs-automation\v7\micro\..\Images\deposit-motherlode.png, 16 ms)
2026-07-23 01:30:25 [16-wait-image] FindImage: not found (C:\Users\link\Documents\GitHub\osrs-automation\v7\micro\..\Images\deposit-motherlode.png, 16 ms)
2026-07-23 01:30:26 [16-wait-image] FindImage: not found (C:\Users\link\Documents\GitHub\osrs-automation\v7\micro\..\Images\deposit-motherlode.png, 0 ms)
2026-07-23 01:30:26 [16-wait-image] FindImage: found at 815,801 (C:\Users\link\Documents\GitHub\osrs-automation\v7\micro\..\Images\deposit-motherlode.png, 0 ms)
2026-07-23 01:30:26 [16-wait-image] FOUND at 815,801 after 1375 ms
2026-07-23 01:30:28 [16-wait-image] Esc pressed - exiting
2026-07-23 01:30:30 [16-wait-image] Script loaded. F5=wait for appear  F7=wait for gone  F6=request stop  Esc=exit. Image=C:\Users\link\Documents\GitHub\osrs-automation\v7\micro\..\Images\deposit-motherlode.png at 775,765
2026-07-23 01:30:35 [16-wait-image] F7: waiting for image to disappear - C:\Users\link\Documents\GitHub\osrs-automation\v7\micro\..\Images\deposit-motherlode.png
2026-07-23 01:30:35 [16-wait-image] FindImage: found at 815,801 (C:\Users\link\Documents\GitHub\osrs-automation\v7\micro\..\Images\deposit-motherlode.png, 16 ms)
2026-07-23 01:30:35 [16-wait-image] FindImage: found at 815,801 (C:\Users\link\Documents\GitHub\osrs-automation\v7\micro\..\Images\deposit-motherlode.png, 16 ms)
2026-07-23 01:30:35 [16-wait-image] FindImage: found at 815,801 (C:\Users\link\Documents\GitHub\osrs-automation\v7\micro\..\Images\deposit-motherlode.png, 16 ms)
2026-07-23 01:30:35 [16-wait-image] FindImage: found at 815,801 (C:\Users\link\Documents\GitHub\osrs-automation\v7\micro\..\Images\deposit-motherlode.png, 16 ms)
2026-07-23 01:30:35 [16-wait-image] FindImage: found at 815,801 (C:\Users\link\Documents\GitHub\osrs-automation\v7\micro\..\Images\deposit-motherlode.png, 16 ms)
2026-07-23 01:30:35 [16-wait-image] FindImage: found at 815,801 (C:\Users\link\Documents\GitHub\osrs-automation\v7\micro\..\Images\deposit-motherlode.png, 16 ms)
2026-07-23 01:30:35 [16-wait-image] FindImage: found at 815,801 (C:\Users\link\Documents\GitHub\osrs-automation\v7\micro\..\Images\deposit-motherlode.png, 16 ms)
2026-07-23 01:30:35 [16-wait-image] FindImage: found at 815,801 (C:\Users\link\Documents\GitHub\osrs-automation\v7\micro\..\Images\deposit-motherlode.png, 16 ms)
2026-07-23 01:30:36 [16-wait-image] FindImage: found at 815,801 (C:\Users\link\Documents\GitHub\osrs-automation\v7\micro\..\Images\deposit-motherlode.png, 16 ms)
2026-07-23 01:30:36 [16-wait-image] FindImage: found at 815,801 (C:\Users\link\Documents\GitHub\osrs-automation\v7\micro\..\Images\deposit-motherlode.png, 16 ms)
2026-07-23 01:30:36 [16-wait-image] FindImage: found at 815,801 (C:\Users\link\Documents\GitHub\osrs-automation\v7\micro\..\Images\deposit-motherlode.png, 16 ms)
2026-07-23 01:30:36 [16-wait-image] FindImage: found at 815,801 (C:\Users\link\Documents\GitHub\osrs-automation\v7\micro\..\Images\deposit-motherlode.png, 16 ms)
2026-07-23 01:30:36 [16-wait-image] FindImage: found at 815,801 (C:\Users\link\Documents\GitHub\osrs-automation\v7\micro\..\Images\deposit-motherlode.png, 16 ms)
2026-07-23 01:30:36 [16-wait-image] FindImage: found at 815,801 (C:\Users\link\Documents\GitHub\osrs-automation\v7\micro\..\Images\deposit-motherlode.png, 16 ms)
2026-07-23 01:30:36 [16-wait-image] FindImage: found at 815,801 (C:\Users\link\Documents\GitHub\osrs-automation\v7\micro\..\Images\deposit-motherlode.png, 16 ms)
2026-07-23 01:30:36 [16-wait-image] FindImage: found at 815,801 (C:\Users\link\Documents\GitHub\osrs-automation\v7\micro\..\Images\deposit-motherlode.png, 16 ms)
2026-07-23 01:30:37 [16-wait-image] FindImage: found at 815,801 (C:\Users\link\Documents\GitHub\osrs-automation\v7\micro\..\Images\deposit-motherlode.png, 16 ms)
2026-07-23 01:30:37 [16-wait-image] Esc pressed - exiting
2026-07-23 01:30:40 [16-wait-image] Script loaded. F5=wait for appear  F7=wait for gone  F6=request stop  Esc=exit. Image=C:\Users\link\Documents\GitHub\osrs-automation\v7\micro\..\Images\deposit-motherlode.png at 775,765
2026-07-23 01:30:43 [16-wait-image] F7: waiting for image to disappear - C:\Users\link\Documents\GitHub\osrs-automation\v7\micro\..\Images\deposit-motherlode.png
2026-07-23 01:30:43 [16-wait-image] FindImage: found at 815,801 (C:\Users\link\Documents\GitHub\osrs-automation\v7\micro\..\Images\deposit-motherlode.png, 16 ms)
2026-07-23 01:30:43 [16-wait-image] FindImage: found at 815,801 (C:\Users\link\Documents\GitHub\osrs-automation\v7\micro\..\Images\deposit-motherlode.png, 16 ms)
2026-07-23 01:30:43 [16-wait-image] FindImage: found at 815,801 (C:\Users\link\Documents\GitHub\osrs-automation\v7\micro\..\Images\deposit-motherlode.png, 16 ms)
2026-07-23 01:30:43 [16-wait-image] FindImage: found at 815,801 (C:\Users\link\Documents\GitHub\osrs-automation\v7\micro\..\Images\deposit-motherlode.png, 15 ms)
2026-07-23 01:30:43 [16-wait-image] FindImage: found at 815,801 (C:\Users\link\Documents\GitHub\osrs-automation\v7\micro\..\Images\deposit-motherlode.png, 15 ms)
2026-07-23 01:30:43 [16-wait-image] FindImage: found at 815,801 (C:\Users\link\Documents\GitHub\osrs-automation\v7\micro\..\Images\deposit-motherlode.png, 15 ms)
2026-07-23 01:30:43 [16-wait-image] FindImage: found at 815,801 (C:\Users\link\Documents\GitHub\osrs-automation\v7\micro\..\Images\deposit-motherlode.png, 0 ms)
2026-07-23 01:30:43 [16-wait-image] FindImage: found at 815,801 (C:\Users\link\Documents\GitHub\osrs-automation\v7\micro\..\Images\deposit-motherlode.png, 16 ms)
2026-07-23 01:30:44 [16-wait-image] FindImage: found at 815,801 (C:\Users\link\Documents\GitHub\osrs-automation\v7\micro\..\Images\deposit-motherlode.png, 16 ms)
2026-07-23 01:30:44 [16-wait-image] FindImage: found at 815,801 (C:\Users\link\Documents\GitHub\osrs-automation\v7\micro\..\Images\deposit-motherlode.png, 16 ms)
2026-07-23 01:30:44 [16-wait-image] FindImage: found at 815,801 (C:\Users\link\Documents\GitHub\osrs-automation\v7\micro\..\Images\deposit-motherlode.png, 0 ms)
2026-07-23 01:30:44 [16-wait-image] FindImage: found at 815,801 (C:\Users\link\Documents\GitHub\osrs-automation\v7\micro\..\Images\deposit-motherlode.png, 16 ms)
2026-07-23 01:30:44 [16-wait-image] FindImage: found at 815,801 (C:\Users\link\Documents\GitHub\osrs-automation\v7\micro\..\Images\deposit-motherlode.png, 16 ms)
2026-07-23 01:30:44 [16-wait-image] FindImage: found at 815,801 (C:\Users\link\Documents\GitHub\osrs-automation\v7\micro\..\Images\deposit-motherlode.png, 0 ms)
2026-07-23 01:30:44 [16-wait-image] FindImage: found at 815,801 (C:\Users\link\Documents\GitHub\osrs-automation\v7\micro\..\Images\deposit-motherlode.png, 16 ms)
2026-07-23 01:30:44 [16-wait-image] FindImage: found at 815,801 (C:\Users\link\Documents\GitHub\osrs-automation\v7\micro\..\Images\deposit-motherlode.png, 16 ms)
2026-07-23 01:30:45 [16-wait-image] FindImage: found at 815,801 (C:\Users\link\Documents\GitHub\osrs-automation\v7\micro\..\Images\deposit-motherlode.png, 16 ms)
2026-07-23 01:30:45 [16-wait-image] FindImage: found at 815,801 (C:\Users\link\Documents\GitHub\osrs-automation\v7\micro\..\Images\deposit-motherlode.png, 16 ms)
2026-07-23 01:30:45 [16-wait-image] FindImage: found at 815,801 (C:\Users\link\Documents\GitHub\osrs-automation\v7\micro\..\Images\deposit-motherlode.png, 16 ms)
2026-07-23 01:30:45 [16-wait-image] FindImage: found at 815,801 (C:\Users\link\Documents\GitHub\osrs-automation\v7\micro\..\Images\deposit-motherlode.png, 16 ms)
2026-07-23 01:30:45 [16-wait-image] FindImage: found at 815,801 (C:\Users\link\Documents\GitHub\osrs-automation\v7\micro\..\Images\deposit-motherlode.png, 16 ms)
2026-07-23 01:30:45 [16-wait-image] FindImage: found at 815,801 (C:\Users\link\Documents\GitHub\osrs-automation\v7\micro\..\Images\deposit-motherlode.png, 16 ms)
2026-07-23 01:30:45 [16-wait-image] FindImage: found at 815,801 (C:\Users\link\Documents\GitHub\osrs-automation\v7\micro\..\Images\deposit-motherlode.png, 16 ms)
2026-07-23 01:30:45 [16-wait-image] FindImage: found at 815,801 (C:\Users\link\Documents\GitHub\osrs-automation\v7\micro\..\Images\deposit-motherlode.png, 16 ms)
2026-07-23 01:30:46 [16-wait-image] FindImage: not found (C:\Users\link\Documents\GitHub\osrs-automation\v7\micro\..\Images\deposit-motherlode.png, 16 ms)
2026-07-23 01:30:46 [16-wait-image] GONE after 3016 ms
2026-07-23 01:30:47 [16-wait-image] Esc pressed - exiting
