2026-07-23 01:34:05 [17-clear-all-instances] Script loaded. F5=clear search zone  F6=request stop  Esc=exit. Zone=451,229 -> 1159,865 image=C:\Users\link\Documents\GitHub\osrs-automation\v7\micro\..\Images\sudoku-slot.png
2026-07-23 01:34:11 [17-clear-all-instances] ClearAllInstances: clearing search zone 451,229 -> 1159,865
2026-07-23 01:34:11 [17-clear-all-instances] FindImage: found at 895,411 (C:\Users\link\Documents\GitHub\osrs-automation\v7\micro\..\Images\sudoku-slot.png, 31 ms)
2026-07-23 01:34:11 [17-clear-all-instances] micro17: clicking instance at 895,411
2026-07-23 01:34:11 [17-clear-all-instances] FindImage: found at 743,479 (C:\Users\link\Documents\GitHub\osrs-automation\v7\micro\..\Images\sudoku-slot.png, 15 ms)
2026-07-23 01:34:11 [17-clear-all-instances] micro17: clicking instance at 743,479
2026-07-23 01:34:11 [17-clear-all-instances] FindImage: found at 1123,547 (C:\Users\link\Documents\GitHub\osrs-automation\v7\micro\..\Images\sudoku-slot.png, 15 ms)
2026-07-23 01:34:11 [17-clear-all-instances] micro17: clicking instance at 1123,547
2026-07-23 01:34:12 [17-clear-all-instances] FindImage: not found (C:\Users\link\Documents\GitHub\osrs-automation\v7\micro\..\Images\sudoku-slot.png, 31 ms)
2026-07-23 01:34:12 [17-clear-all-instances] micro17: zone clear (3 instances clicked)
2026-07-23 01:34:12 [17-clear-all-instances] micro17: done (zone clear)
2026-07-23 01:34:16 [17-clear-all-instances] Esc pressed - exiting
2026-07-23 01:34:19 [17-clear-all-instances] Script loaded. F5=clear search zone  F6=request stop  Esc=exit. Zone=451,229 -> 1159,865 image=C:\Users\link\Documents\GitHub\osrs-automation\v7\micro\..\Images\sudoku-slot.png
2026-07-23 01:34:19 [17-clear-all-instances] ClearAllInstances: clearing search zone 451,229 -> 1159,865
2026-07-23 01:34:19 [17-clear-all-instances] FindImage: not found (C:\Users\link\Documents\GitHub\osrs-automation\v7\micro\..\Images\sudoku-slot.png, 16 ms)
2026-07-23 01:34:19 [17-clear-all-instances] micro17: zone clear (0 instances clicked)
2026-07-23 01:34:19 [17-clear-all-instances] micro17: done (zone clear)
2026-07-23 01:34:21 [17-clear-all-instances] Esc pressed - exiting
2026-07-23 01:36:11 [17-clear-all-instances] Script loaded. F5=clear search zone  F6=request stop  Esc=exit. Zone=693,229 -> 1401,865 image=C:\Users\link\Documents\GitHub\osrs-automation\v7\micro\..\Images\sudoku-slot.png
2026-07-23 01:36:14 [17-clear-all-instances] ClearAllInstances: clearing search zone 693,229 -> 1401,865
2026-07-23 01:36:14 [17-clear-all-instances] FindImage: found at 971,343 (C:\Users\link\Documents\GitHub\osrs-automation\v7\micro\..\Images\sudoku-slot.png, 15 ms)
2026-07-23 01:36:14 [17-clear-all-instances] micro17: clicking instance at 971,343
2026-07-23 01:36:14 [17-clear-all-instances] FindImage: found at 1199,547 (C:\Users\link\Documents\GitHub\osrs-automation\v7\micro\..\Images\sudoku-slot.png, 15 ms)
2026-07-23 01:36:14 [17-clear-all-instances] micro17: clicking instance at 1199,547
2026-07-23 01:36:14 [17-clear-all-instances] FindImage: found at 819,615 (C:\Users\link\Documents\GitHub\osrs-automation\v7\micro\..\Images\sudoku-slot.png, 15 ms)
2026-07-23 01:36:14 [17-clear-all-instances] micro17: clicking instance at 819,615
2026-07-23 01:36:15 [17-clear-all-instances] FindImage: found at 895,683 (C:\Users\link\Documents\GitHub\osrs-automation\v7\micro\..\Images\sudoku-slot.png, 15 ms)
2026-07-23 01:36:15 [17-clear-all-instances] micro17: clicking instance at 895,683
2026-07-23 01:36:15 [17-clear-all-instances] FindImage: not found (C:\Users\link\Documents\GitHub\osrs-automation\v7\micro\..\Images\sudoku-slot.png, 31 ms)
2026-07-23 01:36:15 [17-clear-all-instances] micro17: zone clear (4 instances clicked)
2026-07-23 01:36:15 [17-clear-all-instances] micro17: done (zone clear)
2026-07-23 01:36:16 [17-clear-all-instances] ClearAllInstances: clearing search zone 693,229 -> 1401,865
2026-07-23 01:36:16 [17-clear-all-instances] FindImage: found at 1199,275 (C:\Users\link\Documents\GitHub\osrs-automation\v7\micro\..\Images\sudoku-slot.png, 16 ms)
2026-07-23 01:36:16 [17-clear-all-instances] micro17: clicking instance at 1199,275
2026-07-23 01:36:16 [17-clear-all-instances] FindImage: found at 1123,343 (C:\Users\link\Documents\GitHub\osrs-automation\v7\micro\..\Images\sudoku-slot.png, 16 ms)
2026-07-23 01:36:16 [17-clear-all-instances] micro17: clicking instance at 1123,343
2026-07-23 01:36:16 [17-clear-all-instances] FindImage: found at 819,411 (C:\Users\link\Documents\GitHub\osrs-automation\v7\micro\..\Images\sudoku-slot.png, 16 ms)
2026-07-23 01:36:16 [17-clear-all-instances] micro17: clicking instance at 819,411
2026-07-23 01:36:17 [17-clear-all-instances] FindImage: found at 1275,479 (C:\Users\link\Documents\GitHub\osrs-automation\v7\micro\..\Images\sudoku-slot.png, 16 ms)
2026-07-23 01:36:17 [17-clear-all-instances] micro17: clicking instance at 1275,479
2026-07-23 01:36:17 [17-clear-all-instances] FindImage: found at 743,547 (C:\Users\link\Documents\GitHub\osrs-automation\v7\micro\..\Images\sudoku-slot.png, 16 ms)
2026-07-23 01:36:17 [17-clear-all-instances] micro17: clicking instance at 743,547
2026-07-23 01:36:17 [17-clear-all-instances] FindImage: found at 1351,683 (C:\Users\link\Documents\GitHub\osrs-automation\v7\micro\..\Images\sudoku-slot.png, 16 ms)
2026-07-23 01:36:17 [17-clear-all-instances] micro17: clicking instance at 1351,683
2026-07-23 01:36:17 [17-clear-all-instances] FindImage: found at 895,751 (C:\Users\link\Documents\GitHub\osrs-automation\v7\micro\..\Images\sudoku-slot.png, 16 ms)
2026-07-23 01:36:17 [17-clear-all-instances] micro17: clicking instance at 895,751
2026-07-23 01:36:18 [17-clear-all-instances] FindImage: found at 1047,819 (C:\Users\link\Documents\GitHub\osrs-automation\v7\micro\..\Images\sudoku-slot.png, 16 ms)
2026-07-23 01:36:18 [17-clear-all-instances] micro17: clicking instance at 1047,819
2026-07-23 01:36:18 [17-clear-all-instances] FindImage: not found (C:\Users\link\Documents\GitHub\osrs-automation\v7\micro\..\Images\sudoku-slot.png, 16 ms)
2026-07-23 01:36:18 [17-clear-all-instances] micro17: zone clear (8 instances clicked)
2026-07-23 01:36:18 [17-clear-all-instances] micro17: done (zone clear)
2026-07-23 01:36:19 [17-clear-all-instances] ClearAllInstances: clearing search zone 693,229 -> 1401,865
2026-07-23 01:36:19 [17-clear-all-instances] FindImage: found at 895,275 (C:\Users\link\Documents\GitHub\osrs-automation\v7\micro\..\Images\sudoku-slot.png, 16 ms)
2026-07-23 01:36:19 [17-clear-all-instances] micro17: clicking instance at 895,275
2026-07-23 01:36:19 [17-clear-all-instances] FindImage: found at 1123,411 (C:\Users\link\Documents\GitHub\osrs-automation\v7\micro\..\Images\sudoku-slot.png, 16 ms)
2026-07-23 01:36:19 [17-clear-all-instances] micro17: clicking instance at 1123,411
2026-07-23 01:36:20 [17-clear-all-instances] FindImage: found at 1047,479 (C:\Users\link\Documents\GitHub\osrs-automation\v7\micro\..\Images\sudoku-slot.png, 16 ms)
2026-07-23 01:36:20 [17-clear-all-instances] micro17: clicking instance at 1047,479
2026-07-23 01:36:20 [17-clear-all-instances] FindImage: found at 1351,547 (C:\Users\link\Documents\GitHub\osrs-automation\v7\micro\..\Images\sudoku-slot.png, 16 ms)
2026-07-23 01:36:20 [17-clear-all-instances] micro17: clicking instance at 1351,547
2026-07-23 01:36:20 [17-clear-all-instances] FindImage: found at 743,615 (C:\Users\link\Documents\GitHub\osrs-automation\v7\micro\..\Images\sudoku-slot.png, 16 ms)
2026-07-23 01:36:20 [17-clear-all-instances] micro17: clicking instance at 743,615
2026-07-23 01:36:20 [17-clear-all-instances] FindImage: found at 971,751 (C:\Users\link\Documents\GitHub\osrs-automation\v7\micro\..\Images\sudoku-slot.png, 16 ms)
2026-07-23 01:36:20 [17-clear-all-instances] micro17: clicking instance at 971,751
2026-07-23 01:36:21 [17-clear-all-instances] FindImage: found at 743,615 (C:\Users\link\Documents\GitHub\osrs-automation\v7\micro\..\Images\sudoku-slot.png, 16 ms)
2026-07-23 01:36:21 [17-clear-all-instances] micro17: clicking instance at 743,615
2026-07-23 01:36:21 [17-clear-all-instances] FindImage: found at 1199,819 (C:\Users\link\Documents\GitHub\osrs-automation\v7\micro\..\Images\sudoku-slot.png, 16 ms)
2026-07-23 01:36:21 [17-clear-all-instances] micro17: clicking instance at 1199,819
2026-07-23 01:36:21 [17-clear-all-instances] FindImage: not found (C:\Users\link\Documents\GitHub\osrs-automation\v7\micro\..\Images\sudoku-slot.png, 16 ms)
2026-07-23 01:36:21 [17-clear-all-instances] micro17: zone clear (8 instances clicked)
2026-07-23 01:36:21 [17-clear-all-instances] micro17: done (zone clear)
2026-07-23 01:36:22 [17-clear-all-instances] ClearAllInstances: clearing search zone 693,229 -> 1401,865
2026-07-23 01:36:23 [17-clear-all-instances] FindImage: found at 1351,275 (C:\Users\link\Documents\GitHub\osrs-automation\v7\micro\..\Images\sudoku-slot.png, 16 ms)
2026-07-23 01:36:23 [17-clear-all-instances] micro17: clicking instance at 1351,275
2026-07-23 01:36:23 [17-clear-all-instances] FindImage: found at 819,343 (C:\Users\link\Documents\GitHub\osrs-automation\v7\micro\..\Images\sudoku-slot.png, 15 ms)
2026-07-23 01:36:23 [17-clear-all-instances] micro17: clicking instance at 819,343
2026-07-23 01:36:23 [17-clear-all-instances] FindImage: found at 1275,547 (C:\Users\link\Documents\GitHub\osrs-automation\v7\micro\..\Images\sudoku-slot.png, 0 ms)
2026-07-23 01:36:23 [17-clear-all-instances] micro17: clicking instance at 1275,547
2026-07-23 01:36:23 [17-clear-all-instances] FindImage: found at 1123,683 (C:\Users\link\Documents\GitHub\osrs-automation\v7\micro\..\Images\sudoku-slot.png, 16 ms)
2026-07-23 01:36:23 [17-clear-all-instances] micro17: clicking instance at 1123,683
2026-07-23 01:36:23 [17-clear-all-instances] FindImage: found at 743,819 (C:\Users\link\Documents\GitHub\osrs-automation\v7\micro\..\Images\sudoku-slot.png, 16 ms)
2026-07-23 01:36:23 [17-clear-all-instances] micro17: clicking instance at 743,819
2026-07-23 01:36:24 [17-clear-all-instances] FindImage: not found (C:\Users\link\Documents\GitHub\osrs-automation\v7\micro\..\Images\sudoku-slot.png, 15 ms)
2026-07-23 01:36:24 [17-clear-all-instances] micro17: zone clear (5 instances clicked)
2026-07-23 01:36:24 [17-clear-all-instances] micro17: done (zone clear)
2026-07-23 01:36:25 [17-clear-all-instances] ClearAllInstances: clearing search zone 693,229 -> 1401,865
2026-07-23 01:36:25 [17-clear-all-instances] FindImage: found at 971,411 (C:\Users\link\Documents\GitHub\osrs-automation\v7\micro\..\Images\sudoku-slot.png, 31 ms)
2026-07-23 01:36:25 [17-clear-all-instances] micro17: clicking instance at 971,411
2026-07-23 01:36:25 [17-clear-all-instances] FindImage: found at 1351,479 (C:\Users\link\Documents\GitHub\osrs-automation\v7\micro\..\Images\sudoku-slot.png, 0 ms)
2026-07-23 01:36:25 [17-clear-all-instances] micro17: clicking instance at 1351,479
2026-07-23 01:36:25 [17-clear-all-instances] FindImage: found at 895,547 (C:\Users\link\Documents\GitHub\osrs-automation\v7\micro\..\Images\sudoku-slot.png, 16 ms)
2026-07-23 01:36:25 [17-clear-all-instances] micro17: clicking instance at 895,547
2026-07-23 01:36:26 [17-clear-all-instances] FindImage: found at 1047,615 (C:\Users\link\Documents\GitHub\osrs-automation\v7\micro\..\Images\sudoku-slot.png, 16 ms)
2026-07-23 01:36:26 [17-clear-all-instances] micro17: clicking instance at 1047,615
2026-07-23 01:36:26 [17-clear-all-instances] FindImage: found at 895,547 (C:\Users\link\Documents\GitHub\osrs-automation\v7\micro\..\Images\sudoku-slot.png, 16 ms)
2026-07-23 01:36:26 [17-clear-all-instances] micro17: clicking instance at 895,547
2026-07-23 01:36:26 [17-clear-all-instances] FindImage: found at 1199,683 (C:\Users\link\Documents\GitHub\osrs-automation\v7\micro\..\Images\sudoku-slot.png, 15 ms)
2026-07-23 01:36:26 [17-clear-all-instances] micro17: clicking instance at 1199,683
2026-07-23 01:36:26 [17-clear-all-instances] FindImage: not found (C:\Users\link\Documents\GitHub\osrs-automation\v7\micro\..\Images\sudoku-slot.png, 15 ms)
2026-07-23 01:36:26 [17-clear-all-instances] micro17: zone clear (6 instances clicked)
2026-07-23 01:36:26 [17-clear-all-instances] micro17: done (zone clear)
2026-07-23 01:36:28 [17-clear-all-instances] ClearAllInstances: clearing search zone 693,229 -> 1401,865
2026-07-23 01:36:28 [17-clear-all-instances] FindImage: found at 1047,275 (C:\Users\link\Documents\GitHub\osrs-automation\v7\micro\..\Images\sudoku-slot.png, 16 ms)
2026-07-23 01:36:28 [17-clear-all-instances] micro17: clicking instance at 1047,275
2026-07-23 01:36:28 [17-clear-all-instances] FindImage: found at 1351,411 (C:\Users\link\Documents\GitHub\osrs-automation\v7\micro\..\Images\sudoku-slot.png, 16 ms)
2026-07-23 01:36:28 [17-clear-all-instances] micro17: clicking instance at 1351,411
2026-07-23 01:36:28 [17-clear-all-instances] FindImage: found at 819,547 (C:\Users\link\Documents\GitHub\osrs-automation\v7\micro\..\Images\sudoku-slot.png, 15 ms)
2026-07-23 01:36:28 [17-clear-all-instances] micro17: clicking instance at 819,547
2026-07-23 01:36:29 [17-clear-all-instances] FindImage: found at 1275,683 (C:\Users\link\Documents\GitHub\osrs-automation\v7\micro\..\Images\sudoku-slot.png, 15 ms)
2026-07-23 01:36:29 [17-clear-all-instances] micro17: clicking instance at 1275,683
2026-07-23 01:36:29 [17-clear-all-instances] FindImage: found at 743,751 (C:\Users\link\Documents\GitHub\osrs-automation\v7\micro\..\Images\sudoku-slot.png, 15 ms)
2026-07-23 01:36:29 [17-clear-all-instances] micro17: clicking instance at 743,751
2026-07-23 01:36:29 [17-clear-all-instances] FindImage: not found (C:\Users\link\Documents\GitHub\osrs-automation\v7\micro\..\Images\sudoku-slot.png, 15 ms)
2026-07-23 01:36:29 [17-clear-all-instances] micro17: zone clear (5 instances clicked)
2026-07-23 01:36:29 [17-clear-all-instances] micro17: done (zone clear)
2026-07-23 01:36:30 [17-clear-all-instances] Esc pressed - exiting
2026-07-23 01:39:21 [17-clear-all-instances] Script loaded. F5=clear search zone  F6=request stop  Esc=exit. Zone=693,229 -> 1401,865 image=C:\Users\link\Documents\GitHub\osrs-automation\v7\micro\..\Images\sudoku-slot.png
2026-07-23 01:39:25 [17-clear-all-instances] ClearAllInstances: clearing search zone 693,229 -> 1401,865
2026-07-23 01:39:25 [17-clear-all-instances] FindImage: found at 1123,275 (C:\Users\link\Documents\GitHub\osrs-automation\v7\micro\..\Images\sudoku-slot.png, 15 ms)
2026-07-23 01:39:25 [17-clear-all-instances] micro17: clicking instance at 1123,275
2026-07-23 01:39:26 [17-clear-all-instances] FindImage: found at 1199,343 (C:\Users\link\Documents\GitHub\osrs-automation\v7\micro\..\Images\sudoku-slot.png, 15 ms)
2026-07-23 01:39:26 [17-clear-all-instances] micro17: clicking instance at 1199,343
2026-07-23 01:39:27 [17-clear-all-instances] FindImage: found at 895,411 (C:\Users\link\Documents\GitHub\osrs-automation\v7\micro\..\Images\sudoku-slot.png, 31 ms)
2026-07-23 01:39:27 [17-clear-all-instances] micro17: clicking instance at 895,411
2026-07-23 01:39:27 [17-clear-all-instances] FindImage: found at 1351,479 (C:\Users\link\Documents\GitHub\osrs-automation\v7\micro\..\Images\sudoku-slot.png, 16 ms)
2026-07-23 01:39:27 [17-clear-all-instances] micro17: clicking instance at 1351,479
2026-07-23 01:39:28 [17-clear-all-instances] FindImage: found at 743,547 (C:\Users\link\Documents\GitHub\osrs-automation\v7\micro\..\Images\sudoku-slot.png, 16 ms)
2026-07-23 01:39:28 [17-clear-all-instances] micro17: clicking instance at 743,547
2026-07-23 01:39:29 [17-clear-all-instances] FindImage: found at 1047,615 (C:\Users\link\Documents\GitHub\osrs-automation\v7\micro\..\Images\sudoku-slot.png, 31 ms)
2026-07-23 01:39:29 [17-clear-all-instances] micro17: clicking instance at 1047,615
2026-07-23 01:39:29 [17-clear-all-instances] FindImage: found at 819,683 (C:\Users\link\Documents\GitHub\osrs-automation\v7\micro\..\Images\sudoku-slot.png, 31 ms)
2026-07-23 01:39:29 [17-clear-all-instances] micro17: clicking instance at 819,683
2026-07-23 01:39:30 [17-clear-all-instances] FindImage: found at 971,751 (C:\Users\link\Documents\GitHub\osrs-automation\v7\micro\..\Images\sudoku-slot.png, 32 ms)
2026-07-23 01:39:30 [17-clear-all-instances] micro17: clicking instance at 971,751
2026-07-23 01:39:31 [17-clear-all-instances] FindImage: found at 1275,819 (C:\Users\link\Documents\GitHub\osrs-automation\v7\micro\..\Images\sudoku-slot.png, 15 ms)
2026-07-23 01:39:31 [17-clear-all-instances] micro17: clicking instance at 1275,819
2026-07-23 01:39:32 [17-clear-all-instances] FindImage: not found (C:\Users\link\Documents\GitHub\osrs-automation\v7\micro\..\Images\sudoku-slot.png, 32 ms)
2026-07-23 01:39:32 [17-clear-all-instances] micro17: zone clear (9 instances clicked)
2026-07-23 01:39:32 [17-clear-all-instances] micro17: done (zone clear)
2026-07-23 01:39:41 [17-clear-all-instances] Script loaded. F5=clear search zone  F6=request stop  Esc=exit. Zone=693,229 -> 1401,865 image=C:\Users\link\Documents\GitHub\osrs-automation\v7\micro\..\Images\sudoku-slot.png
2026-07-23 01:39:42 [17-clear-all-instances] ClearAllInstances: clearing search zone 693,229 -> 1401,865
2026-07-23 01:39:42 [17-clear-all-instances] FindImage: found at 1199,411 (C:\Users\link\Documents\GitHub\osrs-automation\v7\micro\..\Images\sudoku-slot.png, 32 ms)
2026-07-23 01:39:42 [17-clear-all-instances] micro17: clicking instance at 1199,411
2026-07-23 01:39:42 [17-clear-all-instances] FindImage: found at 819,479 (C:\Users\link\Documents\GitHub\osrs-automation\v7\micro\..\Images\sudoku-slot.png, 16 ms)
2026-07-23 01:39:42 [17-clear-all-instances] micro17: clicking instance at 819,479
2026-07-23 01:39:43 [17-clear-all-instances] FindImage: found at 1047,547 (C:\Users\link\Documents\GitHub\osrs-automation\v7\micro\..\Images\sudoku-slot.png, 15 ms)
2026-07-23 01:39:43 [17-clear-all-instances] micro17: clicking instance at 1047,547
2026-07-23 01:39:43 [17-clear-all-instances] FindImage: found at 743,683 (C:\Users\link\Documents\GitHub\osrs-automation\v7\micro\..\Images\sudoku-slot.png, 31 ms)
2026-07-23 01:39:43 [17-clear-all-instances] micro17: clicking instance at 743,683
2026-07-23 01:39:43 [17-clear-all-instances] FindImage: not found (C:\Users\link\Documents\GitHub\osrs-automation\v7\micro\..\Images\sudoku-slot.png, 16 ms)
2026-07-23 01:39:43 [17-clear-all-instances] micro17: zone clear (4 instances clicked)
2026-07-23 01:39:43 [17-clear-all-instances] micro17: done (zone clear)
2026-07-23 01:39:48 [17-clear-all-instances] Script loaded. F5=clear search zone  F6=request stop  Esc=exit. Zone=693,229 -> 1401,865 image=C:\Users\link\Documents\GitHub\osrs-automation\v7\micro\..\Images\sudoku-slot.png
2026-07-23 01:39:49 [17-clear-all-instances] ClearAllInstances: clearing search zone 693,229 -> 1401,865
2026-07-23 01:39:49 [17-clear-all-instances] FindImage: found at 1047,343 (C:\Users\link\Documents\GitHub\osrs-automation\v7\micro\..\Images\sudoku-slot.png, 16 ms)
2026-07-23 01:39:49 [17-clear-all-instances] micro17: clicking instance at 1047,343
2026-07-23 01:39:49 [17-clear-all-instances] FindImage: found at 1351,411 (C:\Users\link\Documents\GitHub\osrs-automation\v7\micro\..\Images\sudoku-slot.png, 16 ms)
2026-07-23 01:39:49 [17-clear-all-instances] micro17: clicking instance at 1351,411
2026-07-23 01:39:49 [17-clear-all-instances] FindImage: found at 1275,479 (C:\Users\link\Documents\GitHub\osrs-automation\v7\micro\..\Images\sudoku-slot.png, 16 ms)
2026-07-23 01:39:49 [17-clear-all-instances] micro17: clicking instance at 1275,479
2026-07-23 01:39:49 [17-clear-all-instances] FindImage: found at 1123,547 (C:\Users\link\Documents\GitHub\osrs-automation\v7\micro\..\Images\sudoku-slot.png, 16 ms)
2026-07-23 01:39:49 [17-clear-all-instances] micro17: clicking instance at 1123,547
2026-07-23 01:39:50 [17-clear-all-instances] FindImage: found at 819,615 (C:\Users\link\Documents\GitHub\osrs-automation\v7\micro\..\Images\sudoku-slot.png, 16 ms)
2026-07-23 01:39:50 [17-clear-all-instances] micro17: clicking instance at 819,615
2026-07-23 01:39:50 [17-clear-all-instances] FindImage: found at 743,751 (C:\Users\link\Documents\GitHub\osrs-automation\v7\micro\..\Images\sudoku-slot.png, 16 ms)
2026-07-23 01:39:50 [17-clear-all-instances] micro17: clicking instance at 743,751
2026-07-23 01:39:50 [17-clear-all-instances] FindImage: not found (C:\Users\link\Documents\GitHub\osrs-automation\v7\micro\..\Images\sudoku-slot.png, 16 ms)
2026-07-23 01:39:50 [17-clear-all-instances] micro17: zone clear (6 instances clicked)
2026-07-23 01:39:50 [17-clear-all-instances] micro17: done (zone clear)
2026-07-23 01:39:52 [17-clear-all-instances] ClearAllInstances: clearing search zone 693,229 -> 1401,865
2026-07-23 01:39:52 [17-clear-all-instances] FindImage: found at 971,411 (C:\Users\link\Documents\GitHub\osrs-automation\v7\micro\..\Images\sudoku-slot.png, 16 ms)
2026-07-23 01:39:52 [17-clear-all-instances] micro17: clicking instance at 971,411
2026-07-23 01:39:52 [17-clear-all-instances] FindImage: found at 1047,479 (C:\Users\link\Documents\GitHub\osrs-automation\v7\micro\..\Images\sudoku-slot.png, 16 ms)
2026-07-23 01:39:52 [17-clear-all-instances] micro17: clicking instance at 1047,479
2026-07-23 01:39:53 [17-clear-all-instances] FindImage: found at 1123,751 (C:\Users\link\Documents\GitHub\osrs-automation\v7\micro\..\Images\sudoku-slot.png, 16 ms)
2026-07-23 01:39:53 [17-clear-all-instances] micro17: clicking instance at 1123,751
2026-07-23 01:39:53 [17-clear-all-instances] FindImage: found at 743,819 (C:\Users\link\Documents\GitHub\osrs-automation\v7\micro\..\Images\sudoku-slot.png, 16 ms)
2026-07-23 01:39:53 [17-clear-all-instances] micro17: clicking instance at 743,819
2026-07-23 01:39:53 [17-clear-all-instances] FindImage: not found (C:\Users\link\Documents\GitHub\osrs-automation\v7\micro\..\Images\sudoku-slot.png, 16 ms)
2026-07-23 01:39:53 [17-clear-all-instances] micro17: zone clear (4 instances clicked)
2026-07-23 01:39:53 [17-clear-all-instances] micro17: done (zone clear)
2026-07-23 01:39:55 [17-clear-all-instances] ClearAllInstances: clearing search zone 693,229 -> 1401,865
2026-07-23 01:39:55 [17-clear-all-instances] FindImage: found at 1351,275 (C:\Users\link\Documents\GitHub\osrs-automation\v7\micro\..\Images\sudoku-slot.png, 16 ms)
2026-07-23 01:39:55 [17-clear-all-instances] micro17: clicking instance at 1351,275
2026-07-23 01:39:55 [17-clear-all-instances] FindImage: found at 743,343 (C:\Users\link\Documents\GitHub\osrs-automation\v7\micro\..\Images\sudoku-slot.png, 16 ms)
2026-07-23 01:39:55 [17-clear-all-instances] micro17: clicking instance at 743,343
2026-07-23 01:39:56 [17-clear-all-instances] FindImage: found at 895,479 (C:\Users\link\Documents\GitHub\osrs-automation\v7\micro\..\Images\sudoku-slot.png, 0 ms)
2026-07-23 01:39:56 [17-clear-all-instances] micro17: clicking instance at 895,479
2026-07-23 01:39:56 [17-clear-all-instances] FindImage: found at 743,343 (C:\Users\link\Documents\GitHub\osrs-automation\v7\micro\..\Images\sudoku-slot.png, 16 ms)
2026-07-23 01:39:56 [17-clear-all-instances] micro17: clicking instance at 743,343
2026-07-23 01:39:56 [17-clear-all-instances] FindImage: found at 971,547 (C:\Users\link\Documents\GitHub\osrs-automation\v7\micro\..\Images\sudoku-slot.png, 15 ms)
2026-07-23 01:39:56 [17-clear-all-instances] micro17: clicking instance at 971,547
2026-07-23 01:39:56 [17-clear-all-instances] FindImage: found at 1275,615 (C:\Users\link\Documents\GitHub\osrs-automation\v7\micro\..\Images\sudoku-slot.png, 32 ms)
2026-07-23 01:39:56 [17-clear-all-instances] micro17: clicking instance at 1275,615
2026-07-23 01:39:57 [17-clear-all-instances] FindImage: found at 1199,683 (C:\Users\link\Documents\GitHub\osrs-automation\v7\micro\..\Images\sudoku-slot.png, 31 ms)
2026-07-23 01:39:57 [17-clear-all-instances] micro17: clicking instance at 1199,683
2026-07-23 01:39:57 [17-clear-all-instances] FindImage: found at 1047,819 (C:\Users\link\Documents\GitHub\osrs-automation\v7\micro\..\Images\sudoku-slot.png, 31 ms)
2026-07-23 01:39:57 [17-clear-all-instances] micro17: clicking instance at 1047,819
2026-07-23 01:39:57 [17-clear-all-instances] FindImage: not found (C:\Users\link\Documents\GitHub\osrs-automation\v7\micro\..\Images\sudoku-slot.png, 16 ms)
2026-07-23 01:39:57 [17-clear-all-instances] micro17: zone clear (8 instances clicked)
2026-07-23 01:39:57 [17-clear-all-instances] micro17: done (zone clear)
2026-07-23 01:39:59 [17-clear-all-instances] ClearAllInstances: clearing search zone 693,229 -> 1401,865
2026-07-23 01:39:59 [17-clear-all-instances] FindImage: found at 743,275 (C:\Users\link\Documents\GitHub\osrs-automation\v7\micro\..\Images\sudoku-slot.png, 16 ms)
2026-07-23 01:39:59 [17-clear-all-instances] micro17: clicking instance at 743,275
2026-07-23 01:39:59 [17-clear-all-instances] FindImage: found at 1123,343 (C:\Users\link\Documents\GitHub\osrs-automation\v7\micro\..\Images\sudoku-slot.png, 16 ms)
2026-07-23 01:39:59 [17-clear-all-instances] micro17: clicking instance at 1123,343
2026-07-23 01:40:00 [17-clear-all-instances] FindImage: found at 1275,411 (C:\Users\link\Documents\GitHub\osrs-automation\v7\micro\..\Images\sudoku-slot.png, 15 ms)
2026-07-23 01:40:00 [17-clear-all-instances] micro17: clicking instance at 1275,411
2026-07-23 01:40:00 [17-clear-all-instances] FindImage: found at 971,479 (C:\Users\link\Documents\GitHub\osrs-automation\v7\micro\..\Images\sudoku-slot.png, 16 ms)
2026-07-23 01:40:00 [17-clear-all-instances] micro17: clicking instance at 971,479
2026-07-23 01:40:00 [17-clear-all-instances] FindImage: found at 1199,615 (C:\Users\link\Documents\GitHub\osrs-automation\v7\micro\..\Images\sudoku-slot.png, 31 ms)
2026-07-23 01:40:00 [17-clear-all-instances] micro17: clicking instance at 1199,615
2026-07-23 01:40:00 [17-clear-all-instances] FindImage: found at 1351,751 (C:\Users\link\Documents\GitHub\osrs-automation\v7\micro\..\Images\sudoku-slot.png, 15 ms)
2026-07-23 01:40:00 [17-clear-all-instances] micro17: clicking instance at 1351,751
2026-07-23 01:40:01 [17-clear-all-instances] FindImage: not found (C:\Users\link\Documents\GitHub\osrs-automation\v7\micro\..\Images\sudoku-slot.png, 16 ms)
2026-07-23 01:40:01 [17-clear-all-instances] micro17: zone clear (6 instances clicked)
2026-07-23 01:40:01 [17-clear-all-instances] micro17: done (zone clear)
2026-07-23 01:40:01 [17-clear-all-instances] Esc pressed - exiting
