2026-07-23 13:33:53 [21-track-and-click] Script loaded. F5=run TrackAndClick  F6=request stop  Esc=exit. Targets=0x56FF50/0x00B809 ref=1249,712 untilSlot=28
2026-07-23 13:33:54 [21-track-and-click] micro21: starting TrackAndClick - until slot 28 fills
2026-07-23 13:33:54 [21-track-and-click] FindFilledBlock: not found (25x25 0x56FF50 tol=5, 16 ms)
2026-07-23 13:33:54 [21-track-and-click] FindFilledBlock: not found (25x25 0x00B809 tol=5, 0 ms)
2026-07-23 13:33:54 [21-track-and-click] Acquire ring 64: not found (16 ms)
2026-07-23 13:33:54 [21-track-and-click] FindFilledBlock: found at 1333,597 (25x25 0x56FF50 tol=5, 0 ms)
2026-07-23 13:33:54 [21-track-and-click] FindFilledBlock: not found (25x25 0x00B809 tol=5, 0 ms)
2026-07-23 13:33:54 [21-track-and-click] Acquired new target at 1333,597 (0x56FF50, ring 128, 47 ms)
2026-07-23 13:33:54 [21-track-and-click] FindFilledBlock: found at 1335,597 (25x25 0x56FF50 tol=5, 0 ms)
2026-07-23 13:33:54 [21-track-and-click] Clicked initial/re-click target at 1335,597 (search 0 ms)
2026-07-23 13:33:54 [21-track-and-click] ReleasePendingModifiersNow: released Ctrl
2026-07-23 13:33:54 [21-track-and-click] FindFilledBlock: not found (25x25 0x56FF50 tol=5, 0 ms)
2026-07-23 13:33:54 [21-track-and-click] Track: search missed this tick, but anchor point 1335,597 is still 0x56FF50 - holding current target, not switching
2026-07-23 13:33:54 [21-track-and-click] Tracking not-yet-stable target at 1335,597 (search 0 ms)
2026-07-23 13:33:55 [21-track-and-click] FindFilledBlock: found at 1335,599 (25x25 0x56FF50 tol=5, 0 ms)
2026-07-23 13:33:55 [21-track-and-click] Tracking stable target at 1335,599 (cooldown active, search 15 ms)
2026-07-23 13:33:55 [21-track-and-click] FindFilledBlock: found at 1331,601 (25x25 0x56FF50 tol=5, 0 ms)
2026-07-23 13:33:55 [21-track-and-click] Tracking stable target at 1331,601 (cooldown active, search 0 ms)
2026-07-23 13:33:55 [21-track-and-click] FindFilledBlock: found at 1329,605 (25x25 0x56FF50 tol=5, 0 ms)
2026-07-23 13:33:55 [21-track-and-click] Tracking stable target at 1329,605 (cooldown active, search 0 ms)
2026-07-23 13:33:55 [21-track-and-click] FindFilledBlock: found at 1325,609 (25x25 0x56FF50 tol=5, 0 ms)
2026-07-23 13:33:55 [21-track-and-click] Tracking stable target at 1325,609 (cooldown active, search 0 ms)
2026-07-23 13:33:55 [21-track-and-click] FindFilledBlock: not found (25x25 0x56FF50 tol=5, 0 ms)
2026-07-23 13:33:55 [21-track-and-click] Track: search missed this tick, but anchor point 1325,609 is still 0x56FF50 - holding current target, not switching
2026-07-23 13:33:55 [21-track-and-click] Tracking stable target at 1325,609 (cooldown active, search 0 ms)
2026-07-23 13:33:55 [21-track-and-click] FindFilledBlock: not found (25x25 0x56FF50 tol=5, 16 ms)
2026-07-23 13:33:55 [21-track-and-click] Target depleted or lost - re-acquiring (searched 16 ms)
2026-07-23 13:33:56 [21-track-and-click] FindFilledBlock: found at 1291,660 (25x25 0x56FF50 tol=5, 0 ms)
2026-07-23 13:33:56 [21-track-and-click] FindFilledBlock: not found (25x25 0x00B809 tol=5, 15 ms)
2026-07-23 13:33:56 [21-track-and-click] Acquired new target at 1291,660 (0x56FF50, ring 64, 15 ms)
2026-07-23 13:33:56 [21-track-and-click] FindFilledBlock: found at 1287,656 (25x25 0x56FF50 tol=5, 0 ms)
2026-07-23 13:33:56 [21-track-and-click] Clicked initial/re-click target at 1287,656 (search 0 ms)
2026-07-23 13:33:56 [21-track-and-click] ReleasePendingModifiersNow: released Ctrl
2026-07-23 13:33:56 [21-track-and-click] FindFilledBlock: not found (25x25 0x56FF50 tol=5, 0 ms)
2026-07-23 13:33:56 [21-track-and-click] Track: search missed this tick, but anchor point 1287,656 is still 0x56FF50 - holding current target, not switching
2026-07-23 13:33:56 [21-track-and-click] Tracking not-yet-stable target at 1287,656 (search 0 ms)
2026-07-23 13:33:56 [21-track-and-click] FindFilledBlock: found at 1285,653 (25x25 0x56FF50 tol=5, 0 ms)
2026-07-23 13:33:56 [21-track-and-click] Tracking stable target at 1285,653 (cooldown active, search 0 ms)
2026-07-23 13:33:56 [21-track-and-click] FindFilledBlock: found at 1285,653 (25x25 0x56FF50 tol=5, 0 ms)
2026-07-23 13:33:56 [21-track-and-click] Tracking stable target at 1285,653 (cooldown active, search 0 ms)
2026-07-23 13:33:57 [21-track-and-click] FindFilledBlock: found at 1285,653 (25x25 0x56FF50 tol=5, 0 ms)
2026-07-23 13:33:57 [21-track-and-click] Tracking stable target at 1285,653 (cooldown active, search 15 ms)
2026-07-23 13:33:57 [21-track-and-click] FindFilledBlock: found at 1285,653 (25x25 0x56FF50 tol=5, 0 ms)
2026-07-23 13:33:57 [21-track-and-click] Tracking stable target at 1285,653 (cooldown active, search 0 ms)
2026-07-23 13:33:57 [21-track-and-click] FindFilledBlock: found at 1285,653 (25x25 0x56FF50 tol=5, 0 ms)
2026-07-23 13:33:57 [21-track-and-click] Tracking stable target at 1285,653 (cooldown active, search 0 ms)
2026-07-23 13:33:57 [21-track-and-click] FindFilledBlock: found at 1285,653 (25x25 0x56FF50 tol=5, 0 ms)
2026-07-23 13:33:57 [21-track-and-click] Tracking stable target at 1285,653 (cooldown active, search 0 ms)
2026-07-23 13:33:57 [21-track-and-click] FindFilledBlock: found at 1285,653 (25x25 0x56FF50 tol=5, 0 ms)
2026-07-23 13:33:57 [21-track-and-click] Tracking stable target at 1285,653 (cooldown active, search 0 ms)
2026-07-23 13:33:57 [21-track-and-click] Esc pressed - exiting
2026-07-23 13:34:02 [21-track-and-click] Script loaded. F5=run TrackAndClick  F6=request stop  Esc=exit. Targets=0x56FF50/0x00B809 ref=1249,712 untilSlot=28
2026-07-23 13:34:02 [21-track-and-click] micro21: starting TrackAndClick - until slot 28 fills
2026-07-23 13:34:02 [21-track-and-click] FindFilledBlock: not found (25x25 0x56FF50 tol=5, 16 ms)
2026-07-23 13:34:02 [21-track-and-click] FindFilledBlock: not found (25x25 0x00B809 tol=5, 0 ms)
2026-07-23 13:34:02 [21-track-and-click] Acquire ring 64: not found (31 ms)
2026-07-23 13:34:02 [21-track-and-click] FindFilledBlock: not found (25x25 0x56FF50 tol=5, 16 ms)
2026-07-23 13:34:02 [21-track-and-click] FindFilledBlock: not found (25x25 0x00B809 tol=5, 0 ms)
2026-07-23 13:34:02 [21-track-and-click] Acquire ring 128: not found (16 ms)
2026-07-23 13:34:02 [21-track-and-click] FindFilledBlock: found at 1719,473 (25x25 0x56FF50 tol=5, 93 ms)
2026-07-23 13:34:02 [21-track-and-click] FindFilledBlock: not found (25x25 0x00B809 tol=5, 63 ms)
2026-07-23 13:34:02 [21-track-and-click] Acquired new target at 1719,473 (0x56FF50, region-wide, 235 ms)
2026-07-23 13:34:02 [21-track-and-click] FindFilledBlock: found at 1719,473 (25x25 0x56FF50 tol=5, 0 ms)
2026-07-23 13:34:03 [21-track-and-click] Clicked initial/re-click target at 1719,473 (search 0 ms)
2026-07-23 13:34:03 [21-track-and-click] ReleasePendingModifiersNow: released Ctrl
2026-07-23 13:34:03 [21-track-and-click] FindFilledBlock: not found (25x25 0x56FF50 tol=5, 0 ms)
2026-07-23 13:34:03 [21-track-and-click] Track: search missed this tick, but anchor point 1719,473 is still 0x56FF50 - holding current target, not switching
2026-07-23 13:34:03 [21-track-and-click] Tracking not-yet-stable target at 1719,473 (search 0 ms)
2026-07-23 13:34:03 [21-track-and-click] FindFilledBlock: found at 1715,473 (25x25 0x56FF50 tol=5, 0 ms)
2026-07-23 13:34:03 [21-track-and-click] Tracking stable target at 1715,473 (cooldown active, search 0 ms)
2026-07-23 13:34:03 [21-track-and-click] FindFilledBlock: found at 1711,473 (25x25 0x56FF50 tol=5, 0 ms)
2026-07-23 13:34:03 [21-track-and-click] Tracking stable target at 1711,473 (cooldown active, search 16 ms)
2026-07-23 13:34:03 [21-track-and-click] FindFilledBlock: found at 1707,473 (25x25 0x56FF50 tol=5, 0 ms)
2026-07-23 13:34:03 [21-track-and-click] Tracking stable target at 1707,473 (cooldown active, search 0 ms)
2026-07-23 13:34:03 [21-track-and-click] FindFilledBlock: found at 1703,475 (25x25 0x56FF50 tol=5, 16 ms)
2026-07-23 13:34:03 [21-track-and-click] Tracking stable target at 1703,475 (cooldown active, search 16 ms)
2026-07-23 13:34:04 [21-track-and-click] FindFilledBlock: not found (25x25 0x56FF50 tol=5, 0 ms)
2026-07-23 13:34:04 [21-track-and-click] Target depleted or lost - re-acquiring (searched 0 ms)
2026-07-23 13:34:04 [21-track-and-click] FindFilledBlock: not found (25x25 0x56FF50 tol=5, 16 ms)
2026-07-23 13:34:04 [21-track-and-click] FindFilledBlock: not found (25x25 0x00B809 tol=5, 0 ms)
2026-07-23 13:34:04 [21-track-and-click] Acquire ring 64: not found (16 ms)
2026-07-23 13:34:04 [21-track-and-click] FindFilledBlock: not found (25x25 0x56FF50 tol=5, 0 ms)
2026-07-23 13:34:04 [21-track-and-click] FindFilledBlock: not found (25x25 0x00B809 tol=5, 0 ms)
2026-07-23 13:34:04 [21-track-and-click] Acquire ring 128: not found (15 ms)
2026-07-23 13:34:04 [21-track-and-click] FindFilledBlock: found at 1653,507 (25x25 0x56FF50 tol=5, 62 ms)
2026-07-23 13:34:04 [21-track-and-click] FindFilledBlock: not found (25x25 0x00B809 tol=5, 78 ms)
2026-07-23 13:34:04 [21-track-and-click] Acquired new target at 1653,507 (0x56FF50, region-wide, 203 ms)
2026-07-23 13:34:04 [21-track-and-click] FindFilledBlock: not found (25x25 0x56FF50 tol=5, 0 ms)
2026-07-23 13:34:04 [21-track-and-click] Target depleted or lost - re-acquiring (searched 0 ms)
2026-07-23 13:34:04 [21-track-and-click] FindFilledBlock: not found (25x25 0x56FF50 tol=5, 16 ms)
2026-07-23 13:34:04 [21-track-and-click] FindFilledBlock: not found (25x25 0x00B809 tol=5, 0 ms)
2026-07-23 13:34:04 [21-track-and-click] Acquire ring 64: not found (16 ms)
2026-07-23 13:34:04 [21-track-and-click] FindFilledBlock: not found (25x25 0x56FF50 tol=5, 15 ms)
2026-07-23 13:34:04 [21-track-and-click] FindFilledBlock: not found (25x25 0x00B809 tol=5, 0 ms)
2026-07-23 13:34:04 [21-track-and-click] Acquire ring 128: not found (31 ms)
2026-07-23 13:34:04 [21-track-and-click] FindFilledBlock: found at 1599,541 (25x25 0x56FF50 tol=5, 62 ms)
2026-07-23 13:34:04 [21-track-and-click] FindFilledBlock: not found (25x25 0x00B809 tol=5, 78 ms)
2026-07-23 13:34:04 [21-track-and-click] Acquired new target at 1599,541 (0x56FF50, region-wide, 203 ms)
2026-07-23 13:34:05 [21-track-and-click] FindFilledBlock: not found (25x25 0x56FF50 tol=5, 16 ms)
2026-07-23 13:34:05 [21-track-and-click] Track: search missed this tick, but anchor point 1599,541 is still 0x56FF50 - holding current target, not switching
2026-07-23 13:34:05 [21-track-and-click] Clicked initial/re-click target at 1599,541 (search 16 ms)
2026-07-23 13:34:05 [21-track-and-click] ReleasePendingModifiersNow: released Ctrl
2026-07-23 13:34:05 [21-track-and-click] FindFilledBlock: not found (25x25 0x56FF50 tol=5, 0 ms)
2026-07-23 13:34:05 [21-track-and-click] Target depleted or lost - re-acquiring (searched 0 ms)
2026-07-23 13:34:05 [21-track-and-click] FindFilledBlock: not found (25x25 0x56FF50 tol=5, 16 ms)
2026-07-23 13:34:05 [21-track-and-click] FindFilledBlock: not found (25x25 0x00B809 tol=5, 16 ms)
2026-07-23 13:34:05 [21-track-and-click] Acquire ring 64: not found (32 ms)
2026-07-23 13:34:05 [21-track-and-click] FindFilledBlock: found at 1293,596 (25x25 0x56FF50 tol=5, 15 ms)
2026-07-23 13:34:05 [21-track-and-click] FindFilledBlock: not found (25x25 0x00B809 tol=5, 16 ms)
2026-07-23 13:34:05 [21-track-and-click] Acquired new target at 1293,596 (0x56FF50, ring 128, 63 ms)
2026-07-23 13:34:05 [21-track-and-click] FindFilledBlock: found at 1289,592 (25x25 0x56FF50 tol=5, 15 ms)
2026-07-23 13:34:05 [21-track-and-click] Clicked initial/re-click target at 1289,592 (search 15 ms)
2026-07-23 13:34:06 [21-track-and-click] ReleasePendingModifiersNow: released Ctrl
2026-07-23 13:34:06 [21-track-and-click] FindFilledBlock: not found (25x25 0x56FF50 tol=5, 16 ms)
2026-07-23 13:34:06 [21-track-and-click] Track: search missed this tick, but anchor point 1289,592 is still 0x56FF50 - holding current target, not switching
2026-07-23 13:34:06 [21-track-and-click] Tracking not-yet-stable target at 1289,592 (search 16 ms)
2026-07-23 13:34:06 [21-track-and-click] FindFilledBlock: not found (25x25 0x56FF50 tol=5, 0 ms)
2026-07-23 13:34:06 [21-track-and-click] Track: search missed this tick, but anchor point 1289,592 is still 0x56FF50 - holding current target, not switching
2026-07-23 13:34:06 [21-track-and-click] Tracking stable target at 1289,592 (cooldown active, search 0 ms)
2026-07-23 13:34:06 [21-track-and-click] FindFilledBlock: not found (25x25 0x56FF50 tol=5, 15 ms)
2026-07-23 13:34:06 [21-track-and-click] Target depleted or lost - re-acquiring (searched 15 ms)
2026-07-23 13:34:06 [21-track-and-click] FindFilledBlock: found at 1197,660 (25x25 0x56FF50 tol=5, 0 ms)
2026-07-23 13:34:06 [21-track-and-click] FindFilledBlock: not found (25x25 0x00B809 tol=5, 16 ms)
2026-07-23 13:34:06 [21-track-and-click] Acquired new target at 1197,660 (0x56FF50, ring 64, 16 ms)
2026-07-23 13:34:06 [21-track-and-click] FindFilledBlock: found at 1193,656 (25x25 0x56FF50 tol=5, 0 ms)
2026-07-23 13:34:07 [21-track-and-click] Clicked initial/re-click target at 1193,656 (search 0 ms)
2026-07-23 13:34:07 [21-track-and-click] ReleasePendingModifiersNow: released Ctrl
2026-07-23 13:34:07 [21-track-and-click] FindFilledBlock: not found (25x25 0x56FF50 tol=5, 0 ms)
2026-07-23 13:34:07 [21-track-and-click] Track: search missed this tick, but anchor point 1193,656 is still 0x56FF50 - holding current target, not switching
2026-07-23 13:34:07 [21-track-and-click] Tracking not-yet-stable target at 1193,656 (search 0 ms)
2026-07-23 13:34:07 [21-track-and-click] FindFilledBlock: found at 1189,652 (25x25 0x56FF50 tol=5, 0 ms)
2026-07-23 13:34:07 [21-track-and-click] Tracking stable target at 1189,652 (cooldown active, search 0 ms)
2026-07-23 13:34:07 [21-track-and-click] FindFilledBlock: found at 1185,648 (25x25 0x56FF50 tol=5, 16 ms)
2026-07-23 13:34:07 [21-track-and-click] Tracking stable target at 1185,648 (cooldown active, search 16 ms)
2026-07-23 13:34:07 [21-track-and-click] FindFilledBlock: found at 1181,644 (25x25 0x56FF50 tol=5, 0 ms)
2026-07-23 13:34:07 [21-track-and-click] Tracking stable target at 1181,644 (cooldown active, search 0 ms)
2026-07-23 13:34:07 [21-track-and-click] FindFilledBlock: found at 1177,640 (25x25 0x56FF50 tol=5, 16 ms)
2026-07-23 13:34:07 [21-track-and-click] Tracking stable target at 1177,640 (cooldown active, search 16 ms)
2026-07-23 13:34:08 [21-track-and-click] FindFilledBlock: found at 1173,636 (25x25 0x56FF50 tol=5, 16 ms)
2026-07-23 13:34:08 [21-track-and-click] Tracking stable target at 1173,636 (cooldown active, search 16 ms)
2026-07-23 13:34:08 [21-track-and-click] FindFilledBlock: found at 1169,633 (25x25 0x56FF50 tol=5, 0 ms)
2026-07-23 13:34:08 [21-track-and-click] Tracking stable target at 1169,633 (cooldown active, search 0 ms)
2026-07-23 13:34:08 [21-track-and-click] FindFilledBlock: found at 1165,633 (25x25 0x56FF50 tol=5, 16 ms)
2026-07-23 13:34:08 [21-track-and-click] Tracking stable target at 1165,633 (cooldown active, search 16 ms)
2026-07-23 13:34:08 [21-track-and-click] FindFilledBlock: found at 1161,635 (25x25 0x56FF50 tol=5, 15 ms)
2026-07-23 13:34:08 [21-track-and-click] Clicked STABLE target at 1161,635 (search 15 ms)
2026-07-23 13:34:08 [21-track-and-click] ReleasePendingModifiersNow: released Ctrl
2026-07-23 13:34:08 [21-track-and-click] FindFilledBlock: not found (25x25 0x56FF50 tol=5, 0 ms)
2026-07-23 13:34:09 [21-track-and-click] Track: search missed this tick, but anchor point 1161,635 is still 0x56FF50 - holding current target, not switching
2026-07-23 13:34:09 [21-track-and-click] Tracking stable target at 1161,635 (cooldown active, search 0 ms)
2026-07-23 13:34:09 [21-track-and-click] FindFilledBlock: found at 1157,635 (25x25 0x56FF50 tol=5, 16 ms)
2026-07-23 13:34:09 [21-track-and-click] Tracking stable target at 1157,635 (cooldown active, search 16 ms)
2026-07-23 13:34:09 [21-track-and-click] FindFilledBlock: found at 1155,635 (25x25 0x56FF50 tol=5, 0 ms)
2026-07-23 13:34:09 [21-track-and-click] Tracking stable target at 1155,635 (cooldown active, search 0 ms)
2026-07-23 13:34:09 [21-track-and-click] FindFilledBlock: found at 1155,635 (25x25 0x56FF50 tol=5, 16 ms)
2026-07-23 13:34:09 [21-track-and-click] Tracking stable target at 1155,635 (cooldown active, search 16 ms)
2026-07-23 13:34:09 [21-track-and-click] FindFilledBlock: found at 1155,635 (25x25 0x56FF50 tol=5, 15 ms)
2026-07-23 13:34:09 [21-track-and-click] Tracking stable target at 1155,635 (cooldown active, search 15 ms)
2026-07-23 13:34:09 [21-track-and-click] FindFilledBlock: found at 1155,635 (25x25 0x56FF50 tol=5, 0 ms)
2026-07-23 13:34:09 [21-track-and-click] Tracking stable target at 1155,635 (cooldown active, search 16 ms)
2026-07-23 13:34:09 [21-track-and-click] FindFilledBlock: found at 1155,635 (25x25 0x56FF50 tol=5, 16 ms)
2026-07-23 13:34:09 [21-track-and-click] Tracking stable target at 1155,635 (cooldown active, search 16 ms)
2026-07-23 13:34:10 [21-track-and-click] FindFilledBlock: found at 1155,635 (25x25 0x56FF50 tol=5, 16 ms)
2026-07-23 13:34:10 [21-track-and-click] Tracking stable target at 1155,635 (cooldown active, search 16 ms)
2026-07-23 13:34:10 [21-track-and-click] FindFilledBlock: found at 1155,635 (25x25 0x56FF50 tol=5, 16 ms)
2026-07-23 13:34:10 [21-track-and-click] Clicked STABLE target at 1155,635 (search 16 ms)
2026-07-23 13:34:10 [21-track-and-click] ReleasePendingModifiersNow: released Ctrl
2026-07-23 13:34:10 [21-track-and-click] FindFilledBlock: not found (25x25 0x56FF50 tol=5, 0 ms)
2026-07-23 13:34:10 [21-track-and-click] Track: search missed this tick, but anchor point 1155,635 is still 0x56FF50 - holding current target, not switching
2026-07-23 13:34:10 [21-track-and-click] Tracking stable target at 1155,635 (cooldown active, search 0 ms)
2026-07-23 13:34:10 [21-track-and-click] FindFilledBlock: found at 1155,635 (25x25 0x56FF50 tol=5, 16 ms)
2026-07-23 13:34:10 [21-track-and-click] Tracking stable target at 1155,635 (cooldown active, search 16 ms)
2026-07-23 13:34:11 [21-track-and-click] FindFilledBlock: found at 1155,635 (25x25 0x56FF50 tol=5, 0 ms)
2026-07-23 13:34:11 [21-track-and-click] Tracking stable target at 1155,635 (cooldown active, search 0 ms)
2026-07-23 13:34:11 [21-track-and-click] FindFilledBlock: found at 1155,635 (25x25 0x56FF50 tol=5, 0 ms)
2026-07-23 13:34:11 [21-track-and-click] Tracking stable target at 1155,635 (cooldown active, search 0 ms)
2026-07-23 13:34:11 [21-track-and-click] FindFilledBlock: found at 1155,635 (25x25 0x56FF50 tol=5, 16 ms)
2026-07-23 13:34:11 [21-track-and-click] Tracking stable target at 1155,635 (cooldown active, search 16 ms)
2026-07-23 13:34:11 [21-track-and-click] FindFilledBlock: found at 1155,635 (25x25 0x56FF50 tol=5, 16 ms)
2026-07-23 13:34:11 [21-track-and-click] Tracking stable target at 1155,635 (cooldown active, search 16 ms)
2026-07-23 13:34:11 [21-track-and-click] FindFilledBlock: found at 1155,635 (25x25 0x56FF50 tol=5, 0 ms)
2026-07-23 13:34:11 [21-track-and-click] Tracking stable target at 1155,635 (cooldown active, search 0 ms)
2026-07-23 13:34:11 [21-track-and-click] FindFilledBlock: found at 1155,635 (25x25 0x56FF50 tol=5, 0 ms)
2026-07-23 13:34:11 [21-track-and-click] Tracking stable target at 1155,635 (cooldown active, search 0 ms)
2026-07-23 13:34:11 [21-track-and-click] FindFilledBlock: found at 1155,635 (25x25 0x56FF50 tol=5, 0 ms)
2026-07-23 13:34:12 [21-track-and-click] Clicked STABLE target at 1155,635 (search 0 ms)
2026-07-23 13:34:12 [21-track-and-click] ReleasePendingModifiersNow: released Ctrl
2026-07-23 13:34:12 [21-track-and-click] FindFilledBlock: not found (25x25 0x56FF50 tol=5, 15 ms)
2026-07-23 13:34:12 [21-track-and-click] Track: search missed this tick, but anchor point 1155,635 is still 0x56FF50 - holding current target, not switching
2026-07-23 13:34:12 [21-track-and-click] Tracking stable target at 1155,635 (cooldown active, search 15 ms)
2026-07-23 13:34:12 [21-track-and-click] FindFilledBlock: found at 1155,635 (25x25 0x56FF50 tol=5, 16 ms)
2026-07-23 13:34:12 [21-track-and-click] Tracking stable target at 1155,635 (cooldown active, search 16 ms)
2026-07-23 13:34:12 [21-track-and-click] Esc pressed - exiting
