2026-07-23 13:34:15 [23-travel-to-point] Script loaded. F5=travel  F6=request stop  Esc=exit. Marker(pin)=1335,842 Arrive=0x0B5C11 at 1746,823
2026-07-23 13:34:17 [23-travel-to-point] micro23: starting travel
2026-07-23 13:34:17 [23-travel-to-point] micro23: clicking pinned marker point 1335,842
2026-07-23 13:34:17 [23-travel-to-point] micro23: waiting for arrival
2026-07-23 13:34:17 [23-travel-to-point] FindFilledBlock: not found (33x33 0x0B5C11 tol=5, 16 ms)
2026-07-23 13:34:18 [23-travel-to-point] ReleasePendingModifiersNow: released Ctrl
2026-07-23 13:34:18 [23-travel-to-point] FindFilledBlock: not found (33x33 0x0B5C11 tol=5, 16 ms)
2026-07-23 13:34:18 [23-travel-to-point] FindFilledBlock: not found (33x33 0x0B5C11 tol=5, 16 ms)
2026-07-23 13:34:18 [23-travel-to-point] FindFilledBlock: not found (33x33 0x0B5C11 tol=5, 16 ms)
2026-07-23 13:34:18 [23-travel-to-point] FindFilledBlock: not found (33x33 0x0B5C11 tol=5, 16 ms)
2026-07-23 13:34:18 [23-travel-to-point] FindFilledBlock: not found (33x33 0x0B5C11 tol=5, 16 ms)
2026-07-23 13:34:18 [23-travel-to-point] FindFilledBlock: not found (33x33 0x0B5C11 tol=5, 16 ms)
2026-07-23 13:34:18 [23-travel-to-point] FindFilledBlock: not found (33x33 0x0B5C11 tol=5, 16 ms)
2026-07-23 13:34:18 [23-travel-to-point] FindFilledBlock: not found (33x33 0x0B5C11 tol=5, 16 ms)
2026-07-23 13:34:19 [23-travel-to-point] FindFilledBlock: not found (33x33 0x0B5C11 tol=5, 16 ms)
2026-07-23 13:34:19 [23-travel-to-point] FindFilledBlock: not found (33x33 0x0B5C11 tol=5, 16 ms)
2026-07-23 13:34:19 [23-travel-to-point] FindFilledBlock: not found (33x33 0x0B5C11 tol=5, 16 ms)
2026-07-23 13:34:19 [23-travel-to-point] FindFilledBlock: not found (33x33 0x0B5C11 tol=5, 16 ms)
2026-07-23 13:34:19 [23-travel-to-point] FindFilledBlock: not found (33x33 0x0B5C11 tol=5, 16 ms)
2026-07-23 13:34:19 [23-travel-to-point] FindFilledBlock: not found (33x33 0x0B5C11 tol=5, 16 ms)
2026-07-23 13:34:19 [23-travel-to-point] FindFilledBlock: not found (33x33 0x0B5C11 tol=5, 16 ms)
2026-07-23 13:34:19 [23-travel-to-point] FindFilledBlock: not found (33x33 0x0B5C11 tol=5, 0 ms)
2026-07-23 13:34:20 [23-travel-to-point] FindFilledBlock: not found (33x33 0x0B5C11 tol=5, 16 ms)
2026-07-23 13:34:20 [23-travel-to-point] FindFilledBlock: not found (33x33 0x0B5C11 tol=5, 0 ms)
2026-07-23 13:34:20 [23-travel-to-point] FindFilledBlock: not found (33x33 0x0B5C11 tol=5, 16 ms)
2026-07-23 13:34:20 [23-travel-to-point] FindFilledBlock: not found (33x33 0x0B5C11 tol=5, 16 ms)
2026-07-23 13:34:20 [23-travel-to-point] FindFilledBlock: not found (33x33 0x0B5C11 tol=5, 16 ms)
2026-07-23 13:34:20 [23-travel-to-point] FindFilledBlock: not found (33x33 0x0B5C11 tol=5, 0 ms)
2026-07-23 13:34:20 [23-travel-to-point] FindFilledBlock: not found (33x33 0x0B5C11 tol=5, 16 ms)
2026-07-23 13:34:20 [23-travel-to-point] FindFilledBlock: not found (33x33 0x0B5C11 tol=5, 16 ms)
2026-07-23 13:34:21 [23-travel-to-point] Esc pressed - exiting
2026-07-23 13:34:27 [23-travel-to-point] Script loaded. F5=travel  F6=request stop  Esc=exit. Marker(pin)=1335,842 Arrive=0x0B5C11 at 1746,823
2026-07-23 13:34:27 [23-travel-to-point] micro23: starting travel
2026-07-23 13:34:27 [23-travel-to-point] micro23: clicking pinned marker point 1335,842
2026-07-23 13:34:28 [23-travel-to-point] micro23: waiting for arrival
2026-07-23 13:34:28 [23-travel-to-point] FindFilledBlock: not found (33x33 0x0B5C11 tol=5, 16 ms)
2026-07-23 13:34:28 [23-travel-to-point] ReleasePendingModifiersNow: released Ctrl
2026-07-23 13:34:28 [23-travel-to-point] FindFilledBlock: not found (33x33 0x0B5C11 tol=5, 15 ms)
2026-07-23 13:34:28 [23-travel-to-point] FindFilledBlock: not found (33x33 0x0B5C11 tol=5, 15 ms)
2026-07-23 13:34:28 [23-travel-to-point] FindFilledBlock: not found (33x33 0x0B5C11 tol=5, 15 ms)
2026-07-23 13:34:28 [23-travel-to-point] FindFilledBlock: not found (33x33 0x0B5C11 tol=5, 15 ms)
2026-07-23 13:34:28 [23-travel-to-point] FindFilledBlock: not found (33x33 0x0B5C11 tol=5, 15 ms)
2026-07-23 13:34:28 [23-travel-to-point] FindFilledBlock: not found (33x33 0x0B5C11 tol=5, 15 ms)
2026-07-23 13:34:28 [23-travel-to-point] FindFilledBlock: not found (33x33 0x0B5C11 tol=5, 15 ms)
2026-07-23 13:34:29 [23-travel-to-point] FindFilledBlock: not found (33x33 0x0B5C11 tol=5, 15 ms)
2026-07-23 13:34:29 [23-travel-to-point] FindFilledBlock: not found (33x33 0x0B5C11 tol=5, 15 ms)
2026-07-23 13:34:29 [23-travel-to-point] FindFilledBlock: not found (33x33 0x0B5C11 tol=5, 15 ms)
2026-07-23 13:34:29 [23-travel-to-point] FindFilledBlock: not found (33x33 0x0B5C11 tol=5, 15 ms)
2026-07-23 13:34:29 [23-travel-to-point] FindFilledBlock: not found (33x33 0x0B5C11 tol=5, 15 ms)
2026-07-23 13:34:29 [23-travel-to-point] FindFilledBlock: not found (33x33 0x0B5C11 tol=5, 15 ms)
2026-07-23 13:34:29 [23-travel-to-point] Esc pressed - exiting
2026-07-23 13:34:53 [23-travel-to-point] Script loaded. F5=travel  F6=request stop  Esc=exit. Marker(pin)=1335,842 Arrive=0x0B5C11 at 1746,823
2026-07-23 13:36:04 [23-travel-to-point] Script loaded. F5=travel  F6=request stop  Esc=exit. Marker(pin)=1601,751 Arrive=0x0B5C11 at 1620,877
2026-07-23 13:36:08 [23-travel-to-point] micro23: starting travel
2026-07-23 13:36:08 [23-travel-to-point] micro23: clicking pinned marker point 1601,751
2026-07-23 13:36:08 [23-travel-to-point] micro23: waiting for arrival
2026-07-23 13:36:08 [23-travel-to-point] FindFilledBlock: not found (19x19 0x0B5C11 tol=5, 0 ms)
2026-07-23 13:36:08 [23-travel-to-point] ReleasePendingModifiersNow: released Ctrl
2026-07-23 13:36:08 [23-travel-to-point] FindFilledBlock: not found (19x19 0x0B5C11 tol=5, 15 ms)
2026-07-23 13:36:08 [23-travel-to-point] FindFilledBlock: not found (19x19 0x0B5C11 tol=5, 15 ms)
2026-07-23 13:36:09 [23-travel-to-point] FindFilledBlock: not found (19x19 0x0B5C11 tol=5, 15 ms)
2026-07-23 13:36:09 [23-travel-to-point] FindFilledBlock: not found (19x19 0x0B5C11 tol=5, 15 ms)
2026-07-23 13:36:09 [23-travel-to-point] FindFilledBlock: not found (19x19 0x0B5C11 tol=5, 15 ms)
2026-07-23 13:36:09 [23-travel-to-point] FindFilledBlock: not found (19x19 0x0B5C11 tol=5, 15 ms)
2026-07-23 13:36:09 [23-travel-to-point] FindFilledBlock: not found (19x19 0x0B5C11 tol=5, 15 ms)
2026-07-23 13:36:09 [23-travel-to-point] FindFilledBlock: not found (19x19 0x0B5C11 tol=5, 15 ms)
2026-07-23 13:36:09 [23-travel-to-point] FindFilledBlock: not found (19x19 0x0B5C11 tol=5, 15 ms)
2026-07-23 13:36:09 [23-travel-to-point] FindFilledBlock: not found (19x19 0x0B5C11 tol=5, 15 ms)
2026-07-23 13:36:10 [23-travel-to-point] FindFilledBlock: not found (19x19 0x0B5C11 tol=5, 15 ms)
2026-07-23 13:36:10 [23-travel-to-point] FindFilledBlock: not found (19x19 0x0B5C11 tol=5, 15 ms)
2026-07-23 13:36:10 [23-travel-to-point] FindFilledBlock: not found (19x19 0x0B5C11 tol=5, 15 ms)
2026-07-23 13:36:10 [23-travel-to-point] FindFilledBlock: not found (19x19 0x0B5C11 tol=5, 15 ms)
2026-07-23 13:36:10 [23-travel-to-point] FindFilledBlock: not found (19x19 0x0B5C11 tol=5, 15 ms)
2026-07-23 13:36:10 [23-travel-to-point] FindFilledBlock: not found (19x19 0x0B5C11 tol=5, 0 ms)
2026-07-23 13:36:10 [23-travel-to-point] FindFilledBlock: not found (19x19 0x0B5C11 tol=5, 0 ms)
2026-07-23 13:36:10 [23-travel-to-point] FindFilledBlock: not found (19x19 0x0B5C11 tol=5, 0 ms)
2026-07-23 13:36:10 [23-travel-to-point] FindFilledBlock: not found (19x19 0x0B5C11 tol=5, 0 ms)
2026-07-23 13:36:11 [23-travel-to-point] FindFilledBlock: not found (19x19 0x0B5C11 tol=5, 15 ms)
2026-07-23 13:36:11 [23-travel-to-point] FindFilledBlock: not found (19x19 0x0B5C11 tol=5, 15 ms)
2026-07-23 13:36:11 [23-travel-to-point] FindFilledBlock: not found (19x19 0x0B5C11 tol=5, 15 ms)
2026-07-23 13:36:11 [23-travel-to-point] FindFilledBlock: not found (19x19 0x0B5C11 tol=5, 15 ms)
2026-07-23 13:36:11 [23-travel-to-point] FindFilledBlock: not found (19x19 0x0B5C11 tol=5, 0 ms)
2026-07-23 13:36:11 [23-travel-to-point] FindFilledBlock: not found (19x19 0x0B5C11 tol=5, 0 ms)
2026-07-23 13:36:11 [23-travel-to-point] FindFilledBlock: not found (19x19 0x0B5C11 tol=5, 15 ms)
2026-07-23 13:36:11 [23-travel-to-point] FindFilledBlock: not found (19x19 0x0B5C11 tol=5, 15 ms)
2026-07-23 13:36:12 [23-travel-to-point] FindFilledBlock: not found (19x19 0x0B5C11 tol=5, 15 ms)
2026-07-23 13:36:12 [23-travel-to-point] FindFilledBlock: not found (19x19 0x0B5C11 tol=5, 15 ms)
2026-07-23 13:36:12 [23-travel-to-point] FindFilledBlock: not found (19x19 0x0B5C11 tol=5, 15 ms)
2026-07-23 13:36:12 [23-travel-to-point] FindFilledBlock: not found (19x19 0x0B5C11 tol=5, 15 ms)
2026-07-23 13:36:12 [23-travel-to-point] FindFilledBlock: not found (19x19 0x0B5C11 tol=5, 15 ms)
2026-07-23 13:36:12 [23-travel-to-point] FindFilledBlock: not found (19x19 0x0B5C11 tol=5, 15 ms)
2026-07-23 13:36:12 [23-travel-to-point] FindFilledBlock: not found (19x19 0x0B5C11 tol=5, 15 ms)
2026-07-23 13:36:12 [23-travel-to-point] FindFilledBlock: not found (19x19 0x0B5C11 tol=5, 15 ms)
2026-07-23 13:36:13 [23-travel-to-point] FindFilledBlock: not found (19x19 0x0B5C11 tol=5, 15 ms)
2026-07-23 13:36:13 [23-travel-to-point] FindFilledBlock: not found (19x19 0x0B5C11 tol=5, 15 ms)
2026-07-23 13:36:13 [23-travel-to-point] FindFilledBlock: not found (19x19 0x0B5C11 tol=5, 15 ms)
2026-07-23 13:36:13 [23-travel-to-point] FindFilledBlock: not found (19x19 0x0B5C11 tol=5, 0 ms)
2026-07-23 13:36:13 [23-travel-to-point] FindFilledBlock: not found (19x19 0x0B5C11 tol=5, 0 ms)
2026-07-23 13:36:13 [23-travel-to-point] FindFilledBlock: not found (19x19 0x0B5C11 tol=5, 0 ms)
2026-07-23 13:36:13 [23-travel-to-point] FindFilledBlock: not found (19x19 0x0B5C11 tol=5, 0 ms)
2026-07-23 13:36:13 [23-travel-to-point] FindFilledBlock: not found (19x19 0x0B5C11 tol=5, 0 ms)
2026-07-23 13:36:13 [23-travel-to-point] FindFilledBlock: not found (19x19 0x0B5C11 tol=5, 0 ms)
2026-07-23 13:36:14 [23-travel-to-point] FindFilledBlock: not found (19x19 0x0B5C11 tol=5, 0 ms)
2026-07-23 13:36:14 [23-travel-to-point] FindFilledBlock: not found (19x19 0x0B5C11 tol=5, 0 ms)
2026-07-23 13:36:14 [23-travel-to-point] FindFilledBlock: not found (19x19 0x0B5C11 tol=5, 0 ms)
2026-07-23 13:36:14 [23-travel-to-point] FindFilledBlock: not found (19x19 0x0B5C11 tol=5, 0 ms)
2026-07-23 13:36:14 [23-travel-to-point] FindFilledBlock: not found (19x19 0x0B5C11 tol=5, 0 ms)
2026-07-23 13:36:14 [23-travel-to-point] FindFilledBlock: not found (19x19 0x0B5C11 tol=5, 0 ms)
2026-07-23 13:36:14 [23-travel-to-point] FindFilledBlock: not found (19x19 0x0B5C11 tol=5, 0 ms)
2026-07-23 13:36:14 [23-travel-to-point] FindFilledBlock: not found (19x19 0x0B5C11 tol=5, 0 ms)
2026-07-23 13:36:14 [23-travel-to-point] FindFilledBlock: not found (19x19 0x0B5C11 tol=5, 0 ms)
2026-07-23 13:36:15 [23-travel-to-point] FindFilledBlock: not found (19x19 0x0B5C11 tol=5, 0 ms)
2026-07-23 13:36:15 [23-travel-to-point] FindFilledBlock: not found (19x19 0x0B5C11 tol=5, 0 ms)
2026-07-23 13:36:15 [23-travel-to-point] FindFilledBlock: not found (19x19 0x0B5C11 tol=5, 0 ms)
2026-07-23 13:36:15 [23-travel-to-point] FindFilledBlock: not found (19x19 0x0B5C11 tol=5, 0 ms)
2026-07-23 13:36:15 [23-travel-to-point] FindFilledBlock: not found (19x19 0x0B5C11 tol=5, 0 ms)
2026-07-23 13:36:15 [23-travel-to-point] FindFilledBlock: not found (19x19 0x0B5C11 tol=5, 0 ms)
2026-07-23 13:36:15 [23-travel-to-point] FindFilledBlock: not found (19x19 0x0B5C11 tol=5, 0 ms)
2026-07-23 13:36:15 [23-travel-to-point] FindFilledBlock: not found (19x19 0x0B5C11 tol=5, 0 ms)
2026-07-23 13:36:15 [23-travel-to-point] FindFilledBlock: not found (19x19 0x0B5C11 tol=5, 0 ms)
2026-07-23 13:36:16 [23-travel-to-point] FindFilledBlock: not found (19x19 0x0B5C11 tol=5, 0 ms)
2026-07-23 13:36:16 [23-travel-to-point] FindFilledBlock: not found (19x19 0x0B5C11 tol=5, 0 ms)
2026-07-23 13:36:16 [23-travel-to-point] FindFilledBlock: not found (19x19 0x0B5C11 tol=5, 0 ms)
2026-07-23 13:36:16 [23-travel-to-point] FindFilledBlock: not found (19x19 0x0B5C11 tol=5, 0 ms)
2026-07-23 13:36:16 [23-travel-to-point] FindFilledBlock: not found (19x19 0x0B5C11 tol=5, 0 ms)
2026-07-23 13:36:16 [23-travel-to-point] FindFilledBlock: not found (19x19 0x0B5C11 tol=5, 0 ms)
2026-07-23 13:36:16 [23-travel-to-point] FindFilledBlock: not found (19x19 0x0B5C11 tol=5, 0 ms)
2026-07-23 13:36:16 [23-travel-to-point] FindFilledBlock: not found (19x19 0x0B5C11 tol=5, 0 ms)
2026-07-23 13:36:16 [23-travel-to-point] FindFilledBlock: not found (19x19 0x0B5C11 tol=5, 0 ms)
2026-07-23 13:36:17 [23-travel-to-point] FindFilledBlock: not found (19x19 0x0B5C11 tol=5, 0 ms)
2026-07-23 13:36:17 [23-travel-to-point] FindFilledBlock: not found (19x19 0x0B5C11 tol=5, 0 ms)
2026-07-23 13:36:17 [23-travel-to-point] FindFilledBlock: not found (19x19 0x0B5C11 tol=5, 0 ms)
2026-07-23 13:36:17 [23-travel-to-point] FindFilledBlock: not found (19x19 0x0B5C11 tol=5, 0 ms)
2026-07-23 13:36:17 [23-travel-to-point] FindFilledBlock: not found (19x19 0x0B5C11 tol=5, 0 ms)
2026-07-23 13:36:17 [23-travel-to-point] FindFilledBlock: not found (19x19 0x0B5C11 tol=5, 0 ms)
2026-07-23 13:36:17 [23-travel-to-point] FindFilledBlock: not found (19x19 0x0B5C11 tol=5, 0 ms)
2026-07-23 13:36:17 [23-travel-to-point] Esc pressed - exiting
2026-07-23 13:36:34 [23-travel-to-point] Script loaded. F5=travel  F6=request stop  Esc=exit. Marker(pin)=1601,751 Arrive=0x0B5C11 at 1620,877
2026-07-23 13:36:57 [23-travel-to-point] Script loaded. F5=travel  F6=request stop  Esc=exit. Marker(pin)=1456,715 Arrive=0x0B5C11 at 1620,877
2026-07-23 13:36:57 [23-travel-to-point] micro23: starting travel
2026-07-23 13:36:57 [23-travel-to-point] micro23: clicking pinned marker point 1456,715
2026-07-23 13:36:57 [23-travel-to-point] micro23: waiting for arrival
2026-07-23 13:36:57 [23-travel-to-point] FindFilledBlock: not found (19x19 0x0B5C11 tol=5, 15 ms)
2026-07-23 13:36:57 [23-travel-to-point] ReleasePendingModifiersNow: released Ctrl
2026-07-23 13:36:57 [23-travel-to-point] FindFilledBlock: not found (19x19 0x0B5C11 tol=5, 0 ms)
2026-07-23 13:36:58 [23-travel-to-point] FindFilledBlock: not found (19x19 0x0B5C11 tol=5, 0 ms)
2026-07-23 13:36:58 [23-travel-to-point] FindFilledBlock: not found (19x19 0x0B5C11 tol=5, 0 ms)
2026-07-23 13:36:58 [23-travel-to-point] FindFilledBlock: not found (19x19 0x0B5C11 tol=5, 0 ms)
2026-07-23 13:36:58 [23-travel-to-point] FindFilledBlock: not found (19x19 0x0B5C11 tol=5, 0 ms)
2026-07-23 13:36:58 [23-travel-to-point] FindFilledBlock: not found (19x19 0x0B5C11 tol=5, 0 ms)
2026-07-23 13:36:58 [23-travel-to-point] FindFilledBlock: not found (19x19 0x0B5C11 tol=5, 0 ms)
2026-07-23 13:36:58 [23-travel-to-point] FindFilledBlock: not found (19x19 0x0B5C11 tol=5, 0 ms)
2026-07-23 13:36:58 [23-travel-to-point] FindFilledBlock: not found (19x19 0x0B5C11 tol=5, 15 ms)
2026-07-23 13:36:58 [23-travel-to-point] FindFilledBlock: not found (19x19 0x0B5C11 tol=5, 0 ms)
2026-07-23 13:36:59 [23-travel-to-point] FindFilledBlock: not found (19x19 0x0B5C11 tol=5, 0 ms)
2026-07-23 13:36:59 [23-travel-to-point] FindFilledBlock: not found (19x19 0x0B5C11 tol=5, 0 ms)
2026-07-23 13:36:59 [23-travel-to-point] FindFilledBlock: not found (19x19 0x0B5C11 tol=5, 0 ms)
2026-07-23 13:36:59 [23-travel-to-point] FindFilledBlock: not found (19x19 0x0B5C11 tol=5, 0 ms)
2026-07-23 13:36:59 [23-travel-to-point] FindFilledBlock: not found (19x19 0x0B5C11 tol=5, 16 ms)
2026-07-23 13:36:59 [23-travel-to-point] FindFilledBlock: not found (19x19 0x0B5C11 tol=5, 16 ms)
2026-07-23 13:36:59 [23-travel-to-point] FindFilledBlock: not found (19x19 0x0B5C11 tol=5, 16 ms)
2026-07-23 13:36:59 [23-travel-to-point] FindFilledBlock: not found (19x19 0x0B5C11 tol=5, 16 ms)
2026-07-23 13:37:00 [23-travel-to-point] FindFilledBlock: not found (19x19 0x0B5C11 tol=5, 0 ms)
2026-07-23 13:37:00 [23-travel-to-point] FindFilledBlock: not found (19x19 0x0B5C11 tol=5, 0 ms)
2026-07-23 13:37:00 [23-travel-to-point] FindFilledBlock: not found (19x19 0x0B5C11 tol=5, 16 ms)
2026-07-23 13:37:00 [23-travel-to-point] FindFilledBlock: not found (19x19 0x0B5C11 tol=5, 16 ms)
2026-07-23 13:37:00 [23-travel-to-point] FindFilledBlock: not found (19x19 0x0B5C11 tol=5, 16 ms)
2026-07-23 13:37:00 [23-travel-to-point] FindFilledBlock: not found (19x19 0x0B5C11 tol=5, 16 ms)
2026-07-23 13:37:00 [23-travel-to-point] FindFilledBlock: not found (19x19 0x0B5C11 tol=5, 16 ms)
2026-07-23 13:37:00 [23-travel-to-point] FindFilledBlock: not found (19x19 0x0B5C11 tol=5, 0 ms)
2026-07-23 13:37:01 [23-travel-to-point] FindFilledBlock: not found (19x19 0x0B5C11 tol=5, 0 ms)
2026-07-23 13:37:01 [23-travel-to-point] FindFilledBlock: not found (19x19 0x0B5C11 tol=5, 0 ms)
2026-07-23 13:37:01 [23-travel-to-point] FindFilledBlock: not found (19x19 0x0B5C11 tol=5, 0 ms)
2026-07-23 13:37:01 [23-travel-to-point] FindFilledBlock: not found (19x19 0x0B5C11 tol=5, 0 ms)
2026-07-23 13:37:01 [23-travel-to-point] FindFilledBlock: not found (19x19 0x0B5C11 tol=5, 0 ms)
2026-07-23 13:37:01 [23-travel-to-point] FindFilledBlock: not found (19x19 0x0B5C11 tol=5, 0 ms)
2026-07-23 13:37:01 [23-travel-to-point] FindFilledBlock: not found (19x19 0x0B5C11 tol=5, 0 ms)
2026-07-23 13:37:01 [23-travel-to-point] FindFilledBlock: not found (19x19 0x0B5C11 tol=5, 0 ms)
2026-07-23 13:37:01 [23-travel-to-point] FindFilledBlock: not found (19x19 0x0B5C11 tol=5, 0 ms)
2026-07-23 13:37:02 [23-travel-to-point] FindFilledBlock: not found (19x19 0x0B5C11 tol=5, 0 ms)
2026-07-23 13:37:02 [23-travel-to-point] FindFilledBlock: not found (19x19 0x0B5C11 tol=5, 0 ms)
2026-07-23 13:37:02 [23-travel-to-point] FindFilledBlock: not found (19x19 0x0B5C11 tol=5, 0 ms)
2026-07-23 13:37:02 [23-travel-to-point] FindFilledBlock: not found (19x19 0x0B5C11 tol=5, 0 ms)
2026-07-23 13:37:02 [23-travel-to-point] FindFilledBlock: not found (19x19 0x0B5C11 tol=5, 0 ms)
2026-07-23 13:37:02 [23-travel-to-point] FindFilledBlock: not found (19x19 0x0B5C11 tol=5, 0 ms)
2026-07-23 13:37:02 [23-travel-to-point] FindFilledBlock: not found (19x19 0x0B5C11 tol=5, 0 ms)
2026-07-23 13:37:02 [23-travel-to-point] FindFilledBlock: not found (19x19 0x0B5C11 tol=5, 0 ms)
2026-07-23 13:37:02 [23-travel-to-point] FindFilledBlock: not found (19x19 0x0B5C11 tol=5, 0 ms)
2026-07-23 13:37:02 [23-travel-to-point] FindFilledBlock: not found (19x19 0x0B5C11 tol=5, 0 ms)
2026-07-23 13:37:03 [23-travel-to-point] FindFilledBlock: not found (19x19 0x0B5C11 tol=5, 0 ms)
2026-07-23 13:37:03 [23-travel-to-point] Esc pressed - exiting
2026-07-23 13:37:17 [23-travel-to-point] Script loaded. F5=travel  F6=request stop  Esc=exit. Marker(pin)=1456,715 Arrive=0xCC5D02 at 1620,877
2026-07-23 13:37:21 [23-travel-to-point] micro23: starting travel
2026-07-23 13:37:21 [23-travel-to-point] micro23: clicking pinned marker point 1456,715
2026-07-23 13:37:21 [23-travel-to-point] micro23: waiting for arrival
2026-07-23 13:37:21 [23-travel-to-point] FindFilledBlock: not found (19x19 0xCC5D02 tol=5, 0 ms)
2026-07-23 13:37:21 [23-travel-to-point] ReleasePendingModifiersNow: released Ctrl
2026-07-23 13:37:21 [23-travel-to-point] FindFilledBlock: not found (19x19 0xCC5D02 tol=5, 0 ms)
2026-07-23 13:37:21 [23-travel-to-point] FindFilledBlock: not found (19x19 0xCC5D02 tol=5, 0 ms)
2026-07-23 13:37:21 [23-travel-to-point] FindFilledBlock: not found (19x19 0xCC5D02 tol=5, 0 ms)
2026-07-23 13:37:21 [23-travel-to-point] FindFilledBlock: not found (19x19 0xCC5D02 tol=5, 16 ms)
2026-07-23 13:37:21 [23-travel-to-point] FindFilledBlock: not found (19x19 0xCC5D02 tol=5, 16 ms)
2026-07-23 13:37:21 [23-travel-to-point] FindFilledBlock: not found (19x19 0xCC5D02 tol=5, 16 ms)
2026-07-23 13:37:22 [23-travel-to-point] FindFilledBlock: not found (19x19 0xCC5D02 tol=5, 16 ms)
2026-07-23 13:37:22 [23-travel-to-point] FindFilledBlock: not found (19x19 0xCC5D02 tol=5, 16 ms)
2026-07-23 13:37:22 [23-travel-to-point] FindFilledBlock: not found (19x19 0xCC5D02 tol=5, 0 ms)
2026-07-23 13:37:22 [23-travel-to-point] FindFilledBlock: not found (19x19 0xCC5D02 tol=5, 0 ms)
2026-07-23 13:37:22 [23-travel-to-point] FindFilledBlock: not found (19x19 0xCC5D02 tol=5, 0 ms)
2026-07-23 13:37:22 [23-travel-to-point] FindFilledBlock: not found (19x19 0xCC5D02 tol=5, 0 ms)
2026-07-23 13:37:22 [23-travel-to-point] FindFilledBlock: not found (19x19 0xCC5D02 tol=5, 0 ms)
2026-07-23 13:37:22 [23-travel-to-point] FindFilledBlock: not found (19x19 0xCC5D02 tol=5, 0 ms)
2026-07-23 13:37:22 [23-travel-to-point] FindFilledBlock: not found (19x19 0xCC5D02 tol=5, 15 ms)
2026-07-23 13:37:23 [23-travel-to-point] FindFilledBlock: not found (19x19 0xCC5D02 tol=5, 0 ms)
2026-07-23 13:37:23 [23-travel-to-point] FindFilledBlock: not found (19x19 0xCC5D02 tol=5, 0 ms)
2026-07-23 13:37:23 [23-travel-to-point] FindFilledBlock: not found (19x19 0xCC5D02 tol=5, 0 ms)
2026-07-23 13:37:23 [23-travel-to-point] FindFilledBlock: not found (19x19 0xCC5D02 tol=5, 15 ms)
2026-07-23 13:37:23 [23-travel-to-point] FindFilledBlock: not found (19x19 0xCC5D02 tol=5, 0 ms)
2026-07-23 13:37:23 [23-travel-to-point] FindFilledBlock: not found (19x19 0xCC5D02 tol=5, 0 ms)
2026-07-23 13:37:23 [23-travel-to-point] FindFilledBlock: not found (19x19 0xCC5D02 tol=5, 0 ms)
2026-07-23 13:37:23 [23-travel-to-point] FindFilledBlock: not found (19x19 0xCC5D02 tol=5, 0 ms)
2026-07-23 13:37:24 [23-travel-to-point] FindFilledBlock: not found (19x19 0xCC5D02 tol=5, 16 ms)
2026-07-23 13:37:24 [23-travel-to-point] FindFilledBlock: not found (19x19 0xCC5D02 tol=5, 16 ms)
2026-07-23 13:37:24 [23-travel-to-point] FindFilledBlock: not found (19x19 0xCC5D02 tol=5, 16 ms)
2026-07-23 13:37:24 [23-travel-to-point] FindFilledBlock: found at 1630,886 (19x19 0xCC5D02 tol=5, 16 ms)
2026-07-23 13:37:24 [23-travel-to-point] micro23: arrived
2026-07-23 13:37:24 [23-travel-to-point] ARRIVED (3406 ms)
2026-07-23 13:37:26 [23-travel-to-point] Esc pressed - exiting
