2026-07-23 12:44:15 [26-bot-harness] Script loaded. F5=start  F6=stop  F12=exit  F8=probe  F9=foo  F10=bar.
2026-07-23 12:44:16 [26-bot-harness] micro26: started
2026-07-23 12:44:16 [26-bot-harness] micro26: tick 1
2026-07-23 12:44:18 [26-bot-harness] micro26: tick 2
2026-07-23 12:44:19 [26-bot-harness] micro26: tick 3
2026-07-23 12:44:20 [26-bot-harness] micro26: tick 4
2026-07-23 12:44:21 [26-bot-harness] micro26: tick 5
2026-07-23 12:44:22 [26-bot-harness] micro26: tick 6
2026-07-23 12:44:24 [26-bot-harness] micro26: tick 7
2026-07-23 12:44:25 [26-bot-harness] micro26: tick 8
2026-07-23 12:44:25 [26-bot-harness] F6 pressed - stop requested
2026-07-23 12:44:25 [26-bot-harness] Pause: stop flag seen - throwing BotStopped
2026-07-23 12:44:25 [26-bot-harness] micro26: STOPPED by F6
2026-07-23 12:44:27 [26-bot-harness] micro26: started
2026-07-23 12:44:27 [26-bot-harness] micro26: tick 1
2026-07-23 12:44:29 [26-bot-harness] micro26: tick 2
2026-07-23 12:44:30 [26-bot-harness] micro26: tick 3
2026-07-23 12:44:31 [26-bot-harness] micro26: tick 4
2026-07-23 12:44:31 [26-bot-harness] micro26: PROBE - tickCount=4
2026-07-23 12:44:32 [26-bot-harness] micro26: tick 5
2026-07-23 12:44:33 [26-bot-harness] micro26: tick 6
2026-07-23 12:44:34 [26-bot-harness] micro26: PROBE - tickCount=6
2026-07-23 12:44:34 [26-bot-harness] micro26: tick 7
2026-07-23 12:44:36 [26-bot-harness] micro26: tick 8
2026-07-23 12:44:36 [26-bot-harness] micro26: PROBE - tickCount=8
2026-07-23 12:44:37 [26-bot-harness] micro26: tick 9
2026-07-23 12:44:38 [26-bot-harness] micro26: tick 10
2026-07-23 12:44:39 [26-bot-harness] F12 pressed - exiting
2026-07-23 12:45:19 [26-bot-harness] Script loaded. F5=start  F6=stop  F12=exit  F8=probe  F9=foo  F10=bar.
2026-07-23 12:45:25 [26-bot-harness] micro26: started
2026-07-23 12:45:25 [26-bot-harness] micro26: tick 1
2026-07-23 12:45:26 [26-bot-harness] micro26: tick 2
2026-07-23 12:45:27 [26-bot-harness] micro26: tick 3
2026-07-23 12:45:28 [26-bot-harness] micro26: tick 4
2026-07-23 12:45:30 [26-bot-harness] micro26: tick 5
2026-07-23 12:45:31 [26-bot-harness] micro26: tick 6
2026-07-23 12:45:31 [26-bot-harness] micro26: PROBE - tickCount=6
2026-07-23 12:45:32 [26-bot-harness] micro26: tick 7
2026-07-23 12:45:33 [26-bot-harness] micro26: tick 8
2026-07-23 12:45:34 [26-bot-harness] micro26: F9 pressed - FOO handler fired
2026-07-23 12:45:34 [26-bot-harness] micro26: tick 9
2026-07-23 12:45:35 [26-bot-harness] micro26: F10 pressed - BAR handler fired
2026-07-23 12:45:35 [26-bot-harness] micro26: tick 10
2026-07-23 12:45:37 [26-bot-harness] micro26: tick 11
2026-07-23 12:45:37 [26-bot-harness] micro26: F9 pressed - FOO handler fired
2026-07-23 12:45:38 [26-bot-harness] micro26: tick 12
2026-07-23 12:45:39 [26-bot-harness] micro26: F10 pressed - BAR handler fired
2026-07-23 12:45:39 [26-bot-harness] micro26: tick 13
2026-07-23 12:45:40 [26-bot-harness] micro26: tick 14
2026-07-23 12:45:41 [26-bot-harness] micro26: tick 15
2026-07-23 12:45:42 [26-bot-harness] F12 pressed - exiting
